⚠ [3277/3285] Built QuantumCore (9.4s)
warning: QuantumCore.lean:19:0: automatically included section variable(s) unused in theorem `ECQC.pureState_posSemidef`:
  [DecidableEq n]
consider restructuring your `variable` declarations so that the variables are not in scope or explicitly omit them:
  omit [DecidableEq n] in theorem ...

Note: This linter can be disabled with `set_option linter.unusedSectionVars false`
⚠ [3278/3285] Built QuantumBorn (9.8s)
warning: QuantumBorn.lean:11:0: automatically included section variable(s) unused in theorem `ECQC.born_pureState`:
  [DecidableEq n]
consider restructuring your `variable` declarations so that the variables are not in scope or explicitly omit them:
  omit [DecidableEq n] in theorem ...

Note: This linter can be disabled with `set_option linter.unusedSectionVars false`
warning: QuantumBorn.lean:16:50: This simp argument is unused:
  Finset.mul_sum

Hint: Omit it from the simp argument list.
  [apply] simp only [pureState, Matrix.mulVec, Matrix.vecMulVec_apply, dotProduct, Pi.smul_apply, smul_eq_mul,
    Finset.sum_mul]

Note: This linter can be disabled with `set_option linter.unusedSimpArgs false`
✔ [3279/3285] Built QutritState (10s)
⚠ [3280/3285] Built QuantumInfo (11s)
warning: QuantumInfo.lean:18:28: `dif_pos` has been deprecated: Use `dite_eq_left` instead
✔ [3281/3285] Built QutritMUB (25s)
⚠ [3282/3285] Built QutritBorn (20s)
warning: QutritBorn.lean:22:4: Used `tac1 <;> tac2` where `(tac1; tac2)` would suffice

Note: This linter can be disabled with `set_option linter.unnecessarySeqFocus false`
✔ [3283/3285] Built QutritEntropy (11s)
ℹ [3284/3285] Built ECQC (11s)
info: ECQC.lean:80:0: 'ECQC.Qutrit.pure_qutrit_counterexample' depends on axioms: [propext, Classical.choice, Quot.sound]
info: ECQC.lean:81:0: 'ECQC.Qutrit.pure_prime_dimensional_ecqc_is_false' depends on axioms: [propext, Classical.choice, Quot.sound]
Build completed successfully (3285 jobs).
