'BapatExplicit.inversionCount_eq' depends on axioms: [propext, Classical.choice, Quot.sound]
'BapatExplicit.qPermanent_eq' depends on axioms: [propext, Classical.choice, Quot.sound]
'BapatExplicit.endpointDerivative_eq' depends on axioms: [propext, Classical.choice, Quot.sound]
'BapatExplicit.twoColumnGram_mul' depends on axioms: [propext, Classical.choice, Quot.sound]
'BapatExplicit.perturb_eq' depends on axioms: [propext, Classical.choice, Quot.sound]
'BapatExplicit.cast_triple_pow' depends on axioms: [propext, Classical.choice, Quot.sound]
'BapatExplicit.gamma_cast' depends on axioms: [propext, Classical.choice, Quot.sound]
'BapatExplicit.secondBound_cast' depends on axioms: [propext, Classical.choice, Quot.sound]
'BapatExplicit.epsilon_cast' depends on axioms: [propext, Classical.choice, Quot.sound]
'BapatExplicit.intervalLength_cast' depends on axioms: [propext, Classical.choice, Quot.sound]
'BapatExplicit.q0_cast' depends on axioms: [propext, Classical.choice, Quot.sound]
'BapatExplicit.q0_complex_cast' depends on axioms: [propext, Classical.choice, Quot.sound]
'BapatExplicit.epsilon_positive' depends on axioms: [propext, Classical.choice, Quot.sound]
'BapatExplicit.intervalLength_positive' depends on axioms: [propext, Classical.choice, Quot.sound]
'BapatExplicit.toComplex_norm_sq' depends on axioms: [propext, Classical.choice, Quot.sound]
'BapatExplicit.integer_coordinate_norm_bounds' depends on axioms: [propext]
'BapatExplicit.vector_norm_sq_bounds' depends on axioms: [propext, Classical.choice, Quot.sound]
'BapatExplicit.matrix_entry_norm_bound' depends on axioms: [propext, Classical.choice, Quot.sound]
'BapatExplicit.toComplex_re' depends on axioms: [propext, Classical.choice, Quot.sound]
'BapatExplicit.toComplex_im' depends on axioms: [propext, Classical.choice, Quot.sound]
'BapatExplicit.matrix_rational_entries' depends on axioms: [propext, Classical.choice, Quot.sound]
'BapatExplicit.explicitMatrix_rational_entries' depends on axioms: [propext, Classical.choice, Quot.sound]
'BapatExplicit.integer_norm_gap_at_least_one' depends on axioms: [propext, Classical.choice, Quot.sound]
'BapatExplicit.permanentNorm_eq_fischer' depends on axioms: [propext, Classical.choice, Quot.sound]
'BapatExplicit.wedgeNorm_eq_fischer' depends on axioms: [propext, Classical.choice, Quot.sound]
'BapatExplicit.matrix_endpoint_unit_gap' depends on axioms: [propext, Classical.choice, Quot.sound]
'BapatExplicit.explicit_rational_counterexample' depends on axioms: [propext, Classical.choice, Quot.sound]
'BapatExplicit.explicit_not_monotone' depends on axioms: [propext, Classical.choice, Quot.sound]
'BapatExplicit.original_conjecture_false_from_explicit' depends on axioms: [propext, Classical.choice, Quot.sound]
'BapatExplicit.explicit_qPermanent_real' depends on axioms: [propext, Classical.choice, Quot.sound]
