BUILD Entry005.Cap
BUILD Entry005.BallVolume
BUILD Entry005.ProjectionCap
BUILD Entry005.Constants
BUILD Entry005.Targets
BUILD Entry005.Handoff
BUILD Mxym.StochasticRigidity
BUILD Entry005.SimplexVolumeInterface
BUILD Entry005.PrescribedSimplex
BUILD Entry005.HausdorffRetention
BUILD Entry005.AffineNormalization
BUILD Entry005.RegularSimplex
BUILD Entry005.ThresholdGate
BUILD Entry005.MaximumOuterBall
BUILD Entry005.GeometricEndpoint
BUILD Entry005.CentroidMaximumBound
BUILD Entry005.SharpNormalizationRadius
BUILD Entry005.StrongBallVolume
BUILD Entry005.StrongProjectionCap
BUILD Entry005.StrongGeometricEndpoint
BUILD Entry005.ProjectionBodyDirections
BUILD Entry005.IntrinsicLinearImageReuse
BUILD Entry005.ProjectionAffineTransport
BUILD Entry005.AffinePyramid
BUILD Entry005.ProjectionBodyCovariance
BUILD Entry005.EntryAffineInvariance
BUILD Entry005
BUILD Entry005.IntegratedWitness
BUILD Entry005.DeterminantWitness
BUILD Entry005.FamilyWitness
BUILD Entry005.AnchorSelection
BUILD Entry005.WitnessAnchorChain
BUILD Entry005.IidTransport
BUILD Entry005.DeterminantMoment
BUILD Entry005.LargestCoordinate
BUILD Entry005.AssignmentKernel
BUILD Entry005.AnchorCoordinates
BUILD Entry005.UnitBallDeterminant
BUILD Entry005.CovarianceConditioning
BUILD Entry005.RoundAnchorChain
BUILD Entry005.UnitBallAnchorChain
BUILD Entry005.PaperWitnessCombinatorics
BUILD Entry005.PaperWitnessTransport
BUILD Entry005.ActualAssignmentAssembly
BUILD Entry005.ConeLawFinite
BUILD Entry005.ConeLawGeometry
BUILD Entry005.ZonotopeVolume
BUILD Entry005.ZonotopeDeterminant
BUILD Entry005.HyperplaneProjectionJacobian
BUILD Entry005.FiniteHalfspaceFacets
BUILD Entry005.FiniteHalfspaceCauchy
BUILD Entry005.RadialPowerIntegral
BUILD Entry005.RadialConeVolume
BUILD Entry005.FacetRadialMass
BUILD Entry005.FiniteHalfspaceConeLaw
BUILD Entry005.HalfspaceApproximation
BUILD Entry005.ProjectionVolumeSqueeze
BUILD Entry005.HalfspaceApproximationSequence
BUILD Entry005.CompactProbabilitySubsequence
BUILD Entry005.CompactBallConeLaw
BUILD Entry005.ClippedAssignmentKernel
BUILD Entry005.WeightedAnchorSelection
BUILD Entry005.IidWeightedAnchorSelection
BUILD Entry005.SelectedAnchorSimplex
BUILD Entry005.IidAnchorAffineDeterminant
BUILD Entry005.IidAnchorFirstMomentPositive
BUILD Entry005.IidAnchorSpanningSupport
BUILD Entry005.FirstMomentAssignment
BUILD Entry005.FiniteBodyWeightedAssignment
BUILD Entry005.ActualBodyConeLaw
BUILD Entry005.CompactIidMomentContinuity
BUILD Entry005.ZonotopeInjectionCombinatorics
BUILD Entry005.ZonotopeFormula
BUILD Entry005.FiniteDeterminantTupleInjection
BUILD Entry005.FiniteLawZonotopeMoment
BUILD Entry005.FiniteHalfspaceHorizontalMoment
BUILD OAI.Geometry.ProjectionVolume.Model
BUILD OAI.Geometry.ProjectionVolume.Basic
BUILD OAI.Geometry.ProjectionVolume.Brightness
BUILD Entry005.OfficialProjectionDefinitions
BUILD Entry005.ActualBodyHorizontalMoment
BUILD Entry005.ActualBodyPolarBoundary
BUILD Entry005.ActualBodyJointConeInterface
BUILD Entry005.PyramidVolume
BUILD Entry005.PyramidHalfspaces
BUILD Entry005.PyramidFacetAreas
BUILD Entry005.PyramidSideFrame
BUILD Entry005.PyramidSideArea
BUILD Entry005.PyramidProjectionBody
BUILD Entry005.PyramidLiftCoordinates
BUILD Entry005.PyramidZonotopeAlgebra
BUILD Entry005.PyramidProjectionVolume
BUILD Entry005.PyramidLiftedMoment
BUILD Entry005.PyramidEntryDefect
BUILD Entry005.PyramidIidMomentReuse
BUILD Entry005.PyramidMomentDefect
BUILD Entry005.PyramidContinuity
BUILD Entry005.ActualPyramidMoment
BUILD Entry005.ActualPyramidDefect
BUILD Entry005.ActualPyramidAssignment
BUILD Entry005.ActualPyramidJointCone
BUILD Entry005.PyramidFormalization
BUILD Entry005.TruncationFacetFormula
BUILD Entry005.TruncationDefinitions
BUILD Entry005.TruncationSimplexVolume
BUILD Entry005.TruncationVolume
BUILD Entry005.TruncationGeometry
BUILD Entry005.TruncationFacetGeometry
BUILD Entry005.TruncationFacetTranslation
BUILD Entry005.TruncationCenteredHalfspaces
BUILD Entry005.TruncationCoordinateFacets
BUILD Entry005.TruncationFacetVectors
BUILD Entry005.TruncationRationalDefect
BUILD Entry005.TruncationFacetDeterminants
BUILD Entry005.TruncationScalarCancellation
BUILD Entry005.TruncationActualDefect
BUILD Entry005.TruncationCentroid
BUILD Entry005.TruncationConvexDeterminant
BUILD Entry005.TruncationMaximum
BUILD Entry005.TruncationPower
BUILD Entry005.TruncationSharpnessAssembly
BUILD Entry005.TruncationSharpness
BUILD Entry005.TruncationProjection
BUILD Entry005.TruncationSimplexActualVolume
BUILD Entry005.TruncationFormalization
SHARPNESS_PUBLIC_REPLAY_PASS 125 fresh modules; 850 public; 1849 owned; 55163 empty-kernel declarations
