BEGIN Nonnegative
PASS Nonnegative
BEGIN Signed
PASS Signed
BEGIN Target
PASS Target
BEGIN Bipartite
Bipartite.lean:19:35: warning: `if_neg` has been deprecated: Use `ite_eq_right` instead
Bipartite.lean:67:15: warning: `if_neg` has been deprecated: Use `ite_eq_right` instead
Bipartite.lean:69:17: warning: `if_pos` has been deprecated: Use `ite_eq_left` instead
PASS Bipartite
BEGIN GraphMain
'Chollet.strongChollet_of_isBipartite' depends on axioms: [propext, Classical.choice, Quot.sound]
'Chollet.strong_chollet_of_bipartite' depends on axioms: [propext, Classical.choice, Quot.sound]
PASS GraphMain
BEGIN Induced
Induced.lean:19:35: warning: `if_neg` has been deprecated: Use `ite_eq_right` instead
Induced.lean:97:17: warning: `if_neg` has been deprecated: Use `ite_eq_right` instead
Induced.lean:99:19: warning: `if_pos` has been deprecated: Use `ite_eq_left` instead
'Chollet.strong_chollet_principal_of_induced_bipartite' depends on axioms: [propext, Classical.choice, Quot.sound]
PASS Induced
BEGIN Triangle
'Chollet.permanent_three_formula' depends on axioms: [propext, Classical.choice, Quot.sound]
'Chollet.triangle_laplacian_exact' depends on axioms: [propext, Classical.choice, Quot.sound]
'Chollet.triangle_laplacian_strong' depends on axioms: [propext, Classical.choice, Quot.sound]
PASS Triangle
BEGIN Reindex
'Chollet.permanent_reindex_equiv' depends on axioms: [propext, Classical.choice, Quot.sound]
PASS Reindex
BEGIN K3
'Chollet.complete_three_graph_full_laplacian_strong' depends on axioms: [propext, Classical.choice, Quot.sound]
'_private.K3.0.Chollet.top3_laplacian_eq' depends on axioms: [propext, Classical.choice, Quot.sound]
PASS K3
BEGIN K3AllSubsets
'Chollet.proper_induced_bipartite_fin_three' depends on axioms: [propext, Classical.choice, Quot.sound]
'Chollet.complete_three_graph_strongChollet' depends on axioms: [propext, Classical.choice, Quot.sound]
PASS K3AllSubsets
BEGIN AllFinThree
'Chollet.strongChollet_fin_three' depends on axioms: [propext, Classical.choice, Quot.sound]
PASS AllFinThree
BEGIN TriangleDiagonal
'Chollet.three_diagonal_dominant_slack' depends on axioms: [propext, Classical.choice, Quot.sound]
PASS TriangleDiagonal
BEGIN TriangleStieltjes
'Chollet.strong_chollet_stieltjes_three' depends on axioms: [propext, Classical.choice, Quot.sound]
PASS TriangleStieltjes
BEGIN DegreePair
DegreePair.lean:32:60: warning: This simp argument is unused:
  Nat.zero_add

Hint: Omit it from the simp argument list.
  [apply] simp only [hu, hw, ite_true, ite_false, Nat.add_zero]

Note: This linter can be disabled with `set_option linter.unusedSimpArgs false`
DegreePair.lean:36:46: warning: This simp argument is unused:
  Nat.add_zero

Hint: Omit it from the simp argument list.
  [apply] simp only [hu, hw, ite_true, ite_false, Nat.zero_add]

Note: This linter can be disabled with `set_option linter.unusedSimpArgs false`
'Chollet.adjacency_pair_le_degree' depends on axioms: [propext, Classical.choice, Quot.sound]
PASS DegreePair
BEGIN GraphTriple
GraphTriple.lean:19:35: warning: `if_neg` has been deprecated: Use `ite_eq_right` instead
PASS GraphTriple
BEGIN GraphTripleSubset
'Chollet.strong_chollet_principal_card_three' depends on axioms: [propext, Classical.choice, Quot.sound]
'Chollet.strong_chollet_principal_card_le_three' depends on axioms: [propext, Classical.choice, Quot.sound]
PASS GraphTripleSubset
BEGIN BlockClosureAlgebra
'Chollet.diagonal_increment_algebra' depends on axioms: [propext, Classical.choice, Quot.sound]
'Chollet.one_point_sum_algebra' depends on axioms: [propext, Classical.choice, Quot.sound]
PASS BlockClosureAlgebra
BEGIN PermanentDiagonal
PermanentDiagonal.lean:27:15: warning: `if_pos` has been deprecated: Use `ite_eq_left` instead
PermanentDiagonal.lean:46:15: warning: `if_neg` has been deprecated: Use `ite_eq_right` instead
'Chollet.permanent_diagonalBump' depends on axioms: [propext, Classical.choice, Quot.sound]
PASS PermanentDiagonal
BEGIN CofactorOption
CofactorOption.lean:25:8: warning: automatically included section variable(s) unused in theorem `_private.CofactorOption.0.Chollet.decomposeOption_first`:
  [Fintype α]
consider restructuring your `variable` declarations so that the variables are not in scope or explicitly omit them:
  omit [Fintype α] in theorem ...

Note: This linter can be disabled with `set_option linter.unusedSectionVars false`
'Chollet.fixedDiagonalCoefficient_option' depends on axioms: [propext, Classical.choice, Quot.sound]
PASS CofactorOption
BEGIN PermanentDiagonalMinor
'Chollet.permanent_diagonalBump_principal' depends on axioms: [propext, Classical.choice, Quot.sound]
PASS PermanentDiagonalMinor
BEGIN PermanentDiagonalStability
PermanentDiagonalStability.lean:13:0: warning: automatically included section variable(s) unused in theorem `Chollet.squareMatrix_diagonalBump`:
  [Fintype n]
consider restructuring your `variable` declarations so that the variables are not in scope or explicitly omit them:
  omit [Fintype n] in theorem ...

Note: This linter can be disabled with `set_option linter.unusedSectionVars false`
'Chollet.strongChollet_diagonalBump_of_pivot' depends on axioms: [propext, Classical.choice, Quot.sound]
PASS PermanentDiagonalStability
BEGIN PermanentDirectSum
PermanentDirectSum.lean:18:8: warning: automatically included section variable(s) unused in theorem `_private.PermanentDirectSum.0.Chollet.directSum_term_sumCongr`:
  [DecidableEq α]
  [DecidableEq β]
consider restructuring your `variable` declarations so that the variables are not in scope or explicitly omit them:
  omit [DecidableEq α] [DecidableEq β] in theorem ...

Note: This linter can be disabled with `set_option linter.unusedSectionVars false`
PermanentDirectSum.lean:24:25: warning: This simp argument is unused:
  Equiv.Perm.sumCongr_apply

Hint: Omit it from the simp argument list.
  [apply] simp [directSumMatrix]

Note: This linter can be disabled with `set_option linter.unusedSimpArgs false`
PermanentDirectSum.lean:26:8: warning: automatically included section variable(s) unused in theorem `_private.PermanentDirectSum.0.Chollet.directSum_term_zero_of_left_mixing`:
  [DecidableEq α]
  [DecidableEq β]
consider restructuring your `variable` declarations so that the variables are not in scope or explicitly omit them:
  omit [DecidableEq α] [DecidableEq β] in theorem ...

Note: This linter can be disabled with `set_option linter.unusedSectionVars false`
'Chollet.permanent_directSumMatrix' depends on axioms: [propext, Classical.choice, Quot.sound]
PASS PermanentDirectSum
BEGIN PermanentDirectSumStability
'Chollet.permanent_entrywiseSquare_nonneg' depends on axioms: [propext, Classical.choice, Quot.sound]
'Chollet.strongChollet_directSumMatrix' depends on axioms: [propext, Classical.choice, Quot.sound]
PASS PermanentDirectSumStability
BEGIN PermanentBlockPreserve
PermanentBlockPreserve.lean:49:10: warning: This simp argument is unused:
  Equiv.Perm.sumCongr_apply

Hint: Omit it from the simp argument list.
  [apply] simp

Note: This linter can be disabled with `set_option linter.unusedSimpArgs false`
'Chollet.preservingBlockContribution_eq_product' depends on axioms: [propext, Classical.choice, Quot.sound]
PASS PermanentBlockPreserve
BEGIN OnePointSupport
OnePointSupport.lean:40:0: warning: automatically included section variable(s) unused in theorem `Chollet.onePointSum_term_zero_of_no_preserved_side`:
  [DecidableEq α]
  [DecidableEq β]
consider restructuring your `variable` declarations so that the variables are not in scope or explicitly omit them:
  omit [DecidableEq α] [DecidableEq β] in theorem ...

Note: This linter can be disabled with `set_option linter.unusedSectionVars false`
'Chollet.onePointSum_permanent_support_decomposition' depends on axioms: [propext, Classical.choice, Quot.sound]
'Chollet.onePointSum_term_zero_of_no_preserved_side' depends on axioms: [propext, Classical.choice, Quot.sound]
PASS OnePointSupport
BEGIN OnePointPermClass
OnePointPermClass.lean:12:8: warning: automatically included section variable(s) unused in theorem `_private.OnePointPermClass.0.Chollet.preservesRight_sum_iff_range`:
  [DecidableEq α]
  [DecidableEq β]
consider restructuring your `variable` declarations so that the variables are not in scope or explicitly omit them:
  omit [DecidableEq α] [DecidableEq β] in theorem ...

Note: This linter can be disabled with `set_option linter.unusedSectionVars false`
'Chollet.permanent_contribution_preserving_right' depends on axioms: [propext, Classical.choice, Quot.sound]
PASS OnePointPermClass
BEGIN OnePointRightEquiv
OnePointRightEquiv.lean:33:8: warning: automatically included section variable(s) unused in theorem `_private.OnePointRightEquiv.0.Chollet.onePointRight_perm_congr_preserve`:
  [Fintype α]
  [Fintype β]
  [DecidableEq α]
  [DecidableEq β]
consider restructuring your `variable` declarations so that the variables are not in scope or explicitly omit them:
  omit [Fintype α] [Fintype β] [DecidableEq α] [DecidableEq β] in theorem ...

Note: This linter can be disabled with `set_option linter.unusedSectionVars false`
OnePointRightEquiv.lean:45:4: warning: Unused tactic linter: `change (onePointRightEquiv.permCongr σ) (some (.inr i)) = some (.inr j)` does nothing

Note: This linter can be disabled with `set_option linter.unusedTactic false`
OnePointRightEquiv.lean:49:8: warning: automatically included section variable(s) unused in theorem `_private.OnePointRightEquiv.0.Chollet.onePointRight_perm_term_reindex`:
  [DecidableEq α]
  [DecidableEq β]
consider restructuring your `variable` declarations so that the variables are not in scope or explicitly omit them:
  omit [DecidableEq α] [DecidableEq β] in theorem ...

Note: This linter can be disabled with `set_option linter.unusedSectionVars false`
OnePointRightEquiv.lean:93:17: warning: `if_pos` has been deprecated: Use `ite_eq_left` instead
OnePointRightEquiv.lean:93:28: warning: `if_pos` has been deprecated: Use `ite_eq_left` instead
PASS OnePointRightEquiv
BEGIN OnePointLeftEquiv
OnePointLeftEquiv.lean:30:8: warning: automatically included section variable(s) unused in theorem `_private.OnePointLeftEquiv.0.Chollet.onePointLeft_perm_congr_preserve`:
  [Fintype α]
  [Fintype β]
  [DecidableEq α]
  [DecidableEq β]
consider restructuring your `variable` declarations so that the variables are not in scope or explicitly omit them:
  omit [Fintype α] [Fintype β] [DecidableEq α] [DecidableEq β] in theorem ...

Note: This linter can be disabled with `set_option linter.unusedSectionVars false`
OnePointLeftEquiv.lean:45:8: warning: automatically included section variable(s) unused in theorem `_private.OnePointLeftEquiv.0.Chollet.onePointLeft_perm_term_reindex`:
  [DecidableEq α]
  [DecidableEq β]
consider restructuring your `variable` declarations so that the variables are not in scope or explicitly omit them:
  omit [DecidableEq α] [DecidableEq β] in theorem ...

Note: This linter can be disabled with `set_option linter.unusedSectionVars false`
OnePointLeftEquiv.lean:89:17: warning: `if_pos` has been deprecated: Use `ite_eq_left` instead
OnePointLeftEquiv.lean:89:28: warning: `if_pos` has been deprecated: Use `ite_eq_left` instead
OnePointLeftEquiv.lean:100:73: warning: Used `tac1 <;> tac2` where `(tac1; tac2)` would suffice

Note: This linter can be disabled with `set_option linter.unnecessarySeqFocus false`
'Chollet.onePointSum_preservingLeft_contribution' depends on axioms: [propext, Classical.choice, Quot.sound]
PASS OnePointLeftEquiv
BEGIN OnePointRoot
OnePointRoot.lean:26:17: warning: `if_pos` has been deprecated: Use `ite_eq_left` instead
OnePointRoot.lean:52:8: warning: automatically included section variable(s) unused in theorem `_private.OnePointRoot.0.Chollet.rootFixed_term_zero_notLeft`:
  [DecidableEq α]
  [DecidableEq β]
consider restructuring your `variable` declarations so that the variables are not in scope or explicitly omit them:
  omit [DecidableEq α] [DecidableEq β] in theorem ...

Note: This linter can be disabled with `set_option linter.unusedSectionVars false`
OnePointRoot.lean:74:8: warning: automatically included section variable(s) unused in theorem `_private.OnePointRoot.0.Chollet.rootFixed_term_zero_notRight`:
  [DecidableEq α]
  [DecidableEq β]
consider restructuring your `variable` declarations so that the variables are not in scope or explicitly omit them:
  omit [DecidableEq α] [DecidableEq β] in theorem ...

Note: This linter can be disabled with `set_option linter.unusedSectionVars false`
OnePointRoot.lean:97:8: warning: automatically included section variable(s) unused in theorem `_private.OnePointRoot.0.Chollet.preservesBoth_rootFixed`:
  [DecidableEq α]
  [DecidableEq β]
consider restructuring your `variable` declarations so that the variables are not in scope or explicitly omit them:
  omit [DecidableEq α] [DecidableEq β] in theorem ...

Note: This linter can be disabled with `set_option linter.unusedSectionVars false`
'Chollet.onePointSum_overlap_contribution' depends on axioms: [propext, Classical.choice, Quot.sound]
'Chollet.option_root_fixed_contribution' depends on axioms: [propext, Classical.choice, Quot.sound]
PASS OnePointRoot
BEGIN PermanentOnePoint
'Chollet.permanent_onePointSumMatrix' depends on axioms: [propext, Classical.choice, Quot.sound]
PASS PermanentOnePoint
BEGIN PermanentOnePointSquare
'Chollet.permanent_onePointSumMatrix_square' depends on axioms: [propext, Classical.choice, Quot.sound]
PASS PermanentOnePointSquare
BEGIN PermanentOnePointStrong
'Chollet.strongChollet_onePointSum_of_pivots' depends on axioms: [propext, Classical.choice, Quot.sound]
PASS PermanentOnePointStrong
PASS ALL 32 OWNED SOURCES
