BEGIN OrbitGramPositivity
OrbitGramPositivity.lean:16:8: warning: automatically included section variable(s) unused in theorem `_private.OrbitGramPositivity.0.Chollet.finiteOrbitSum_smul`:
  [Fintype X]
consider restructuring your `variable` declarations so that the variables are not in scope or explicitly omit them:
  omit [Fintype X] in theorem ...

Note: This linter can be disabled with `set_option linter.unusedSectionVars false`
OrbitGramPositivity.lean:69:51: warning: This simp argument is unused:
  mul_comm

Hint: Omit it from the simp argument list.
  [apply] simp [T, Finset.sum_const, nsmul_eq_mul]

Note: This linter can be disabled with `set_option linter.unusedSimpArgs false`
'Chollet.finiteOrbit_correlation_nonneg' depends on axioms: [propext, Classical.choice, Quot.sound]
PASS OrbitGramPositivity
BEGIN GramPermanentNonnegative
GramPermanentNonnegative.lean:9:0: warning: Definition `_private.GramPermanentNonnegative.0.Chollet.permutationAssignmentAction` of class type is semireducible. Most type class instances should be instance-reducible, so consider marking this
definition with `@[instance_reducible]`. If it is intentionally semireducible, this warning can be disabled with `set_option warn.classDefReducibility false`.
GramPermanentNonnegative.lean:22:8: warning: automatically included section variable(s) unused in theorem `_private.GramPermanentNonnegative.0.Chollet.gram_permute_assignment`:
  [DecidableEq n]
  [Fintype κ]
consider restructuring your `variable` declarations so that the variables are not in scope or explicitly omit them:
  omit [DecidableEq n] [Fintype κ] in theorem ...

Note: This linter can be disabled with `set_option linter.unusedSectionVars false`
GramPermanentNonnegative.lean:73:2: warning: Try this: 
  letI̵

The goal is a proposition, so `let` is preferred over `letI`.
The difference between `let` and `letI` is that `letI` inlines the value.
But this is not relevant for proofs because of proof irrelevance.

Note: This linter can be disabled with `set_option linter.style.haveILetI false`
'Chollet.permanent_realGram_nonneg' depends on axioms: [propext, Classical.choice, Quot.sound]
PASS GramPermanentNonnegative
BEGIN PSDRealGramFactor
'Chollet.posSemidef_realGram_factor' depends on axioms: [propext, Classical.choice, Quot.sound]
PASS PSDRealGramFactor
BEGIN PSDRealPermanentNonnegative
'Chollet.posSemidef_permanent_nonneg' depends on axioms: [propext, Classical.choice, Quot.sound]
PASS PSDRealPermanentNonnegative
PASS ALL FOUR FRESH PSD PROOFS
