'OrbitalMarginals.tv_nonneg' depends on axioms: [propext, Classical.choice, Quot.sound]
'OrbitalMarginals.tv_eq_zero_iff' depends on axioms: [propext, Classical.choice, Quot.sound]
'OrbitalMarginals.tv_pos' depends on axioms: [propext, Classical.choice, Quot.sound]
'OrbitalMarginals.tv_smul' depends on axioms: [propext, Classical.choice, Quot.sound]
'OrbitalMarginals.tv_neg' depends on axioms: [propext, Classical.choice, Quot.sound]
'OrbitalMarginals.kernel_of_match' depends on axioms: [propext, Classical.choice, Quot.sound]
'OrbitalMarginals.tv_probability_difference_le_one' depends on axioms: [propext, Classical.choice, Quot.sound]
'OrbitalMarginals.part_difference' depends on axioms: [propext, Classical.choice, Quot.sound]
'OrbitalMarginals.part_sum' depends on axioms: [propext, Classical.choice, Quot.sound]
'OrbitalMarginals.part_masses' depends on axioms: [propext, Classical.choice, Quot.sound]
'OrbitalMarginals.jordan_probabilities' depends on axioms: [propext, Classical.choice, Quot.sound]
'OrbitalMarginals.jordan_difference' depends on axioms: [propext, Classical.choice, Quot.sound]
'OrbitalMarginals.jordan_match' depends on axioms: [propext, Classical.choice, Quot.sound]
'OrbitalMarginals.jordan_disjoint' depends on axioms: [propext, Classical.choice, Quot.sound]
'OrbitalMarginals.jordan_tv_one' depends on axioms: [propext, Classical.choice, Quot.sound]
'OrbitalMarginals.signedBound_iff_pairBound' depends on axioms: [propext, Classical.choice, Quot.sound]
'OrbitalMarginals.uniform_pos' depends on axioms: [propext, Classical.choice, Quot.sound]
'OrbitalMarginals.uniform_probability' depends on axioms: [propext, Classical.choice, Quot.sound]
'OrbitalMarginals.kernel_small_perturbation' depends on axioms: [propext, Classical.choice, Quot.sound]
'OrbitalMarginals.uniformLawBound_iff_signedBound' depends on axioms: [propext, Classical.choice, Quot.sound]
'OrbitalMarginals.uniformLawBound_iff_pairBound' depends on axioms: [propext, Classical.choice, Quot.sound]
'OrbitalMarginals.isClosed_probability' depends on axioms: [propext, Classical.choice, Quot.sound]
'OrbitalMarginals.probability_subset_cube' depends on axioms: [propext, Classical.choice, Quot.sound]
'OrbitalMarginals.isCompact_probability' depends on axioms: [propext, Classical.choice, Quot.sound]
'OrbitalMarginals.isClosed_feasiblePairs' depends on axioms: [propext, Classical.choice, Quot.sound]
'OrbitalMarginals.isCompact_feasiblePairs' depends on axioms: [propext, Classical.choice, Quot.sound]
'OrbitalMarginals.feasiblePairs_nonempty' depends on axioms: [propext, Classical.choice, Quot.sound]
'OrbitalMarginals.exists_optimal_pair' depends on axioms: [propext, Classical.choice, Quot.sound]
'OrbitalMarginals.exists_sharp_uniform_response' depends on axioms: [propext, Classical.choice, Quot.sound]
'OrbitalMarginals.score_expectation' depends on axioms: [propext, Classical.choice, Quot.sound]
'OrbitalMarginals.intervalDual_pairBound' depends on axioms: [propext, Classical.choice, Quot.sound]
'OrbitalMarginals.mem_constraint_kernel' depends on axioms: [propext, Classical.choice, Quot.sound]
'OrbitalMarginals.l1_norm' depends on axioms: [propext, Classical.choice, Quot.sound]
'OrbitalMarginals.coordinate_norm_is_sharp' depends on axioms: [propext, Classical.choice, Quot.sound]
'OrbitalMarginals.exists_exact_interval_dual' depends on axioms: [propext, Classical.choice, Quot.sound]
'OrbitalMarginals.exact_real_primal_dual' depends on axioms: [propext, Classical.choice, Quot.sound]
'OrbitalMarginals.score_range' depends on axioms: [propext, Classical.choice, Quot.sound]
'OrbitalMarginals.oscillation_nonneg' depends on axioms: [propext, Classical.choice, Quot.sound]
'OrbitalMarginals.oscillation_pairBound' depends on axioms: [propext, Classical.choice, Quot.sound]
'OrbitalMarginals.exact_oscillation_duality' depends on axioms: [propext, Classical.choice, Quot.sound]
'OrbitalMarginals.match_iff_imageMass' depends on axioms: [propext, Classical.choice, Quot.sound]
'OrbitalMarginals.sum_translate' depends on axioms: [propext, Classical.choice, Quot.sound]
'OrbitalMarginals.tv_translate' depends on axioms: [propext, Classical.choice, Quot.sound]
'OrbitalMarginals.imageFeature_translate' depends on axioms: [propext, Classical.choice, Quot.sound]
'OrbitalMarginals.kernel_translate' depends on axioms: [propext, Classical.choice, Quot.sound]
'OrbitalMarginals.signedBound_all_atoms' depends on axioms: [propext, Classical.choice, Quot.sound]
'OrbitalMarginals.uniformBound_all_atoms' depends on axioms: [propext, Classical.choice, Quot.sound]
'OrbitalMarginals.group_action_exact_response' depends on axioms: [propext, Classical.choice, Quot.sound]
'OrbitalMarginals.sum_conjugate' depends on axioms: [propext, Classical.choice, Quot.sound]
'OrbitalMarginals.imageFeature_conjugate' depends on axioms: [propext, Classical.choice, Quot.sound]
'OrbitalMarginals.kernel_conjugate' depends on axioms: [propext, Classical.choice, Quot.sound]
'OrbitalMarginals.centralAverage_one' depends on axioms: [propext, Classical.choice, Quot.sound]
'OrbitalMarginals.centralAverage_central' depends on axioms: [propext, Classical.choice, Quot.sound]
'OrbitalMarginals.centralAverage_probability' depends on axioms: [propext, Classical.choice, Quot.sound]
'OrbitalMarginals.centralAverage_kernel' depends on axioms: [propext, Classical.choice, Quot.sound]
'OrbitalMarginals.centralAverage_sub' depends on axioms: [propext, Classical.choice, Quot.sound]
'OrbitalMarginals.match_of_difference_kernel' depends on axioms: [propext, Classical.choice, Quot.sound]
'OrbitalMarginals.centralAverage_match' depends on axioms: [propext, Classical.choice, Quot.sound]
'OrbitalMarginals.group_action_central_primal' depends on axioms: [propext, Classical.choice, Quot.sound]
'OrbitalMarginals.optimal_pair_tv_one' depends on axioms: [propext, Classical.choice, Quot.sound]
'OrbitalMarginals.probability_parts_disjoint_of_tv_one' depends on axioms: [propext, Classical.choice, Quot.sound]
'OrbitalMarginals.probability_perturbation_smaller' depends on axioms: [propext, Classical.choice, Quot.sound]
'OrbitalMarginals.perturbation_match' depends on axioms: [propext, Classical.choice, Quot.sound]
'OrbitalMarginals.positive_optimum_attained_locally' depends on axioms: [propext, Classical.choice, Quot.sound]
'OrbitalMarginals.finite_rational_projection' depends on axioms: [propext, Classical.choice, Quot.sound]
'OrbitalMarginals.rational_projection_mul' depends on axioms: [propext, Classical.choice, Quot.sound]
'OrbitalMarginals.rationalize_pair_dual' depends on axioms: [propext, Classical.choice, Quot.sound]
'OrbitalMarginals.exact_rational_primal_dual' depends on axioms: [propext, Classical.choice, Quot.sound]
'OrbitalMarginals.fiberSize_pos' depends on axioms: [propext, Classical.choice, Quot.sound]
'OrbitalMarginals.sum_pushLaw' depends on axioms: [propext, Classical.choice, Quot.sound]
'OrbitalMarginals.pushLaw_liftLaw' depends on axioms: [propext, Classical.choice, Quot.sound]
'OrbitalMarginals.sum_liftLaw' depends on axioms: [propext, Classical.choice, Quot.sound]
'OrbitalMarginals.pushLaw_probability' depends on axioms: [propext, Classical.choice, Quot.sound]
'OrbitalMarginals.liftLaw_probability' depends on axioms: [propext, Classical.choice, Quot.sound]
'OrbitalMarginals.liftLaw_pushLaw' depends on axioms: [propext, Classical.choice, Quot.sound]
'OrbitalMarginals.fiber_moment' depends on axioms: [propext, Classical.choice, Quot.sound]
'OrbitalMarginals.lift_match' depends on axioms: [propext, Classical.choice, Quot.sound]
'OrbitalMarginals.orbitalOf_smul' depends on axioms: [propext, Classical.choice, Quot.sound]
'OrbitalMarginals.averagedCoefficient_smul' depends on axioms: [propext, Classical.choice, Quot.sound]
'OrbitalMarginals.orbitalCoefficient_apply' depends on axioms: [propext, Classical.choice, Quot.sound]
'OrbitalMarginals.orbital_score_expansion' depends on axioms: [propext, Classical.choice, Quot.sound]
'OrbitalMarginals.averaged_score' depends on axioms: [propext, Classical.choice, Quot.sound]
'OrbitalMarginals.orbital_dual_range' depends on axioms: [propext, Classical.choice, Quot.sound]
'OrbitalMarginals.match_image_implies_orbital' depends on axioms: [propext, Classical.choice, Quot.sound]
'OrbitalMarginals.exact_orbital_duality' depends on axioms: [propext, Classical.choice, Quot.sound]
'OrbitalMarginals.orbital_moment_expansion' depends on axioms: [propext, Classical.choice, Quot.sound]
'OrbitalMarginals.central_image_moment_smul' depends on axioms: [propext, Classical.choice, Quot.sound]
'OrbitalMarginals.central_image_moment_orbital' depends on axioms: [propext, Classical.choice, Quot.sound]
'OrbitalMarginals.central_match_iff_orbital' depends on axioms: [propext, Classical.choice, Quot.sound]
'OrbitalMarginals.orbitalFeatures_conjugate' depends on axioms: [propext, Classical.choice, Quot.sound]
'OrbitalMarginals.sharpConstant_eq_optimum' depends on axioms: [propext, Classical.choice, Quot.sound]
'OrbitalMarginals.sharpConstant_trivial_kernel' depends on axioms: [propext, Classical.choice, Quot.sound]
'OrbitalMarginals.cast_orbitalFeaturesQ' depends on axioms: [propext, Classical.choice, Quot.sound]
'OrbitalMarginals.classFeaturesQ_mk' depends on axioms: [propext, Classical.choice, Quot.sound]
'OrbitalMarginals.real_classFeatures_mk' depends on axioms: [propext, Classical.choice, Quot.sound]
'OrbitalMarginals.class_mk_conjugate' depends on axioms: [propext, Classical.choice, Quot.sound]
'OrbitalMarginals.class_identity_iff' depends on axioms: [propext, Classical.choice, Quot.sound]
'OrbitalMarginals.class_fiber_identity' depends on axioms: [propext, Classical.choice, Quot.sound]
'OrbitalMarginals.class_lift_identity' depends on axioms: [propext, Classical.choice, Quot.sound]
'OrbitalMarginals.class_push_identity' depends on axioms: [propext, Classical.choice, Quot.sound]
'OrbitalMarginals.class_lift_central' depends on axioms: [propext, Classical.choice, Quot.sound]
'OrbitalMarginals.central_class_constant' depends on axioms: [propext, Classical.choice, Quot.sound]
'OrbitalMarginals.class_lift_push' depends on axioms: [propext, Classical.choice, Quot.sound]
'OrbitalMarginals.class_matrix_is_average' depends on axioms: [propext, Classical.choice, Quot.sound]
'OrbitalMarginals.class_lift_match' depends on axioms: [propext, Classical.choice, Quot.sound]
'OrbitalMarginals.central_class_match' depends on axioms: [propext, Classical.choice, Quot.sound]
'OrbitalMarginals.orbital_score_class' depends on axioms: [propext, Classical.choice, Quot.sound]
'OrbitalMarginals.class_oscillation' depends on axioms: [propext, Classical.choice, Quot.sound]
'OrbitalMarginals.universal_orbital_theorem' depends on axioms: [propext, Classical.choice, Quot.sound]
'OrbitalMarginals.kernelRatios_all_atoms' depends on axioms: [propext, Classical.choice, Quot.sound]
'OrbitalMarginals.sharpConstant_all_atoms' depends on axioms: [propext, Classical.choice, Quot.sound]
'OrbitalMarginals.normalized_kernel_attainment' depends on axioms: [propext, Classical.choice, Quot.sound]
'OrbitalMarginals.sharp_attainment_all_atoms' depends on axioms: [propext, Classical.choice, Quot.sound]
'OrbitalMarginals.orbital_span_exact_minimum' depends on axioms: [propext, Classical.choice, Quot.sound]
'OrbitalMarginals.empty_features_nonvacuous' depends on axioms: [propext, Classical.choice, Quot.sound]
'OrbitalMarginals.one_atom_zero_endpoint' depends on axioms: [propext, Classical.choice, Quot.sound]
'OrbitalMarginals.jordan_requires_zero_mass' depends on axioms: [propext, Classical.choice, Quot.sound]
