ProofBundle.lean:399:0: warning: automatically included section variable(s) unused in theorem `OrbitalMarginals.score_expectation`:
  [Nonempty I]
consider restructuring your `variable` declarations so that the variables are not in scope or explicitly omit them:
  omit [Nonempty I] in theorem ...

Note: This linter can be disabled with `set_option linter.unusedSectionVars false`
ProofBundle.lean:688:0: warning: automatically included section variable(s) unused in theorem `OrbitalMarginals.kernel_translate`:
  [Fintype Ω]
consider restructuring your `variable` declarations so that the variables are not in scope or explicitly omit them:
  omit [Fintype Ω] in theorem ...

Note: This linter can be disabled with `set_option linter.unusedSectionVars false`
ProofBundle.lean:818:0: warning: automatically included section variable(s) unused in theorem `OrbitalMarginals.centralAverage_kernel`:
  [Fintype Ω]
consider restructuring your `variable` declarations so that the variables are not in scope or explicitly omit them:
  omit [Fintype Ω] in theorem ...

Note: This linter can be disabled with `set_option linter.unusedSectionVars false`
ProofBundle.lean:882:0: warning: automatically included section variable(s) unused in theorem `OrbitalMarginals.optimal_pair_tv_one`:
  [Nonempty I]
consider restructuring your `variable` declarations so that the variables are not in scope or explicitly omit them:
  omit [Nonempty I] in theorem ...

Note: This linter can be disabled with `set_option linter.unusedSectionVars false`
ProofBundle.lean:893:0: warning: automatically included section variable(s) unused in theorem `OrbitalMarginals.probability_parts_disjoint_of_tv_one`:
  [Nonempty I]
consider restructuring your `variable` declarations so that the variables are not in scope or explicitly omit them:
  omit [Nonempty I] in theorem ...

Note: This linter can be disabled with `set_option linter.unusedSectionVars false`
ProofBundle.lean:932:0: warning: automatically included section variable(s) unused in theorem `OrbitalMarginals.perturbation_match`:
  [Nonempty I]
consider restructuring your `variable` declarations so that the variables are not in scope or explicitly omit them:
  omit [Nonempty I] in theorem ...

Note: This linter can be disabled with `set_option linter.unusedSectionVars false`
ProofBundle.lean:979:2: warning: Try this: 
  letI̵

The goal is a proposition, so `let` is preferred over `letI`.
The difference between `let` and `letI` is that `letI` inlines the value.
But this is not relevant for proofs because of proof irrelevance.

Note: This linter can be disabled with `set_option linter.style.haveILetI false`
ProofBundle.lean:1047:0: warning: automatically included section variable(s) unused in theorem `OrbitalMarginals.rationalize_pair_dual`:
  [Nonempty I]
consider restructuring your `variable` declarations so that the variables are not in scope or explicitly omit them:
  omit [Nonempty I] in theorem ...

Note: This linter can be disabled with `set_option linter.unusedSectionVars false`
ProofBundle.lean:1167:0: warning: automatically included section variable(s) unused in theorem `OrbitalMarginals.fiberSize_pos`:
  [Fintype K]
consider restructuring your `variable` declarations so that the variables are not in scope or explicitly omit them:
  omit [Fintype K] in theorem ...

Note: This linter can be disabled with `set_option linter.unusedSectionVars false`
ProofBundle.lean:1198:7: warning: Variable name `k` is not explicitly referenced.

Hint: The binding can be removed (if unused) or named `_` (if used implicitly). Alternatively, prefix the name with `_` to silence this warning:
  [apply] _k

Note: This linter can be disabled with `set_option linter.unusedVariables false`
ProofBundle.lean:1202:7: warning: Variable name `i` is not explicitly referenced.

Hint: The binding can be removed (if unused) or named `_` (if used implicitly). Alternatively, prefix the name with `_` to silence this warning:
  [apply] _i

Note: This linter can be disabled with `set_option linter.unusedVariables false`
ProofBundle.lean:1205:0: warning: automatically included section variable(s) unused in theorem `OrbitalMarginals.liftLaw_pushLaw`:
  [Fintype K]
consider restructuring your `variable` declarations so that the variables are not in scope or explicitly omit them:
  omit [Fintype K] in theorem ...

Note: This linter can be disabled with `set_option linter.unusedSectionVars false`
ProofBundle.lean:1268:0: warning: automatically included section variable(s) unused in theorem `OrbitalMarginals.orbitalOf_smul`:
  [Fintype G]
  [Fintype Ω]
  [DecidableEq Ω]
consider restructuring your `variable` declarations so that the variables are not in scope or explicitly omit them:
  omit [Fintype G] [Fintype Ω] [DecidableEq Ω] in theorem ...

Note: This linter can be disabled with `set_option linter.unusedSectionVars false`
ProofBundle.lean:1278:0: warning: automatically included section variable(s) unused in theorem `OrbitalMarginals.averagedCoefficient_smul`:
  [Fintype Ω]
  [DecidableEq Ω]
consider restructuring your `variable` declarations so that the variables are not in scope or explicitly omit them:
  omit [Fintype Ω] [DecidableEq Ω] in theorem ...

Note: This linter can be disabled with `set_option linter.unusedSectionVars false`
ProofBundle.lean:1296:0: warning: automatically included section variable(s) unused in theorem `OrbitalMarginals.orbital_score_expansion`:
  [Fintype G]
consider restructuring your `variable` declarations so that the variables are not in scope or explicitly omit them:
  omit [Fintype G] in theorem ...

Note: This linter can be disabled with `set_option linter.unusedSectionVars false`
ProofBundle.lean:1470:0: warning: automatically included section variable(s) unused in theorem `OrbitalMarginals.central_image_moment_smul`:
  [Fintype Ω]
consider restructuring your `variable` declarations so that the variables are not in scope or explicitly omit them:
  omit [Fintype Ω] in theorem ...

Note: This linter can be disabled with `set_option linter.unusedSectionVars false`
ProofBundle.lean:1588:0: warning: automatically included section variable(s) unused in theorem `OrbitalMarginals.sharpConstant_trivial_kernel`:
  [Nonempty I]
consider restructuring your `variable` declarations so that the variables are not in scope or explicitly omit them:
  omit [Nonempty I] in theorem ...

Note: This linter can be disabled with `set_option linter.unusedSectionVars false`
ProofBundle.lean:1618:0: warning: automatically included section variable(s) unused in theorem `OrbitalMarginals.cast_orbitalFeaturesQ`:
  [Fintype G]
  [DecidableEq Ω]
consider restructuring your `variable` declarations so that the variables are not in scope or explicitly omit them:
  omit [Fintype G] [DecidableEq Ω] in theorem ...

Note: This linter can be disabled with `set_option linter.unusedSectionVars false`
ProofBundle.lean:1640:0: warning: automatically included section variable(s) unused in theorem `OrbitalMarginals.class_mk_conjugate`:
  [Fintype G]
consider restructuring your `variable` declarations so that the variables are not in scope or explicitly omit them:
  omit [Fintype G] in theorem ...

Note: This linter can be disabled with `set_option linter.unusedSectionVars false`
ProofBundle.lean:1646:0: warning: automatically included section variable(s) unused in theorem `OrbitalMarginals.class_identity_iff`:
  [Fintype G]
consider restructuring your `variable` declarations so that the variables are not in scope or explicitly omit them:
  omit [Fintype G] in theorem ...

Note: This linter can be disabled with `set_option linter.unusedSectionVars false`
ProofBundle.lean:1665:0: warning: automatically included section variable(s) unused in theorem `OrbitalMarginals.central_class_constant`:
  [Fintype G]
consider restructuring your `variable` declarations so that the variables are not in scope or explicitly omit them:
  omit [Fintype G] in theorem ...

Note: This linter can be disabled with `set_option linter.unusedSectionVars false`
