{
  "arithmetic": "exact integers and fractions",
  "counts": {
    "actual_no_default_law": 4,
    "actual_own_addresses_injective": 2520,
    "actual_terminal_addresses_injective": 10080,
    "all_descendant_grid_bounds": 26832,
    "all_earlier_predecessor_bounds": 837768,
    "candidate_budget_complete": 216,
    "counted_original_tail": 216,
    "duplicate_own_detected": 1,
    "duplicate_terminal_detected": 1,
    "entropy_constant_retained": 32,
    "exposed_own_detected": 1,
    "joint_selector_dependent_terminal_law": 32,
    "local_length_at_least_base": 8208,
    "local_readout_finest_key_factorization": 118260,
    "local_success_routes_globally": 43140,
    "original_tail_guard": 29565,
    "own_address_unexposed": 29565,
    "periodic_double_buffer_wrap_budget": 834,
    "positive_buffer_exact_cost": 834,
    "preorder_exact_positions": 8208,
    "stable_all_preceding_keys": 51735,
    "strict_active_count_bounds": 216,
    "strict_endpoints_excluded": 216,
    "subtree_local_span": 8208,
    "total_span_exact": 192,
    "zero_candidates_cost_500": 1
  },
  "scope": "Finite regression evidence only; universal statements require Lean/source proof audit.",
  "status": "PASS",
  "total_checks": 1176885
}
