Clean verification started: 2026-10-07T07:10:51.665035+00:00
Removed project build directory: .lake/build
Dependency build/cache artifacts are retained; all project and vendored proof modules will be recompiled.
Lean (version 4.34.1, x86_64-unknown-linux-gnu, commit 5045d0056413266e57c625dcd7c365b10e377c52, Release)
Lake version 5.0.0-src+5045d00 (Lean version 4.34.1)
✔ [2308/2321] Built Mxym.UpstreamCancellation (4.1s)
✔ [2309/2321] Built Mxym.BalancedRecursion (4.6s)
✔ [2310/2321] Built Mxym.FiniteDefect (4.7s)
✔ [2311/2321] Built Mxym.SignedSquare (6.5s)
✔ [2312/2321] Built OAI.Geometry.ProjectionVolume.Model (2.6s)
✔ [2313/2321] Built Mxym.Rademacher (8.6s)
✔ [2314/2321] Built OAI.Geometry.ProjectionVolume.Arithmetic (2.4s)
✔ [2315/2321] Built Mxym.RademacherEquality (4.9s)
✔ [2316/2321] Built Mxym.Determinant (3.2s)
✔ [2317/2321] Built Mxym.NormedBalance (3.3s)
✔ [2318/2321] Built Mxym.RademacherDefect (4.2s)
✔ [2319/2321] Built Mxym.CofactorNormedBalance (2.7s)
✔ [2320/2321] Built Mxym (1.9s)
Build completed successfully (2321 jobs).
lake build exit status: 0
