Clean verification started: 2026-10-07T12:25:15.139997+00:00
Removed project build directory: <audit-project>/.lake/build
Dependency build/cache artifacts are retained; all project and vendored proof modules will be recompiled.
Lean (version 4.34.1, x86_64-unknown-linux-gnu, commit 5045d0056413266e57c625dcd7c365b10e377c52, Release)
Lake version 5.0.0-src+5045d00 (Lean version 4.34.1)
✔ [2558/2579] Built OAI.Geometry.ProjectionVolume.Model (3.0s)
✔ [2559/2579] Built Mxym.UpstreamCancellation (3.1s)
✔ [2560/2579] Built Mxym.FiniteDefect (3.3s)
✔ [2561/2579] Built Mxym.BalancedRecursion (3.3s)
✔ [2562/2579] Built Entry005.Constants (3.8s)
✔ [2563/2579] Built Mxym.StochasticRigidity (4.3s)
✔ [2564/2579] Built Mxym.SignedSquare (4.8s)
✔ [2565/2579] Built OAI.Geometry.ProjectionVolume.Arithmetic (2.1s)
✔ [2566/2579] Built Entry005.BallVolume (2.8s)
✔ [2567/2579] Built Entry005.Cap (5.4s)
✔ [2568/2579] Built Mxym.Rademacher (6.2s)
✔ [2569/2579] Built Mxym.RademacherEquality (3.0s)
✔ [2570/2579] Built Entry005.ProjectionCap (3.6s)
✔ [2571/2579] Built Mxym.Determinant (1.9s)
✔ [2572/2579] Built Mxym.NormedBalance (1.0s)
✔ [2573/2579] Built Entry005.Targets (2.5s)
✔ [2574/2579] Built Mxym.RademacherDefect (3.3s)
✔ [2575/2579] Built Mxym.CofactorNormedBalance (1.0s)
✔ [2576/2579] Built Entry005.Handoff (1.9s)
✔ [2577/2579] Built Entry005 (1.8s)
✔ [2578/2579] Built Mxym (1.7s)
Build completed successfully (2579 jobs).
lake build exit status: 0
