OWNED_AXIOMS EntropyCounterexample.Q._proof_4 = [propext]
OWNED_AXIOMS EntropyCounterexample.A = [propext, Classical.choice, Quot.sound]
OWNED_AXIOMS EntropyCounterexample.pPolynomial_ne_zero = [propext, Classical.choice, Quot.sound]
OWNED_AXIOMS EntropyCounterexample.eval_hPolynomial = [propext, Classical.choice, Quot.sound]
OWNED_AXIOMS EntropyCounterexample.p_special = [propext, Classical.choice, Quot.sound]
OWNED_AXIOMS EntropyCounterexample.root_count_ge_four = [propext, Classical.choice, Quot.sound]
OWNED_AXIOMS EntropyCounterexample.alpha._proof_2 = [propext]
OWNED_AXIOMS EntropyCounterexample.P._proof_3 = [propext]
OWNED_AXIOMS EntropyCounterexample.root_polynomial_strictMono = [propext, Classical.choice, Quot.sound]
OWNED_AXIOMS EntropyCounterexample.Q._proof_6 = [propext]
OWNED_AXIOMS EntropyCounterexample.Q._proof_10 = [propext]
OWNED_AXIOMS EntropyCounterexample.Q.eq_1 = [propext, Classical.choice, Quot.sound]
OWNED_AXIOMS EntropyCounterexample.h.eq_1 = [propext, Classical.choice, Quot.sound]
OWNED_AXIOMS EntropyCounterexample.P._proof_4 = [propext]
OWNED_AXIOMS EntropyCounterexample.p = [propext, Classical.choice, Quot.sound]
OWNED_AXIOMS EntropyCounterexample.Q._proof_5 = [propext]
OWNED_AXIOMS EntropyCounterexample.P._proof_5 = [propext]
OWNED_AXIOMS EntropyCounterexample.Q._proof_3 = [propext]
OWNED_AXIOMS EntropyCounterexample.sample_two_thirds = [propext, Classical.choice, Quot.sound]
OWNED_AXIOMS EntropyCounterexample.A._proof_1 = [propext]
OWNED_AXIOMS EntropyCounterexample.hPolynomial.eq_1 = [propext, Classical.choice, Quot.sound]
OWNED_AXIOMS EntropyCounterexample.four_distinct_roots = [propext, Classical.choice, Quot.sound]
OWNED_AXIOMS EntropyCounterexample.counterexample_root_count = [propext, Classical.choice, Quot.sound]
OWNED_AXIOMS EntropyCounterexample.alpha_pos = [propext, Classical.choice, Quot.sound]
OWNED_AXIOMS EntropyCounterexample.B._proof_1 = [propext]
OWNED_AXIOMS EntropyCounterexample.not_exactly_two_roots = [propext, Classical.choice, Quot.sound]
OWNED_AXIOMS EntropyCounterexample.root_outside_any_pair = [propext, Classical.choice, Quot.sound]
OWNED_AXIOMS EntropyCounterexample.root_count_ge_four._simp_1_2 = [propext, Classical.choice, Quot.sound]
OWNED_AXIOMS EntropyCounterexample.alpha_lower = [propext, Classical.choice, Quot.sound]
OWNED_AXIOMS EntropyCounterexample.exists_zero_Ioo_of_pos_neg = [propext, Classical.choice, Quot.sound]
OWNED_AXIOMS EntropyCounterexample.root_count_ge_four._simp_1_1 = [propext, Classical.choice, Quot.sound]
OWNED_AXIOMS EntropyCounterexample.B = [propext, Classical.choice, Quot.sound]
OWNED_AXIOMS EntropyCounterexample.exists_zero_Ioo_of_neg_pos = [propext, Classical.choice, Quot.sound]
OWNED_AXIOMS EntropyCounterexample.sample_one_fifth = [propext, Classical.choice, Quot.sound]
OWNED_AXIOMS EntropyCounterexample.Q._proof_9 = [propext]
OWNED_AXIOMS EntropyCounterexample.P.eq_1 = [propext, Classical.choice, Quot.sound]
OWNED_AXIOMS EntropyCounterexample.wakhare_conjecture_two_false = [propext, Classical.choice, Quot.sound]
OWNED_AXIOMS EntropyCounterexample.alpha_unique = [propext, Classical.choice, Quot.sound]
OWNED_AXIOMS EntropyCounterexample.counterexample_four_intervals = [propext, Classical.choice, Quot.sound]
OWNED_AXIOMS EntropyCounterexample.Q._proof_7 = [propext]
OWNED_AXIOMS EntropyCounterexample.alpha._proof_4 = [propext]
OWNED_AXIOMS EntropyCounterexample.alpha._proof_3 = [propext]
OWNED_AXIOMS EntropyCounterexample.Q._proof_1 = [propext]
OWNED_AXIOMS EntropyCounterexample.eval_pPolynomial = [propext, Classical.choice, Quot.sound]
OWNED_AXIOMS EntropyCounterexample.Q._proof_2 = [propext]
OWNED_AXIOMS EntropyCounterexample.Q._proof_8 = [propext]
OWNED_AXIOMS EntropyCounterexample.counterexample_not_two._proof_1_1 = [propext, Classical.choice, Quot.sound]
OWNED_AXIOMS EntropyCounterexample.sample_two_fifths = [propext, Classical.choice, Quot.sound]
OWNED_AXIOMS EntropyCounterexample.pPolynomial = [propext, Classical.choice, Quot.sound]
OWNED_AXIOMS EntropyCounterexample.h_eleven_eleven = [propext, Classical.choice, Quot.sound]
OWNED_AXIOMS EntropyCounterexample.unitRootCount = [propext, Classical.choice, Quot.sound]
OWNED_AXIOMS EntropyCounterexample.counterexample_to_conjecture_two = [propext, Classical.choice, Quot.sound]
OWNED_AXIOMS EntropyCounterexample.P._proof_2 = [propext]
OWNED_AXIOMS EntropyCounterexample.B.eq_1 = [propext, Classical.choice, Quot.sound]
OWNED_AXIOMS EntropyCounterexample.P._proof_1 = [propext]
OWNED_AXIOMS EntropyCounterexample.alpha_existsUnique = [propext, Classical.choice, Quot.sound]
OWNED_AXIOMS EntropyCounterexample.A.eq_1 = [propext, Classical.choice, Quot.sound]
OWNED_AXIOMS EntropyCounterexample.alpha = [propext, Classical.choice, Quot.sound]
OWNED_AXIOMS EntropyCounterexample.hPolynomial = [propext, Classical.choice, Quot.sound]
OWNED_AXIOMS EntropyCounterexample.p_strictMono_parameter = [propext, Classical.choice, Quot.sound]
OWNED_AXIOMS EntropyCounterexample.pPolynomial.eq_1 = [propext, Classical.choice, Quot.sound]
OWNED_AXIOMS EntropyCounterexample.counterexample_not_two = [propext, Classical.choice, Quot.sound]
OWNED_AXIOMS EntropyCounterexample.h = [propext, Classical.choice, Quot.sound]
OWNED_AXIOMS EntropyCounterexample.counterexample_for_any_parameter = [propext, Classical.choice, Quot.sound]
OWNED_AXIOMS EntropyCounterexample.p.eq_1 = [propext, Classical.choice, Quot.sound]
OWNED_AXIOMS EntropyCounterexample.four_ordered_roots = [propext, Classical.choice, Quot.sound]
OWNED_AXIOMS EntropyCounterexample.alpha_equation = [propext, Classical.choice, Quot.sound]
OWNED_AXIOMS EntropyCounterexample.four_roots_in_open_intervals = [propext, Classical.choice, Quot.sound]
OWNED_AXIOMS EntropyCounterexample.Q = [propext, Classical.choice, Quot.sound]
OWNED_AXIOMS EntropyCounterexample.alpha_upper = [propext, Classical.choice, Quot.sound]
OWNED_AXIOMS EntropyCounterexample.alpha._proof_1 = [propext]
OWNED_AXIOMS EntropyCounterexample.sample_four_fifths = [propext, Classical.choice, Quot.sound]
OWNED_AXIOMS EntropyCounterexample.p_continuous = [propext, Classical.choice, Quot.sound]
OWNED_AXIOMS EntropyCounterexample.P = [propext, Classical.choice, Quot.sound]
OWNED_AXIOMS EntropyCounterexample.h_eleven_ten = [propext, Classical.choice, Quot.sound]
OWNED_AXIOMS EntropyCounterexample.alpha_exists = [propext, Classical.choice, Quot.sound]
OWNED_AXIOMS EntropyCounterexample.counterexample_four_ordered_roots = [propext, Classical.choice, Quot.sound]
OWNED_AXIOMS EntropyCounterexample.alpha_lt_one = [propext, Classical.choice, Quot.sound]
OWNED_AXIOMS EntropyCounterexample.sample_three_fifths = [propext, Classical.choice, Quot.sound]
REPLAY_BEGIN roots=79 closure=16089 skipped=[] trust=0 empty=true
ALL_SAFE_OWNED_EMPTY_KERNEL_REPLAY_PASS roots=79 closure=16089
elapsed_seconds=77.247 user_seconds=76.128 sys_seconds=1.143
