PASS: 32 payload files; immutable mathematics, source pins, sanitized reports, checksums and deterministic archive.
PASS: 32 payload files; immutable mathematics, source pins, sanitized reports, checksums and deterministic archive.
rare triangle t=1/4
  A=1/6, B=1/6, D=0, EV2=1/4, EHsing=0
  E_V[H/V]=0; 6D/B=0; chosen H/V=0, h_inf=0
rare triangle plus center t=1/4, eta=1/100
  A=3267/20000, B=166617/1000000, D=3267/1000000, EV2=9801/40000, EHsing=0
  E_V[H/V]=33/1700; 6D/B=2/17; chosen H/V=1/200, h_inf=1/400
rare triangle t=1/100
  A=1/1734, B=1/1734, D=0, EV2=1/1700, EHsing=0
  E_V[H/V]=0; 6D/B=0; chosen H/V=0, h_inf=0
rare triangle plus center t=1/100, eta=1/100
  A=3267/5780000, B=9801/17000000, D=3267/289000000, EV2=9801/17000000, EHsing=0
  E_V[H/V]=33/28900; 6D/B=2/17; chosen H/V=1/3400, h_inf=1/10000
rare triangle t=1/10000
  A=1/16673334, B=1/16673334, D=0, EV2=1/16670000, EHsing=0
  E_V[H/V]=0; 6D/B=0; chosen H/V=0, h_inf=0
rare triangle plus center t=1/10000, eta=1/100
  A=3267/55577780000, B=166617/2778889000000, D=3267/2778889000000, EV2=9801/166700000000, EHsing=0
  E_V[H/V]=33/2833900; 6D/B=2/17; chosen H/V=1/333400, h_inf=1/1000000
flat rectangle s=1
  A=1, B=3/2, D=1/2, EV2=6, EHsing=0
  E_V[H/V]=1/2; 6D/B=2; chosen H/V=1/2, h_inf=1/2
flat rectangle s=1/100
  A=1/100, B=3/200, D=1/200, EV2=3/5000, EHsing=0
  E_V[H/V]=1/2; 6D/B=2; chosen H/V=1/2, h_inf=1/200
flat rectangle s=1/10000
  A=1/10000, B=3/20000, D=1/20000, EV2=3/50000000, EHsing=0
  E_V[H/V]=1/2; 6D/B=2; chosen H/V=1/2, h_inf=1/20000
cross plus origin, including singular positive H
  A=8/25, B=72/125, D=32/125, EV2=24/25, EHsing=24/625
  E_V[H/V]=7/15; 6D/B=8/3; chosen H/V=2/5, h_inf=2/5
All exact checks passed.
PASS: 102 numerical constant/gate checks; universal inequalities are proved analytically.
one-dimensional asymmetric law: PASS; d=1; nonsingular unordered anchors=3; D/B=1/103; singular E[H]=0
two-dimensional exact equality: PASS; d=2; nonsingular unordered anchors=1; D/B=0; singular E[H]=0
two-dimensional nearly flat cross: PASS; d=2; nonsingular unordered anchors=8; D/B=4/9; singular E[H]=3/78125
three-dimensional rare atoms plus origin: PASS; d=3; nonsingular unordered anchors=5; D/B=3/13; singular E[H]=0
four-dimensional simplex plus origin: PASS; d=4; nonsingular unordered anchors=6; D/B=1/6; singular E[H]=0
Square-pyramid direct facet certificate: PASS, dimensions 3 through 12.
Constants and gate: PASS, dimensions 3 through 10000; largest tested G/d^6=96394.6502644 at d=3.
ALL INDEPENDENT REGRESSIONS PASSED. Finite tests supplement the analytic audit.
PASS: all three unchanged regressions; frozen source bytes remained intact.
