Checking GaussianPartition
PASS GaussianPartition
Checking GaussianPrices
PASS GaussianPrices
Checking GaussianNoTies
PASS GaussianNoTies
Checking GaussianFullSupport
PASS GaussianFullSupport
Checking GaussianBalancedPrices
PASS GaussianBalancedPrices
Checking GaussianWinningPartition
PASS GaussianWinningPartition
Checking GaussianUniquePrices
PASS GaussianUniquePrices
Checking GaussianPrimalDual
PASS GaussianPrimalDual
Checking GaussianFractionalEquality
PASS GaussianFractionalEquality
Checking Replay
PASS Replay
BUILD_PASS
