✔ [2689/2700] Built APPT.Core (3.3s)
⚠ [2690/2700] Built APPT.Quantum.Basic (1.8s)
warning: APPT/Quantum/Basic.lean:61:8: automatically included section variable(s) unused in theorem `APPT.Quantum.partialTranspose_trace`:
  [DecidableEq a]
  [DecidableEq b]
consider restructuring your `variable` declarations so that the variables are not in scope or explicitly omit them:
  omit [DecidableEq a] [DecidableEq b] in theorem ...

Note: This linter can be disabled with `set_option linter.unusedSectionVars false`
✔ [2691/2700] Built APPT.Quantum.Orbit (1.9s)
⚠ [2692/2700] Built APPT.Quantum.RealPSD (1.9s)
warning: APPT/Quantum/RealPSD.lean:8:0: automatically included section variable(s) unused in theorem `APPT.Quantum.real_posSemidef_of_complex`:
  [DecidableEq ι]
consider restructuring your `variable` declarations so that the variables are not in scope or explicitly omit them:
  omit [DecidableEq ι] in theorem ...

Note: This linter can be disabled with `set_option linter.unusedSectionVars false`
⚠ [2693/2700] Built APPT.Quantum.Permutation (1.8s)
warning: APPT/Quantum/Permutation.lean:14:31: This simp argument is unused:
  ite_mul

Hint: Omit it from the simp argument list.
  [apply] simp [permMatrix, Matrix.mul_apply, Matrix.conjTranspose_apply, Matrix.one_apply, mul_ite, e.injective.eq_iff,
    eq_comm]

Note: This linter can be disabled with `set_option linter.unusedSimpArgs false`
warning: APPT/Quantum/Permutation.lean:16:0: automatically included section variable(s) unused in theorem `APPT.Quantum.permMatrix_conjTranspose`:
  [Fintype ι]
consider restructuring your `variable` declarations so that the variables are not in scope or explicitly omit them:
  omit [Fintype ι] in theorem ...

Note: This linter can be disabled with `set_option linter.unusedSectionVars false`
warning: APPT/Quantum/Permutation.lean:47:8: `dif_pos` has been deprecated: Use `dite_eq_left` instead
⚠ [2694/2700] Built APPT.Quantum.Reindex (1.9s)
warning: APPT/Quantum/Reindex.lean:8:0: automatically included section variable(s) unused in theorem `APPT.Quantum.reindex_mul`:
  [DecidableEq ι]
  [DecidableEq κ]
consider restructuring your `variable` declarations so that the variables are not in scope or explicitly omit them:
  omit [DecidableEq ι] [DecidableEq κ] in theorem ...

Note: This linter can be disabled with `set_option linter.unusedSectionVars false`
warning: APPT/Quantum/Reindex.lean:15:8: automatically included section variable(s) unused in theorem `APPT.Quantum.reindex_one`:
  [Fintype ι]
  [Fintype κ]
consider restructuring your `variable` declarations so that the variables are not in scope or explicitly omit them:
  omit [Fintype ι] [Fintype κ] in theorem ...

Note: This linter can be disabled with `set_option linter.unusedSectionVars false`
warning: APPT/Quantum/Reindex.lean:20:8: automatically included section variable(s) unused in theorem `APPT.Quantum.reindex_conjTranspose`:
  [Fintype ι]
  [Fintype κ]
  [DecidableEq ι]
  [DecidableEq κ]
consider restructuring your `variable` declarations so that the variables are not in scope or explicitly omit them:
  omit [Fintype ι] [Fintype κ] [DecidableEq ι] [DecidableEq κ] in theorem ...

Note: This linter can be disabled with `set_option linter.unusedSectionVars false`
warning: APPT/Quantum/Reindex.lean:23:8: automatically included section variable(s) unused in theorem `APPT.Quantum.reindex_diagonal`:
  [Fintype ι]
  [Fintype κ]
consider restructuring your `variable` declarations so that the variables are not in scope or explicitly omit them:
  omit [Fintype ι] [Fintype κ] in theorem ...

Note: This linter can be disabled with `set_option linter.unusedSectionVars false`
⚠ [2695/2700] Built APPT.Quantum.UnitaryExtension (3.2s)
warning: APPT/Quantum/UnitaryExtension.lean:15:8: automatically included section variable(s) unused in theorem `APPT.Quantum.splitEquiv_inl`:
  [Fintype ι]
  [DecidableEq κ]
consider restructuring your `variable` declarations so that the variables are not in scope or explicitly omit them:
  omit [Fintype ι] [DecidableEq κ] in theorem ...

Note: This linter can be disabled with `set_option linter.unusedSectionVars false`
warning: APPT/Quantum/UnitaryExtension.lean:18:8: automatically included section variable(s) unused in theorem `APPT.Quantum.splitEquiv_inr`:
  [Fintype ι]
  [DecidableEq κ]
consider restructuring your `variable` declarations so that the variables are not in scope or explicitly omit them:
  omit [Fintype ι] [DecidableEq κ] in theorem ...

Note: This linter can be disabled with `set_option linter.unusedSectionVars false`
⚠ [2696/2700] Built APPT.Quantum.ExtendedConjugate (1.8s)
warning: APPT/Quantum/ExtendedConjugate.lean:7:0: automatically included section variable(s) unused in theorem `APPT.Quantum.split_diagonal`:
  [Fintype ι]
consider restructuring your `variable` declarations so that the variables are not in scope or explicitly omit them:
  omit [Fintype ι] in theorem ...

Note: This linter can be disabled with `set_option linter.unusedSectionVars false`
⚠ [2697/2700] Built APPT.Quantum.CornerHadamard (12s)
warning: APPT/Quantum/CornerHadamard.lean:30:22: This simp argument is unused:
  Matrix.one_apply

Hint: Omit it from the simp argument list.
  [apply] simp [Matrix.mul_apply, Fintype.sum_prod_type, Fin.sum_univ_three, cornerHadamard]

Note: This linter can be disabled with `set_option linter.unusedSimpArgs false`
warning: APPT/Quantum/CornerHadamard.lean:59:30: Used `tac1 <;> tac2` where `(tac1; tac2)` would suffice

Note: This linter can be disabled with `set_option linter.unnecessarySeqFocus false`
warning: APPT/Quantum/CornerHadamard.lean:58:2: Unused tactic linter: `all_goals push_cast; try simp only [halfRoot_conj]` does nothing

Note: This linter can be disabled with `set_option linter.unusedTactic false`
warning: APPT/Quantum/CornerHadamard.lean:69:30: Used `tac1 <;> tac2` where `(tac1; tac2)` would suffice

Note: This linter can be disabled with `set_option linter.unnecessarySeqFocus false`
warning: APPT/Quantum/CornerHadamard.lean:68:2: Unused tactic linter: `all_goals push_cast; try simp only [halfRoot_conj]` does nothing

Note: This linter can be disabled with `set_option linter.unusedTactic false`
⚠ [2698/2700] Built APPT.Quantum.CornerNecessity (1.8s)
warning: APPT/Quantum/CornerNecessity.lean:13:0: automatically included section variable(s) unused in theorem `APPT.Quantum.cornerEmbedding_injective`:
  [Fintype b]
  [DecidableEq b]
consider restructuring your `variable` declarations so that the variables are not in scope or explicitly omit them:
  omit [Fintype b] [DecidableEq b] in theorem ...

Note: This linter can be disabled with `set_option linter.unusedSectionVars false`
⚠ [2699/2700] Built APPT.Quantum.SpectralData (1.9s)
warning: APPT/Quantum/SpectralData.lean:43:20: Used `tac1 <;> tac2` where `(tac1; tac2)` would suffice

Note: This linter can be disabled with `set_option linter.unnecessarySeqFocus false`
✔ [2700/2700] Built APPT.Quantum.SpectralNecessity (1.8s)
Build completed successfully (2700 jobs).
