⚠ [3177/3215] Replayed GaussianPartition
warning: sources/GaussianPartition.lean:127:0: automatically included section variable(s) unused in theorem `GaussianMeasureBridge.FractionalPartition.integrable_weighted_score`:
  [NeZero k]
consider restructuring your `variable` declarations so that the variables are not in scope or explicitly omit them:
  omit [NeZero k] in theorem ...

Note: This linter can be disabled with `set_option linter.unusedSectionVars false`
warning: sources/GaussianPartition.lean:132:0: automatically included section variable(s) unused in theorem `GaussianMeasureBridge.FractionalPartition.integral_weighted_score`:
  [NeZero k]
consider restructuring your `variable` declarations so that the variables are not in scope or explicitly omit them:
  omit [NeZero k] in theorem ...

Note: This linter can be disabled with `set_option linter.unusedSectionVars false`
⚠ [3179/3215] Replayed GaussianNoTies
warning: sources/GaussianNoTies.lean:23:2: Try this: 
  haveI̵

The goal is a proposition, so `have` is preferred over `haveI`.
The difference between `have` and `haveI` is that `haveI` inlines the value.
But this is not relevant for proofs because of proof irrelevance.

Note: This linter can be disabled with `set_option linter.style.haveILetI false`
⚠ [3180/3215] Replayed GaussianBalancedPrices
warning: sources/GaussianBalancedPrices.lean:19:0: automatically included section variable(s) unused in theorem `GaussianMeasureBridge.coordinateShift_zero`:
  [NeZero k]
consider restructuring your `variable` declarations so that the variables are not in scope or explicitly omit them:
  omit [NeZero k] in theorem ...

Note: This linter can be disabled with `set_option linter.unusedSectionVars false`
warning: sources/GaussianBalancedPrices.lean:23:0: automatically included section variable(s) unused in theorem `GaussianMeasureBridge.coordinateShift_dist_le`:
  [NeZero k]
consider restructuring your `variable` declarations so that the variables are not in scope or explicitly omit them:
  omit [NeZero k] in theorem ...

Note: This linter can be disabled with `set_option linter.unusedSectionVars false`
warning: sources/GaussianBalancedPrices.lean:46:0: automatically included section variable(s) unused in theorem `GaussianMeasureBridge.winningCell_disjoint`:
  [NeZero k]
consider restructuring your `variable` declarations so that the variables are not in scope or explicitly omit them:
  omit [NeZero k] in theorem ...

Note: This linter can be disabled with `set_option linter.unusedSectionVars false`
warning: sources/GaussianBalancedPrices.lean:120:0: automatically included section variable(s) unused in theorem `GaussianMeasureBridge.weighted_price_coordinate`:
  [NeZero k]
consider restructuring your `variable` declarations so that the variables are not in scope or explicitly omit them:
  omit [NeZero k] in theorem ...

Note: This linter can be disabled with `set_option linter.unusedSectionVars false`
warning: sources/GaussianBalancedPrices.lean:134:10: This simp argument is unused:
  add_assoc

Hint: Omit it from the simp argument list.
  [apply] simp

Note: This linter can be disabled with `set_option linter.unusedSimpArgs false`
⚠ [3183/3215] Replayed GaussianUniquePrices
warning: sources/GaussianUniquePrices.lean:29:0: automatically included section variable(s) unused in theorem `GaussianMeasureBridge.weighted_priceMid`:
  [NeZero k]
consider restructuring your `variable` declarations so that the variables are not in scope or explicitly omit them:
  omit [NeZero k] in theorem ...

Note: This linter can be disabled with `set_option linter.unusedSectionVars false`
⚠ [3186/3215] Replayed GaussianValueScaling
warning: sources/GaussianValueScaling.lean:92:0: automatically included section variable(s) unused in theorem `GaussianMeasureBridge.FractionalPartition.momentEnergy_nonneg`:
  [NeZero k]
consider restructuring your `variable` declarations so that the variables are not in scope or explicitly omit them:
  omit [NeZero k] in theorem ...

Note: This linter can be disabled with `set_option linter.unusedSectionVars false`
⚠ [3187/3215] Replayed GaussianCovarianceValue
warning: sources/GaussianCovarianceValue.lean:94:0: automatically included section variable(s) unused in theorem `GaussianMeasureBridge.scoreGram_covarianceRows`:
  [NeZero k]
consider restructuring your `variable` declarations so that the variables are not in scope or explicitly omit them:
  omit [NeZero k] in theorem ...

Note: This linter can be disabled with `set_option linter.unusedSectionVars false`
warning: sources/GaussianCovarianceValue.lean:112:0: automatically included section variable(s) unused in theorem `GaussianMeasureBridge.scoreGram_smul`:
  [NeZero k]
consider restructuring your `variable` declarations so that the variables are not in scope or explicitly omit them:
  omit [NeZero k] in theorem ...

Note: This linter can be disabled with `set_option linter.unusedSectionVars false`
⚠ [3188/3215] Replayed GaussianMinimalCovarianceRows
warning: sources/GaussianMinimalCovarianceRows.lean:18:0: automatically included section variable(s) unused in theorem `GaussianMeasureBridge.minimalCovarianceRows_sum`:
  [NeZero n]
consider restructuring your `variable` declarations so that the variables are not in scope or explicitly omit them:
  omit [NeZero n] in theorem ...

Note: This linter can be disabled with `set_option linter.unusedSectionVars false`
warning: sources/GaussianMinimalCovarianceRows.lean:45:8: This simp argument is unused:
  neg_neg

Hint: Omit it from the simp argument list.
  [apply] simp only [scoreGram, minimalCovarianceRows, Fin.cons_zero, inner_neg_left, inner_neg_right, sum_inner,
    inner_sum, hnorm]

Note: This linter can be disabled with `set_option linter.unusedSimpArgs false`
⚠ [3189/3215] Replayed GaussianScoreSymmetry
warning: sources/GaussianScoreSymmetry.lean:45:0: automatically included section variable(s) unused in theorem `GaussianMeasureBridge.standardRows_injective`:
  [NeZero k]
consider restructuring your `variable` declarations so that the variables are not in scope or explicitly omit them:
  omit [NeZero k] in theorem ...

Note: This linter can be disabled with `set_option linter.unusedSectionVars false`
warning: sources/GaussianScoreSymmetry.lean:48:0: automatically included section variable(s) unused in theorem `GaussianMeasureBridge.scoreGram_standardRows`:
  [NeZero k]
consider restructuring your `variable` declarations so that the variables are not in scope or explicitly omit them:
  omit [NeZero k] in theorem ...

Note: This linter can be disabled with `set_option linter.unusedSectionVars false`
⚠ [3195/3215] Replayed GaussianHalfspaceFlux
warning: sources/GaussianHalfspaceFlux.lean:83:51: This simp argument is unused:
  real_inner_self_eq_norm_sq

Hint: Omit it from the simp argument list.
  [apply] simp [r, inner_sub_left, real_inner_smul_left, hu]

Note: This linter can be disabled with `set_option linter.unusedSimpArgs false`
⚠ [3196/3216] Built GaussianCovarianceContinuity (3.4s)
warning: sources/GaussianCovarianceContinuity.lean:15:0: automatically included section variable(s) unused in theorem `GaussianMeasureBridge.continuousOn_covarianceRows`:
  [NeZero k]
consider restructuring your `variable` declarations so that the variables are not in scope or explicitly omit them:
  omit [NeZero k] in theorem ...

Note: This linter can be disabled with `set_option linter.unusedSectionVars false`
⚠ [3197/3219] Built GaussianSliceFlux (4.2s)
warning: sources/GaussianSliceFlux.lean:12:2: Try this: 
  haveI̵

The goal is a proposition, so `have` is preferred over `haveI`.
The difference between `have` and `haveI` is that `haveI` inlines the value.
But this is not relevant for proofs because of proof irrelevance.

Note: This linter can be disabled with `set_option linter.style.haveILetI false`
warning: sources/GaussianSliceFlux.lean:21:2: Try this: 
  haveI̵

The goal is a proposition, so `have` is preferred over `haveI`.
The difference between `have` and `haveI` is that `haveI` inlines the value.
But this is not relevant for proofs because of proof irrelevance.

Note: This linter can be disabled with `set_option linter.style.haveILetI false`
✔ [3198/3219] Built GaussianCoordinateSplit (4.3s)
✔ [3199/3219] Built GaussianPriceContinuity (4.4s)
⚠ [3200/3222] Built GaussianScoreDerivative (6.8s)
warning: sources/GaussianScoreDerivative.lean:17:8: automatically included section variable(s) unused in theorem `GaussianMeasureBridge.affineScores_zero`:
  [NeZero k]
consider restructuring your `variable` declarations so that the variables are not in scope or explicitly omit them:
  omit [NeZero k] in theorem ...

Note: This linter can be disabled with `set_option linter.unusedSectionVars false`
warning: sources/GaussianScoreDerivative.lean:20:8: automatically included section variable(s) unused in theorem `GaussianMeasureBridge.affinePrices_zero`:
  [NeZero k]
consider restructuring your `variable` declarations so that the variables are not in scope or explicitly omit them:
  omit [NeZero k] in theorem ...

Note: This linter can be disabled with `set_option linter.unusedSectionVars false`
warning: sources/GaussianScoreDerivative.lean:23:0: automatically included section variable(s) unused in theorem `GaussianMeasureBridge.directional_score_abs_le`:
  [NeZero k]
consider restructuring your `variable` declarations so that the variables are not in scope or explicitly omit them:
  omit [NeZero k] in theorem ...

Note: This linter can be disabled with `set_option linter.unusedSectionVars false`
⚠ [3201/3222] Built GaussianMomentCovariance (3.0s)
warning: sources/GaussianMomentCovariance.lean:16:0: automatically included section variable(s) unused in theorem `GaussianMeasureBridge.FractionalPartition.scoreGram_moment_centered`:
  [NeZero k]
consider restructuring your `variable` declarations so that the variables are not in scope or explicitly omit them:
  omit [NeZero k] in theorem ...

Note: This linter can be disabled with `set_option linter.unusedSectionVars false`
warning: sources/GaussianMomentCovariance.lean:20:0: automatically included section variable(s) unused in theorem `GaussianMeasureBridge.FractionalPartition.trace_scoreGram_moment`:
  [NeZero k]
consider restructuring your `variable` declarations so that the variables are not in scope or explicitly omit them:
  omit [NeZero k] in theorem ...

Note: This linter can be disabled with `set_option linter.unusedSectionVars false`
⚠ [3202/3222] Built GaussianWinningContinuity (3.2s)
warning: sources/GaussianWinningContinuity.lean:8:0: automatically included section variable(s) unused in theorem `GaussianMeasureBridge.eventually_winning_parameters`:
  [NeZero k]
consider restructuring your `variable` declarations so that the variables are not in scope or explicitly omit them:
  omit [NeZero k] in theorem ...

Note: This linter can be disabled with `set_option linter.unusedSectionVars false`
✔ [3203/3225] Built GaussianPolyhedralGraphFlux (3.9s)
✔ [3204/3260] Built GaussianMaskedSliceFlux (4.1s)
⚠ [3763/3795] Built GaussianRotationalMomentIdentity (5.2s)
warning: sources/GaussianRotationalMomentIdentity.lean:12:0: automatically included section variable(s) unused in theorem `GaussianMeasureBridge.scoreGram_skew_path_even`:
  [NeZero k]
consider restructuring your `variable` declarations so that the variables are not in scope or explicitly omit them:
  omit [NeZero k] in theorem ...

Note: This linter can be disabled with `set_option linter.unusedSectionVars false`
warning: sources/GaussianRotationalMomentIdentity.lean:59:49: This simp argument is unused:
  real_inner_smul_left

Hint: Omit it from the simp argument list.
  [apply] simp [h, e, inner_sub_left, inner_sub_right, real_inner_smul_right, PiLp.inner_apply]

Note: This linter can be disabled with `set_option linter.unusedSimpArgs false`
warning: sources/GaussianRotationalMomentIdentity.lean:60:6: This simp argument is unused:
  real_inner_smul_right

Hint: Omit it from the simp argument list.
  [apply] simp [h, e, inner_sub_left, inner_sub_right, real_inner_smul_left, PiLp.inner_apply]

Note: This linter can be disabled with `set_option linter.unusedSimpArgs false`
⚠ [3764/3795] Built GaussianRegularValue (4.6s)
warning: sources/GaussianRegularValue.lean:61:0: automatically included section variable(s) unused in theorem `GaussianMeasureBridge.inner_standard_mean`:
  [NeZero k]
consider restructuring your `variable` declarations so that the variables are not in scope or explicitly omit them:
  omit [NeZero k] in theorem ...

Note: This linter can be disabled with `set_option linter.unusedSectionVars false`
warning: sources/GaussianRegularValue.lean:117:8: this tactic is never executed

Note: This linter can be disabled with `set_option linter.unreachableTactic false`
warning: sources/GaussianRegularValue.lean:117:8: Unused tactic linter: `ring` does nothing

Note: This linter can be disabled with `set_option linter.unusedTactic false`
⚠ [3765/3795] Built GaussianActualEnvelope (4.9s)
warning: sources/GaussianActualEnvelope.lean:12:0: automatically included section variable(s) unused in theorem `GaussianMeasureBridge.eventually_injective_scores`:
  [NeZero k]
consider restructuring your `variable` declarations so that the variables are not in scope or explicitly omit them:
  omit [NeZero k] in theorem ...

Note: This linter can be disabled with `set_option linter.unusedSectionVars false`
⚠ [3766/3795] Built GaussianTailCalculus (4.3s)
warning: sources/GaussianTailCalculus.lean:17:4: try 'simp' instead of 'simpa'

Note: This linter can be disabled with `set_option linter.unnecessarySimpa false`
ℹ [3767/3795] Built GaussianSimplexAlgebra (4.1s)
info: sources/GaussianSimplexAlgebra.lean:39:0: 'GaussianSimplexAlgebra.weighted_cauchy' depends on axioms: [propext, Classical.choice, Quot.sound]
info: sources/GaussianSimplexAlgebra.lean:40:0: 'GaussianSimplexAlgebra.perimeter_to_trace' depends on axioms: [propext, Classical.choice, Quot.sound]
info: sources/GaussianSimplexAlgebra.lean:41:0: 'GaussianSimplexAlgebra.radial_quotient_identity' depends on axioms: [propext, Classical.choice, Quot.sound]
info: sources/GaussianSimplexAlgebra.lean:42:0: 'GaussianSimplexAlgebra.deficit_derivative_nonpositive' depends on axioms: [propext, Classical.choice, Quot.sound]
⚠ [3768/3795] Built GaussianGraphLift (3.4s)
warning: sources/GaussianGraphLift.lean:18:8: automatically included section variable(s) unused in theorem `GaussianMeasureBridge.graphScores_zero`:
  [NeZero k]
consider restructuring your `variable` declarations so that the variables are not in scope or explicitly omit them:
  omit [NeZero k] in theorem ...

Note: This linter can be disabled with `set_option linter.unusedSectionVars false`
warning: sources/GaussianGraphLift.lean:19:8: automatically included section variable(s) unused in theorem `GaussianMeasureBridge.graphScores_succ`:
  [NeZero k]
consider restructuring your `variable` declarations so that the variables are not in scope or explicitly omit them:
  omit [NeZero k] in theorem ...

Note: This linter can be disabled with `set_option linter.unusedSectionVars false`
warning: sources/GaussianGraphLift.lean:21:8: automatically included section variable(s) unused in theorem `GaussianMeasureBridge.graphPrices_zero`:
  [NeZero k]
consider restructuring your `variable` declarations so that the variables are not in scope or explicitly omit them:
  omit [NeZero k] in theorem ...

Note: This linter can be disabled with `set_option linter.unusedSectionVars false`
warning: sources/GaussianGraphLift.lean:22:8: automatically included section variable(s) unused in theorem `GaussianMeasureBridge.graphPrices_succ`:
  [NeZero k]
consider restructuring your `variable` declarations so that the variables are not in scope or explicitly omit them:
  omit [NeZero k] in theorem ...

Note: This linter can be disabled with `set_option linter.unusedSectionVars false`
warning: sources/GaussianGraphLift.lean:24:0: automatically included section variable(s) unused in theorem `GaussianMeasureBridge.graphScores_injective`:
  [NeZero k]
consider restructuring your `variable` declarations so that the variables are not in scope or explicitly omit them:
  omit [NeZero k] in theorem ...

Note: This linter can be disabled with `set_option linter.unusedSectionVars false`
warning: sources/GaussianGraphLift.lean:58:0: automatically included section variable(s) unused in theorem `GaussianMeasureBridge.graph_winning_succ`:
  [NeZero k]
consider restructuring your `variable` declarations so that the variables are not in scope or explicitly omit them:
  omit [NeZero k] in theorem ...

Note: This linter can be disabled with `set_option linter.unusedSectionVars false`
⚠ [3769/3795] Built GaussianMomentSymmetry (4.3s)
warning: sources/GaussianMomentSymmetry.lean:11:0: automatically included section variable(s) unused in theorem `GaussianMeasureBridge.winningCell_reindex`:
  [NeZero k]
consider restructuring your `variable` declarations so that the variables are not in scope or explicitly omit them:
  omit [NeZero k] in theorem ...

Note: This linter can be disabled with `set_option linter.unusedSectionVars false`
warning: sources/GaussianMomentSymmetry.lean:31:26: `Set.mem_setOf_eq` has been deprecated: Use `Set.mem_ofPred_eq` instead
warning: sources/GaussianMomentSymmetry.lean:28:0: automatically included section variable(s) unused in theorem `GaussianMeasureBridge.winningCell_isometry`:
  [NeZero k]
consider restructuring your `variable` declarations so that the variables are not in scope or explicitly omit them:
  omit [NeZero k] in theorem ...

Note: This linter can be disabled with `set_option linter.unusedSectionVars false`
warning: sources/GaussianMomentSymmetry.lean:85:6: This simp argument is unused:
  EuclideanSpace.piLpCongrLeft_single

Hint: Omit it from the simp argument list.
  [apply] simp [T, standardRows, EuclideanSpace.basisFun_apply]

Note: This linter can be disabled with `set_option linter.unusedSimpArgs false`
⚠ [3770/3795] Built GaussianGraphMassDerivative (4.9s)
warning: sources/GaussianGraphMassDerivative.lean:35:4: try 'simp' instead of 'simpa'

Note: This linter can be disabled with `set_option linter.unnecessarySimpa false`
⚠ [3771/3795] Built GaussianEquidistantRigidity (5.1s)
warning: sources/GaussianEquidistantRigidity.lean:11:0: automatically included section variable(s) unused in theorem `GaussianMeasureBridge.sum_squared_distances_centered`:
  [NeZero k]
consider restructuring your `variable` declarations so that the variables are not in scope or explicitly omit them:
  omit [NeZero k] in theorem ...

Note: This linter can be disabled with `set_option linter.unusedSectionVars false`
⚠ [3772/3795] Built GaussianRegularPrincipal (4.8s)
warning: sources/GaussianRegularPrincipal.lean:38:6: This simp argument is unused:
  dotProduct_smul

Hint: Omit it from the simp argument list.
  [apply] simp only [Matrix.smul_mulVec, Matrix.sub_mulVec, Matrix.one_mulVec, Matrix.vecMulVec_mulVec, dotProduct_sub,
    star_trivial, Pi.one_apply, one_mul, smul_eq_mul, dotProduct, mul_one]

Note: This linter can be disabled with `set_option linter.unusedSimpArgs false`
warning: sources/GaussianRegularPrincipal.lean:38:22: This simp argument is unused:
  dotProduct_sub

Hint: Omit it from the simp argument list.
  [apply] simp only [Matrix.smul_mulVec, Matrix.sub_mulVec, Matrix.one_mulVec, Matrix.vecMulVec_mulVec, dotProduct_smul,
    star_trivial, Pi.one_apply, one_mul, smul_eq_mul, dotProduct, mul_one]

Note: This linter can be disabled with `set_option linter.unusedSimpArgs false`
warning: sources/GaussianRegularPrincipal.lean:38:50: This simp argument is unused:
  Pi.one_apply

Hint: Omit it from the simp argument list.
  [apply] simp only [Matrix.smul_mulVec, Matrix.sub_mulVec, Matrix.one_mulVec, Matrix.vecMulVec_mulVec, dotProduct_smul,
    dotProduct_sub, star_trivial, one_mul, smul_eq_mul, dotProduct, mul_one]

Note: This linter can be disabled with `set_option linter.unusedSimpArgs false`
warning: sources/GaussianRegularPrincipal.lean:38:71: This simp argument is unused:
  smul_eq_mul

Hint: Omit it from the simp argument list.
  [apply] simp only [Matrix.smul_mulVec, Matrix.sub_mulVec, Matrix.one_mulVec, Matrix.vecMulVec_mulVec, dotProduct_smul,
    dotProduct_sub, star_trivial, Pi.one_apply, one_mul, dotProduct, mul_one]

Note: This linter can be disabled with `set_option linter.unusedSimpArgs false`
warning: sources/GaussianRegularPrincipal.lean:39:17: This simp argument is unused:
  mul_one

Hint: Omit it from the simp argument list.
  [apply] simp only [Matrix.smul_mulVec, Matrix.sub_mulVec, Matrix.one_mulVec, Matrix.vecMulVec_mulVec, dotProduct_smul,
    dotProduct_sub, star_trivial, Pi.one_apply, one_mul, smul_eq_mul, dotProduct]

Note: This linter can be disabled with `set_option linter.unusedSimpArgs false`
✔ [3773/3795] Built GaussianGraphVectorFlux (3.3s)
⚠ [3774/3795] Built GaussianRegularMoments (3.3s)
warning: sources/GaussianRegularMoments.lean:30:10: `if_neg` has been deprecated: Use `ite_eq_right` instead
warning: sources/GaussianRegularMoments.lean:34:50: `if_true` has been deprecated: Use `ite_true` instead
warning: sources/GaussianRegularMoments.lean:59:8: `if_pos` has been deprecated: Use `ite_eq_left` instead
warning: sources/GaussianRegularMoments.lean:62:8: `if_neg` has been deprecated: Use `ite_eq_right` instead
warning: sources/GaussianRegularMoments.lean:85:26: `Set.mem_setOf_eq` has been deprecated: Use `Set.mem_ofPred_eq` instead
warning: sources/GaussianRegularMoments.lean:78:0: automatically included section variable(s) unused in theorem `GaussianMeasureBridge.winningCell_regular_zero`:
  [NeZero k]
consider restructuring your `variable` declarations so that the variables are not in scope or explicitly omit them:
  omit [NeZero k] in theorem ...

Note: This linter can be disabled with `set_option linter.unusedSectionVars false`
⚠ [3775/3795] Built GaussianWinningGraphFlux (2.4s)
warning: sources/GaussianWinningGraphFlux.lean:33:0: automatically included section variable(s) unused in theorem `GaussianMeasureBridge.winning_graph_inequality`:
  [NeZero k]
consider restructuring your `variable` declarations so that the variables are not in scope or explicitly omit them:
  omit [NeZero k] in theorem ...

Note: This linter can be disabled with `set_option linter.unusedSectionVars false`
warning: sources/GaussianWinningGraphFlux.lean:61:0: automatically included section variable(s) unused in theorem `GaussianMeasureBridge.winning_graph_normal`:
  [NeZero k]
consider restructuring your `variable` declarations so that the variables are not in scope or explicitly omit them:
  omit [NeZero k] in theorem ...

Note: This linter can be disabled with `set_option linter.unusedSectionVars false`
warning: sources/GaussianWinningGraphFlux.lean:71:63: This simp argument is unused:
  mul_add

Hint: Omit it from the simp argument list.
  [apply] simp [winningGraphSlopes, tailCoordinates, sub_eq_add_neg]

Note: This linter can be disabled with `set_option linter.unusedSimpArgs false`
⚠ [3776/3795] Built GaussianRegularStationarity (2.5s)
warning: sources/GaussianRegularStationarity.lean:37:0: automatically included section variable(s) unused in theorem `GaussianMeasureBridge.trace_scoreGram_hasDerivAt`:
  [NeZero k]
consider restructuring your `variable` declarations so that the variables are not in scope or explicitly omit them:
  omit [NeZero k] in theorem ...

Note: This linter can be disabled with `set_option linter.unusedSectionVars false`
⚠ [3777/3795] Built GaussianNormalCoordinates (2.5s)
warning: sources/GaussianNormalCoordinates.lean:35:24: This simp argument is unused:
  Real.norm_eq_abs

Hint: Omit it from the simp argument list.
  [apply] simp [z, norm_smul, abs_of_nonneg (inv_nonneg.mpr (norm_nonneg u)), inv_mul_cancel₀ hn]

Note: This linter can be disabled with `set_option linter.unusedSimpArgs false`
warning: sources/GaussianNormalCoordinates.lean:35:42: This simp argument is unused:
  abs_of_nonneg (inv_nonneg.mpr (norm_nonneg u))

Hint: Omit it from the simp argument list.
  [apply] simp [z, norm_smul, Real.norm_eq_abs, inv_mul_cancel₀ hn]

Note: This linter can be disabled with `set_option linter.unusedSimpArgs false`
✔ [3778/3795] Built GaussianFluxCoefficientSymmetry (2.5s)
⚠ [3779/3795] Built GaussianFacetDensityPositive (2.8s)
warning: sources/GaussianFacetDensityPositive.lean:11:0: automatically included section variable(s) unused in theorem `GaussianMeasureBridge.isOpen_winningCell`:
  [NeZero k]
consider restructuring your `variable` declarations so that the variables are not in scope or explicitly omit them:
  omit [NeZero k] in theorem ...

Note: This linter can be disabled with `set_option linter.unusedSectionVars false`
warning: sources/GaussianFacetDensityPositive.lean:32:0: automatically included section variable(s) unused in theorem `GaussianMeasureBridge.winning_graph_gap`:
  [NeZero k]
consider restructuring your `variable` declarations so that the variables are not in scope or explicitly omit them:
  omit [NeZero k] in theorem ...

Note: This linter can be disabled with `set_option linter.unusedSectionVars false`
✔ [3780/3795] Built GaussianSimplicialFlux (2.1s)
⚠ [3781/3795] Built GaussianWinningMassDerivative (2.2s)
warning: sources/GaussianWinningMassDerivative.lean:28:0: automatically included section variable(s) unused in theorem `GaussianMeasureBridge.winningGraphPrices_affine`:
  [NeZero k]
consider restructuring your `variable` declarations so that the variables are not in scope or explicitly omit them:
  omit [NeZero k] in theorem ...

Note: This linter can be disabled with `set_option linter.unusedSectionVars false`
✔ [3782/3795] Built GaussianAllCellsFlux (2.4s)
✔ [3783/3795] Built GaussianCenteredRowIndependence (2.4s)
⚠ [3784/3795] Built GaussianSymmetricFlux (2.7s)
warning: sources/GaussianSymmetricFlux.lean:33:55: `if_neg` has been deprecated: Use `ite_eq_right` instead
warning: sources/GaussianSymmetricFlux.lean:80:59: This simp argument is unused:
  zero_add

Hint: Omit it from the simp argument list.
  [apply] simp only [sub_self, map_zero, Finsupp.zero_apply, mul_zero, hn]

Note: This linter can be disabled with `set_option linter.unusedSimpArgs false`
✔ [3785/3795] Built GaussianPrincipalNondegeneracy (2.2s)
✔ [3786/3795] Built GaussianSimplicialMassFlux (2.5s)
⚠ [3787/3795] Built GaussianCenteredCovarianceBlock (2.8s)
warning: sources/GaussianCenteredCovarianceBlock.lean:12:0: automatically included section variable(s) unused in theorem `GaussianMeasureBridge.centered_covariance_ext`:
  [NeZero n]
consider restructuring your `variable` declarations so that the variables are not in scope or explicitly omit them:
  omit [NeZero n] in theorem ...

Note: This linter can be disabled with `set_option linter.unusedSectionVars false`
warning: sources/GaussianCenteredCovarianceBlock.lean:37:0: automatically included section variable(s) unused in theorem `GaussianMeasureBridge.centeredRowFamily_gram_centered`:
  [NeZero n]
consider restructuring your `variable` declarations so that the variables are not in scope or explicitly omit them:
  omit [NeZero n] in theorem ...

Note: This linter can be disabled with `set_option linter.unusedSectionVars false`
warning: sources/GaussianCenteredCovarianceBlock.lean:41:0: automatically included section variable(s) unused in theorem `GaussianMeasureBridge.centeredRowFamily_gram_principal`:
  [NeZero n]
consider restructuring your `variable` declarations so that the variables are not in scope or explicitly omit them:
  omit [NeZero n] in theorem ...

Note: This linter can be disabled with `set_option linter.unusedSectionVars false`
warning: sources/GaussianCenteredCovarianceBlock.lean:46:0: automatically included section variable(s) unused in theorem `GaussianMeasureBridge.centeredRowFamily_path_hasDerivAt`:
  [NeZero n]
consider restructuring your `variable` declarations so that the variables are not in scope or explicitly omit them:
  omit [NeZero n] in theorem ...

Note: This linter can be disabled with `set_option linter.unusedSectionVars false`
⚠ [3788/3795] Built GaussianFluxEnergy (3.2s)
warning: sources/GaussianFluxEnergy.lean:17:0: automatically included section variable(s) unused in theorem `GaussianMeasureBridge.symmetric_flux_energy`:
  [NeZero k]
consider restructuring your `variable` declarations so that the variables are not in scope or explicitly omit them:
  omit [NeZero k] in theorem ...

Note: This linter can be disabled with `set_option linter.unusedSectionVars false`
warning: sources/GaussianFluxEnergy.lean:53:0: automatically included section variable(s) unused in theorem `GaussianMeasureBridge.actual_flux_cauchy`:
  [NeZero k]
consider restructuring your `variable` declarations so that the variables are not in scope or explicitly omit them:
  omit [NeZero k] in theorem ...

Note: This linter can be disabled with `set_option linter.unusedSectionVars false`
✔ [3789/3795] Built GaussianParallelBoundary (3.1s)
✔ [3790/3795] Built GaussianGramIsometry (3.3s)
✔ [3791/3795] Built GaussianCellErosion (2.4s)
✔ [3792/3795] Built GaussianRegularGramMoments (2.7s)
✔ [3793/3795] Built GaussianIntrinsicInnerPerimeter (2.8s)
⚠ [3794/3795] Built GaussianRegularFlux (2.5s)
warning: sources/GaussianRegularFlux.lean:71:10: This simp argument is unused:
  Fin.ext_iff

Hint: Omit it from the simp argument list.
  [apply] simp [Nat.mod_eq_of_lt (by omega : 1 < d + 2)]

Note: This linter can be disabled with `set_option linter.unusedSimpArgs false`
warning: sources/GaussianRegularFlux.lean:71:22: This simp argument is unused:
  Nat.mod_eq_of_lt (by omega : 1 < d + 2)

Hint: Omit it from the simp argument list.
  [apply] simp [Fin.ext_iff]

Note: This linter can be disabled with `set_option linter.unusedSimpArgs false`
⚠ [3795/3795] Built GaussianRegularPerimeter (2.9s)
warning: sources/GaussianRegularPerimeter.lean:17:22: `if_neg` has been deprecated: Use `ite_eq_right` instead
warning: sources/GaussianRegularPerimeter.lean:22:5: Variable name `hz` is not explicitly referenced.

Hint: The binding can be removed (if unused) or named `_` (if used implicitly). Alternatively, prefix the name with `_` to silence this warning:
  [apply] _hz

Note: This linter can be disabled with `set_option linter.unusedVariables false`
Build completed successfully (3795 jobs).
