'Bapat.qPermanent_one' depends on axioms: [propext, Classical.choice, Quot.sound]
'Bapat.endpointDerivative_pairs' depends on axioms: [propext, Classical.choice, Quot.sound]
'Bapat.inversionCount_inverse' depends on axioms: [propext, Classical.choice, Quot.sound]
'Bapat.hasDerivAt_qPermanent_one' depends on axioms: [propext, Classical.choice, Quot.sound]
'Bapat.extendRemaining_i' depends on axioms: [propext, Quot.sound]
'Bapat.extendRemaining_j' depends on axioms: [propext, Quot.sound]
'Bapat.extendRemaining_other' depends on axioms: [propext, Quot.sound]
'Bapat.product_split_two' depends on axioms: [propext, Classical.choice, Quot.sound]
'Bapat.prescribed_sum' depends on axioms: [propext, Classical.choice, Quot.sound]
'Bapat.prescribed_sum_ite' depends on axioms: [propext, Classical.choice, Quot.sound]
'Bapat.minorPermanent_swap_cols' depends on axioms: [propext, Classical.choice, Quot.sound]
'Bapat.minorPermanent_eq_submatrix_permanent' depends on axioms: [propext, Classical.choice, Quot.sound]
'Bapat.row_inversion_sum' depends on axioms: [propext, Classical.choice, Quot.sound]
'Bapat.endpointDerivative_minor_formula' depends on axioms: [propext, Classical.choice, Quot.sound]
'Bapat.sum_distinct_pairs' depends on axioms: [propext, Classical.choice, Quot.sound]
'Bapat.permanent_two_rows' depends on axioms: [propext, Classical.choice, Quot.sound]
'Bapat.pairDeterminant_eq' depends on axioms: [propext, Classical.choice, Quot.sound]
'Bapat.sum_row_pairs_const' depends on axioms: [propext, Classical.choice, Quot.sound]
'Bapat.endpointDerivative_defect_identity' depends on axioms: [propext, Classical.choice, Quot.sound]
'Bapat.hasDerivAt_qPermanent_defect' depends on axioms: [propext, Classical.choice, Quot.sound]
'Bapat.star_permutationWeight' depends on axioms: [propext, Classical.choice, Quot.sound]
'Bapat.star_qPermanent_real' depends on axioms: [propext, Classical.choice, Quot.sound]
'BapatBounds.product_norm_bound' depends on axioms: [propext, Classical.choice, Quot.sound]
'BapatBounds.product_difference_bound' depends on axioms: [propext, Classical.choice, Quot.sound]
'BapatBounds.permutation_product_difference' depends on axioms: [propext, Classical.choice, Quot.sound]
'BapatBounds.realPolynomial_hasDerivAt' depends on axioms: [propext, Classical.choice, Quot.sound]
'BapatBounds.realPolynomial_deriv' depends on axioms: [propext, Classical.choice, Quot.sound]
'BapatBounds.abs_pow_sub_one_bound' depends on axioms: [propext, Classical.choice, Quot.sound]
'BapatBounds.realDerivative_difference_bound' depends on axioms: [propext, Classical.choice, Quot.sound]
'BapatBounds.explicit_reverse_interval' depends on axioms: [propext, Classical.choice, Quot.sound]
'BapatBounds.diagonalPerturbation_difference' depends on axioms: [propext, Classical.choice, Quot.sound]
'BapatBounds.diagonalPerturbation_entries' depends on axioms: [propext, Classical.choice, Quot.sound]
'BapatBounds.gram_diagonalPerturbation_posDef' depends on axioms: [propext, Classical.choice, Quot.sound]
'BapatBounds.diagonalPerturbation_product_difference' depends on axioms: [propext, Classical.choice, Quot.sound]
'BapatBounds.weightedEndpoint_perturbation_bound' depends on axioms: [propext, Classical.choice, Quot.sound]
'BapatBounds.ordered_pairs_count' depends on axioms: [propext, Classical.choice, Quot.sound]
'BapatBounds.inversionCount_le_choose' depends on axioms: [propext, Classical.choice, Quot.sound]
'BapatBounds.realPolynomial_qPermanent' depends on axioms: [propext, Classical.choice, Quot.sound]
'BapatBounds.realDerivative_endpoint' depends on axioms: [propext, Classical.choice, Quot.sound]
'BapatBounds.real_permutation_coefficient_bound' depends on axioms: [propext, Classical.choice, Quot.sound]
'BapatBounds.endpointDerivative_perturbation_bound' depends on axioms: [propext, Classical.choice, Quot.sound]
'BapatBounds.qPermanent_explicit_reverse_interval' depends on axioms: [propext, Classical.choice, Quot.sound]
'BapatBounds.inversionCount_one' depends on axioms: [propext, Classical.choice, Quot.sound]
'BapatBounds.diagonal_endpointDerivative_zero' depends on axioms: [propext, Classical.choice, Quot.sound]
'BapatBounds.negative_endpoint_nondiagonal' depends on axioms: [propext, Classical.choice, Quot.sound]
'BapatBounds.negative_endpoint_survives_diagonalPerturbation' depends on axioms: [propext, Classical.choice, Quot.sound]
'BapatBounds.gram_explicit_monotonicity_failure' depends on axioms: [propext, Classical.choice, Quot.sound]
'BapatBounds.dimension_at_least_three_bounds' depends on axioms: [propext, Classical.choice, Quot.sound]
'BapatBounds.negative_gram_counterexample_transfer' depends on axioms: [propext, Classical.choice, Quot.sound]
'BapatBounds.constant_polynomial_control' depends on axioms: [propext, Classical.choice, Quot.sound]
'BapatBounds.linear_reverse_control' depends on axioms: [propext, Classical.choice, Quot.sound]
'BapatBounds.omitted_negative_endpoint_control' depends on axioms: [propext, Classical.choice, Quot.sound]
