<ORIGINAL_RUN>/sources/BapatMvFischer.lean:22:0: warning: automatically included section variable(s) unused in theorem `BapatFiniteRank.fischerPair_monomial_left`:
  [DecidableEq C]
consider restructuring your `variable` declarations so that the variables are not in scope or explicitly omit them:
  omit [DecidableEq C] in theorem ...

Note: This linter can be disabled with `set_option linter.unusedSectionVars false`
<ORIGINAL_RUN>/sources/BapatMvFischer.lean:36:0: warning: automatically included section variable(s) unused in theorem `BapatFiniteRank.fischerPair_add_right`:
  [DecidableEq C]
consider restructuring your `variable` declarations so that the variables are not in scope or explicitly omit them:
  omit [DecidableEq C] in theorem ...

Note: This linter can be disabled with `set_option linter.unusedSectionVars false`
<ORIGINAL_RUN>/sources/BapatMvFischer.lean:68:0: warning: automatically included section variable(s) unused in theorem `BapatFiniteRank.assignmentDegree_apply`:
  [Fintype C]
consider restructuring your `variable` declarations so that the variables are not in scope or explicitly omit them:
  omit [Fintype C] in theorem ...

Note: This linter can be disabled with `set_option linter.unusedSectionVars false`
<ORIGINAL_RUN>/sources/BapatMvFischer.lean:87:0: warning: automatically included section variable(s) unused in theorem `BapatFiniteRank.formsProduct_expand`:
  [DecidableEq C]
consider restructuring your `variable` declarations so that the variables are not in scope or explicitly omit them:
  omit [DecidableEq C] in theorem ...

Note: This linter can be disabled with `set_option linter.unusedSectionVars false`
<ORIGINAL_RUN>/sources/BapatMvFischer.lean:120:0: warning: automatically included section variable(s) unused in theorem `BapatFiniteRank.assignmentWeight_reindex`:
  [Fintype C]
  [DecidableEq C]
  [DecidableEq ι]
  [DecidableEq κ]
consider restructuring your `variable` declarations so that the variables are not in scope or explicitly omit them:
  omit [Fintype C] [DecidableEq C] [DecidableEq ι] [DecidableEq κ] in theorem ...

Note: This linter can be disabled with `set_option linter.unusedSectionVars false`
<ORIGINAL_RUN>/sources/BapatMvFischer.lean:124:0: warning: automatically included section variable(s) unused in theorem `BapatFiniteRank.reindex_fiber_iff`:
  [Fintype C]
  [DecidableEq C]
  [Fintype ι]
  [Fintype κ]
  [DecidableEq ι]
  [DecidableEq κ]
consider restructuring your `variable` declarations so that the variables are not in scope or explicitly omit them:
  omit [Fintype C] [DecidableEq C] [Fintype ι] [Fintype κ] [DecidableEq ι] [DecidableEq κ] in theorem ...

Note: This linter can be disabled with `set_option linter.unusedSectionVars false`
<ORIGINAL_RUN>/sources/BapatMvFischer.lean:185:0: warning: automatically included section variable(s) unused in theorem `BapatFiniteRank.fischerPair_C_mul_right`:
  [DecidableEq C]
consider restructuring your `variable` declarations so that the variables are not in scope or explicitly omit them:
  omit [DecidableEq C] in theorem ...

Note: This linter can be disabled with `set_option linter.unusedSectionVars false`
