<ORIGINAL_RUN>/sources/BapatSphereFischer.lean:16:0: warning: automatically included section variable(s) unused in theorem `BapatRealExistence.complexEval_expand`:
  [DecidableEq ι]
  [Nonempty ι]
consider restructuring your `variable` declarations so that the variables are not in scope or explicitly omit them:
  omit [DecidableEq ι] [Nonempty ι] in theorem ...

Note: This linter can be disabled with `set_option linter.unusedSectionVars false`
<ORIGINAL_RUN>/sources/BapatSphereFischer.lean:20:12: warning: automatically included section variable(s) unused in theorem `BapatRealExistence.complexMonomial_continuous`:
  [DecidableEq ι]
  [Nonempty ι]
consider restructuring your `variable` declarations so that the variables are not in scope or explicitly omit them:
  omit [DecidableEq ι] [Nonempty ι] in theorem ...

Note: This linter can be disabled with `set_option linter.unusedSectionVars false`
<ORIGINAL_RUN>/sources/BapatSphereFischer.lean:28:0: warning: automatically included section variable(s) unused in theorem `BapatRealExistence.homogeneous_degree_of_mem_support`:
  [DecidableEq ι]
  [Nonempty ι]
consider restructuring your `variable` declarations so that the variables are not in scope or explicitly omit them:
  omit [DecidableEq ι] [Nonempty ι] in theorem ...

Note: This linter can be disabled with `set_option linter.unusedSectionVars false`
<ORIGINAL_RUN>/sources/BapatSphereFischer.lean:111:8: warning: automatically included section variable(s) unused in theorem `BapatRealExistence.complexEval_mul`:
  [Fintype ι]
  [DecidableEq ι]
  [Nonempty ι]
consider restructuring your `variable` declarations so that the variables are not in scope or explicitly omit them:
  omit [Fintype ι] [DecidableEq ι] [Nonempty ι] in theorem ...

Note: This linter can be disabled with `set_option linter.unusedSectionVars false`
<ORIGINAL_RUN>/sources/BapatSphereFischer.lean:115:8: warning: automatically included section variable(s) unused in theorem `BapatRealExistence.complexEval_pow`:
  [Fintype ι]
  [DecidableEq ι]
  [Nonempty ι]
consider restructuring your `variable` declarations so that the variables are not in scope or explicitly omit them:
  omit [Fintype ι] [DecidableEq ι] [Nonempty ι] in theorem ...

Note: This linter can be disabled with `set_option linter.unusedSectionVars false`
