<ORIGINAL_RUN>/sources/BapatEmpiricalCloud.lean:19:0: warning: automatically included section variable(s) unused in theorem `BapatRealExistence.exists_cloud_countable_tests`:
  [Nonempty K]
consider restructuring your `variable` declarations so that the variables are not in scope or explicitly omit them:
  omit [Nonempty K] in theorem ...

Note: This linter can be disabled with `set_option linter.unusedSectionVars false`
<ORIGINAL_RUN>/sources/BapatEmpiricalCloud.lean:44:0: warning: automatically included section variable(s) unused in theorem `BapatRealExistence.empiricalAverage_dist_le`:
  [Nonempty K]
  [MeasurableSpace K]
  [BorelSpace K]
consider restructuring your `variable` declarations so that the variables are not in scope or explicitly omit them:
  omit [Nonempty K] [MeasurableSpace K] [BorelSpace K] in theorem ...

Note: This linter can be disabled with `set_option linter.unusedSectionVars false`
<ORIGINAL_RUN>/sources/BapatEmpiricalCloud.lean:59:33: warning: This simp argument is unused:
  mul_assoc

Hint: Omit it from the simp argument list.
  [apply] simp [hn]

Note: This linter can be disabled with `set_option linter.unusedSimpArgs false`
<ORIGINAL_RUN>/sources/BapatEmpiricalCloud.lean:61:0: warning: automatically included section variable(s) unused in theorem `BapatRealExistence.integral_continuous_dist_le`:
  [Nonempty K]
consider restructuring your `variable` declarations so that the variables are not in scope or explicitly omit them:
  omit [Nonempty K] in theorem ...

Note: This linter can be disabled with `set_option linter.unusedSectionVars false`
