<ORIGINAL_RUN>/sources/BapatRealComplexLinear.lean:52:4: warning: This simp argument is unused:
  mul_pow

Hint: Omit it from the simp argument list.
  [apply] simp [realComplexLinear, canonicalComplex4, Fin.sum_univ_succ, Complex.normSq_apply, Real.sq_sqrt ht,
    Real.sq_sqrt (sub_nonneg.mpr ht'), canonicalQuadratic]

Note: This linter can be disabled with `set_option linter.unusedSimpArgs false`
<ORIGINAL_RUN>/sources/BapatRealComplexLinear.lean:52:12: warning: This simp argument is unused:
  Real.sq_sqrt ht

Hint: Omit it from the simp argument list.
  [apply] simp [realComplexLinear, canonicalComplex4, Fin.sum_univ_succ, Complex.normSq_apply, mul_pow,
    Real.sq_sqrt (sub_nonneg.mpr ht'), canonicalQuadratic]

Note: This linter can be disabled with `set_option linter.unusedSimpArgs false`
<ORIGINAL_RUN>/sources/BapatRealComplexLinear.lean:52:28: warning: This simp argument is unused:
  Real.sq_sqrt (sub_nonneg.mpr ht')

Hint: Omit it from the simp argument list.
  [apply] simp [realComplexLinear, canonicalComplex4, Fin.sum_univ_succ, Complex.normSq_apply, mul_pow, Real.sq_sqrt ht,
    canonicalQuadratic]

Note: This linter can be disabled with `set_option linter.unusedSimpArgs false`
<ORIGINAL_RUN>/sources/BapatRealComplexLinear.lean:61:2: warning: Used `tac1 <;> tac2` where `(tac1; tac2)` would suffice

Note: This linter can be disabled with `set_option linter.unnecessarySeqFocus false`
