def ContinuumGeometric.MainTarget : Prop :=
∀ (ε : Real),
  @LT.lt.{0} Real Real.instLT (@OfNat.ofNat.{0} Real (nat_lit 0) (@Zero.toOfNat0.{0} Real Real.instZero)) ε →
    @LT.lt.{0} Real Real.instLT ε (@OfNat.ofNat.{0} Real (nat_lit 1) (@One.toOfNat1.{0} Real Real.instOne)) →
      @Exists.{1} (Set.{0} Real) fun (E : Set.{0} Real) =>
        And
          (@IsCompact.{0} Real
            (@UniformSpace.toTopologicalSpace.{0} Real
              (@PseudoMetricSpace.toUniformSpace.{0} Real Real.pseudoMetricSpace))
            E)
          (And
            (@LE.le.{0} (Set.{0} Real) (@Set.instLE.{0} Real) E
              (@Set.Icc.{0} Real Real.instPreorder
                (@OfNat.ofNat.{0} Real (nat_lit 0) (@Zero.toOfNat0.{0} Real Real.instZero))
                (@OfNat.ofNat.{0} Real (nat_lit 1) (@One.toOfNat1.{0} Real Real.instOne))))
            (And
              (@LT.lt.{0} ENNReal
                (@Preorder.toLT.{0} ENNReal (@PartialOrder.toPreorder.{0} ENNReal ENNReal.instPartialOrder))
                (ENNReal.ofReal
                  (@HSub.hSub.{0, 0, 0} Real Real Real (@instHSub.{0} Real Real.instSub)
                    (@OfNat.ofNat.{0} Real (nat_lit 1) (@One.toOfNat1.{0} Real Real.instOne)) ε))
                (@DFunLike.coe.{1, 1, 1}
                  (@MeasureTheory.Measure.{0} Real
                    (@MeasureTheory.MeasureSpace.toMeasurableSpace.{0} Real Real.measureSpace))
                  (Set.{0} Real) (fun (x : Set.{0} Real) => ENNReal)
                  (@MeasureTheory.Measure.instFunLike.{0} Real
                    (@MeasureTheory.MeasureSpace.toMeasurableSpace.{0} Real Real.measureSpace))
                  (@MeasureTheory.MeasureSpace.volume.{0} Real Real.measureSpace) E))
              (ContinuumGeometric.AvoidsGeometricTails E)))
def ContinuumGeometric.AvoidsGeometricTails : (E : Set.{0} Real) → Prop :=
fun (E : Set.{0} Real) =>
  ∀ (a b q : Real),
    @Ne.{1} Real a (@OfNat.ofNat.{0} Real (nat_lit 0) (@Zero.toOfNat0.{0} Real Real.instZero)) →
      @LT.lt.{0} Real Real.instLT (@OfNat.ofNat.{0} Real (nat_lit 0) (@Zero.toOfNat0.{0} Real Real.instZero)) q →
        @LT.lt.{0} Real Real.instLT q (@OfNat.ofNat.{0} Real (nat_lit 1) (@One.toOfNat1.{0} Real Real.instOne)) →
          ∀ (N : Nat),
            @Exists.{1} Nat fun (n : Nat) =>
              And (@LE.le.{0} Nat instLENat N n)
                (Not
                  (@Membership.mem.{0, 0} Real (Set.{0} Real) (@Set.instMembership.{0} Real) E
                    (@HAdd.hAdd.{0, 0, 0} Real Real Real (@instHAdd.{0} Real Real.instAdd)
                      (@HMul.hMul.{0, 0, 0} Real Real Real (@instHMul.{0} Real Real.instMul) a
                        (@HPow.hPow.{0, 0, 0} Real Nat Real
                          (@instHPow.{0, 0} Real Nat (@NPow.toPow.{0} Real (@Monoid.toNPow.{0} Real Real.instMonoid))) q
                          n))
                      b)))
ContinuumGeometric.geometric_main_target : ContinuumGeometric.MainTarget
'ContinuumGeometric.geometric_main_target' depends on axioms: [propext, Classical.choice, Quot.sound]
'ContinuumGeometric.smallCompactBlockerSpec_proved' depends on axioms: [propext, Classical.choice, Quot.sound]
