Algebra.lean:26:5: warning: Variable name `hμ` is not explicitly referenced.

Hint: The binding can be removed (if unused) or named `_` (if used implicitly). Alternatively, prefix the name with `_` to silence this warning:
  [apply] _hμ

Note: This linter can be disabled with `set_option linter.unusedVariables false`
Algebra.lean:28:5: warning: Variable name `hδ` is not explicitly referenced.

Hint: The binding can be removed (if unused) or named `_` (if used implicitly). Alternatively, prefix the name with `_` to silence this warning:
  [apply] _hδ

Note: This linter can be disabled with `set_option linter.unusedVariables false`
Algebra.lean:37:5: warning: Variable name `hb` is not explicitly referenced.

Hint: The binding can be removed (if unused) or named `_` (if used implicitly). Alternatively, prefix the name with `_` to silence this warning:
  [apply] _hb

Note: This linter can be disabled with `set_option linter.unusedVariables false`
'BalancedFourGlobal.spectral_residual_bound' depends on axioms: [propext, Classical.choice, Quot.sound]
'BalancedFourGlobal.euler_upper_bound' depends on axioms: [propext, Classical.choice, Quot.sound]
'BalancedFourGlobal.uniform_separation' depends on axioms: [propext, Classical.choice, Quot.sound]
'BalancedFourGlobal.rank_one_trace_contradiction' depends on axioms: [propext, Classical.choice, Quot.sound]
'BalancedFourGlobal.critical_perimeter_bound' depends on axioms: [propext, Classical.choice, Quot.sound]
'BalancedFourGlobal.local_diagonal_identity' depends on axioms: [propext, Classical.choice, Quot.sound]
'BalancedFourGlobal.local_hessian_strict' depends on axioms: [propext, Classical.choice, Quot.sound]
'BalancedFourGlobal.profile_margin' depends on axioms: [propext, Classical.choice, Quot.sound]
