'GaussianMeasureBridge.integrable_standardDensity' depends on axioms: [propext, Classical.choice, Quot.sound]
'GaussianMeasureBridge.continuous_standardDensity' depends on axioms: [propext, Classical.choice, Quot.sound]
'GaussianMeasureBridge.gaussianTail_nonneg' depends on axioms: [propext, Classical.choice, Quot.sound]
'GaussianMeasureBridge.gaussianTail_pos' depends on axioms: [propext, Classical.choice, Quot.sound]
'GaussianMeasureBridge.gaussianTail_eq_probability' depends on axioms: [propext, Classical.choice, Quot.sound]
'GaussianMeasureBridge.gaussianTail_lt_one' depends on axioms: [propext, Classical.choice, Quot.sound]
'GaussianMeasureBridge.gaussianTail_sub_eq_interval' depends on axioms: [propext, Classical.choice, Quot.sound]
'GaussianMeasureBridge.gaussianTail_hasDerivAt' depends on axioms: [propext, Classical.choice, Quot.sound]
'GaussianMeasureBridge.gaussianTail_tendsto_zero' depends on axioms: [propext, Classical.choice, Quot.sound]
'GaussianMeasureBridge.integrable_sq_mul_standardDensity' depends on axioms: [propext, Classical.choice, Quot.sound]
'GaussianMeasureBridge.mul_standardDensity_hasDerivAt' depends on axioms: [propext, Classical.choice, Quot.sound]
'GaussianMeasureBridge.mul_standardDensity_tendsto_zero' depends on axioms: [propext, Classical.choice, Quot.sound]
'GaussianMeasureBridge.gaussianTail_secondMoment' depends on axioms: [propext, Classical.choice, Quot.sound]
'GaussianMeasureBridge.gaussianTail_threshold_le_firstMoment' depends on axioms: [propext, Classical.choice, Quot.sound]
'GaussianMeasureBridge.gaussianTail_centered_secondMoment_nonneg' depends on axioms: [propext,
 Classical.choice,
 Quot.sound]
'GaussianMeasureBridge.thresholdHazard_pos' depends on axioms: [propext, Classical.choice, Quot.sound]
'GaussianMeasureBridge.thresholdHazard_mul_tail' depends on axioms: [propext, Classical.choice, Quot.sound]
'GaussianMeasureBridge.threshold_le_hazard' depends on axioms: [propext, Classical.choice, Quot.sound]
'GaussianMeasureBridge.thresholdHazard_variance_bound' depends on axioms: [propext, Classical.choice, Quot.sound]
'GaussianMeasureBridge.thresholdHazard_hasDerivAt' depends on axioms: [propext, Classical.choice, Quot.sound]
'GaussianMeasureBridge.thresholdHazard_monotone' depends on axioms: [propext, Classical.choice, Quot.sound]
'GaussianMeasureBridge.squaredHazard_logTail_hasDerivAt' depends on axioms: [propext, Classical.choice, Quot.sound]
'GaussianMeasureBridge.squaredHazard_logTail_antitone' depends on axioms: [propext, Classical.choice, Quot.sound]
'GaussianMeasureBridge.squared_hazard_log_lipschitz_threshold' depends on axioms: [propext,
 Classical.choice,
 Quot.sound]
'GaussianMeasureBridge.gaussianTail_continuous' depends on axioms: [propext, Classical.choice, Quot.sound]
'GaussianMeasureBridge.gaussianTail_strictAnti' depends on axioms: [propext, Classical.choice, Quot.sound]
'GaussianMeasureBridge.gaussianTail_tendsto_one' depends on axioms: [propext, Classical.choice, Quot.sound]
'GaussianMeasureBridge.exists_unique_gaussianTail_eq' depends on axioms: [propext, Classical.choice, Quot.sound]
'GaussianMeasureBridge.gaussianTail_upperQuantile' depends on axioms: [propext, Classical.choice, Quot.sound]
'GaussianMeasureBridge.upperQuantile_antitone' depends on axioms: [propext, Classical.choice, Quot.sound]
'GaussianMeasureBridge.massHazard_eq_thresholdHazard' depends on axioms: [propext, Classical.choice, Quot.sound]
'GaussianMeasureBridge.squared_hazard_log_lipschitz' depends on axioms: [propext, Classical.choice, Quot.sound]
'GaussianMeasureBridge.gaussian_unit_halfspace_mass' depends on axioms: [propext, Classical.choice, Quot.sound]
'GaussianMeasureBridge.FractionalPartition.one_cell_threshold_bound' depends on axioms: [propext,
 Classical.choice,
 Quot.sound]
'GaussianMeasureBridge.FractionalPartition.one_cell_norm_bound' depends on axioms: [propext,
 Classical.choice,
 Quot.sound]
'GaussianMeasureBridge.FractionalPartition.one_cell_profile_bound' depends on axioms: [propext,
 Classical.choice,
 Quot.sound]
'GaussianMeasureBridge.FractionalPartition.sum_moment_sq_le_profile' depends on axioms: [propext,
 Classical.choice,
 Quot.sound]
'GaussianMeasureBridge.twoCellPartition_mass' depends on axioms: [propext, Classical.choice, Quot.sound]
'GaussianMeasureBridge.twoCellPartition_moment' depends on axioms: [propext, Classical.choice, Quot.sound]
'GaussianMeasureBridge.measurable_set_moment_bound' depends on axioms: [propext, Classical.choice, Quot.sound]
'GaussianMeasureBridge.measurable_sets_moment_sq_le_profile' depends on axioms: [propext, Classical.choice, Quot.sound]
'GaussianMeasureBridge.prescribed_mass_measurable_sets_bound' depends on axioms: [propext, Classical.choice, Quot.sound]
'GaussianMeasureBridge.gaussianTail_exp_moment_bound' depends on axioms: [propext, Classical.choice, Quot.sound]
'GaussianMeasureBridge.gaussianTail_hazard_entropy_bound' depends on axioms: [propext, Classical.choice, Quot.sound]
'GaussianMeasureBridge.gaussian_profile_entropy_bound' depends on axioms: [propext, Classical.choice, Quot.sound]
'GaussianMeasureBridge.gaussianReal_halfline_firstMoment' depends on axioms: [propext, Classical.choice, Quot.sound]
'GaussianMeasureBridge.gaussian_unit_halfspace_flux' depends on axioms: [propext, Classical.choice, Quot.sound]
