'ContinuumGeometric.mem_activeIntegers_iff' depends on axioms: [propext, Classical.choice, Quot.sound]
'ContinuumGeometric.activation_card_exact' depends on axioms: [propext, Classical.choice, Quot.sound]
'ContinuumGeometric.activation_card_lower' depends on axioms: [propext, Classical.choice, Quot.sound]
'ContinuumGeometric.activation_card_uniform' depends on axioms: [propext, Classical.choice, Quot.sound]
'ContinuumGeometric.activation_tail' depends on axioms: [propext, Classical.choice, Quot.sound]
'ContinuumGeometric.activeNaturals_card' depends on axioms: [propext, Classical.choice, Quot.sound]
'ContinuumGeometric.mem_activeNaturals_iff' depends on axioms: [propext, Classical.choice, Quot.sound]
'ContinuumGeometric.compact_power_activation' depends on axioms: [propext, Classical.choice, Quot.sound]
'ContinuumGeometric.cutSign_pos_mul' depends on axioms: [propext, Classical.choice, Quot.sound]
'ContinuumGeometric.bounded_floor_eq_of_boundary_signs' depends on axioms: [propext, Classical.choice, Quot.sound]
'ContinuumGeometric.grid_boundary_sign_rescale' depends on axioms: [propext, Classical.choice, Quot.sound]
'ContinuumGeometric.bounded_periodicGridKey_eq' depends on axioms: [propext, Classical.choice, Quot.sound]
'ContinuumGeometric.actual_grid_key_eq_of_log_signs' depends on axioms: [propext, Classical.choice, Quot.sound]
'ContinuumGeometric.actual_grid_table_reads_uniform' depends on axioms: [propext, Classical.choice, Quot.sound]
'ContinuumGeometric.candidateStride_gap' depends on axioms: [propext, Classical.choice, Quot.sound]
'ContinuumGeometric.candidateStride_gt_div' depends on axioms: [propext, Classical.choice, Quot.sound]
'ContinuumGeometric.active_subsequence_label_lt_budget' depends on axioms: [propext, Classical.choice, Quot.sound]
'ContinuumGeometric.active_original_index_tail' depends on axioms: [propext, Classical.choice, Quot.sound]
'ContinuumGeometric.mem_candidateOriginalIndices_iff' depends on axioms: [propext, Classical.choice, Quot.sound]
'ContinuumGeometric.candidateOriginalIndices_card_le' depends on axioms: [propext, Classical.choice, Quot.sound]
'ContinuumGeometric.active_original_index_mem_candidates' depends on axioms: [propext, Classical.choice, Quot.sound]
'ContinuumGeometric.active_original_index_mem_candidates_nat' depends on axioms: [propext, Classical.choice, Quot.sound]
'ContinuumGeometric.activation_card_upper' depends on axioms: [propext, Classical.choice, Quot.sound]
'ContinuumGeometric.mem_activeSubsequenceLabels_iff' depends on axioms: [propext, Classical.choice, Quot.sound]
'ContinuumGeometric.activeOriginalIndices_card' depends on axioms: [propext, Classical.choice, Quot.sound]
'ContinuumGeometric.activeOriginalIndices_count_bounds' depends on axioms: [propext, Classical.choice, Quot.sound]
'ContinuumGeometric.mem_activeOriginalIndices_iff' depends on axioms: [propext, Classical.choice, Quot.sound]
'ContinuumGeometric.mem_potentialOriginalPairs_iff' depends on axioms: [propext, Classical.choice, Quot.sound]
'ContinuumGeometric.potentialOriginalPairs_card_le' depends on axioms: [propext, Classical.choice, Quot.sound]
'ContinuumGeometric.active_pair_mem_potentialOriginalPairs' depends on axioms: [propext, Classical.choice, Quot.sound]
'ContinuumGeometric.mem_potentialOriginalPairs_exact' depends on axioms: [propext, Classical.choice, Quot.sound]
'ContinuumGeometric.candidatePairEnumeration_complete' depends on axioms: [propext, Classical.choice, Quot.sound]
'ContinuumGeometric.candidatePairEnumeration_injective' depends on axioms: [propext, Classical.choice, Quot.sound]
'ContinuumGeometric.potentialOriginalPairs_entropy_bound' depends on axioms: [propext, Classical.choice, Quot.sound]
'ContinuumGeometric.candidateTailStart_guards' depends on axioms: [propext, Classical.choice, Quot.sound]
'ContinuumGeometric.candidateLabelBudget_le_nat' depends on axioms: [propext, Classical.choice, Quot.sound]
'ContinuumGeometric.original_activation_endpoints_inactive' depends on axioms: [propext, Classical.choice, Quot.sound]
'ContinuumGeometric.activeOriginalPairs_card' depends on axioms: [propext, Classical.choice, Quot.sound]
'ContinuumGeometric.mem_activeOriginalPairs_iff' depends on axioms: [propext, Classical.choice, Quot.sound]
'ContinuumGeometric.activeOriginalPairs_eq_potential_filter' depends on axioms: [propext, Classical.choice, Quot.sound]
'ContinuumGeometric.activeOriginalPairs_count_bounds' depends on axioms: [propext, Classical.choice, Quot.sound]
'ContinuumGeometric.potentialOriginalPairs_active_count' depends on axioms: [propext, Classical.choice, Quot.sound]
'ContinuumGeometric.potentialOriginalPairs_active_count_nat' depends on axioms: [propext, Classical.choice, Quot.sound]
'ContinuumGeometric.mem_failureRelation_iff' depends on axioms: [propext, Classical.choice, Quot.sound]
'ContinuumGeometric.isClosed_failureRelation' depends on axioms: [propext, Classical.choice, Quot.sound]
'ContinuumGeometric.mem_missedCenters_iff' depends on axioms: [propext, Classical.choice, Quot.sound]
'ContinuumGeometric.not_mem_missedCenters_iff' depends on axioms: [propext, Classical.choice, Quot.sound]
'ContinuumGeometric.isClosed_missedCenters' depends on axioms: [propext, Classical.choice, Quot.sound]
'ContinuumGeometric.continuous_powerPoint' depends on axioms: [propext, Classical.choice, Quot.sound]
'ContinuumGeometric.isOpen_powerActivation' depends on axioms: [propext, Classical.choice, Quot.sound]
'ContinuumGeometric.isOpen_windowActivations' depends on axioms: [propext, Classical.choice, Quot.sound]
'ContinuumGeometric.isClosed_powerMissedCenters' depends on axioms: [propext, Classical.choice, Quot.sound]
'ContinuumGeometric.measurableSet_powerMissedCenters' depends on axioms: [propext, Classical.choice, Quot.sound]
'ContinuumGeometric.power_tail_hits_open' depends on axioms: [propext, Classical.choice, Quot.sound]
'ContinuumGeometric.power_repair_all_centers' depends on axioms: [propext, Classical.choice, Quot.sound]
'ContinuumGeometric.buffered_power_closed_repair' depends on axioms: [propext, Classical.choice, Quot.sound]
'ContinuumGeometric.positive_dyadic_coefficient_cover' depends on axioms: [propext, Classical.choice, Quot.sound]
'ContinuumGeometric.signed_dyadic_coefficient_cover' depends on axioms: [propext, Classical.choice, Quot.sound]
'ContinuumGeometric.affine_geometric_compact_power_cover' depends on axioms: [propext, Classical.choice, Quot.sound]
'ContinuumGeometric.onePeriodic_reflectedSet' depends on axioms: [propext, Classical.choice, Quot.sound]
'ContinuumGeometric.unitDensity_reflectedSet' depends on axioms: [propext, Classical.choice, Quot.sound]
'ContinuumGeometric.unitDensity_iUnion_le' depends on axioms: [propext, Classical.choice, Quot.sound]
'ContinuumGeometric.smallCompactBlockerSpec_open_exhaustion' depends on axioms: [propext, Classical.choice, Quot.sound]
'ContinuumGeometric.compact_complement_of_open_small' depends on axioms: [propext, Classical.choice, Quot.sound]
'ContinuumGeometric.mainTarget_of_smallCompactBlockerSpec' depends on axioms: [propext, Classical.choice, Quot.sound]
'ContinuumGeometric.scheduledWindow_ge' depends on axioms: [propext, Classical.choice, Quot.sound]
'ContinuumGeometric.scheduledWindow_log_lower' depends on axioms: [propext, Classical.choice, Quot.sound]
'ContinuumGeometric.scheduledWindow_real_upper' depends on axioms: [propext, Classical.choice, Quot.sound]
'ContinuumGeometric.tendsto_shifted_log_div_id' depends on axioms: [propext, Classical.choice, Quot.sound]
'ContinuumGeometric.scheduledWindow_affine_span_eventually' depends on axioms: [propext, Classical.choice, Quot.sound]
'ContinuumGeometric.entropy_budget_of_log_lower' depends on axioms: [propext, Classical.choice, Quot.sound]
'ContinuumGeometric.exists_late_entropy_schedule' depends on axioms: [propext, Classical.choice, Quot.sound]
'ContinuumGeometric.bernoulliWeight_sum' depends on axioms: [propext, Classical.choice, Quot.sound]
'ContinuumGeometric.bitTableWeight_sum' depends on axioms: [propext, Classical.choice, Quot.sound]
'ContinuumGeometric.bernoulliWeight_nonneg' depends on axioms: [propext, Classical.choice, Quot.sound]
'ContinuumGeometric.finiteRoutingWeight_nonneg' depends on axioms: [propext, Classical.choice, Quot.sound]
'ContinuumGeometric.product_reads_by_coordinate' depends on axioms: [propext, Classical.choice, Quot.sound]
'ContinuumGeometric.weighted_distinct_reads' depends on axioms: [propext, Classical.choice, Quot.sound]
'ContinuumGeometric.finiteRoutingWeight_sum' depends on axioms: [propext, Classical.choice, Quot.sound]
'ContinuumGeometric.tableProbability_eq_weight_sum' depends on axioms: [propext, Classical.choice, Quot.sound]
'ContinuumGeometric.indicator_forall_eq_product' depends on axioms: [propext, Classical.choice, Quot.sound]
'ContinuumGeometric.local_miss_indicator_product' depends on axioms: [propext, Classical.choice, Quot.sound]
'ContinuumGeometric.terminal_average_local_miss' depends on axioms: [propext, Classical.choice, Quot.sound]
'ContinuumGeometric.exposureLaw_sum' depends on axioms: [propext, Classical.choice, Quot.sound]
'ContinuumGeometric.center_atom_weight_factorization' depends on axioms: [propext, Classical.choice, Quot.sound]
'ContinuumGeometric.center_atom_probability' depends on axioms: [propext, Classical.choice, Quot.sound]
'ContinuumGeometric.joint_center_atom_all_miss' depends on axioms: [propext, Classical.choice, Quot.sound]
'ContinuumGeometric.tableProbability_nonneg' depends on axioms: [propext, Classical.choice, Quot.sound]
'ContinuumGeometric.tableProbability_mono' depends on axioms: [propext, Classical.choice, Quot.sound]
'ContinuumGeometric.tableProbability_union_bound' depends on axioms: [propext, Classical.choice, Quot.sound]
'ContinuumGeometric.routed_terminal_probability' depends on axioms: [propext, Classical.choice, Quot.sound]
'ContinuumGeometric.tableProbability_eq_finiteOutcomeProbability' depends on axioms: [propext,
 Classical.choice,
 Quot.sound]
'ContinuumGeometric.actual_center_atom_probability' depends on axioms: [propext, Classical.choice, Quot.sound]
'ContinuumGeometric.actual_center_atom_iff_reads' depends on axioms: [propext, Classical.choice, Quot.sound]
'ContinuumGeometric.actual_center_atoms_sum_one' depends on axioms: [propext, Classical.choice, Quot.sound]
'ContinuumGeometric.actual_routedSet_probability' depends on axioms: [propext, Classical.choice, Quot.sound]
'ContinuumGeometric.actual_routedSet_expected_density' depends on axioms: [propext, Classical.choice, Quot.sound]
'ContinuumGeometric.local_grid_continuum_joint_union_bound' depends on axioms: [propext, Classical.choice, Quot.sound]
'ContinuumGeometric.dyadic_power_eq' depends on axioms: [propext, Classical.choice, Quot.sound]
'ContinuumGeometric.geometric_parameter' depends on axioms: [propext, Classical.choice, Quot.sound]
'ContinuumGeometric.affine_geometric_tendsto' depends on axioms: [propext, Classical.choice, Quot.sound]
'ContinuumGeometric.every_tail_hits_open' depends on axioms: [propext, Classical.choice, Quot.sound]
'ContinuumGeometric.exists_compact_exponent_range' depends on axioms: [propext, Classical.choice, Quot.sound]
'ContinuumGeometric.exists_spaced_sampling' depends on axioms: [propext, Classical.choice, Quot.sound]
'ContinuumGeometric.sampled_output_gap' depends on axioms: [propext, Classical.choice, Quot.sound]
'ContinuumGeometric.complete_geometric_activation_chain' depends on axioms: [propext, Classical.choice, Quot.sound]
'ContinuumGeometric.power_grid_cut_sign' depends on axioms: [propext, Classical.choice, Quot.sound]
'ContinuumGeometric.actual_grid_boundary_sign' depends on axioms: [propext, Classical.choice, Quot.sound]
'ContinuumGeometric.activation_cut_signs' depends on axioms: [propext, Classical.choice, Quot.sound]
'ContinuumGeometric.logPowerParams_inRectangle' depends on axioms: [propext, Classical.choice, Quot.sound]
'ContinuumGeometric.power_parameter_sign_representatives' depends on axioms: [propext, Classical.choice, Quot.sound]
'ContinuumGeometric.signature_representatives_uniform_readout' depends on axioms: [propext,
 Classical.choice,
 Quot.sound]
'ContinuumGeometric.rootCode_le' depends on axioms: [propext, Classical.choice, Quot.sound]
'ContinuumGeometric.rootCode_equal_parts' depends on axioms: [propext, Classical.choice, Quot.sound]
'ContinuumGeometric.rootCode_lt_iff' depends on axioms: [propext, Classical.choice, Quot.sound]
'ContinuumGeometric.rootCode_eq_iff' depends on axioms: [propext, Classical.choice, Quot.sound]
'ContinuumGeometric.rootCode_gt_iff' depends on axioms: [propext, Classical.choice, Quot.sound]
'ContinuumGeometric.cutSign_of_neg' depends on axioms: [propext, Classical.choice, Quot.sound]
'ContinuumGeometric.cutSign_of_zero' depends on axioms: [propext, Classical.choice, Quot.sound]
'ContinuumGeometric.cutSign_of_pos' depends on axioms: [propext, Classical.choice, Quot.sound]
'ContinuumGeometric.affine_sign_equal_of_rootCode' depends on axioms: [propext, Classical.choice, Quot.sound]
'ContinuumGeometric.line_signs_equal_of_rootCode' depends on axioms: [propext, Classical.choice, Quot.sound]
'ContinuumGeometric.rootSample_spec' depends on axioms: [propext, Classical.choice, Quot.sound]
'ContinuumGeometric.lineRoots_card_le' depends on axioms: [propext, Classical.choice, Quot.sound]
'ContinuumGeometric.realizedLinePatterns_card_le' depends on axioms: [propext, Classical.choice, Quot.sound]
'ContinuumGeometric.mem_realizedLinePatterns' depends on axioms: [propext, Classical.choice, Quot.sound]
'ContinuumGeometric.dyadic_shifted_offset' depends on axioms: [propext, Classical.choice, Quot.sound]
'ContinuumGeometric.active_power_point_range' depends on axioms: [propext, Classical.choice, Quot.sound]
'ContinuumGeometric.mem_liftedBoundaryBatch_iff' depends on axioms: [propext, Classical.choice, Quot.sound]
'ContinuumGeometric.liftedBoundaryBatch_card_le' depends on axioms: [propext, Classical.choice, Quot.sound]
'ContinuumGeometric.periodicGridKey_eq_of_local_signs' depends on axioms: [propext, Classical.choice, Quot.sound]
'ContinuumGeometric.active_grid_key_eq_of_log_signs' depends on axioms: [propext, Classical.choice, Quot.sound]
'ContinuumGeometric.power_parameter_finset_sign_representatives' depends on axioms: [propext,
 Classical.choice,
 Quot.sound]
'ContinuumGeometric.localParameterCuts_card_le' depends on axioms: [propext, Classical.choice, Quot.sound]
'ContinuumGeometric.actual_local_grid_representatives' depends on axioms: [propext, Classical.choice, Quot.sound]
'ContinuumGeometric.localParameterCuts_card_le_window_budget' depends on axioms: [propext, Classical.choice, Quot.sound]
'ContinuumGeometric.dyadic_boundary_batch_card_le' depends on axioms: [propext, Classical.choice, Quot.sound]
'ContinuumGeometric.actual_local_grid_representatives_uniform' depends on axioms: [propext,
 Classical.choice,
 Quot.sound]
'ContinuumGeometric.localParameterCuts_card_le_span' depends on axioms: [propext, Classical.choice, Quot.sound]
'ContinuumGeometric.actual_local_representatives_entropy_bound' depends on axioms: [propext,
 Classical.choice,
 Quot.sound]
'ContinuumGeometric.smallCompactBlockerSpec_proved' depends on axioms: [propext, Classical.choice, Quot.sound]
'ContinuumGeometric.geometric_main_target' depends on axioms: [propext, Classical.choice, Quot.sound]
'ContinuumGeometric.chooseRoutingChild_eq_nondefault_iff' depends on axioms: [propext, Classical.choice, Quot.sound]
'ContinuumGeometric.chooseRoutingChild_eq_default_iff_all_false' depends on axioms: [propext, Quot.sound]
'ContinuumGeometric.embedNondefaultLeaf_injective' depends on axioms: [Quot.sound]
'ContinuumGeometric.nondefaultPathNode_depth' depends on axioms: [propext, Quot.sound]
'ContinuumGeometric.nondefaultPathAddress_injective' depends on axioms: [propext, Classical.choice, Quot.sound]
'ContinuumGeometric.routeLeaf_eq_nondefault_iff_reads' depends on axioms: [propext, Classical.choice, Quot.sound]
'ContinuumGeometric.tableProbability_selectorEvent' depends on axioms: [propext, Classical.choice, Quot.sound]
'ContinuumGeometric.actual_nondefault_leaf_probability' depends on axioms: [propext, Classical.choice, Quot.sound]
'ContinuumGeometric.routeHasNoDefault_iff_nondefault_leaf' depends on axioms: [propext, Classical.choice, Quot.sound]
'ContinuumGeometric.noDefault_indicator_eq_leaf_sum' depends on axioms: [propext, Classical.choice, Quot.sound]
'ContinuumGeometric.half_geometric_child_sum' depends on axioms: [propext, Classical.choice, Quot.sound]
'ContinuumGeometric.actual_routeHasNoDefault_probability' depends on axioms: [propext, Classical.choice, Quot.sound]
'ContinuumGeometric.actual_routeHasNoDefault_probability_rpow' depends on axioms: [propext,
 Classical.choice,
 Quot.sound]
'ContinuumGeometric.onePeriodic_union' depends on axioms: [propext, Classical.choice, Quot.sound]
'ContinuumGeometric.onePeriodic_thickening' depends on axioms: [propext, Classical.choice, Quot.sound]
'ContinuumGeometric.unitDensity_le_one' depends on axioms: [propext, Classical.choice, Quot.sound]
'ContinuumGeometric.unitDensity_union_le' depends on axioms: [propext, Classical.choice, Quot.sound]
'ContinuumGeometric.onePeriodic_integerPeriodization' depends on axioms: [propext, Classical.choice, Quot.sound]
'ContinuumGeometric.integer_strips_disjoint' depends on axioms: [propext, Classical.choice, Quot.sound]
'ContinuumGeometric.integer_strips_cover' depends on axioms: [propext, Classical.choice, Quot.sound]
'ContinuumGeometric.unitDensity_integerPeriodization_le' depends on axioms: [propext, Classical.choice, Quot.sound]
'ContinuumGeometric.thickening_integerPeriodization_subset' depends on axioms: [propext, Classical.choice, Quot.sound]
'ContinuumGeometric.integerPeriodization_inter_eq' depends on axioms: [propext, Classical.choice, Quot.sound]
'ContinuumGeometric.mem_gridCell_iff' depends on axioms: [propext, Classical.choice, Quot.sound]
'ContinuumGeometric.finiteGridCore_subset' depends on axioms: [propext, Classical.choice, Quot.sound]
'ContinuumGeometric.floor_grid_add_int' depends on axioms: [propext, Classical.choice, Quot.sound]
'ContinuumGeometric.periodicGridSet_eq_integerPeriodization' depends on axioms: [propext, Classical.choice, Quot.sound]
'ContinuumGeometric.onePeriodic_periodicGridSet' depends on axioms: [propext, Classical.choice, Quot.sound]
'ContinuumGeometric.measurableSet_periodicGridSet' depends on axioms: [propext, Classical.choice, Quot.sound]
'ContinuumGeometric.volume_finiteGridCore' depends on axioms: [propext, Classical.choice, Quot.sound]
'ContinuumGeometric.unitDensity_periodicGridSet' depends on axioms: [propext, Classical.choice, Quot.sound]
'ContinuumGeometric.volume_thickening_Ico_le' depends on axioms: [propext, Classical.choice, Quot.sound]
'ContinuumGeometric.unitDensity_periodicGridSet_thickening_le' depends on axioms: [propext,
 Classical.choice,
 Quot.sound]
'ContinuumGeometric.unitDensity_periodicGridSet_double_buffer_le' depends on axioms: [propext,
 Classical.choice,
 Quot.sound]
'ContinuumGeometric.unitDensity_grid_budget_double_buffer_lt' depends on axioms: [propext, Classical.choice, Quot.sound]
'ContinuumGeometric.closed_onePeriodic_open_cover' depends on axioms: [propext, Classical.choice, Quot.sound]
'ContinuumGeometric.onePeriodic_powerMissedCenters' depends on axioms: [propext, Classical.choice, Quot.sound]
'ContinuumGeometric.periodic_power_outcome_repair' depends on axioms: [propext, Classical.choice, Quot.sound]
'ContinuumGeometric.periodic_grid_outcome_repair' depends on axioms: [propext, Classical.choice, Quot.sound]
'ContinuumGeometric.cutSign_eq_negative' depends on axioms: [propext, Classical.choice, Quot.sound]
'ContinuumGeometric.cutSign_eq_zero' depends on axioms: [propext, Classical.choice, Quot.sound]
'ContinuumGeometric.cutSign_eq_positive' depends on axioms: [propext, Classical.choice, Quot.sound]
'ContinuumGeometric.mem_realizedPlanePatterns' depends on axioms: [propext, Classical.choice, Quot.sound]
'ContinuumGeometric.eval_blend' depends on axioms: [propext, Classical.choice, Quot.sound]
'ContinuumGeometric.cutSign_blend' depends on axioms: [propext, Classical.choice, Quot.sound]
'ContinuumGeometric.exists_blend_zero' depends on axioms: [propext, Classical.choice, Quot.sound]
'ContinuumGeometric.plane_zero_between' depends on axioms: [propext, Classical.choice, Quot.sound]
'ContinuumGeometric.mem_realizedPairs' depends on axioms: [propext, Classical.choice, Quot.sound]
'ContinuumGeometric.oldPatterns_realizedPairs' depends on axioms: [propext, Classical.choice, Quot.sound]
'ContinuumGeometric.realizedPairs_cross' depends on axioms: [propext, Classical.choice, Quot.sound]
'ContinuumGeometric.splitPattern_injective' depends on axioms: [propext, Quot.sound]
'ContinuumGeometric.realizedPairs_split' depends on axioms: [propext, Classical.choice, Quot.sound]
'ContinuumGeometric.card_realizedPairs_split' depends on axioms: [propext, Classical.choice, Quot.sound]
'ContinuumGeometric.card_realizedPairs_constant' depends on axioms: [propext, Classical.choice, Quot.sound]
'ContinuumGeometric.zero_parameter_x' depends on axioms: [propext, Classical.choice, Quot.sound]
'ContinuumGeometric.zero_parameter_y' depends on axioms: [propext, Classical.choice, Quot.sound]
'ContinuumGeometric.eval_cutLineX' depends on axioms: [propext, Classical.choice, Quot.sound]
'ContinuumGeometric.eval_cutLineY' depends on axioms: [propext, Classical.choice, Quot.sound]
'ContinuumGeometric.zeroPatterns_card_le' depends on axioms: [propext, Classical.choice, Quot.sound]
'ContinuumGeometric.realizedPlanePatterns_card_le' depends on axioms: [propext, Classical.choice, Quot.sound]
'ContinuumGeometric.arrangementRepresentativeBound' depends on axioms: [propext, Classical.choice, Quot.sound]
'ContinuumGeometric.active_power_offset_lower' depends on axioms: [propext, Classical.choice, Quot.sound]
'ContinuumGeometric.active_window_grid_scale' depends on axioms: [propext, Classical.choice, Quot.sound]
'ContinuumGeometric.active_power_point_short' depends on axioms: [propext, Classical.choice, Quot.sound]
'ContinuumGeometric.gridAddress_ne_of_scaled_small_gap' depends on axioms: [propext, Classical.choice, Quot.sound]
'ContinuumGeometric.active_power_gridAddress_ne_center' depends on axioms: [propext, Classical.choice, Quot.sound]
'ContinuumGeometric.power_point_offset_ratio_of_output_gap' depends on axioms: [propext, Classical.choice, Quot.sound]
'ContinuumGeometric.active_power_point_gap_lower' depends on axioms: [propext, Classical.choice, Quot.sound]
'ContinuumGeometric.active_power_gridAddress_ne_of_output_gap' depends on axioms: [propext,
 Classical.choice,
 Quot.sound]
'ContinuumGeometric.subsequence_output_log_gap' depends on axioms: [propext, Classical.choice, Quot.sound]
'ContinuumGeometric.active_subsequence_gridAddress_ne' depends on axioms: [propext, Classical.choice, Quot.sound]
'ContinuumGeometric.gridAddress_ne_of_coarser_ne' depends on axioms: [propext, Classical.choice, Quot.sound]
'ContinuumGeometric.active_power_finer_gridAddress_ne_center' depends on axioms: [propext, Classical.choice, Quot.sound]
'ContinuumGeometric.active_subsequence_finer_gridAddress_ne' depends on axioms: [propext, Classical.choice, Quot.sound]
'ContinuumGeometric.active_original_finer_gridAddress_ne' depends on axioms: [propext, Classical.choice, Quot.sound]
'ContinuumGeometric.active_original_gridAddress_injective' depends on axioms: [propext, Classical.choice, Quot.sound]
'ContinuumGeometric.active_power_preceding_gridAddress_eq' depends on axioms: [propext, Classical.choice, Quot.sound]
'ContinuumGeometric.active_power_coarser_preceding_gridAddress_eq' depends on axioms: [propext,
 Classical.choice,
 Quot.sound]
'ContinuumGeometric.globalRoutingTests_tail' depends on axioms: [propext, Classical.choice, Quot.sound]
'ContinuumGeometric.routingBufferRadius_pos' depends on axioms: [propext, Classical.choice, Quot.sound]
'ContinuumGeometric.routingOuterBuffer_density_le' depends on axioms: [propext, Classical.choice, Quot.sound]
'ContinuumGeometric.actual_routing_blocker_of_stable_estimate' depends on axioms: [propext,
 Classical.choice,
 Quot.sound]
'ContinuumGeometric.actual_routing_blocker_of_actual_stable_miss' depends on axioms: [propext,
 Classical.choice,
 Quot.sound]
'ContinuumGeometric.actual_default_vertex_exists' depends on axioms: [propext, Classical.choice, Quot.sound]
'ContinuumGeometric.centerTableAssignment_satisfies_atom' depends on axioms: [propext, Classical.choice, Quot.sound]
'ContinuumGeometric.centerTableAssignment_default_vertex_exists' depends on axioms: [propext,
 Classical.choice,
 Quot.sound]
'ContinuumGeometric.center_atom_default_vertex_exists' depends on axioms: [propext, Classical.choice, Quot.sound]
'ContinuumGeometric.actual_center_atom_iff_readout' depends on axioms: [propext, Classical.choice, Quot.sound]
'ContinuumGeometric.tableProbability_congr' depends on axioms: [propext, Classical.choice, Quot.sound]
'ContinuumGeometric.actual_center_atom_partition' depends on axioms: [propext, Classical.choice, Quot.sound]
'ContinuumGeometric.exists_branching_decay' depends on axioms: [propext, Classical.choice, Quot.sound]
'ContinuumGeometric.exists_default_depth_budget' depends on axioms: [propext, Classical.choice, Quot.sound]
'ContinuumGeometric.half_selector_default_probability_eq' depends on axioms: [propext, Classical.choice, Quot.sound]
'ContinuumGeometric.dyadic_integer_gap_rpow' depends on axioms: [propext, Classical.choice, Quot.sound]
'ContinuumGeometric.stable_gap_cost_eq' depends on axioms: [propext, Classical.choice, Quot.sound]
'ContinuumGeometric.exists_stable_gap_budget' depends on axioms: [propext, Classical.choice, Quot.sound]
'ContinuumGeometric.fair_selector_terminal_miss_exp_bound' depends on axioms: [propext, Classical.choice, Quot.sound]
'ContinuumGeometric.fair_selector_terminal_miss_window_bound' depends on axioms: [propext, Classical.choice, Quot.sound]
'ContinuumGeometric.signature_entropy_exp_bound' depends on axioms: [propext, Classical.choice, Quot.sound]
'ContinuumGeometric.signature_entropy_decay_bound' depends on axioms: [propext, Classical.choice, Quot.sound]
'ContinuumGeometric.signature_entropy_position_bound' depends on axioms: [propext, Classical.choice, Quot.sound]
'ContinuumGeometric.localRouteLeaf_eq_of_finest_key' depends on axioms: [propext, Classical.choice, Quot.sound]
'ContinuumGeometric.localTerminalAddress_eq_of_finest_key' depends on axioms: [propext, Classical.choice, Quot.sound]
'ContinuumGeometric.localOwnAddress_eq_of_finest_key' depends on axioms: [propext, Classical.choice, Quot.sound]
'ContinuumGeometric.actual_local_success_finest_key_iff' depends on axioms: [propext, Classical.choice, Quot.sound]
'ContinuumGeometric.actualLocalAllMiss_iff_of_localGridVector_eq' depends on axioms: [propext,
 Classical.choice,
 Quot.sound]
'ContinuumGeometric.actual_routing_local_representatives' depends on axioms: [propext, Classical.choice, Quot.sound]
'ContinuumGeometric.periodicGridKey_nonneg' depends on axioms: [propext, Classical.choice, Quot.sound]
'ContinuumGeometric.periodicGridKey_lt' depends on axioms: [propext, Classical.choice, Quot.sound]
'ContinuumGeometric.gridAddress_intCast' depends on axioms: [propext, Classical.choice, Quot.sound]
'ContinuumGeometric.gridAddress_eq_iff' depends on axioms: [propext, Classical.choice, Quot.sound]
'ContinuumGeometric.periodicGridKey_fract' depends on axioms: [propext, Classical.choice, Quot.sound]
'ContinuumGeometric.periodicGridKey_refinement' depends on axioms: [propext, Classical.choice, Quot.sound]
'ContinuumGeometric.dyadic_grid_key_refinement' depends on axioms: [propext, Classical.choice, Quot.sound]
'ContinuumGeometric.dyadic_grid_eq_of_finer_eq' depends on axioms: [propext, Classical.choice, Quot.sound]
'ContinuumGeometric.periodicGridKey_eq_of_no_boundary' depends on axioms: [propext, Classical.choice, Quot.sound]
'ContinuumGeometric.periodicGridKey_ne_of_scaled_gap' depends on axioms: [propext, Classical.choice, Quot.sound]
'ContinuumGeometric.centerExposure_reads' depends on axioms: [propext, Classical.choice, Quot.sound]
'ContinuumGeometric.own_selector_unexposed' depends on axioms: [propext, Classical.choice, Quot.sound]
'ContinuumGeometric.periodicGridKey_canonical_left' depends on axioms: [propext, Classical.choice, Quot.sound]
'ContinuumGeometric.actual_routing_readout_eq_of_finest_key' depends on axioms: [propext, Classical.choice, Quot.sound]
'ContinuumGeometric.routedCanonicalCells_subset' depends on axioms: [propext, Classical.choice, Quot.sound]
'ContinuumGeometric.routedSet_eq_periodicGridSet' depends on axioms: [propext, Classical.choice, Quot.sound]
'ContinuumGeometric.measurableSet_actual_routedSet' depends on axioms: [propext, Classical.choice, Quot.sound]
'ContinuumGeometric.onePeriodic_actual_routedSet' depends on axioms: [propext, Classical.choice, Quot.sound]
'ContinuumGeometric.actual_routedSet_finite_grid' depends on axioms: [propext, Classical.choice, Quot.sound]
'ContinuumGeometric.measurableSet_actual_routedSet_of_template' depends on axioms: [propext,
 Classical.choice,
 Quot.sound]
'ContinuumGeometric.onePeriodic_actual_routedSet_of_template' depends on axioms: [propext, Classical.choice, Quot.sound]
'ContinuumGeometric.center_followsNodePrefix' depends on axioms: [propext, Classical.choice, Quot.sound]
'ContinuumGeometric.ancestor_selector_precedes' depends on axioms: [propext, Classical.choice, Quot.sound]
'ContinuumGeometric.point_followsNodePrefix_of_earlier_keys' depends on axioms: [propext, Classical.choice, Quot.sound]
'ContinuumGeometric.routeLeaf_eq_localRouteLeaf_of_prefix_and_success' depends on axioms: [propext,
 Classical.choice,
 Quot.sound]
'ContinuumGeometric.actual_local_success_mem_routedSet' depends on axioms: [propext, Classical.choice, Quot.sound]
'ContinuumGeometric.activeLocalIndex_injective' depends on axioms: [propext, Classical.choice, Quot.sound]
'ContinuumGeometric.activeLocalIndex_active' depends on axioms: [propext, Classical.choice, Quot.sound]
'ContinuumGeometric.actualLocalAllMiss_iff_active_tests' depends on axioms: [propext, Classical.choice, Quot.sound]
'ContinuumGeometric.actual_fixed_parameter_joint_miss' depends on axioms: [propext, Classical.choice, Quot.sound]
'ContinuumGeometric.actual_continuum_joint_miss_bound' depends on axioms: [propext, Classical.choice, Quot.sound]
'ContinuumGeometric.candidatePair_active_card' depends on axioms: [propext, Classical.choice, Quot.sound]
'ContinuumGeometric.vertex_candidate_multiples' depends on axioms: [propext, Classical.choice, Quot.sound]
'ContinuumGeometric.vertex_active_card' depends on axioms: [propext, Classical.choice, Quot.sound]
'ContinuumGeometric.scheduled_vertex_active_count' depends on axioms: [propext, Classical.choice, Quot.sound]
'ContinuumGeometric.scheduled_vertex_continuum_joint_miss_bound' depends on axioms: [propext,
 Classical.choice,
 Quot.sound]
'ContinuumGeometric.finiteOutcomeProbability_nonneg' depends on axioms: [propext, Classical.choice, Quot.sound]
'ContinuumGeometric.ofReal_finiteOutcomeProbability' depends on axioms: [propext, Classical.choice, Quot.sound]
'ContinuumGeometric.unitDensity_eq_lintegral_indicator' depends on axioms: [propext, Classical.choice, Quot.sound]
'ContinuumGeometric.expectedUnitDensity_eq_lintegral_probability' depends on axioms: [propext,
 Classical.choice,
 Quot.sound]
'ContinuumGeometric.expectedUnitDensity_le_of_probability_le' depends on axioms: [propext, Classical.choice, Quot.sound]
'ContinuumGeometric.expectedUnitDensity_eq_of_probability_eq' depends on axioms: [propext, Classical.choice, Quot.sound]
'ContinuumGeometric.finiteOutcomeExpectation_add' depends on axioms: [propext, Classical.choice, Quot.sound]
'ContinuumGeometric.finiteOutcomeProbability_le_one' depends on axioms: [propext, Classical.choice, Quot.sound]
'ContinuumGeometric.expectedUnitDensity_le_stable_probability' depends on axioms: [propext,
 Classical.choice,
 Quot.sound]
'ContinuumGeometric.finiteOutcomeExpectation_mono' depends on axioms: [propext, Classical.choice, Quot.sound]
'ContinuumGeometric.finiteOutcomeExpectation_const' depends on axioms: [propext, Classical.choice, Quot.sound]
'ContinuumGeometric.expectedUnitDensity_enlargement_le' depends on axioms: [propext, Classical.choice, Quot.sound]
'ContinuumGeometric.finiteOutcome_nonempty' depends on axioms: [propext, Classical.choice, Quot.sound]
'ContinuumGeometric.exists_outcome_le_expectation' depends on axioms: [propext, Classical.choice, Quot.sound]
'ContinuumGeometric.exists_outcome_density_add_le' depends on axioms: [propext, Classical.choice, Quot.sound]
'ContinuumGeometric.periodicGridKey_add_one_for_density' depends on axioms: [propext, Classical.choice, Quot.sound]
'ContinuumGeometric.onePeriodic_periodicGridSet_for_density' depends on axioms: [propext, Classical.choice, Quot.sound]
'ContinuumGeometric.measurable_periodicGridKey_for_density' depends on axioms: [propext, Classical.choice, Quot.sound]
'ContinuumGeometric.measurableSet_periodicGridSet_for_density' depends on axioms: [propext,
 Classical.choice,
 Quot.sound]
'ContinuumGeometric.expected_periodicGridSet_density_eq' depends on axioms: [propext, Classical.choice, Quot.sound]
'ContinuumGeometric.onePeriodic_periodicTerminalReadoutSet' depends on axioms: [propext, Classical.choice, Quot.sound]
'ContinuumGeometric.measurableSet_periodicTerminalReadoutSet' depends on axioms: [propext, Classical.choice, Quot.sound]
'ContinuumGeometric.expected_periodicTerminalReadout_density_eq' depends on axioms: [propext,
 Classical.choice,
 Quot.sound]
'ContinuumGeometric.expected_powerMissedCenters_eq_lintegral_probability' depends on axioms: [propext,
 Classical.choice,
 Quot.sound]
'ContinuumGeometric.expected_powerMissedCenters_le_of_probability_le' depends on axioms: [propext,
 Classical.choice,
 Quot.sound]
'ContinuumGeometric.exists_powerRouting_outcome_density_add_le' depends on axioms: [propext,
 Classical.choice,
 Quot.sound]
'ContinuumGeometric.exists_powerRouting_outcome_density_add_le_of_stable' depends on axioms: [propext,
 Classical.choice,
 Quot.sound]
'ContinuumGeometric.chooseRoutingChild_of_all_false' depends on axioms: [propext, Quot.sound]
'ContinuumGeometric.chooseRoutingChild_of_first_true' depends on axioms: [propext, Classical.choice, Quot.sound]
'ContinuumGeometric.chooseRoutingChild_eq_of_reads_before_choice' depends on axioms: [propext,
 Classical.choice,
 Quot.sound]
'ContinuumGeometric.nodeOfPrefix_path' depends on axioms: [propext, Quot.sound]
'ContinuumGeometric.nodeOfPrefix_ofFn' depends on axioms: [propext, Quot.sound]
'ContinuumGeometric.routeFromList_prefix' depends on axioms: [propext, Classical.choice, Quot.sound]
'ContinuumGeometric.ofFn_leafOfList' depends on axioms: [propext, Quot.sound]
'ContinuumGeometric.childPrefix_length' depends on axioms: [propext]
'ContinuumGeometric.localRouteLeaf_prefix' depends on axioms: [propext, Classical.choice, Quot.sound]
'ContinuumGeometric.routeFromList_eq_of_selector_reads' depends on axioms: [propext, Classical.choice, Quot.sound]
'ContinuumGeometric.routeLeaf_eq_of_selector_reads' depends on axioms: [propext, Classical.choice, Quot.sound]
'ContinuumGeometric.center_atom_routeLeaf_eq' depends on axioms: [propext, Classical.choice, Quot.sound]
'ContinuumGeometric.center_atom_noDefault_iff' depends on axioms: [propext, Classical.choice, Quot.sound]
'ContinuumGeometric.routeFromList_eq_on_prefix' depends on axioms: [propext, Classical.choice, Quot.sound]
'ContinuumGeometric.mem_preorderPaths_iff' depends on axioms: [propext, Classical.choice, Quot.sound]
'ContinuumGeometric.preorderPaths_length' depends on axioms: [propext, Quot.sound]
'ContinuumGeometric.RoutingTemplate.incomingStart_append' depends on axioms: [propext, Quot.sound]
'ContinuumGeometric.RoutingTemplate.incomingStart_of_edge' depends on axioms: [propext, Quot.sound]
'ContinuumGeometric.RoutingTemplate.incomingEnd_eq_start_add_length' depends on axioms: [propext,
 Classical.choice,
 Quot.sound]
'ContinuumGeometric.preorderWeight_append' depends on axioms: [propext, Quot.sound]
'ContinuumGeometric.preorderSchedule_append' depends on axioms: [propext]
'ContinuumGeometric.preorderSchedule_replicate' depends on axioms: [propext, Quot.sound]
'ContinuumGeometric.preorderSchedule_mem_start_ge' depends on axioms: [propext, Quot.sound]
'ContinuumGeometric.preorderSchedule_mem_end_ge_start' depends on axioms: [propext, Quot.sound]
'ContinuumGeometric.preorderSchedule_chain' depends on axioms: [propext, Quot.sound]
'ContinuumGeometric.preorderSchedule_pairwise_ends' depends on axioms: [propext, Quot.sound]
'ContinuumGeometric.preorderPaths_succ_flatten' depends on axioms: [propext, Quot.sound]
'ContinuumGeometric.preorderLengths_succ' depends on axioms: [propext, Quot.sound]
'ContinuumGeometric.preorderLengths_positive' depends on axioms: [propext, Classical.choice, Quot.sound]
'ContinuumGeometric.preorderWeight_replicate' depends on axioms: [propext, Quot.sound]
'ContinuumGeometric.preorderLengths_weight' depends on axioms: [propext, Classical.choice, Quot.sound]
'ContinuumGeometric.preorderActualWindows_eq_schedule' depends on axioms: [propext, Classical.choice, Quot.sound]
'ContinuumGeometric.preorderSchedule_last_endpoint' depends on axioms: [propext, Quot.sound]
'ContinuumGeometric.preorderPaths_chain' depends on axioms: [propext, Classical.choice, Quot.sound]
'ContinuumGeometric.preorderPaths_pairwise_ends' depends on axioms: [propext, Classical.choice, Quot.sound]
'ContinuumGeometric.preorderPaths_nodup' depends on axioms: [propext, Classical.choice, Quot.sound]
'ContinuumGeometric.preorder_adjacent_gap' depends on axioms: [propext, Classical.choice, Quot.sound]
'ContinuumGeometric.preorder_adjacent_earlier_end_le' depends on axioms: [propext, Classical.choice, Quot.sound]
'ContinuumGeometric.preorder_last_endpoint' depends on axioms: [propext, Classical.choice, Quot.sound]
'ContinuumGeometric.routingEdge_mem_preorderPaths' depends on axioms: [propext, Classical.choice, Quot.sound]
'ContinuumGeometric.preorderSchedule_head_start' depends on axioms: [propext]
'ContinuumGeometric.preorder_first_start' depends on axioms: [propext, Classical.choice, Quot.sound]
'ContinuumGeometric.preorderWindowPath_complete' does not depend on any axioms
'ContinuumGeometric.preorder_index_predecessor_gap' depends on axioms: [propext, Classical.choice, Quot.sound]
'ContinuumGeometric.preorder_index_earlier_end_le' depends on axioms: [propext, Classical.choice, Quot.sound]
'ContinuumGeometric.preorderWindowIndex_card' depends on axioms: [propext, Classical.choice, Quot.sound]
'ContinuumGeometric.preorderNoninitialIndex_card_le' depends on axioms: [propext, Classical.choice, Quot.sound]
'ContinuumGeometric.preorderSchedule_pairwise_gaps' depends on axioms: [propext, Classical.choice, Quot.sound]
'ContinuumGeometric.preorderSchedule_pairwise_starts' depends on axioms: [propext, Quot.sound]
'ContinuumGeometric.preorderPaths_pairwise_gaps' depends on axioms: [propext, Classical.choice, Quot.sound]
'ContinuumGeometric.preorderPaths_pairwise_starts' depends on axioms: [propext, Classical.choice, Quot.sound]
'ContinuumGeometric.preorder_positions_lt_of_start_lt' depends on axioms: [propext, Classical.choice, Quot.sound]
'ContinuumGeometric.RoutingTemplate.preorderIncomingEnd_of_edge' depends on axioms: [propext,
 Classical.choice,
 Quot.sound]
'ContinuumGeometric.RoutingTemplate.incomingStart_ge' depends on axioms: [propext, Quot.sound]
'ContinuumGeometric.RoutingTemplate.earlier_edgeEnd_add_gap_le' depends on axioms: [propext,
 Classical.choice,
 Quot.sound]
'ContinuumGeometric.RoutingTemplate.predecessorBoundary_start' depends on axioms: [propext, Quot.sound]
'ContinuumGeometric.RoutingTemplate.earlier_edgeEnd_le_predecessorBoundary' depends on axioms: [propext,
 Classical.choice,
 Quot.sound]
'ContinuumGeometric.prefix_take_eq' depends on axioms: [propext]
'ContinuumGeometric.prefix_append_get' depends on axioms: [propext, Classical.choice, Quot.sound]
'ContinuumGeometric.routeFromList_prefix_choices' depends on axioms: [propext, Classical.choice, Quot.sound]
'ContinuumGeometric.routeFromList_eq_of_prefix_choices' depends on axioms: [propext, Classical.choice, Quot.sound]
'ContinuumGeometric.routeLeaf_eq_iff_prefix_choices' depends on axioms: [propext, Classical.choice, Quot.sound]
'ContinuumGeometric.routeLeafFrom_eq_of_actual_prefix' depends on axioms: [propext, Classical.choice, Quot.sound]
'ContinuumGeometric.routeLeaf_prefix_of_prefix_choices' depends on axioms: [propext, Classical.choice, Quot.sound]
'ContinuumGeometric.routeLeaf_eq_routeLeafFrom_of_prefix_choices' depends on axioms: [propext,
 Classical.choice,
 Quot.sound]
'ContinuumGeometric.routingActivationRate_pos' depends on axioms: [propext, Classical.choice, Quot.sound]
'ContinuumGeometric.exists_routing_schedule' depends on axioms: [propext, Classical.choice, Quot.sound]
'ContinuumGeometric.routingSchedule_node_entropy_lt' depends on axioms: [propext, Classical.choice, Quot.sound]
'ContinuumGeometric.localRouteLeaf_child' depends on axioms: [propext, Classical.choice, Quot.sound]
'ContinuumGeometric.actual_local_address_separation' depends on axioms: [propext, Classical.choice, Quot.sound]
'ContinuumGeometric.active_subsequence_local_address_separation' depends on axioms: [propext,
 Classical.choice,
 Quot.sound]
'ContinuumGeometric.active_original_local_address_separation' depends on axioms: [propext, Classical.choice, Quot.sound]
'ContinuumGeometric.stableDyadicRadius_eq_rpow' depends on axioms: [propext, Classical.choice, Quot.sound]
'ContinuumGeometric.measurableSet_actualStableCenters' depends on axioms: [propext, Classical.choice, Quot.sound]
'ContinuumGeometric.onePeriodic_actualStableCenters' depends on axioms: [propext, Classical.choice, Quot.sound]
'ContinuumGeometric.unitDensity_actualStable_compl_le' depends on axioms: [propext, Classical.choice, Quot.sound]
'ContinuumGeometric.actual_stable_earlier_address_agreement' depends on axioms: [propext, Classical.choice, Quot.sound]
'ContinuumGeometric.actual_stable_local_success_mem_routedSet' depends on axioms: [propext,
 Classical.choice,
 Quot.sound]
'ContinuumGeometric.mem_gridBoundaryBad_iff' depends on axioms: [propext, Classical.choice, Quot.sound]
'ContinuumGeometric.gridBoundaryBad_eq_iUnion' depends on axioms: [propext, Classical.choice, Quot.sound]
'ContinuumGeometric.gridBoundary_div_decomposition' depends on axioms: [propext, Classical.choice, Quot.sound]
'ContinuumGeometric.gridBoundaryBad_eq_integerPeriodization' depends on axioms: [propext, Classical.choice, Quot.sound]
'ContinuumGeometric.measurableSet_gridBoundaryBad' depends on axioms: [propext, Classical.choice, Quot.sound]
'ContinuumGeometric.onePeriodic_gridBoundaryBad' depends on axioms: [propext, Classical.choice, Quot.sound]
'ContinuumGeometric.gridBoundaryStable_eq_compl' depends on axioms: [propext, Classical.choice, Quot.sound]
'ContinuumGeometric.measurableSet_gridBoundaryStable' depends on axioms: [propext, Classical.choice, Quot.sound]
'ContinuumGeometric.onePeriodic_gridBoundaryStable' depends on axioms: [propext, Classical.choice, Quot.sound]
'ContinuumGeometric.unitDensity_gridBoundaryBad_le' depends on axioms: [propext, Classical.choice, Quot.sound]
'ContinuumGeometric.unitDensity_iUnion_gridBoundaryBad_le' depends on axioms: [propext, Classical.choice, Quot.sound]
'ContinuumGeometric.dyadic_gridBoundary_cost' depends on axioms: [propext, Classical.choice, Quot.sound]
'ContinuumGeometric.unitDensity_dyadic_gridBoundaryBad_le' depends on axioms: [propext, Classical.choice, Quot.sound]
'ContinuumGeometric.routingStableCenters_eq_compl' depends on axioms: [propext, Classical.choice, Quot.sound]
'ContinuumGeometric.measurableSet_routingUnstableCenters' depends on axioms: [propext, Classical.choice, Quot.sound]
'ContinuumGeometric.onePeriodic_routingUnstableCenters' depends on axioms: [propext, Classical.choice, Quot.sound]
'ContinuumGeometric.measurableSet_routingStableCenters' depends on axioms: [propext, Classical.choice, Quot.sound]
'ContinuumGeometric.onePeriodic_routingStableCenters' depends on axioms: [propext, Classical.choice, Quot.sound]
'ContinuumGeometric.unitDensity_routingUnstableCenters_le' depends on axioms: [propext, Classical.choice, Quot.sound]
'ContinuumGeometric.unitDensity_routingStable_compl_le' depends on axioms: [propext, Classical.choice, Quot.sound]
'ContinuumGeometric.actual_missed_center_forces_vertex_miss' depends on axioms: [propext, Classical.choice, Quot.sound]
'ContinuumGeometric.actual_stable_bad_density_le' depends on axioms: [propext, Classical.choice, Quot.sound]
'ContinuumGeometric.tableProbability_two_event_cover' depends on axioms: [propext, Classical.choice, Quot.sound]
'ContinuumGeometric.tableProbability_false' depends on axioms: [propext, Classical.choice, Quot.sound]
'ContinuumGeometric.actual_stable_missed_center_probability_le' depends on axioms: [propext,
 Classical.choice,
 Quot.sound]
'ContinuumGeometric.RoutingTemplate.span_zero' does not depend on any axioms
'ContinuumGeometric.RoutingTemplate.span_one' depends on axioms: [propext]
'ContinuumGeometric.RoutingTemplate.lengthAt_one' depends on axioms: [propext]
'ContinuumGeometric.RoutingTemplate.blockSpan_one' depends on axioms: [propext]
'ContinuumGeometric.RoutingTemplate.span_succ' depends on axioms: [propext, Classical.choice, Quot.sound]
'ContinuumGeometric.RoutingTemplate.blockSpan_succ_succ' depends on axioms: [propext, Quot.sound]
'ContinuumGeometric.RoutingTemplate.blockSpan_le_twice_length' depends on axioms: [propext, Quot.sound]
'ContinuumGeometric.RoutingTemplate.span_base_le' depends on axioms: [propext, Classical.choice, Quot.sound]
'ContinuumGeometric.RoutingTemplate.base_le_length' depends on axioms: [propext, Classical.choice, Quot.sound]
'ContinuumGeometric.RoutingTemplate.length_positive' depends on axioms: [propext, Classical.choice, Quot.sound]
'ContinuumGeometric.RoutingTemplate.edge_span_bound' depends on axioms: [propext, Classical.choice, Quot.sound]
'ContinuumGeometric.RoutingTemplate.sibling_starts' depends on axioms: [propext, Quot.sound]
'ContinuumGeometric.RoutingTemplate.span_affine' depends on axioms: [propext]
'ContinuumGeometric.RoutingTemplate.total_span_affine' depends on axioms: [propext]
'ContinuumGeometric.RoutingTemplate.subtreeStart_ge' does not depend on any axioms
'ContinuumGeometric.RoutingTemplate.subtreeStart_append' depends on axioms: [propext, Quot.sound]
'ContinuumGeometric.RoutingTemplate.incomingEnd_append' depends on axioms: [propext, Quot.sound]
'ContinuumGeometric.RoutingTemplate.blockSpan_positive' depends on axioms: [propext, Classical.choice, Quot.sound]
'ContinuumGeometric.RoutingTemplate.length_le_blockSpan' depends on axioms: [propext, Quot.sound]
'ContinuumGeometric.RoutingTemplate.child_block_within_span' depends on axioms: [propext, Classical.choice, Quot.sound]
'ContinuumGeometric.RoutingTemplate.incomingEnd_bounds' depends on axioms: [propext, Classical.choice, Quot.sound]
'ContinuumGeometric.RoutingTemplate.incomingEnd_of_edge' depends on axioms: [propext, Quot.sound]
'ContinuumGeometric.RoutingTemplate.edgeEnd_within_total' depends on axioms: [propext, Classical.choice, Quot.sound]
'ContinuumGeometric.RoutingTemplate.nodeStart_ge_origin' does not depend on any axioms
'ContinuumGeometric.RoutingTemplate.edgeStart_ge_origin' does not depend on any axioms
'ContinuumGeometric.RoutingTemplate.descendant_incomingEnd_bounds' depends on axioms: [propext,
 Classical.choice,
 Quot.sound]
'ContinuumGeometric.localRouteLeaf_grid_bounds' depends on axioms: [propext, Classical.choice, Quot.sound]
'ContinuumGeometric.descendant_selectorEnd_le_star' depends on axioms: [propext, Classical.choice, Quot.sound]
'ContinuumGeometric.selectorEnd_global_bound' depends on axioms: [propext, Classical.choice, Quot.sound]
'ContinuumGeometric.leafEnd_global_bound' depends on axioms: [propext, Classical.choice, Quot.sound]
'ContinuumGeometric.leafEnd_eq_incoming_edge' depends on axioms: [propext, Quot.sound]
'ContinuumGeometric.compact_shifted_original_activation' depends on axioms: [propext, Classical.choice, Quot.sound]
'ContinuumGeometric.mem_zeroPatterns' depends on axioms: [propext, Classical.choice, Quot.sound]
'ContinuumGeometric.card_le_oldPatterns_add_two_zeroPatterns' depends on axioms: [propext, Classical.choice, Quot.sound]
'ContinuumGeometric.card_le_image_add_two_zero_image' depends on axioms: [propext, Classical.choice, Quot.sound]
'ContinuumGeometric.card_le_of_old_and_zero_bounds' depends on axioms: [propext, Classical.choice, Quot.sound]
'ContinuumGeometric.zero_error_buffer_budget' depends on axioms: [propext, Classical.choice, Quot.sound]
'ContinuumGeometric.double_open_buffers' depends on axioms: [propext, Classical.choice, Quot.sound]
'ContinuumGeometric.double_buffer_contains_perturbation' depends on axioms: [propext, Classical.choice, Quot.sound]
'ContinuumRemainder.sequence_span_bounds' depends on axioms: [propext, Classical.choice, Quot.sound]
'ContinuumRemainder.open_window_count_bounds' depends on axioms: [propext, Classical.choice, Quot.sound]
'ContinuumRemainder.SampledLogConfiguration.output_gap_bounds' depends on axioms: [propext,
 Classical.choice,
 Quot.sound]
'ContinuumRemainder.SampledLogConfiguration.output_linear_lower' depends on axioms: [propext,
 Classical.choice,
 Quot.sound]
'ContinuumRemainder.SampledLogConfiguration.output_strictMono' depends on axioms: [propext,
 Classical.choice,
 Quot.sound]
'ContinuumRemainder.SampledLogConfiguration.output_tendsto' depends on axioms: [propext, Classical.choice, Quot.sound]
'ContinuumRemainder.SampledLogConfiguration.active_label_lt_budget' depends on axioms: [propext,
 Classical.choice,
 Quot.sound]
'ContinuumRemainder.SampledLogConfiguration.mem_activeLabels_iff' depends on axioms: [propext,
 Classical.choice,
 Quot.sound]
'ContinuumRemainder.SampledLogConfiguration.activeLabels_count_bounds' depends on axioms: [propext,
 Classical.choice,
 Quot.sound]
'ContinuumRemainder.SampledLogConfiguration.a_eq_logInput' depends on axioms: [propext, Classical.choice, Quot.sound]
'ContinuumRemainder.SampledLogConfiguration.mem_activeLabels_iff_logActivation' depends on axioms: [propext,
 Classical.choice,
 Quot.sound]
'ContinuumRemainder.SampledLogConfiguration.output_gap_of_lt' depends on axioms: [propext, Classical.choice, Quot.sound]
'ContinuumRemainder.SampledLogConfiguration.active_z_bounds' depends on axioms: [propext, Classical.choice, Quot.sound]
'ContinuumRemainder.SampledLogConfiguration.mem_potentialPairs_iff' depends on axioms: [propext,
 Classical.choice,
 Quot.sound]
'ContinuumRemainder.SampledLogConfiguration.potentialPairs_card_le' depends on axioms: [propext,
 Classical.choice,
 Quot.sound]
'ContinuumRemainder.SampledLogConfiguration.mem_potentialPairs_exact' depends on axioms: [propext,
 Classical.choice,
 Quot.sound]
'ContinuumRemainder.SampledLogConfiguration.activePairs_card' depends on axioms: [propext, Classical.choice, Quot.sound]
'ContinuumRemainder.SampledLogConfiguration.mem_activePairs_iff' depends on axioms: [propext,
 Classical.choice,
 Quot.sound]
'ContinuumRemainder.SampledLogConfiguration.activePairs_eq_potential_filter' depends on axioms: [propext,
 Classical.choice,
 Quot.sound]
'ContinuumRemainder.SampledLogConfiguration.activePairs_count_bounds' depends on axioms: [propext,
 Classical.choice,
 Quot.sound]
'ContinuumRemainder.SampledLogConfiguration.potentialPairs_active_count' depends on axioms: [propext,
 Classical.choice,
 Quot.sound]
'ContinuumRemainder.positive_power_small' depends on axioms: [propext, Classical.choice, Quot.sound]
'ContinuumRemainder.powerRemainder_two_sided' depends on axioms: [propext, Classical.choice, Quot.sound]
'ContinuumRemainder.infinite_of_arbitrarily_close_ne' depends on axioms: [propext, Classical.choice, Quot.sound]
'ContinuumRemainder.infinite_tailValuesOutside_of_hits' depends on axioms: [propext, Classical.choice, Quot.sound]
'ContinuumRemainder.totalTailExtension_apply' depends on axioms: [propext, Classical.choice, Quot.sound]
'ContinuumRemainder.powerRemainderOn_totalTailExtension' depends on axioms: [propext, Classical.choice, Quot.sound]
'ContinuumRemainder.tailValuesOutside_totalTailExtension' depends on axioms: [propext, Classical.choice, Quot.sound]
'ContinuumRemainder.errorRadius_pos' depends on axioms: [propext, Classical.choice, Quot.sound]
'ContinuumRemainder.active_log_lower' depends on axioms: [propext, Classical.choice, Quot.sound]
'ContinuumRemainder.active_power_error_lt_radius' depends on axioms: [propext, Classical.choice, Quot.sound]
'ContinuumRemainder.active_power_error_le_radius' depends on axioms: [propext, Classical.choice, Quot.sound]
'ContinuumRemainder.active_error_in_outer_buffer' depends on axioms: [propext, Classical.choice, Quot.sound]
'ContinuumRemainder.scheduledSpan_real_upper' depends on axioms: [propext, Classical.choice, Quot.sound]
'ContinuumRemainder.scheduledSpan_isBigO_log' depends on axioms: [propext, Classical.choice, Quot.sound]
'ContinuumRemainder.scheduledSpan_div_tendsto_zero' depends on axioms: [propext, Classical.choice, Quot.sound]
'ContinuumRemainder.actual_buffer_cost_eq' depends on axioms: [propext, Classical.choice, Quot.sound]
'ContinuumRemainder.sublinear_buffer_cost_tendsto_zero' depends on axioms: [propext, Classical.choice, Quot.sound]
'ContinuumRemainder.scheduled_buffer_cost_tendsto_zero' depends on axioms: [propext, Classical.choice, Quot.sound]
'ContinuumRemainder.exists_late_robust_schedule' depends on axioms: [propext, Classical.choice, Quot.sound]
'ContinuumRemainder.exists_dyadic_tail' depends on axioms: [propext, Classical.choice, Quot.sound]
'ContinuumRemainder.robustCompactBlockerSpec_open_exhaustion' depends on axioms: [propext, Classical.choice, Quot.sound]
'ContinuumRemainder.robustCompactBlockerSpec_proved' depends on axioms: [propext, Classical.choice, Quot.sound]
'ContinuumRemainder.continuum_power_target' depends on axioms: [propext, Classical.choice, Quot.sound]
'ContinuumRemainder.compact_power_avoidance' depends on axioms: [propext, Classical.choice, Quot.sound]
'ContinuumRemainder.logInput_pos' depends on axioms: [propext, Classical.choice, Quot.sound]
'ContinuumRemainder.continuous_logPoint' depends on axioms: [propext, Classical.choice, Quot.sound]
'ContinuumRemainder.isOpen_logActivation' depends on axioms: [propext, Classical.choice, Quot.sound]
'ContinuumRemainder.log_offset' depends on axioms: [propext, Classical.choice, Quot.sound]
'ContinuumRemainder.log_point_range' depends on axioms: [propext, Classical.choice, Quot.sound]
'ContinuumRemainder.log_offset_lower' depends on axioms: [propext, Classical.choice, Quot.sound]
'ContinuumRemainder.log_point_short' depends on axioms: [propext, Classical.choice, Quot.sound]
'ContinuumRemainder.log_gridAddress_ne_center' depends on axioms: [propext, Classical.choice, Quot.sound]
'ContinuumRemainder.log_offset_ratio' depends on axioms: [propext, Classical.choice, Quot.sound]
'ContinuumRemainder.log_gridAddress_ne_of_output_gap' depends on axioms: [propext, Classical.choice, Quot.sound]
'ContinuumRemainder.log_preceding_gridAddress_eq' depends on axioms: [propext, Classical.choice, Quot.sound]
'ContinuumRemainder.log_stable_earlier_address_agreement' depends on axioms: [propext, Classical.choice, Quot.sound]
'ContinuumRemainder.log_stable_local_success_mem_routedSet' depends on axioms: [propext, Classical.choice, Quot.sound]
'ContinuumRemainder.logLocalAllMiss_iff_of_logGridVector_eq' depends on axioms: [propext, Classical.choice, Quot.sound]
'ContinuumRemainder.log_routing_local_representatives' depends on axioms: [propext, Classical.choice, Quot.sound]
'ContinuumRemainder.log_local_address_separation' depends on axioms: [propext, Classical.choice, Quot.sound]
'ContinuumRemainder.logActiveLocalIndex_injective' depends on axioms: [propext, Classical.choice, Quot.sound]
'ContinuumRemainder.logActiveLocalIndex_active' depends on axioms: [propext, Classical.choice, Quot.sound]
'ContinuumRemainder.logLocalAllMiss_iff_active_tests' depends on axioms: [propext, Classical.choice, Quot.sound]
'ContinuumRemainder.log_fixed_parameter_joint_miss' depends on axioms: [propext, Classical.choice, Quot.sound]
'ContinuumRemainder.log_continuum_joint_miss_bound' depends on axioms: [propext, Classical.choice, Quot.sound]
'ContinuumRemainder.log_activation_cut_signs' depends on axioms: [propext, Classical.choice, Quot.sound]
'ContinuumRemainder.log_grid_boundary_sign' depends on axioms: [propext, Classical.choice, Quot.sound]
'ContinuumRemainder.log_grid_key_eq_of_log_signs' depends on axioms: [propext, Classical.choice, Quot.sound]
'ContinuumRemainder.logParameterCuts_card_le' depends on axioms: [propext, Classical.choice, Quot.sound]
'ContinuumRemainder.log_local_grid_representatives' depends on axioms: [propext, Classical.choice, Quot.sound]
'ContinuumRemainder.logParameterCuts_card_le_window_budget' depends on axioms: [propext, Classical.choice, Quot.sound]
'ContinuumRemainder.log_local_grid_representatives_uniform' depends on axioms: [propext, Classical.choice, Quot.sound]
'ContinuumRemainder.logParameterCuts_card_le_span' depends on axioms: [propext, Classical.choice, Quot.sound]
'ContinuumRemainder.log_representatives_entropy_bound' depends on axioms: [propext, Classical.choice, Quot.sound]
'ContinuumRemainder.onePeriodic_sampledMissedCenters' depends on axioms: [propext, Classical.choice, Quot.sound]
'ContinuumRemainder.periodic_sampled_robust_outcome_repair' depends on axioms: [propext, Classical.choice, Quot.sound]
'ContinuumRemainder.sampledRoutingOuterBuffer_density_le' depends on axioms: [propext, Classical.choice, Quot.sound]
'ContinuumRemainder.actual_sampled_routing_blocker_of_stable_miss' depends on axioms: [propext,
 Classical.choice,
 Quot.sound]
'ContinuumRemainder.power_controlled_error_tendsto' depends on axioms: [propext, Classical.choice, Quot.sound]
'ContinuumRemainder.perturbed_power_tendsto' depends on axioms: [propext, Classical.choice, Quot.sound]
'ContinuumRemainder.perturbed_power_tail_hits_open' depends on axioms: [propext, Classical.choice, Quot.sound]
'ContinuumRemainder.isOpen_sampledActivation' depends on axioms: [propext, Classical.choice, Quot.sound]
'ContinuumRemainder.isOpen_sampledWindowActivations' depends on axioms: [propext, Classical.choice, Quot.sound]
'ContinuumRemainder.isClosed_sampledMissedCenters' depends on axioms: [propext, Classical.choice, Quot.sound]
'ContinuumRemainder.sampled_robust_repair_all_centers' depends on axioms: [propext, Classical.choice, Quot.sound]
'ContinuumRemainder.sampleVertexPairs_card_le' depends on axioms: [propext, Classical.choice, Quot.sound]
'ContinuumRemainder.sample_vertex_output_separation' depends on axioms: [propext, Classical.choice, Quot.sound]
'ContinuumRemainder.sample_vertex_active_count' depends on axioms: [propext, Classical.choice, Quot.sound]
'ContinuumRemainder.sample_vertex_continuum_joint_miss_bound' depends on axioms: [propext, Classical.choice, Quot.sound]
'ContinuumRemainder.sampleActivationRate_pos' depends on axioms: [propext, Classical.choice, Quot.sound]
'ContinuumRemainder.exists_sample_routing_schedule_late' depends on axioms: [propext, Classical.choice, Quot.sound]
'ContinuumRemainder.exists_sample_routing_schedule' depends on axioms: [propext, Classical.choice, Quot.sound]
'ContinuumRemainder.sampleSchedule_node_entropy_lt' depends on axioms: [propext, Classical.choice, Quot.sound]
'ContinuumRemainder.sampled_missed_center_forces_vertex_miss' depends on axioms: [propext, Classical.choice, Quot.sound]
'ContinuumRemainder.sampled_scheduled_vertex_continuum_joint_miss_bound' depends on axioms: [propext,
 Classical.choice,
 Quot.sound]
'ContinuumRemainder.sampled_stable_bad_density_le' depends on axioms: [propext, Classical.choice, Quot.sound]
'ContinuumRemainder.sampled_stable_missed_center_probability_le' depends on axioms: [propext,
 Classical.choice,
 Quot.sound]
'ContinuumRemainder.SampledLogConfiguration.a_eq_rpow' depends on axioms: [propext, Classical.choice, Quot.sound]
'ContinuumRemainder.SampledLogConfiguration.power_eq_rpow' depends on axioms: [propext, Classical.choice, Quot.sound]
'ContinuumRemainder.SampledLogConfiguration.a_tendsto' depends on axioms: [propext, Classical.choice, Quot.sound]
'ContinuumRemainder.SampledLogConfiguration.z_strictMono' depends on axioms: [propext, Classical.choice, Quot.sound]
'ContinuumRemainder.SampledLogConfiguration.a_strictAnti' depends on axioms: [propext, Classical.choice, Quot.sound]
'ContinuumRemainder.dyadic_eq_rpow_neg' depends on axioms: [propext, Classical.choice, Quot.sound]
'ContinuumRemainder.logarithm_bin_bounds' depends on axioms: [propext, Classical.choice, Quot.sound]
'ContinuumRemainder.LogSyndetic.exists_spaced_bins' depends on axioms: [propext, Classical.choice, Quot.sound]
'ContinuumRemainder.LogSyndetic.exists_sampledLogConfiguration' depends on axioms: [propext,
 Classical.choice,
 Quot.sound]
'ContinuumRemainder.onePeriodic_mem_add_int' depends on axioms: [propext, Classical.choice, Quot.sound]
'ContinuumRemainder.measure_periodic_interval_split' depends on axioms: [propext, Classical.choice, Quot.sound]
'ContinuumRemainder.volume_onePeriodic_inter_Icc' depends on axioms: [propext, Classical.choice, Quot.sound]
'ContinuumRemainder.interior_compl_eq_empty_of_affine_hits' depends on axioms: [propext, Classical.choice, Quot.sound]
'ContinuumRemainder.affine_powerRemainderOn' depends on axioms: [propext, Classical.choice, Quot.sound]
'ContinuumRemainder.continuumPowerTarget_of_robustCompactBlockerSpec' depends on axioms: [propext,
 Classical.choice,
 Quot.sound]
'ContinuumRemainder.compact_power_avoidance_of_robustCompactBlockerSpec' depends on axioms: [propext,
 Classical.choice,
 Quot.sound]
