{
  "exact_arithmetic_regressions": {
    "alpha_zero_cost_U_0": {
      "below_threshold": false,
      "cost": "32",
      "threshold": "1"
    },
    "alpha_zero_cost_U_1": {
      "below_threshold": false,
      "cost": "32",
      "threshold": "1"
    },
    "alpha_zero_cost_U_100": {
      "below_threshold": false,
      "cost": "32",
      "threshold": "1"
    },
    "alpha_zero_cost_U_2": {
      "below_threshold": false,
      "cost": "32",
      "threshold": "1"
    },
    "alpha_zero_cost_U_20": {
      "below_threshold": false,
      "cost": "32",
      "threshold": "1"
    },
    "alpha_zero_cost_U_6": {
      "below_threshold": false,
      "cost": "32",
      "threshold": "1"
    },
    "closed_inner_endpoint_breaks_outer": {
      "error": "1",
      "inner_distance": "1",
      "outer_distance": "2"
    },
    "doubled_open_buffer_-1/2_-1": {
      "error": "1",
      "inner_distance": "1/2",
      "outer_distance": "3/2"
    },
    "doubled_open_buffer_1/2_1": {
      "error": "1",
      "inner_distance": "1/2",
      "outer_distance": "3/2"
    },
    "dropped_exponent_upper_bound": {
      "U": 3,
      "a": "1/4",
      "active": true,
      "alpha": 4,
      "error": "1/4096",
      "k": 0,
      "radius": "1/16384",
      "s": 2,
      "s1": 1,
      "z": 2
    },
    "dropped_nonnegative_shift": {
      "U": -3,
      "a": "4",
      "active": true,
      "alpha": 6,
      "error": "16384",
      "k": 0,
      "radius": "1024",
      "s": 1,
      "s1": 3,
      "z": -2
    },
    "positive_alpha_cost_U_100": {
      "below_threshold": true,
      "cost": "1/39614081257132168796771975168",
      "threshold": "1"
    },
    "positive_alpha_cost_U_20": {
      "below_threshold": true,
      "cost": "1/32768",
      "threshold": "1"
    },
    "positive_alpha_cost_U_6": {
      "below_threshold": true,
      "cost": "1/2",
      "threshold": "1"
    },
    "strict_activation": {
      "interior": true,
      "lower": false,
      "upper": false
    }
  },
  "status": "PASS"
}
