PASS: 23 rational laws, 18199 ordered lifted tuples
PASS: 1149 balanced sign tests; 5 spectral examples
PASS: all 7 deliberate corruptions rejected
  uniform-simplex-d1: a=1/2, defect=0, singular=0
  nonuniform-simplex-d1: a=1/2, defect=0, singular=0
  simplex-origin-mixture-d1-t1_2: a=3/4, defect=1/4, singular=1/4
  simplex-origin-mixture-d1-t1_7: a=13/14, defect=6/49, singular=6/49
  uniform-simplex-d2: a=1/3, defect=0, singular=0
  nonuniform-simplex-d2: a=1/3, defect=0, singular=0
  simplex-origin-mixture-d2-t1_2: a=2/3, defect=1/6, singular=1/6
  simplex-origin-mixture-d2-t1_7: a=19/21, defect=8/343, singular=8/343
  uniform-simplex-d3: a=1/4, defect=0, singular=0
  nonuniform-simplex-d3: a=1/4, defect=0, singular=0
  simplex-origin-mixture-d3-t1_2: a=5/8, defect=9/128, singular=9/128
  simplex-origin-mixture-d3-t1_7: a=25/28, defect=27/9604, singular=27/9604
  uniform-simplex-d4: a=1/5, defect=0, singular=0
  nonuniform-simplex-d4: a=1/5, defect=0, singular=0
  axes-boundary-d2: a=1/2, defect=1/4, singular=1/4
  cube-vertices-boundary-d2: a=1/2, defect=1/2, singular=1/2
  even-interior-counterexample-d2: a=3/4, defect=5/32, singular=5/32
  axes-boundary-d3: a=1/2, defect=2/9, singular=2/9
  cube-vertices-boundary-d3: a=15/32, defect=21/16, singular=9/8
  even-interior-counterexample-d3: a=3/4, defect=1/18, singular=1/18
  nonuniform-square-boundary: a=1/2, defect=43/100, singular=31/125
  centered-generic-d2: a=1031/2467, defect=1252/3375, singular=0
  centered-generic-d3: a=10955/30106, defect=54856/64827, singular=0
