2026-10-10T01:32:39.0653948Z Current runner version: '2.337.0'
2026-10-10T01:32:39.0675758Z ##[group]Runner Image Provisioner
2026-10-10T01:32:39.0676307Z Hosted Compute Agent
2026-10-10T01:32:39.0676710Z Version: 20261002.596
2026-10-10T01:32:39.0677073Z Commit: c3d12f3313a95f25162a1503be624f3b0617f8c0
2026-10-10T01:32:39.0677504Z Build Date: 2026-10-02T22:28:27Z
2026-10-10T01:32:39.0677961Z Worker ID: {e883f5c9-e24a-4130-9ef6-f81add5a01f7}
2026-10-10T01:32:39.0678364Z Region: centralus
2026-10-10T01:32:39.0678707Z Cloud: Azure
2026-10-10T01:32:39.0679092Z ##[endgroup]
2026-10-10T01:32:39.0679863Z ##[group]Operating System
2026-10-10T01:32:39.0680264Z Ubuntu
2026-10-10T01:32:39.0682248Z 24.04.5
2026-10-10T01:32:39.0682573Z LTS
2026-10-10T01:32:39.0684630Z ##[endgroup]
2026-10-10T01:32:39.0685592Z ##[group]Runner Image
2026-10-10T01:32:39.0686808Z Image: ubuntu-24.04
2026-10-10T01:32:39.0688582Z Version: 20261004.327.1
2026-10-10T01:32:39.0690989Z Included Software: https://github.com/actions/runner-images/blob/ubuntu24/20261004.327/images/ubuntu/Ubuntu2404-Readme.md
2026-10-10T01:32:39.0694881Z Image Release: https://github.com/actions/runner-images/releases/tag/ubuntu24%2F20261004.327
2026-10-10T01:32:39.0696964Z ##[endgroup]
2026-10-10T01:32:39.0699237Z ##[group]GITHUB_TOKEN Permissions
2026-10-10T01:32:39.0702925Z Contents: read
2026-10-10T01:32:39.0703261Z Metadata: read
2026-10-10T01:32:39.0703638Z ##[endgroup]
2026-10-10T01:32:39.0705039Z Secret source: Actions
2026-10-10T01:32:39.0705628Z Cache mode: write
2026-10-10T01:32:39.0706063Z Prepare workflow directory
2026-10-10T01:32:39.1065141Z Prepare all required actions
2026-10-10T01:32:39.1117630Z Getting action download info
2026-10-10T01:32:39.3203198Z Download action repository 'actions/checkout@v4' (SHA:11d5960a326750d5838078e36cf38b85af677262)
2026-10-10T01:32:39.4283691Z Download action repository 'actions/upload-artifact@v4' (SHA:ea165f8d65b6e75b540449e92b4886f43607fa02)
2026-10-10T01:32:39.6180261Z Complete job name: exact-algebra
2026-10-10T01:32:39.6651399Z ##[group]Run actions/checkout@v4
2026-10-10T01:32:39.6651826Z with:
2026-10-10T01:32:39.6652057Z   repository: mxym/math
2026-10-10T01:32:39.6653932Z   token: ***
2026-10-10T01:32:39.6654154Z   ssh-strict: true
2026-10-10T01:32:39.6654572Z   ssh-user: git
2026-10-10T01:32:39.6654809Z   persist-credentials: true
2026-10-10T01:32:39.6655061Z   clean: true
2026-10-10T01:32:39.6655296Z   sparse-checkout-cone-mode: true
2026-10-10T01:32:39.6655565Z   fetch-depth: 1
2026-10-10T01:32:39.6655797Z   fetch-tags: false
2026-10-10T01:32:39.6656032Z   show-progress: true
2026-10-10T01:32:39.6656268Z   lfs: false
2026-10-10T01:32:39.6656484Z   submodules: false
2026-10-10T01:32:39.6656719Z   set-safe-directory: true
2026-10-10T01:32:39.6656984Z   allow-unsafe-pr-checkout: false
2026-10-10T01:32:39.6657334Z ##[endgroup]
2026-10-10T01:32:39.7297503Z Syncing repository: mxym/math
2026-10-10T01:32:39.7298849Z ##[group]Getting Git version info
2026-10-10T01:32:39.7299475Z Working directory is '/home/runner/work/math/math'
2026-10-10T01:32:39.7300284Z [command]/usr/bin/git version
2026-10-10T01:32:39.7374784Z git version 2.55.0
2026-10-10T01:32:39.7388083Z ##[endgroup]
2026-10-10T01:32:39.7397140Z Temporarily overriding HOME='/home/runner/work/_temp/f360893d-cbb7-47c3-a65d-abcb7ac6281b' before making global git config changes
2026-10-10T01:32:39.7398432Z Adding repository directory to the temporary git global config as a safe directory
2026-10-10T01:32:39.7400730Z [command]/usr/bin/git config --global --add safe.directory /home/runner/work/math/math
2026-10-10T01:32:39.7442350Z Deleting the contents of '/home/runner/work/math/math'
2026-10-10T01:32:39.7445375Z ##[group]Initializing the repository
2026-10-10T01:32:39.7447850Z [command]/usr/bin/git init /home/runner/work/math/math
2026-10-10T01:32:39.7547090Z hint: Using 'master' as the name for the initial branch. This default branch name
2026-10-10T01:32:39.7547947Z hint: will change to "main" in Git 3.0. To configure the initial branch name
2026-10-10T01:32:39.7549534Z hint: to use in all of your new repositories, which will suppress this warning,
2026-10-10T01:32:39.7551189Z hint: call:
2026-10-10T01:32:39.7551512Z hint:
2026-10-10T01:32:39.7551934Z hint: 	git config --global init.defaultBranch <name>
2026-10-10T01:32:39.7552431Z hint:
2026-10-10T01:32:39.7552894Z hint: Names commonly chosen instead of 'master' are 'main', 'trunk' and
2026-10-10T01:32:39.7553643Z hint: 'development'. The just-created branch can be renamed via this command:
2026-10-10T01:32:39.7554345Z hint:
2026-10-10T01:32:39.7554679Z hint: 	git branch -m <name>
2026-10-10T01:32:39.7555059Z hint:
2026-10-10T01:32:39.7555561Z hint: Disable this message with "git config set advice.defaultBranchName false"
2026-10-10T01:32:39.7560262Z Initialized empty Git repository in /home/runner/work/math/math/.git/
2026-10-10T01:32:39.7567185Z [command]/usr/bin/git remote add origin https://github.com/mxym/math
2026-10-10T01:32:39.7609883Z ##[endgroup]
2026-10-10T01:32:39.7610707Z ##[group]Disabling automatic garbage collection
2026-10-10T01:32:39.7612063Z [command]/usr/bin/git config --local gc.auto 0
2026-10-10T01:32:39.7641612Z ##[endgroup]
2026-10-10T01:32:39.7642206Z ##[group]Setting up auth
2026-10-10T01:32:39.7646177Z [command]/usr/bin/git config --local --name-only --get-regexp core\.sshCommand
2026-10-10T01:32:39.7672986Z [command]/usr/bin/git submodule foreach --recursive sh -c "git config --local --name-only --get-regexp 'core\.sshCommand' && git config --local --unset-all 'core.sshCommand' || :"
2026-10-10T01:32:39.7961918Z [command]/usr/bin/git config --local --name-only --get-regexp http\.https\:\/\/github\.com\/\.extraheader
2026-10-10T01:32:39.7988757Z [command]/usr/bin/git submodule foreach --recursive sh -c "git config --local --name-only --get-regexp 'http\.https\:\/\/github\.com\/\.extraheader' && git config --local --unset-all 'http.https://github.com/.extraheader' || :"
2026-10-10T01:32:39.8149025Z [command]/usr/bin/git config --local --name-only --get-regexp ^includeIf\.gitdir:
2026-10-10T01:32:39.8175177Z [command]/usr/bin/git submodule foreach --recursive git config --local --show-origin --name-only --get-regexp remote.origin.url
2026-10-10T01:32:39.8337074Z [command]/usr/bin/git config --local http.https://github.com/.extraheader AUTHORIZATION: basic ***
2026-10-10T01:32:39.8367803Z ##[endgroup]
2026-10-10T01:32:39.8368450Z ##[group]Fetching the repository
2026-10-10T01:32:39.8374076Z [command]/usr/bin/git -c protocol.version=2 fetch --no-tags --prune --no-recurse-submodules --depth=1 origin +99de6525c311f0081b0a59b98ec265e98715fe26:refs/remotes/origin/main
2026-10-10T01:32:45.2204619Z From https://github.com/mxym/math
2026-10-10T01:32:45.2205828Z  * [new ref]         99de6525c311f0081b0a59b98ec265e98715fe26 -> origin/main
2026-10-10T01:32:45.2208177Z ##[endgroup]
2026-10-10T01:32:45.2209126Z ##[group]Determining the checkout info
2026-10-10T01:32:45.2210227Z ##[endgroup]
2026-10-10T01:32:45.2213480Z [command]/usr/bin/git sparse-checkout disable
2026-10-10T01:32:45.2254135Z [command]/usr/bin/git config --local --unset-all extensions.worktreeConfig
2026-10-10T01:32:45.2279271Z ##[group]Checking out the ref
2026-10-10T01:32:45.2281502Z [command]/usr/bin/git checkout --progress --force -B main refs/remotes/origin/main
2026-10-10T01:32:46.2155463Z Switched to a new branch 'main'
2026-10-10T01:32:46.2172108Z branch 'main' set up to track 'origin/main'.
2026-10-10T01:32:46.2252308Z ##[endgroup]
2026-10-10T01:32:46.2254071Z [command]/usr/bin/git log -1 --format=%H
2026-10-10T01:32:46.2275860Z 99de6525c311f0081b0a59b98ec265e98715fe26
2026-10-10T01:32:46.2433392Z ##[group]Run python3 - <<'PY'
2026-10-10T01:32:46.2433643Z [36;1mpython3 - <<'PY'[0m
2026-10-10T01:32:46.2433816Z [36;1mfrom pathlib import Path[0m
2026-10-10T01:32:46.2433994Z [36;1mimport hashlib,json[0m
2026-10-10T01:32:46.2434158Z [36;1mroot=Path('.')[0m
2026-10-10T01:32:46.2434724Z [36;1mfor name,expected in json.loads(Path('SOURCE_HASHES.json').read_text()).items():[0m
2026-10-10T01:32:46.2435040Z [36;1m    if hashlib.sha256((root/name).read_bytes()).hexdigest()!=expected:[0m
2026-10-10T01:32:46.2435467Z [36;1m        raise RuntimeError('Source hash mismatch: '+name)[0m
2026-10-10T01:32:46.2435684Z [36;1mprint('RESEARCH_SOURCE_HASHES_PASS')[0m
2026-10-10T01:32:46.2435860Z [36;1mPY[0m
2026-10-10T01:32:46.2646903Z shell: /usr/bin/bash -e {0}
2026-10-10T01:32:46.2647097Z ##[endgroup]
2026-10-10T01:32:46.2886187Z RESEARCH_SOURCE_HASHES_PASS
2026-10-10T01:32:46.2941268Z ##[group]Run python3 check.py --report /tmp/appt-exact-checks.json
2026-10-10T01:32:46.2941557Z [36;1mpython3 check.py --report /tmp/appt-exact-checks.json[0m
2026-10-10T01:32:46.2941881Z [36;1mpython3 -O check.py --self-test --report /tmp/appt-exact-checks-optimized-python.json[0m
2026-10-10T01:32:46.2987867Z shell: /usr/bin/bash -e {0}
2026-10-10T01:32:46.2988032Z ##[endgroup]
2026-10-10T01:32:46.8744505Z {
2026-10-10T01:32:46.8744751Z   "status": "PASS",
2026-10-10T01:32:46.8745179Z   "scope": "Auxiliary exact algebra and finite regressions; not a Lean proof of the quantum theorems or the full conjecture",
2026-10-10T01:32:46.8745794Z   "certificate_sha256": "edc40f2361d8debe10d6ace35c1c20c7c295dd50c2612e036724bb9d92b19ac3",
2026-10-10T01:32:46.8746276Z   "script_sha256": "f53fb5d7bd4bd9f925f042600f92d98a8642c83768670816367aa30342e0c96b",
2026-10-10T01:32:46.8746599Z   "checks": [
2026-10-10T01:32:46.8746799Z     "two-level positive contrast: centered moment",
2026-10-10T01:32:46.8747103Z     "two-level negative contrast: centered moment",
2026-10-10T01:32:46.8747355Z     "positive contrast derivative numerator",
2026-10-10T01:32:46.8747596Z     "negative contrast derivative numerator",
2026-10-10T01:32:46.8747823Z     "middle-rank derivative numerator",
2026-10-10T01:32:46.8748085Z     "ceiling strictly beats floor at a half-integer optimum",
2026-10-10T01:32:46.8748352Z     "clique padding inequality",
2026-10-10T01:32:46.8748625Z     "few-high-eigenvalues comparison with rank-one spike",
2026-10-10T01:32:46.8748935Z     "lower tail-rank subinterval monotonicity numerator",
2026-10-10T01:32:46.8749220Z     "tail bound below spike: cleared denominators",
2026-10-10T01:32:46.8749487Z     "shifted tail positivity certificate (equation 17)",
2026-10-10T01:32:46.8749727Z     "l=1 comparison",
2026-10-10T01:32:46.8749906Z     "l=2 comparison for D>=12",
2026-10-10T01:32:46.8750100Z     "l=3 comparison",
2026-10-10T01:32:46.8750333Z     "polytope high-rank vertices lie in the separable ball",
2026-10-10T01:32:46.8750627Z     "flat-minimum multi-level monotonicity numerator",
2026-10-10T01:32:46.8750878Z     "relaxation spectrum purity gap",
2026-10-10T01:32:46.8751106Z     "D=9, l=2 exact exceptional calculation",
2026-10-10T01:32:46.8751353Z     "exact non-APPT relaxation witness arithmetic",
2026-10-10T01:32:46.8751633Z     "phase-character finite regressions, ranks 1 through 8"
2026-10-10T01:32:46.8751877Z   ],
2026-10-10T01:32:46.8752025Z   "counts": {
2026-10-10T01:32:46.8752221Z     "symbolic_identities_and_exact_controls": 20,
2026-10-10T01:32:46.8752495Z     "phase_quadruples": 8772,
2026-10-10T01:32:46.8752728Z     "dimension_pairs": 583,
2026-10-10T01:32:46.8752931Z     "middle_integer_ranks": 129932,
2026-10-10T01:32:46.8753155Z     "graph_rank_regressions": 2277,
2026-10-10T01:32:46.8814632Z     "tail_rank_regressions": 80608
2026-10-10T01:32:46.8814920Z   },
2026-10-10T01:32:46.8815082Z   "negative_control": {
2026-10-10T01:32:46.8815311Z     "constant_changed_from": 7,
2026-10-10T01:32:46.8815568Z     "to": 8,
2026-10-10T01:32:46.8815983Z     "expected_rejection": "Polynomial identity mismatch: shifted tail positivity certificate (equation 17)"
2026-10-10T01:32:46.8816437Z   },
2026-10-10T01:32:47.4783689Z   "seconds": 0.546
2026-10-10T01:32:47.4783895Z }
2026-10-10T01:32:47.4784039Z {
2026-10-10T01:32:47.4784192Z   "status": "PASS",
2026-10-10T01:32:47.4784768Z   "scope": "Auxiliary exact algebra and finite regressions; not a Lean proof of the quantum theorems or the full conjecture",
2026-10-10T01:32:47.4785306Z   "certificate_sha256": "edc40f2361d8debe10d6ace35c1c20c7c295dd50c2612e036724bb9d92b19ac3",
2026-10-10T01:32:47.4786058Z   "script_sha256": "f53fb5d7bd4bd9f925f042600f92d98a8642c83768670816367aa30342e0c96b",
2026-10-10T01:32:47.4786392Z   "checks": [
2026-10-10T01:32:47.4786594Z     "two-level positive contrast: centered moment",
2026-10-10T01:32:47.4786873Z     "two-level negative contrast: centered moment",
2026-10-10T01:32:47.4787329Z     "positive contrast derivative numerator",
2026-10-10T01:32:47.4787581Z     "negative contrast derivative numerator",
2026-10-10T01:32:47.4787824Z     "middle-rank derivative numerator",
2026-10-10T01:32:47.4788097Z     "ceiling strictly beats floor at a half-integer optimum",
2026-10-10T01:32:47.4788375Z     "clique padding inequality",
2026-10-10T01:32:47.4788595Z     "few-high-eigenvalues comparison with rank-one spike",
2026-10-10T01:32:47.4788796Z     "lower tail-rank subinterval monotonicity numerator",
2026-10-10T01:32:47.4788977Z     "tail bound below spike: cleared denominators",
2026-10-10T01:32:47.4789160Z     "shifted tail positivity certificate (equation 17)",
2026-10-10T01:32:47.4789334Z     "l=1 comparison",
2026-10-10T01:32:47.4789456Z     "l=2 comparison for D>=12",
2026-10-10T01:32:47.4789587Z     "l=3 comparison",
2026-10-10T01:32:47.4789736Z     "polytope high-rank vertices lie in the separable ball",
2026-10-10T01:32:47.4789932Z     "flat-minimum multi-level monotonicity numerator",
2026-10-10T01:32:47.4790135Z     "relaxation spectrum purity gap",
2026-10-10T01:32:47.4790289Z     "D=9, l=2 exact exceptional calculation",
2026-10-10T01:32:47.4790459Z     "exact non-APPT relaxation witness arithmetic",
2026-10-10T01:32:47.4790648Z     "phase-character finite regressions, ranks 1 through 8"
2026-10-10T01:32:47.4790814Z   ],
2026-10-10T01:32:47.4790924Z   "counts": {
2026-10-10T01:32:47.4791048Z     "symbolic_identities_and_exact_controls": 20,
2026-10-10T01:32:47.4791209Z     "phase_quadruples": 8772,
2026-10-10T01:32:47.4791421Z     "dimension_pairs": 583,
2026-10-10T01:32:47.4791554Z     "middle_integer_ranks": 129932,
2026-10-10T01:32:47.4791701Z     "graph_rank_regressions": 2277,
2026-10-10T01:32:47.4791843Z     "tail_rank_regressions": 80608
2026-10-10T01:32:47.4791972Z   },
2026-10-10T01:32:47.4792073Z   "negative_control": {
2026-10-10T01:32:47.4792197Z     "constant_changed_from": 7,
2026-10-10T01:32:47.4792325Z     "to": 8,
2026-10-10T01:32:47.4792547Z     "expected_rejection": "Polynomial identity mismatch: shifted tail positivity certificate (equation 17)"
2026-10-10T01:32:47.4792785Z   },
2026-10-10T01:32:47.4792884Z   "seconds": 0.457
2026-10-10T01:32:47.4792989Z }
2026-10-10T01:32:47.4886444Z ##[group]Run actions/upload-artifact@v4
2026-10-10T01:32:47.4886597Z with:
2026-10-10T01:32:47.4886784Z   name: appt-auxiliary-exact-algebra-99de6525c311f0081b0a59b98ec265e98715fe26
2026-10-10T01:32:47.4887008Z   path: /tmp/appt-exact-checks*.json
2026-10-10T01:32:47.4887151Z   if-no-files-found: warn
2026-10-10T01:32:47.4887281Z   compression-level: 6
2026-10-10T01:32:47.4887400Z   overwrite: false
2026-10-10T01:32:47.4887514Z   include-hidden-files: false
2026-10-10T01:32:47.4887653Z ##[endgroup]
2026-10-10T01:32:47.5835741Z (node:2100) [DEP0040] DeprecationWarning: The `punycode` module is deprecated. Please use a userland alternative instead.
2026-10-10T01:32:47.5836347Z (Use `node --trace-deprecation ...` to show where the warning was created)
2026-10-10T01:32:47.5870883Z With the provided path, there will be 2 files uploaded
2026-10-10T01:32:47.5884844Z Artifact name is valid!
2026-10-10T01:32:47.5885189Z Root directory input is valid!
2026-10-10T01:32:47.8450531Z Beginning upload of artifact content to blob storage
2026-10-10T01:32:47.8563785Z (node:2100) [DEP0169] DeprecationWarning: `url.parse()` behavior is not standardized and prone to errors that have security implications. Use the WHATWG URL API instead. CVEs are not issued for `url.parse()` vulnerabilities.
2026-10-10T01:32:47.9955806Z Uploaded bytes 1994
2026-10-10T01:32:48.0343183Z Finished uploading artifact content to blob storage!
2026-10-10T01:32:48.0343909Z SHA256 digest of uploaded artifact zip is 95caec9a56fb2ac2f496f8ac265d57bf389ed914890eb3f5d3f607144a88018e
2026-10-10T01:32:48.0345384Z Finalizing artifact upload
2026-10-10T01:32:48.2739812Z Artifact appt-auxiliary-exact-algebra-99de6525c311f0081b0a59b98ec265e98715fe26.zip successfully finalized. Artifact ID 11655747197
2026-10-10T01:32:48.2740767Z Artifact appt-auxiliary-exact-algebra-99de6525c311f0081b0a59b98ec265e98715fe26 has been successfully uploaded! Final size is 1994 bytes. Artifact ID is 11655747197
2026-10-10T01:32:48.2743985Z Artifact download URL: https://github.com/mxym/math/actions/runs/38013577667/artifacts/11655747197
2026-10-10T01:32:48.2883105Z Post job cleanup.
2026-10-10T01:32:48.3378987Z [command]/usr/bin/git version
2026-10-10T01:32:48.3408576Z git version 2.55.0
2026-10-10T01:32:48.3431348Z Temporarily overriding HOME='/home/runner/work/_temp/ac56daea-7ff2-4084-992a-2a030a8e207b' before making global git config changes
2026-10-10T01:32:48.3431982Z Adding repository directory to the temporary git global config as a safe directory
2026-10-10T01:32:48.3434752Z [command]/usr/bin/git config --global --add safe.directory /home/runner/work/math/math
2026-10-10T01:32:48.3463194Z [command]/usr/bin/git config --local --name-only --get-regexp core\.sshCommand
2026-10-10T01:32:48.3487424Z [command]/usr/bin/git submodule foreach --recursive sh -c "git config --local --name-only --get-regexp 'core\.sshCommand' && git config --local --unset-all 'core.sshCommand' || :"
2026-10-10T01:32:48.3679684Z [command]/usr/bin/git config --local --name-only --get-regexp http\.https\:\/\/github\.com\/\.extraheader
2026-10-10T01:32:48.3700871Z http.https://github.com/.extraheader
2026-10-10T01:32:48.3708420Z [command]/usr/bin/git config --local --unset-all http.https://github.com/.extraheader
2026-10-10T01:32:48.3738654Z [command]/usr/bin/git submodule foreach --recursive sh -c "git config --local --name-only --get-regexp 'http\.https\:\/\/github\.com\/\.extraheader' && git config --local --unset-all 'http.https://github.com/.extraheader' || :"
2026-10-10T01:32:48.3927424Z [command]/usr/bin/git config --local --name-only --get-regexp ^includeIf\.gitdir:
2026-10-10T01:32:48.3955053Z [command]/usr/bin/git submodule foreach --recursive git config --local --show-origin --name-only --get-regexp remote.origin.url
2026-10-10T01:32:48.4231033Z Cleaning up orphan processes
2026-10-10T01:32:48.4427559Z ##[warning]Node.js 20 is deprecated. The following actions target Node.js 20 but are being forced to run on Node.js 24: actions/checkout@v4, actions/upload-artifact@v4. For more information see: https://github.blog/changelog/2025-09-19-deprecation-of-node-20-on-github-actions-runners/
