{
  "status": "PASS",
  "exact_convex_body_cases": [
    {
      "d": 3,
      "t": "1/1000",
      "e": "3001001/8008012004004",
      "assignment_h": "1000/334000667",
      "maximum_vertex_sets": 3,
      "projection_directions_checked": 26,
      "bridge_checks": 3
    },
    {
      "d": 3,
      "t": "1/100",
      "e": "30101/808120404",
      "assignment_h": "100/340067",
      "maximum_vertex_sets": 3,
      "projection_directions_checked": 26,
      "bridge_checks": 3
    },
    {
      "d": 3,
      "t": "1/2",
      "e": "5/84",
      "assignment_h": "2/7",
      "maximum_vertex_sets": 3,
      "projection_directions_checked": 0,
      "bridge_checks": 3
    },
    {
      "d": 4,
      "t": "1/1000",
      "e": "12002002002/25025025040015015015",
      "assignment_h": "4000/1002002002001",
      "maximum_vertex_sets": 4,
      "projection_directions_checked": 80,
      "bridge_checks": 4
    },
    {
      "d": 4,
      "t": "1/100",
      "e": "12020202/25252540151515",
      "assignment_h": "400/102020201",
      "maximum_vertex_sets": 4,
      "projection_directions_checked": 80,
      "bridge_checks": 4
    },
    {
      "d": 4,
      "t": "1/2",
      "e": "22/645",
      "assignment_h": "8/45",
      "maximum_vertex_sets": 4,
      "projection_directions_checked": 0,
      "bridge_checks": 4
    },
    {
      "d": 5,
      "t": "1/1000",
      "e": "10001001001001/18018018018030012012012012",
      "assignment_h": "5000/1002002002002001",
      "maximum_vertex_sets": 5,
      "projection_directions_checked": 242,
      "bridge_checks": 5
    },
    {
      "d": 5,
      "t": "1/100",
      "e": "1001010101/181818183012121212",
      "assignment_h": "500/10202020201",
      "maximum_vertex_sets": 5,
      "projection_directions_checked": 242,
      "bridge_checks": 5
    },
    {
      "d": 5,
      "t": "1/2",
      "e": "7/372",
      "assignment_h": "10/93",
      "maximum_vertex_sets": 5,
      "projection_directions_checked": 0,
      "bridge_checks": 5
    }
  ],
  "relative_rational_checks": 400,
  "endpoint_dimensions": "3..29",
  "source_hashes_unchanged": true,
  "scope": "Finite exact regression only; unrestricted result established by written analytic audit."
}
