/root/appt-review-checked-20261010/formalizations/appt-qutrit-purity/APPT/Quantum/Reindex.lean:8:0: warning: automatically included section variable(s) unused in theorem `APPT.Quantum.reindex_mul`:
  [DecidableEq ι]
  [DecidableEq κ]
consider restructuring your `variable` declarations so that the variables are not in scope or explicitly omit them:
  omit [DecidableEq ι] [DecidableEq κ] in theorem ...

Note: This linter can be disabled with `set_option linter.unusedSectionVars false`
/root/appt-review-checked-20261010/formalizations/appt-qutrit-purity/APPT/Quantum/Reindex.lean:15:8: warning: automatically included section variable(s) unused in theorem `APPT.Quantum.reindex_one`:
  [Fintype ι]
  [Fintype κ]
consider restructuring your `variable` declarations so that the variables are not in scope or explicitly omit them:
  omit [Fintype ι] [Fintype κ] in theorem ...

Note: This linter can be disabled with `set_option linter.unusedSectionVars false`
/root/appt-review-checked-20261010/formalizations/appt-qutrit-purity/APPT/Quantum/Reindex.lean:20:8: warning: automatically included section variable(s) unused in theorem `APPT.Quantum.reindex_conjTranspose`:
  [Fintype ι]
  [Fintype κ]
  [DecidableEq ι]
  [DecidableEq κ]
consider restructuring your `variable` declarations so that the variables are not in scope or explicitly omit them:
  omit [Fintype ι] [Fintype κ] [DecidableEq ι] [DecidableEq κ] in theorem ...

Note: This linter can be disabled with `set_option linter.unusedSectionVars false`
/root/appt-review-checked-20261010/formalizations/appt-qutrit-purity/APPT/Quantum/Reindex.lean:23:8: warning: automatically included section variable(s) unused in theorem `APPT.Quantum.reindex_diagonal`:
  [Fintype ι]
  [Fintype κ]
consider restructuring your `variable` declarations so that the variables are not in scope or explicitly omit them:
  omit [Fintype ι] [Fintype κ] in theorem ...

Note: This linter can be disabled with `set_option linter.unusedSectionVars false`
