/root/appt-independent-review-20261010/formalizations/appt-high-dimensional-review/APPTReview/Hadamard.lean:34:0: warning: automatically included section variable(s) unused in theorem `APPTReview.hadamard_conjTranspose`:
  [Fintype a]
consider restructuring your `variable` declarations so that the variables are not in scope or explicitly omit them:
  omit [Fintype a] in theorem ...

Note: This linter can be disabled with `set_option linter.unusedSectionVars false`
/root/appt-independent-review-20261010/formalizations/appt-high-dimensional-review/APPTReview/Hadamard.lean:41:86: warning: This simp argument is unused:
  apply_ite

Hint: Omit it from the simp argument list.
  [apply] simp_all [hadamard, Matrix.conjTranspose_apply, eq_comm]

Note: This linter can be disabled with `set_option linter.unusedSimpArgs false`
/root/appt-independent-review-20261010/formalizations/appt-high-dimensional-review/APPTReview/Hadamard.lean:42:86: warning: This simp argument is unused:
  apply_ite

Hint: Omit it from the simp argument list.
  [apply] simp_all [hadamard, Matrix.conjTranspose_apply, eq_comm]

Note: This linter can be disabled with `set_option linter.unusedSimpArgs false`
/root/appt-independent-review-20261010/formalizations/appt-high-dimensional-review/APPTReview/Hadamard.lean:45:86: warning: This simp argument is unused:
  apply_ite

Hint: Omit it from the simp argument list.
  [apply] simp_all [hadamard, Matrix.conjTranspose_apply, eq_comm]

Note: This linter can be disabled with `set_option linter.unusedSimpArgs false`
/root/appt-independent-review-20261010/formalizations/appt-high-dimensional-review/APPTReview/Hadamard.lean:59:22: warning: `if_false` has been deprecated: Use `ite_false` instead
/root/appt-independent-review-20261010/formalizations/appt-high-dimensional-review/APPTReview/Hadamard.lean:59:39: warning: `if_true` has been deprecated: Use `ite_true` instead
/root/appt-independent-review-20261010/formalizations/appt-high-dimensional-review/APPTReview/Hadamard.lean:60:20: error: Tactic `simp` failed with a nested error:
maximum recursion depth has been reached
use `set_option maxRecDepth <num>` to increase limit
use `set_option diagnostics true` to get diagnostic information
/root/appt-independent-review-20261010/formalizations/appt-high-dimensional-review/APPTReview/Hadamard.lean:62:22: warning: `if_false` has been deprecated: Use `ite_false` instead
/root/appt-independent-review-20261010/formalizations/appt-high-dimensional-review/APPTReview/Hadamard.lean:62:61: warning: `if_true` has been deprecated: Use `ite_true` instead
/root/appt-independent-review-20261010/formalizations/appt-high-dimensional-review/APPTReview/Hadamard.lean:63:20: error: Tactic `simp` failed with a nested error:
maximum recursion depth has been reached
use `set_option maxRecDepth <num>` to increase limit
use `set_option diagnostics true` to get diagnostic information
