Try this:
  [apply] ring_nf
  
  The `ring` tactic failed to close the goal. Use `ring_nf` to obtain a normal form.
    
  Note that `ring` works primarily in *commutative* rings. If you have a noncommutative ring, abelian group or module, consider using `noncomm_ring`, `abel` or `module` instead.
/root/appt-independent-review-20261010/formalizations/appt-high-dimensional-review/APPTReview/Star.lean:40:4: error: unsolved goals
case refine_1
n : ℕ
c b : ℝ
u : Fin n → ℝ
i : Fin (n + 1)
⊢ c * b * 4 + ∑ x, -u x ^ 2 = c * b * 4 - ∑ x, u x ^ 2
/root/appt-independent-review-20261010/formalizations/appt-high-dimensional-review/APPTReview/Star.lean:47:2: error: No goals to be solved
/root/appt-independent-review-20261010/formalizations/appt-high-dimensional-review/APPTReview/Star.lean:41:17: warning: This simp argument is unused:
  ← Finset.sum_neg_distrib

Hint: Omit it from the simp argument list.
  [apply] simp [Matrix.mulVec, dotProduct, Fin.sum_univ_succ, starMatrix, starVector, neg_mul, pow_two]

Note: Simp arguments with `←` have the additional effect of removing the other direction from the simp set, even if the simp argument itself is unused. If the hint above does not work, try replacing `←` with `-` to only get that effect and silence this warning.

Note: This linter can be disabled with `set_option linter.unusedSimpArgs false`
/root/appt-independent-review-20261010/formalizations/appt-high-dimensional-review/APPTReview/Star.lean:112:2: error: unsolved goals
case hs
n : ℕ
b : Type u_1
inst✝¹ : Fintype b
inst✝ : DecidableEq b
d : Fin (n + 1) × b → ℝ
h : APPT.Quantum.AbsolutelyPPT (diagonal fun p => ↑(d p))
e : Fin (n + 1) → b
he : Function.Injective e
c t : ℝ
ht : 0 < t
hc : d (0, e 0) ≤ c
hd : ∀ (i : Fin n), d (i.succ, e i.succ) ≤ t
ho : ∀ (i j : Fin (n + 1)), i < j → d (i, e j) ≤ d (j, e i)
M : Matrix (Fin (n + 1)) (Fin (n + 1)) ℝ := witnessMatrix fun p => d (p.1, e p.2)
hu : ∀ (i : Fin n), 0 ≤ d (i.succ, e 0) - d (0, e i.succ)
i : Fin n
⊢ 0 = i.succ → 2 * d (0, e 0) = -d (i.succ, e 0) + d (0, e i.succ)
/root/appt-independent-review-20261010/formalizations/appt-high-dimensional-review/APPTReview/Star.lean:113:28: warning: This simp argument is unused:
  Fin.succ_ne_zero

Hint: Omit it from the simp argument list.
  [apply] simp [M, witnessMatrix, Fin.succ_pos, sub_eq_add_neg, add_comm]

Note: This linter can be disabled with `set_option linter.unusedSimpArgs false`
