/root/appt-review-checked-20261010/formalizations/appt-high-dimensional-review/APPTReview/Hadamard.lean:21:8: warning: automatically included section variable(s) unused in theorem `APPTReview.diagWeight_star`:
  [Fintype a]
consider restructuring your `variable` declarations so that the variables are not in scope or explicitly omit them:
  omit [Fintype a] in theorem ...

Note: This linter can be disabled with `set_option linter.unusedSectionVars false`
/root/appt-review-checked-20261010/formalizations/appt-high-dimensional-review/APPTReview/Hadamard.lean:24:8: warning: automatically included section variable(s) unused in theorem `APPTReview.swapWeight_star`:
  [Fintype a]
consider restructuring your `variable` declarations so that the variables are not in scope or explicitly omit them:
  omit [Fintype a] in theorem ...

Note: This linter can be disabled with `set_option linter.unusedSectionVars false`
/root/appt-review-checked-20261010/formalizations/appt-high-dimensional-review/APPTReview/Hadamard.lean:27:8: warning: automatically included section variable(s) unused in theorem `APPTReview.swapWeight_swap`:
  [Fintype a]
consider restructuring your `variable` declarations so that the variables are not in scope or explicitly omit them:
  omit [Fintype a] in theorem ...

Note: This linter can be disabled with `set_option linter.unusedSectionVars false`
/root/appt-review-checked-20261010/formalizations/appt-high-dimensional-review/APPTReview/Hadamard.lean:30:0: warning: automatically included section variable(s) unused in theorem `APPTReview.diagWeight_swap`:
  [Fintype a]
consider restructuring your `variable` declarations so that the variables are not in scope or explicitly omit them:
  omit [Fintype a] in theorem ...

Note: This linter can be disabled with `set_option linter.unusedSectionVars false`
/root/appt-review-checked-20261010/formalizations/appt-high-dimensional-review/APPTReview/Hadamard.lean:38:0: warning: automatically included section variable(s) unused in theorem `APPTReview.weight_squares`:
  [Fintype a]
consider restructuring your `variable` declarations so that the variables are not in scope or explicitly omit them:
  omit [Fintype a] in theorem ...

Note: This linter can be disabled with `set_option linter.unusedSectionVars false`
/root/appt-review-checked-20261010/formalizations/appt-high-dimensional-review/APPTReview/Hadamard.lean:89:59: warning: This simp argument is unused:
  hswap

Hint: Omit it from the simp argument list.
  [apply] simp only [hadamard, h, ite_false, Prod.swap_swap, ite_true, swapWeight_swap, diagWeight_swap hp]

Note: This linter can be disabled with `set_option linter.unusedSimpArgs false`
/root/appt-review-checked-20261010/formalizations/appt-high-dimensional-review/APPTReview/Hadamard.lean:91:14: warning: This simp argument is unused:
  Matrix.one_apply

Hint: Omit it from the simp argument list.
  [apply] simp [h]

Note: This linter can be disabled with `set_option linter.unusedSimpArgs false`
/root/appt-review-checked-20261010/formalizations/appt-high-dimensional-review/APPTReview/Hadamard.lean:93:31: warning: This simp argument is unused:
  Matrix.one_apply

Hint: Omit it from the simp argument list.
  [apply] simp [hadamard, h, hs]

Note: This linter can be disabled with `set_option linter.unusedSimpArgs false`
