publisher-negative-00.log
Optimized Python is not allowed.

publisher-negative-01.log
Optimized Python is not allowed.

publisher-negative-02.log
Optimized Python is not allowed.

publisher-normal-00.log
{
  "K": 8,
  "C": 7,
  "n": 512,
  "complex_rayleigh_millibounds": [
    1137,
    1138
  ],
  "real_rayleigh_millibounds": [
    639,
    640
  ],
  "scaled_exact_values_sha256": "50e9496db7b33781f128e5650744ccb87f3672e4205136e10412c8e93cae5f80",
  "coefficient_bound_verified": true,
  "fock_norm_bound_verified": true,
  "finite_lower_bounds_verified": true,
  "arithmetic": "Python integers only"
}

publisher-normal-01.log
{
  "K": 10,
  "C": 5,
  "n": 2048,
  "complex_rayleigh_millibounds": [
    1991,
    1992
  ],
  "real_rayleigh_millibounds": [
    1094,
    1095
  ],
  "scaled_exact_values_sha256": "8148292bdf8b86b554bfc3f53ac5027bd3bac20283f7baf3f4ddbe0aa4920396",
  "coefficient_bound_verified": true,
  "fock_norm_bound_verified": true,
  "finite_lower_bounds_verified": true,
  "arithmetic": "Python integers only"
}

publisher-normal-02.log
{
  "status": "PASS",
  "method": "marked-product recurrence; recursive Fock weights; independent Gaussian-integer order-eight Gram calculation",
  "cases": [
    {
      "K": 8,
      "C": 7,
      "n": 512,
      "all_five_exact_values_match": true,
      "scaled_exact_values_sha256": "50e9496db7b33781f128e5650744ccb87f3672e4205136e10412c8e93cae5f80"
    },
    {
      "K": 10,
      "C": 5,
      "n": 2048,
      "all_five_exact_values_match": true,
      "scaled_exact_values_sha256": "8148292bdf8b86b554bfc3f53ac5027bd3bac20283f7baf3f4ddbe0aa4920396"
    }
  ],
  "direct_small": {
    "n": 8,
    "c": 5,
    "rank_two_integer_gram_formula": "20 J+3 t t*",
    "cofactor_row_sums_verified": true,
    "two_full_Rayleigh_formulas_cross_checked": true
  },
  "arithmetic": "Python integers only"
}

publisher-normal-03.log
{
  "e_upper": "87/32",
  "series_plus_geometric_tail_bound": "31967/11760",
  "all_thresholds_pass": true,
  "thresholds": [
    {
      "m": 7,
      "k": 2,
      "integer_positive_gap": "625687003405303911285115353016320"
    },
    {
      "m": 4,
      "k": 3,
      "integer_positive_gap": "1330728746758748332856309376"
    },
    {
      "m": 3,
      "k": 7,
      "integer_positive_gap": "4352179132822008342174920340093201806615435645952000"
    }
  ],
  "arithmetic": "Python integers and fractions only"
}
