{
  "e_upper": "87/32",
  "series_plus_geometric_tail_bound": "31967/11760",
  "all_thresholds_pass": true,
  "thresholds": [
    {
      "m": 7,
      "k": 2,
      "integer_positive_gap": "625687003405303911285115353016320"
    },
    {
      "m": 4,
      "k": 3,
      "integer_positive_gap": "1330728746758748332856309376"
    },
    {
      "m": 3,
      "k": 7,
      "integer_positive_gap": "4352179132822008342174920340093201806615435645952000"
    }
  ],
  "arithmetic": "Python integers and fractions only"
}
