/tmp/math-gaussian-four-20261009/formalizations/gaussian-measure-primal-dual/GaussianBalancedPrices.lean:19:0: warning: automatically included section variable(s) unused in theorem `GaussianMeasureBridge.coordinateShift_zero`:
  [NeZero k]
consider restructuring your `variable` declarations so that the variables are not in scope or explicitly omit them:
  omit [NeZero k] in theorem ...

Note: This linter can be disabled with `set_option linter.unusedSectionVars false`
/tmp/math-gaussian-four-20261009/formalizations/gaussian-measure-primal-dual/GaussianBalancedPrices.lean:23:0: warning: automatically included section variable(s) unused in theorem `GaussianMeasureBridge.coordinateShift_dist_le`:
  [NeZero k]
consider restructuring your `variable` declarations so that the variables are not in scope or explicitly omit them:
  omit [NeZero k] in theorem ...

Note: This linter can be disabled with `set_option linter.unusedSectionVars false`
/tmp/math-gaussian-four-20261009/formalizations/gaussian-measure-primal-dual/GaussianBalancedPrices.lean:46:0: warning: automatically included section variable(s) unused in theorem `GaussianMeasureBridge.winningCell_disjoint`:
  [NeZero k]
consider restructuring your `variable` declarations so that the variables are not in scope or explicitly omit them:
  omit [NeZero k] in theorem ...

Note: This linter can be disabled with `set_option linter.unusedSectionVars false`
/tmp/math-gaussian-four-20261009/formalizations/gaussian-measure-primal-dual/GaussianBalancedPrices.lean:120:0: warning: automatically included section variable(s) unused in theorem `GaussianMeasureBridge.weighted_price_coordinate`:
  [NeZero k]
consider restructuring your `variable` declarations so that the variables are not in scope or explicitly omit them:
  omit [NeZero k] in theorem ...

Note: This linter can be disabled with `set_option linter.unusedSectionVars false`
/tmp/math-gaussian-four-20261009/formalizations/gaussian-measure-primal-dual/GaussianBalancedPrices.lean:134:10: warning: This simp argument is unused:
  add_assoc

Hint: Omit it from the simp argument list.
  [apply] simp

Note: This linter can be disabled with `set_option linter.unusedSimpArgs false`

EXIT=0
SHA256=bfea3b1cc0a110be98675c7bee01445730ec5c6a159a56e5cfb526a062beaff1
