{
  "status": "PASS",
  "scope": "Ancillary source-mutation tests, not analytic proof checking",
  "checks": [
    {
      "name": "unaltered checker",
      "exit_code": 0,
      "expected_rejection": null,
      "passed": true,
      "stdout": "Positive JSON report parsed successfully",
      "stderr": ""
    },
    {
      "name": "unaltered checker with assertions disabled",
      "exit_code": 0,
      "expected_rejection": null,
      "passed": true,
      "stdout": "Positive JSON report parsed successfully",
      "stderr": ""
    },
    {
      "name": "wrong antisymmetric denominator",
      "exit_code": 1,
      "expected_rejection": "Rains Choi partial-transpose identity",
      "passed": true,
      "stdout": "",
      "stderr": "Traceback (most recent call last):\n  File \"/tmp/ppt-extraction-mutations-u291d8dn/check.py\", line 246, in <module>\n    if __name__=='__main__':main()\n                            ^^^^^^\n  File \"/tmp/ppt-extraction-mutations-u291d8dn/check.py\", line 242, in main\n    report=run();text=json.dumps(report,indent=2)+'\\n'\n           ^^^^^\n  File \"/tmp/ppt-extraction-mutations-u291d8dn/check.py\", line 232, in run\n    rain=[check_rains_case(*case) for case in [(2,2,2,'bell'),(2,2,3,'bell'),(2,3,2,'mixture'),(2,3,3,'identity'),(3,3,2,'bell'),(2,2,4,'mixture')]]\n          ^^^^^^^^^^^^^^^^^^^^^^^\n  File \"/tmp/ppt-extraction-mutations-u291d8dn/check.py\", line 108, in check_rains_case\n    need(JG==predicted,'Rains Choi partial-transpose identity')\n  File \"/tmp/ppt-extraction-mutations-u291d8dn/check.py\", line 23, in need\n    raise CheckFailed(label)\nCheckFailed: Rains Choi partial-transpose identity\n"
    },
    {
      "name": "omitted input transpose",
      "exit_code": 1,
      "expected_rejection": "Rains Choi partial-transpose identity",
      "passed": true,
      "stdout": "",
      "stderr": "Traceback (most recent call last):\n  File \"/tmp/ppt-extraction-mutations-u291d8dn/check.py\", line 246, in <module>\n    if __name__=='__main__':main()\n                            ^^^^^^\n  File \"/tmp/ppt-extraction-mutations-u291d8dn/check.py\", line 242, in main\n    report=run();text=json.dumps(report,indent=2)+'\\n'\n           ^^^^^\n  File \"/tmp/ppt-extraction-mutations-u291d8dn/check.py\", line 232, in run\n    rain=[check_rains_case(*case) for case in [(2,2,2,'bell'),(2,2,3,'bell'),(2,3,2,'mixture'),(2,3,3,'identity'),(3,3,2,'bell'),(2,2,4,'mixture')]]\n          ^^^^^^^^^^^^^^^^^^^^^^^\n  File \"/tmp/ppt-extraction-mutations-u291d8dn/check.py\", line 108, in check_rains_case\n    need(JG==predicted,'Rains Choi partial-transpose identity')\n  File \"/tmp/ppt-extraction-mutations-u291d8dn/check.py\", line 23, in need\n    raise CheckFailed(label)\nCheckFailed: Rains Choi partial-transpose identity\n"
    },
    {
      "name": "missing target square",
      "exit_code": 1,
      "expected_rejection": "sharp identity effect budget",
      "passed": true,
      "stdout": "",
      "stderr": "Traceback (most recent call last):\n  File \"/tmp/ppt-extraction-mutations-u291d8dn/check.py\", line 246, in <module>\n    if __name__=='__main__':main()\n                            ^^^^^^\n  File \"/tmp/ppt-extraction-mutations-u291d8dn/check.py\", line 242, in main\n    report=run();text=json.dumps(report,indent=2)+'\\n'\n           ^^^^^\n  File \"/tmp/ppt-extraction-mutations-u291d8dn/check.py\", line 232, in run\n    rain=[check_rains_case(*case) for case in [(2,2,2,'bell'),(2,2,3,'bell'),(2,3,2,'mixture'),(2,3,3,'identity'),(3,3,2,'bell'),(2,2,4,'mixture')]]\n          ^^^^^^^^^^^^^^^^^^^^^^^\n  File \"/tmp/ppt-extraction-mutations-u291d8dn/check.py\", line 114, in check_rains_case\n    if kind=='identity': need(tr(mul(M,M))==Q(N,K),'sharp identity effect budget')\n                         ^^^^^^^^^^^^^^^^^^^^^^^^^^^^^^^^^^^^^^^^^^^^^^^^^^^^^^^^^\n  File \"/tmp/ppt-extraction-mutations-u291d8dn/check.py\", line 23, in need\n    raise CheckFailed(label)\nCheckFailed: sharp identity effect budget\n"
    },
    {
      "name": "missing leftover Kraus weight",
      "exit_code": 1,
      "expected_rejection": "local Kraus completeness",
      "passed": true,
      "stdout": "",
      "stderr": "Traceback (most recent call last):\n  File \"/tmp/ppt-extraction-mutations-u291d8dn/check.py\", line 246, in <module>\n    if __name__=='__main__':main()\n                            ^^^^^^\n  File \"/tmp/ppt-extraction-mutations-u291d8dn/check.py\", line 242, in main\n    report=run();text=json.dumps(report,indent=2)+'\\n'\n           ^^^^^\n  File \"/tmp/ppt-extraction-mutations-u291d8dn/check.py\", line 233, in run\n    local=[check_local(*case) for case in [(2,3,2),(3,5,2),(4,5,3),(5,7,2),(3,4,3),(2,3,1,4),(3,5,2,3),(5,7,2,4)]]\n           ^^^^^^^^^^^^^^^^^^\n  File \"/tmp/ppt-extraction-mutations-u291d8dn/check.py\", line 136, in check_local\n    need(complete==eye(dim),'local Kraus completeness')\n  File \"/tmp/ppt-extraction-mutations-u291d8dn/check.py\", line 23, in need\n    raise CheckFailed(label)\nCheckFailed: local Kraus completeness\n"
    },
    {
      "name": "wrong minimum Bell dimension",
      "exit_code": 1,
      "expected_rejection": "deterministic packing capacity",
      "passed": true,
      "stdout": "",
      "stderr": "Traceback (most recent call last):\n  File \"/tmp/ppt-extraction-mutations-u291d8dn/check.py\", line 246, in <module>\n    if __name__=='__main__':main()\n                            ^^^^^^\n  File \"/tmp/ppt-extraction-mutations-u291d8dn/check.py\", line 242, in main\n    report=run();text=json.dumps(report,indent=2)+'\\n'\n           ^^^^^\n  File \"/tmp/ppt-extraction-mutations-u291d8dn/check.py\", line 235, in run\n    'rains_channels':rain,'local_extraction':local,'packing':check_packing(),'algebra':check_polynomials(),\n                                                             ^^^^^^^^^^^^^^^\n  File \"/tmp/ppt-extraction-mutations-u291d8dn/check.py\", line 166, in check_packing\n    need((a//d)*(b//d)>=r,'deterministic packing capacity')\n  File \"/tmp/ppt-extraction-mutations-u291d8dn/check.py\", line 23, in need\n    raise CheckFailed(label)\nCheckFailed: deterministic packing capacity\n"
    },
    {
      "name": "wrong root-fidelity convention",
      "exit_code": 1,
      "expected_rejection": "embedded target overlap",
      "passed": true,
      "stdout": "",
      "stderr": "Traceback (most recent call last):\n  File \"/tmp/ppt-extraction-mutations-u291d8dn/check.py\", line 246, in <module>\n    if __name__=='__main__':main()\n                            ^^^^^^\n  File \"/tmp/ppt-extraction-mutations-u291d8dn/check.py\", line 242, in main\n    report=run();text=json.dumps(report,indent=2)+'\\n'\n           ^^^^^\n  File \"/tmp/ppt-extraction-mutations-u291d8dn/check.py\", line 233, in run\n    local=[check_local(*case) for case in [(2,3,2),(3,5,2),(4,5,3),(5,7,2),(3,4,3),(2,3,1,4),(3,5,2,3),(5,7,2,4)]]\n           ^^^^^^^^^^^^^^^^^^\n  File \"/tmp/ppt-extraction-mutations-u291d8dn/check.py\", line 151, in check_local\n    need(tr(mul(out,phi(T)))==Q(d*d,T*T),'embedded target overlap')\n  File \"/tmp/ppt-extraction-mutations-u291d8dn/check.py\", line 23, in need\n    raise CheckFailed(label)\nCheckFailed: embedded target overlap\n"
    },
    {
      "name": "wrong escort sign",
      "exit_code": 1,
      "expected_rejection": "interior escort matching",
      "passed": true,
      "stdout": "",
      "stderr": "Traceback (most recent call last):\n  File \"/tmp/ppt-extraction-mutations-u291d8dn/check.py\", line 246, in <module>\n    if __name__=='__main__':main()\n                            ^^^^^^\n  File \"/tmp/ppt-extraction-mutations-u291d8dn/check.py\", line 242, in main\n    report=run();text=json.dumps(report,indent=2)+'\\n'\n           ^^^^^\n  File \"/tmp/ppt-extraction-mutations-u291d8dn/check.py\", line 235, in run\n    'rains_channels':rain,'local_extraction':local,'packing':check_packing(),'algebra':check_polynomials(),\n                                                                                       ^^^^^^^^^^^^^^^^^^^\n  File \"/tmp/ppt-extraction-mutations-u291d8dn/check.py\", line 198, in check_polynomials\n    need(pa(pm(alpha,rel),z,pm(pa(alpha,ps(-1,one)),H))=={},'interior escort matching')\n  File \"/tmp/ppt-extraction-mutations-u291d8dn/check.py\", line 23, in need\n    raise CheckFailed(label)\nCheckFailed: interior escort matching\n"
    }
  ],
  "checker_sha256": "ee71ed683624f24433d4ef884b1bfd9ae1bfa8ef7e7f8773a4b6e8d738f9292c"
}
