sources/GaussianGraphLift.lean:18:8: warning: automatically included section variable(s) unused in theorem `GaussianMeasureBridge.graphScores_zero`:
  [NeZero k]
consider restructuring your `variable` declarations so that the variables are not in scope or explicitly omit them:
  omit [NeZero k] in theorem ...

Note: This linter can be disabled with `set_option linter.unusedSectionVars false`
sources/GaussianGraphLift.lean:19:8: warning: automatically included section variable(s) unused in theorem `GaussianMeasureBridge.graphScores_succ`:
  [NeZero k]
consider restructuring your `variable` declarations so that the variables are not in scope or explicitly omit them:
  omit [NeZero k] in theorem ...

Note: This linter can be disabled with `set_option linter.unusedSectionVars false`
sources/GaussianGraphLift.lean:21:8: warning: automatically included section variable(s) unused in theorem `GaussianMeasureBridge.graphPrices_zero`:
  [NeZero k]
consider restructuring your `variable` declarations so that the variables are not in scope or explicitly omit them:
  omit [NeZero k] in theorem ...

Note: This linter can be disabled with `set_option linter.unusedSectionVars false`
sources/GaussianGraphLift.lean:22:8: warning: automatically included section variable(s) unused in theorem `GaussianMeasureBridge.graphPrices_succ`:
  [NeZero k]
consider restructuring your `variable` declarations so that the variables are not in scope or explicitly omit them:
  omit [NeZero k] in theorem ...

Note: This linter can be disabled with `set_option linter.unusedSectionVars false`
sources/GaussianGraphLift.lean:24:0: warning: automatically included section variable(s) unused in theorem `GaussianMeasureBridge.graphScores_injective`:
  [NeZero k]
consider restructuring your `variable` declarations so that the variables are not in scope or explicitly omit them:
  omit [NeZero k] in theorem ...

Note: This linter can be disabled with `set_option linter.unusedSectionVars false`
sources/GaussianGraphLift.lean:58:0: warning: automatically included section variable(s) unused in theorem `GaussianMeasureBridge.graph_winning_succ`:
  [NeZero k]
consider restructuring your `variable` declarations so that the variables are not in scope or explicitly omit them:
  omit [NeZero k] in theorem ...

Note: This linter can be disabled with `set_option linter.unusedSectionVars false`
