sources/GaussianCenteredCovarianceBlock.lean:12:0: warning: automatically included section variable(s) unused in theorem `GaussianMeasureBridge.centered_covariance_ext`:
  [NeZero n]
consider restructuring your `variable` declarations so that the variables are not in scope or explicitly omit them:
  omit [NeZero n] in theorem ...

Note: This linter can be disabled with `set_option linter.unusedSectionVars false`
sources/GaussianCenteredCovarianceBlock.lean:37:0: warning: automatically included section variable(s) unused in theorem `GaussianMeasureBridge.centeredRowFamily_gram_centered`:
  [NeZero n]
consider restructuring your `variable` declarations so that the variables are not in scope or explicitly omit them:
  omit [NeZero n] in theorem ...

Note: This linter can be disabled with `set_option linter.unusedSectionVars false`
sources/GaussianCenteredCovarianceBlock.lean:41:0: warning: automatically included section variable(s) unused in theorem `GaussianMeasureBridge.centeredRowFamily_gram_principal`:
  [NeZero n]
consider restructuring your `variable` declarations so that the variables are not in scope or explicitly omit them:
  omit [NeZero n] in theorem ...

Note: This linter can be disabled with `set_option linter.unusedSectionVars false`
sources/GaussianCenteredCovarianceBlock.lean:46:0: warning: automatically included section variable(s) unused in theorem `GaussianMeasureBridge.centeredRowFamily_path_hasDerivAt`:
  [NeZero n]
consider restructuring your `variable` declarations so that the variables are not in scope or explicitly omit them:
  omit [NeZero n] in theorem ...

Note: This linter can be disabled with `set_option linter.unusedSectionVars false`
