sources/GaussianRegularPrincipal.lean:38:6: warning: This simp argument is unused:
  dotProduct_smul

Hint: Omit it from the simp argument list.
  [apply] simp only [Matrix.smul_mulVec, Matrix.sub_mulVec, Matrix.one_mulVec, Matrix.vecMulVec_mulVec, dotProduct_sub,
    star_trivial, Pi.one_apply, one_mul, smul_eq_mul, dotProduct, mul_one]

Note: This linter can be disabled with `set_option linter.unusedSimpArgs false`
sources/GaussianRegularPrincipal.lean:38:22: warning: This simp argument is unused:
  dotProduct_sub

Hint: Omit it from the simp argument list.
  [apply] simp only [Matrix.smul_mulVec, Matrix.sub_mulVec, Matrix.one_mulVec, Matrix.vecMulVec_mulVec, dotProduct_smul,
    star_trivial, Pi.one_apply, one_mul, smul_eq_mul, dotProduct, mul_one]

Note: This linter can be disabled with `set_option linter.unusedSimpArgs false`
sources/GaussianRegularPrincipal.lean:38:50: warning: This simp argument is unused:
  Pi.one_apply

Hint: Omit it from the simp argument list.
  [apply] simp only [Matrix.smul_mulVec, Matrix.sub_mulVec, Matrix.one_mulVec, Matrix.vecMulVec_mulVec, dotProduct_smul,
    dotProduct_sub, star_trivial, one_mul, smul_eq_mul, dotProduct, mul_one]

Note: This linter can be disabled with `set_option linter.unusedSimpArgs false`
sources/GaussianRegularPrincipal.lean:38:71: warning: This simp argument is unused:
  smul_eq_mul

Hint: Omit it from the simp argument list.
  [apply] simp only [Matrix.smul_mulVec, Matrix.sub_mulVec, Matrix.one_mulVec, Matrix.vecMulVec_mulVec, dotProduct_smul,
    dotProduct_sub, star_trivial, Pi.one_apply, one_mul, dotProduct, mul_one]

Note: This linter can be disabled with `set_option linter.unusedSimpArgs false`
sources/GaussianRegularPrincipal.lean:39:17: warning: This simp argument is unused:
  mul_one

Hint: Omit it from the simp argument list.
  [apply] simp only [Matrix.smul_mulVec, Matrix.sub_mulVec, Matrix.one_mulVec, Matrix.vecMulVec_mulVec, dotProduct_smul,
    dotProduct_sub, star_trivial, Pi.one_apply, one_mul, smul_eq_mul, dotProduct]

Note: This linter can be disabled with `set_option linter.unusedSimpArgs false`
