2026-10-09T16:45:41.1337465Z Current runner version: '2.337.0'
2026-10-09T16:45:41.1362073Z ##[group]Runner Image Provisioner
2026-10-09T16:45:41.1363090Z Hosted Compute Agent
2026-10-09T16:45:41.1363694Z Version: 20261002.596
2026-10-09T16:45:41.1364353Z Commit: c3d12f3313a95f25162a1503be624f3b0617f8c0
2026-10-09T16:45:41.1365158Z Build Date: 2026-10-02T22:28:27Z
2026-10-09T16:45:41.1365845Z Worker ID: {b0796645-c68f-4a2f-a097-8fc039326949}
2026-10-09T16:45:41.1366594Z Region: westcentralus
2026-10-09T16:45:41.1367199Z Cloud: Azure
2026-10-09T16:45:41.1367818Z ##[endgroup]
2026-10-09T16:45:41.1369721Z ##[group]Operating System
2026-10-09T16:45:41.1370397Z Ubuntu
2026-10-09T16:45:41.1370991Z 24.04.5
2026-10-09T16:45:41.1371551Z LTS
2026-10-09T16:45:41.1372126Z ##[endgroup]
2026-10-09T16:45:41.1373094Z ##[group]Runner Image
2026-10-09T16:45:41.1373730Z Image: ubuntu-24.04
2026-10-09T16:45:41.1374363Z Version: 20261004.327.1
2026-10-09T16:45:41.1375724Z Included Software: https://github.com/actions/runner-images/blob/ubuntu24/20261004.327/images/ubuntu/Ubuntu2404-Readme.md
2026-10-09T16:45:41.1377352Z Image Release: https://github.com/actions/runner-images/releases/tag/ubuntu24%2F20261004.327
2026-10-09T16:45:41.1378336Z ##[endgroup]
2026-10-09T16:45:41.1380067Z ##[group]GITHUB_TOKEN Permissions
2026-10-09T16:45:41.1382276Z Actions: read
2026-10-09T16:45:41.1382914Z Contents: read
2026-10-09T16:45:41.1383623Z Metadata: read
2026-10-09T16:45:41.1384187Z ##[endgroup]
2026-10-09T16:45:41.1386304Z Secret source: Actions
2026-10-09T16:45:41.1387300Z Cache mode: write
2026-10-09T16:45:41.1388051Z Prepare workflow directory
2026-10-09T16:45:41.1722728Z Prepare all required actions
2026-10-09T16:45:41.1770564Z Getting action download info
2026-10-09T16:45:41.5128722Z Download action repository 'actions/checkout@v4' (SHA:11d5960a326750d5838078e36cf38b85af677262)
2026-10-09T16:45:41.6207298Z Download action repository 'leanprover/lean-action@v1' (SHA:f061402b660e0c34644504b324e830f2991d4865)
2026-10-09T16:45:41.9024188Z Download action repository 'actions/download-artifact@v4' (SHA:d3f86a106a0bac45b974a628896c90dbdf5c8093)
2026-10-09T16:45:42.7033758Z Download action repository 'actions/upload-artifact@v4' (SHA:ea165f8d65b6e75b540449e92b4886f43607fa02)
2026-10-09T16:45:42.9656556Z Getting action download info
2026-10-09T16:45:43.0869703Z Download action repository 'actions/cache@caa296126883cff596d87d8935842f9db880ef25' (SHA:caa296126883cff596d87d8935842f9db880ef25)
2026-10-09T16:45:43.2458328Z Complete job name: complete
2026-10-09T16:45:43.3343790Z ##[group]Run actions/checkout@v4
2026-10-09T16:45:43.3344476Z with:
2026-10-09T16:45:43.3344760Z   repository: mxym/math
2026-10-09T16:45:43.3347403Z   token: ***
2026-10-09T16:45:43.3347671Z   ssh-strict: true
2026-10-09T16:45:43.3347935Z   ssh-user: git
2026-10-09T16:45:43.3348204Z   persist-credentials: true
2026-10-09T16:45:43.3348505Z   clean: true
2026-10-09T16:45:43.3348776Z   sparse-checkout-cone-mode: true
2026-10-09T16:45:43.3349826Z   fetch-depth: 1
2026-10-09T16:45:43.3350109Z   fetch-tags: false
2026-10-09T16:45:43.3350411Z   show-progress: true
2026-10-09T16:45:43.3350683Z   lfs: false
2026-10-09T16:45:43.3350925Z   submodules: false
2026-10-09T16:45:43.3351202Z   set-safe-directory: true
2026-10-09T16:45:43.3351516Z   allow-unsafe-pr-checkout: false
2026-10-09T16:45:43.3352191Z ##[endgroup]
2026-10-09T16:45:43.4445675Z Syncing repository: mxym/math
2026-10-09T16:45:43.4447647Z ##[group]Getting Git version info
2026-10-09T16:45:43.4448432Z Working directory is '/home/runner/work/math/math'
2026-10-09T16:45:43.4449768Z [command]/usr/bin/git version
2026-10-09T16:45:43.4523781Z git version 2.55.0
2026-10-09T16:45:43.4553002Z ##[endgroup]
2026-10-09T16:45:43.4570382Z Temporarily overriding HOME='/home/runner/work/_temp/6f77f54a-c677-4080-9a59-8dd66ea85abe' before making global git config changes
2026-10-09T16:45:43.4572177Z Adding repository directory to the temporary git global config as a safe directory
2026-10-09T16:45:43.4575652Z [command]/usr/bin/git config --global --add safe.directory /home/runner/work/math/math
2026-10-09T16:45:43.4634761Z Deleting the contents of '/home/runner/work/math/math'
2026-10-09T16:45:43.4650526Z ##[group]Initializing the repository
2026-10-09T16:45:43.4651685Z [command]/usr/bin/git init /home/runner/work/math/math
2026-10-09T16:45:43.4766865Z hint: Using 'master' as the name for the initial branch. This default branch name
2026-10-09T16:45:43.4768099Z hint: will change to "main" in Git 3.0. To configure the initial branch name
2026-10-09T16:45:43.4769391Z hint: to use in all of your new repositories, which will suppress this warning,
2026-10-09T16:45:43.4770226Z hint: call:
2026-10-09T16:45:43.4770633Z hint:
2026-10-09T16:45:43.4771242Z hint: 	git config --global init.defaultBranch <name>
2026-10-09T16:45:43.4771759Z hint:
2026-10-09T16:45:43.4772128Z hint: Names commonly chosen instead of 'master' are 'main', 'trunk' and
2026-10-09T16:45:43.4772712Z hint: 'development'. The just-created branch can be renamed via this command:
2026-10-09T16:45:43.4773162Z hint:
2026-10-09T16:45:43.4773448Z hint: 	git branch -m <name>
2026-10-09T16:45:43.4773734Z hint:
2026-10-09T16:45:43.4774124Z hint: Disable this message with "git config set advice.defaultBranchName false"
2026-10-09T16:45:43.4775291Z Initialized empty Git repository in /home/runner/work/math/math/.git/
2026-10-09T16:45:43.4783908Z [command]/usr/bin/git remote add origin https://github.com/mxym/math
2026-10-09T16:45:43.4839470Z ##[endgroup]
2026-10-09T16:45:43.4840403Z ##[group]Disabling automatic garbage collection
2026-10-09T16:45:43.4843846Z [command]/usr/bin/git config --local gc.auto 0
2026-10-09T16:45:43.4877781Z ##[endgroup]
2026-10-09T16:45:43.4878530Z ##[group]Setting up auth
2026-10-09T16:45:43.4885997Z [command]/usr/bin/git config --local --name-only --get-regexp core\.sshCommand
2026-10-09T16:45:43.4926372Z [command]/usr/bin/git submodule foreach --recursive sh -c "git config --local --name-only --get-regexp 'core\.sshCommand' && git config --local --unset-all 'core.sshCommand' || :"
2026-10-09T16:45:43.5386039Z [command]/usr/bin/git config --local --name-only --get-regexp http\.https\:\/\/github\.com\/\.extraheader
2026-10-09T16:45:43.5423919Z [command]/usr/bin/git submodule foreach --recursive sh -c "git config --local --name-only --get-regexp 'http\.https\:\/\/github\.com\/\.extraheader' && git config --local --unset-all 'http.https://github.com/.extraheader' || :"
2026-10-09T16:45:43.5652266Z [command]/usr/bin/git config --local --name-only --get-regexp ^includeIf\.gitdir:
2026-10-09T16:45:43.5690427Z [command]/usr/bin/git submodule foreach --recursive git config --local --show-origin --name-only --get-regexp remote.origin.url
2026-10-09T16:45:43.5918938Z [command]/usr/bin/git config --local http.https://github.com/.extraheader AUTHORIZATION: basic ***
2026-10-09T16:45:43.5960971Z ##[endgroup]
2026-10-09T16:45:43.5961757Z ##[group]Fetching the repository
2026-10-09T16:45:43.5970708Z [command]/usr/bin/git -c protocol.version=2 fetch --no-tags --prune --no-recurse-submodules --depth=1 origin +d73051da70f49a26379fe781e1f323f4d26186cd:refs/remotes/origin/work/appt-full-bounded-20261009
2026-10-09T16:45:49.2363669Z From https://github.com/mxym/math
2026-10-09T16:45:49.2364731Z  * [new ref]         d73051da70f49a26379fe781e1f323f4d26186cd -> origin/work/appt-full-bounded-20261009
2026-10-09T16:45:49.2384558Z ##[endgroup]
2026-10-09T16:45:49.2385542Z ##[group]Determining the checkout info
2026-10-09T16:45:49.2388252Z ##[endgroup]
2026-10-09T16:45:49.2395594Z [command]/usr/bin/git sparse-checkout disable
2026-10-09T16:45:49.2461431Z [command]/usr/bin/git config --local --unset-all extensions.worktreeConfig
2026-10-09T16:45:49.2498911Z ##[group]Checking out the ref
2026-10-09T16:45:49.2505238Z [command]/usr/bin/git checkout --progress --force -B work/appt-full-bounded-20261009 refs/remotes/origin/work/appt-full-bounded-20261009
2026-10-09T16:45:50.2639715Z Updating files:  71% (6579/9140)
2026-10-09T16:45:50.2716949Z Updating files:  72% (6581/9140)
2026-10-09T16:45:50.3090935Z Updating files:  73% (6673/9140)
2026-10-09T16:45:50.3184013Z Updating files:  74% (6764/9140)
2026-10-09T16:45:50.3310315Z Updating files:  75% (6855/9140)
2026-10-09T16:45:50.3435020Z Updating files:  76% (6947/9140)
2026-10-09T16:45:50.3527487Z Updating files:  77% (7038/9140)
2026-10-09T16:45:50.3618348Z Updating files:  78% (7130/9140)
2026-10-09T16:45:50.3720679Z Updating files:  79% (7221/9140)
2026-10-09T16:45:50.3852970Z Updating files:  80% (7312/9140)
2026-10-09T16:45:50.3938422Z Updating files:  81% (7404/9140)
2026-10-09T16:45:50.4043931Z Updating files:  82% (7495/9140)
2026-10-09T16:45:50.4128526Z Updating files:  83% (7587/9140)
2026-10-09T16:45:50.4229945Z Updating files:  84% (7678/9140)
2026-10-09T16:45:50.4442980Z Updating files:  85% (7769/9140)
2026-10-09T16:45:50.4579243Z Updating files:  86% (7861/9140)
2026-10-09T16:45:50.4724912Z Updating files:  87% (7952/9140)
2026-10-09T16:45:50.4815289Z Updating files:  88% (8044/9140)
2026-10-09T16:45:50.5116893Z Updating files:  89% (8135/9140)
2026-10-09T16:45:50.5414207Z Updating files:  90% (8226/9140)
2026-10-09T16:45:50.5501639Z Updating files:  91% (8318/9140)
2026-10-09T16:45:50.5602745Z Updating files:  92% (8409/9140)
2026-10-09T16:45:50.5690004Z Updating files:  93% (8501/9140)
2026-10-09T16:45:50.5730460Z Updating files:  94% (8592/9140)
2026-10-09T16:45:50.5832323Z Updating files:  95% (8683/9140)
2026-10-09T16:45:50.5885917Z Updating files:  96% (8775/9140)
2026-10-09T16:45:50.5935130Z Updating files:  97% (8866/9140)
2026-10-09T16:45:50.6078272Z Updating files:  98% (8958/9140)
2026-10-09T16:45:50.6382848Z Updating files:  99% (9049/9140)
2026-10-09T16:45:50.6383500Z Updating files: 100% (9140/9140)
2026-10-09T16:45:50.6384159Z Updating files: 100% (9140/9140), done.
2026-10-09T16:45:50.6492125Z Switched to a new branch 'work/appt-full-bounded-20261009'
2026-10-09T16:45:50.6495210Z branch 'work/appt-full-bounded-20261009' set up to track 'origin/work/appt-full-bounded-20261009'.
2026-10-09T16:45:50.6564417Z ##[endgroup]
2026-10-09T16:45:50.6609644Z [command]/usr/bin/git log -1 --format=%H
2026-10-09T16:45:50.6639387Z d73051da70f49a26379fe781e1f323f4d26186cd
2026-10-09T16:45:50.7149579Z ##[group]Run leanprover/lean-action@v1
2026-10-09T16:45:50.7149895Z with:
2026-10-09T16:45:50.7150192Z   lake-package-directory: formalizations/appt-qutrit-purity
2026-10-09T16:45:50.7150550Z   use-mathlib-cache: true
2026-10-09T16:45:50.7150770Z   build: false
2026-10-09T16:45:50.7150956Z   test: false
2026-10-09T16:45:50.7151146Z   auto-config: true
2026-10-09T16:45:50.7151344Z   lint: default
2026-10-09T16:45:50.7151533Z   mk_all-check: false
2026-10-09T16:45:50.7151764Z   check-reservoir-eligibility: false
2026-10-09T16:45:50.7152028Z   leanchecker: false
2026-10-09T16:45:50.7152227Z   lean4checker: false
2026-10-09T16:45:50.7152424Z   nanoda: false
2026-10-09T16:45:50.7152622Z   nanoda-allow-sorry: true
2026-10-09T16:45:50.7152841Z   axiom-audit: false
2026-10-09T16:45:50.7153113Z   axiom-audit-allow: propext,Classical.choice,Quot.sound
2026-10-09T16:45:50.7153437Z   use-github-cache: true
2026-10-09T16:45:50.7153696Z   reinstall-transient-toolchain: false
2026-10-09T16:45:50.7154001Z ##[endgroup]
2026-10-09T16:45:50.7217947Z ##[start-action display=install elan;id=__leanprover_lean-action.__run]
2026-10-09T16:45:50.7258825Z ##[group]Run : Install Elan
2026-10-09T16:45:50.7259339Z [36;1m: Install Elan[0m
2026-10-09T16:45:50.7259639Z [36;1m${GITHUB_ACTION_PATH}/scripts/install_elan.sh[0m
2026-10-09T16:45:50.7541001Z shell: /usr/bin/bash --noprofile --norc -e -o pipefail {0}
2026-10-09T16:45:50.7541481Z ##[endgroup]
2026-10-09T16:45:50.7680942Z ##[group]Elan Installation Output
2026-10-09T16:45:50.8490515Z info: downloading installer
2026-10-09T16:45:52.5713378Z info: downloading https://releases.lean-lang.org/lean4/v4.34.1/lean-4.34.1-linux.tar.zst
2026-10-09T16:45:57.9699783Z info: installing /home/runner/.elan/toolchains/leanprover--lean4---v4.34.1
2026-10-09T16:46:05.0138345Z Lean (version 4.34.1, x86_64-unknown-linux-gnu, commit 5045d0056413266e57c625dcd7c365b10e377c52, Release)
2026-10-09T16:46:05.0514242Z Lake version 5.0.0-src+5045d00 (Lean version 4.34.1)
2026-10-09T16:46:05.0551729Z ##[endgroup]
2026-10-09T16:46:05.0552039Z 
2026-10-09T16:46:05.0577378Z ##[end-action id=__leanprover_lean-action.__run;outcome=success;conclusion=success;duration_ms=14335]
2026-10-09T16:46:05.0586352Z ##[start-action display=configure `lean-action`;id=__leanprover_lean-action.config]
2026-10-09T16:46:05.0607367Z ##[group]Run : Configure Lean Action
2026-10-09T16:46:05.0607676Z [36;1m: Configure Lean Action[0m
2026-10-09T16:46:05.0607963Z [36;1m${GITHUB_ACTION_PATH}/scripts/config.sh[0m
2026-10-09T16:46:05.0672902Z shell: /usr/bin/bash --noprofile --norc -e -o pipefail {0}
2026-10-09T16:46:05.0673305Z env:
2026-10-09T16:46:05.0673519Z   AUTO_CONFIG: true
2026-10-09T16:46:05.0673758Z   BUILD: false
2026-10-09T16:46:05.0673980Z   TEST: false
2026-10-09T16:46:05.0674197Z   LINT: default
2026-10-09T16:46:05.0674419Z ##[endgroup]
2026-10-09T16:46:05.0774644Z ##[group]Configure lean-action
2026-10-09T16:46:05.0800529Z build: false -> will not run lake build
2026-10-09T16:46:05.0801206Z test: false -> will not run lake test
2026-10-09T16:46:05.1287968Z lake check-lint failed -> will not run lake lint
2026-10-09T16:46:05.1320296Z ##[end-action id=__leanprover_lean-action.config;outcome=success;conclusion=success;duration_ms=73]
2026-10-09T16:46:05.1325268Z ##[start-action display=reinstall transient toolchain;id=__leanprover_lean-action.__run_2]
2026-10-09T16:46:05.1344269Z ##[end-action id=__leanprover_lean-action.__run_2;outcome=skipped;conclusion=skipped;duration_ms=0]
2026-10-09T16:46:05.1347163Z ##[start-action display=ensure all files are imported;id=__leanprover_lean-action.mk_all]
2026-10-09T16:46:05.1351866Z ##[end-action id=__leanprover_lean-action.mk_all;outcome=skipped;conclusion=skipped;duration_ms=0]
2026-10-09T16:46:05.1354145Z ##[start-action display=Run actions/cache/restore@caa296126883cff596d87d8935842f9db880ef25;id=__leanprover_lean-action.__actions_cache]
2026-10-09T16:46:05.3650131Z ##[group]Run actions/cache/restore@caa296126883cff596d87d8935842f9db880ef25
2026-10-09T16:46:05.3650828Z with:
2026-10-09T16:46:05.3651087Z   path: formalizations/appt-qutrit-purity/.lake
2026-10-09T16:46:05.3652071Z   key: lake-Linux-X64-d791b020c21edcc7e9e22797f1d59fde59e8af8f675af62dc2f1fd7521bfef93-cc0821392235d0e60f0972bc46430901b985a718aa3b1322ee150cbc1fbc220f-d73051da70f49a26379fe781e1f323f4d26186cd
2026-10-09T16:46:05.3653525Z   restore-keys: lake-Linux-X64-d791b020c21edcc7e9e22797f1d59fde59e8af8f675af62dc2f1fd7521bfef93-cc0821392235d0e60f0972bc46430901b985a718aa3b1322ee150cbc1fbc220f
2026-10-09T16:46:05.3654312Z   enableCrossOsArchive: false
2026-10-09T16:46:05.3654564Z   fail-on-cache-miss: false
2026-10-09T16:46:05.3654797Z   lookup-only: false
2026-10-09T16:46:05.3655017Z ##[endgroup]
2026-10-09T16:46:05.6978127Z Cache hit for restore-key: lake-Linux-X64-d791b020c21edcc7e9e22797f1d59fde59e8af8f675af62dc2f1fd7521bfef93-cc0821392235d0e60f0972bc46430901b985a718aa3b1322ee150cbc1fbc220f-b30faa14239c85ea61447c055d37731c9e987939
2026-10-09T16:46:06.9231209Z Received 33554432 of 2574211506 (1.3%), 31.9 MBs/sec
2026-10-09T16:46:07.9240377Z Received 197132288 of 2574211506 (7.7%), 93.9 MBs/sec
2026-10-09T16:46:08.9290290Z Received 364904448 of 2574211506 (14.2%), 115.8 MBs/sec
2026-10-09T16:46:09.9270578Z Received 536870912 of 2574211506 (20.9%), 127.8 MBs/sec
2026-10-09T16:46:10.9284956Z Received 696254464 of 2574211506 (27.0%), 132.6 MBs/sec
2026-10-09T16:46:11.9290376Z Received 868220928 of 2574211506 (33.7%), 137.8 MBs/sec
2026-10-09T16:46:12.9291244Z Received 1015021568 of 2574211506 (39.4%), 138.1 MBs/sec
2026-10-09T16:46:13.9316627Z Received 1157627904 of 2574211506 (45.0%), 137.8 MBs/sec
2026-10-09T16:46:14.9331250Z Received 1312817152 of 2574211506 (51.0%), 138.9 MBs/sec
2026-10-09T16:46:15.9340133Z Received 1476395008 of 2574211506 (57.4%), 140.6 MBs/sec
2026-10-09T16:46:16.9342131Z Received 1610612736 of 2574211506 (62.6%), 139.5 MBs/sec
2026-10-09T16:46:17.9350547Z Received 1744830464 of 2574211506 (67.8%), 138.5 MBs/sec
2026-10-09T16:46:18.9361016Z Received 1879048192 of 2574211506 (73.0%), 137.7 MBs/sec
2026-10-09T16:46:19.9370733Z Received 2009071616 of 2574211506 (78.0%), 136.7 MBs/sec
2026-10-09T16:46:20.9385779Z Received 2134900736 of 2574211506 (82.9%), 135.6 MBs/sec
2026-10-09T16:46:21.9389043Z Received 2264924160 of 2574211506 (88.0%), 134.8 MBs/sec
2026-10-09T16:46:22.9388296Z Received 2403336192 of 2574211506 (93.4%), 134.7 MBs/sec
2026-10-09T16:46:23.9387630Z Received 2524971008 of 2574211506 (98.1%), 133.6 MBs/sec
2026-10-09T16:46:24.4679843Z Received 2574211506 of 2574211506 (100.0%), 132.4 MBs/sec
2026-10-09T16:46:24.4684739Z Cache Size: ~2455 MB (2574211506 B)
2026-10-09T16:46:24.4733094Z [command]/usr/bin/tar -xf /home/runner/work/_temp/636b7567-edbe-4746-860b-142e2b4d83e0/cache.tzst -P -C /home/runner/work/math/math --use-compress-program unzstd
2026-10-09T16:46:42.2421950Z Cache restored successfully
2026-10-09T16:46:42.5631601Z Cache restored from key: lake-Linux-X64-d791b020c21edcc7e9e22797f1d59fde59e8af8f675af62dc2f1fd7521bfef93-cc0821392235d0e60f0972bc46430901b985a718aa3b1322ee150cbc1fbc220f-b30faa14239c85ea61447c055d37731c9e987939
2026-10-09T16:46:42.5788430Z ##[end-action id=__leanprover_lean-action.__actions_cache;outcome=success;conclusion=success;duration_ms=37443]
2026-10-09T16:46:42.5792246Z ##[start-action display=detect mathlib;id=__leanprover_lean-action.detect-mathlib]
2026-10-09T16:46:42.5797245Z ##[end-action id=__leanprover_lean-action.detect-mathlib;outcome=skipped;conclusion=skipped;duration_ms=0]
2026-10-09T16:46:42.5799599Z ##[start-action display=get mathlib cache;id=__leanprover_lean-action.__run_3]
2026-10-09T16:46:42.6248570Z ##[group]Run : Get Mathlib Cache
2026-10-09T16:46:42.6249260Z [36;1m: Get Mathlib Cache[0m
2026-10-09T16:46:42.6249690Z [36;1mecho "::group::Mathlib Cache"[0m
2026-10-09T16:46:42.6250058Z [36;1mlake exe cache get[0m
2026-10-09T16:46:42.6250307Z [36;1mecho "::endgroup::"[0m
2026-10-09T16:46:42.6250545Z [36;1mecho[0m
2026-10-09T16:46:42.7652672Z shell: /usr/bin/bash --noprofile --norc -e -o pipefail {0}
2026-10-09T16:46:42.7653572Z ##[endgroup]
2026-10-09T16:46:42.8164249Z ##[group]Mathlib Cache
2026-10-09T16:46:48.1774832Z Current branch: HEAD
2026-10-09T16:46:48.1776837Z Using cache from origin: (some leanprover-community/mathlib4)
2026-10-09T16:46:48.1778301Z Attempting to download 8908 file(s) from leanprover-community/mathlib4 cache at https://cache.mathlib.org/mathlib4-master
2026-10-09T16:46:48.5277767Z 
2026-10-09T16:46:48.6313639Z Downloaded: 1 file(s) [attempted 1/8908 = 0%, 20 KB/s], Decompressed: 0
2026-10-09T16:46:48.7318013Z Downloaded: 22 file(s) [attempted 22/8908 = 0%, 254 KB/s], Decompressed: 19
2026-10-09T16:46:48.8315092Z Downloaded: 121 file(s) [attempted 121/8908 = 1%, 171 KB/s], Decompressed: 112
2026-10-09T16:46:48.9311475Z Downloaded: 231 file(s) [attempted 231/8908 = 2%, 846 KB/s], Decompressed: 226
2026-10-09T16:46:49.0322835Z Downloaded: 339 file(s) [attempted 339/8908 = 3%, 613 KB/s], Decompressed: 335
2026-10-09T16:46:49.1325358Z Downloaded: 411 file(s) [attempted 411/8908 = 4%, 1220 KB/s], Decompressed: 399
2026-10-09T16:46:49.2329735Z Downloaded: 512 file(s) [attempted 512/8908 = 5%, 283 KB/s], Decompressed: 508
2026-10-09T16:46:49.3327189Z Downloaded: 634 file(s) [attempted 634/8908 = 7%, 1703 KB/s], Decompressed: 628
2026-10-09T16:46:49.4326391Z Downloaded: 766 file(s) [attempted 766/8908 = 8%, 1176 KB/s], Decompressed: 760
2026-10-09T16:46:49.5321686Z Downloaded: 901 file(s) [attempted 901/8908 = 10%, 68 KB/s], Decompressed: 895
2026-10-09T16:46:49.6329448Z Downloaded: 1029 file(s) [attempted 1029/8908 = 11%, 5077 KB/s], Decompressed: 1027
2026-10-09T16:46:49.7322705Z Downloaded: 1153 file(s) [attempted 1153/8908 = 12%, 215 KB/s], Decompressed: 1150
2026-10-09T16:46:49.8325768Z Downloaded: 1273 file(s) [attempted 1273/8908 = 14%, 215 KB/s], Decompressed: 1262
2026-10-09T16:46:49.9326706Z Downloaded: 1392 file(s) [attempted 1392/8908 = 15%, 448 KB/s], Decompressed: 1387
2026-10-09T16:46:50.0329376Z Downloaded: 1510 file(s) [attempted 1510/8908 = 16%, 3285 KB/s], Decompressed: 1507
2026-10-09T16:46:50.1411702Z Downloaded: 1628 file(s) [attempted 1628/8908 = 18%, 2142 KB/s], Decompressed: 1625
2026-10-09T16:46:50.2412648Z Downloaded: 1752 file(s) [attempted 1752/8908 = 19%, 5346 KB/s], Decompressed: 1750
2026-10-09T16:46:50.3422130Z Downloaded: 1817 file(s) [attempted 1817/8908 = 20%, 601 KB/s], Decompressed: 1812
2026-10-09T16:46:50.4423865Z Downloaded: 1935 file(s) [attempted 1935/8908 = 21%, 2079 KB/s], Decompressed: 1933
2026-10-09T16:46:50.5428903Z Downloaded: 2050 file(s) [attempted 2050/8908 = 23%, 343 KB/s], Decompressed: 2045
2026-10-09T16:46:50.6421263Z Downloaded: 2164 file(s) [attempted 2164/8908 = 24%, 530 KB/s], Decompressed: 2158
2026-10-09T16:46:50.7442631Z Downloaded: 2274 file(s) [attempted 2274/8908 = 25%, 1813 KB/s], Decompressed: 2269
2026-10-09T16:46:50.8451083Z Downloaded: 2410 file(s) [attempted 2410/8908 = 27%, 568 KB/s], Decompressed: 2406
2026-10-09T16:46:50.9454712Z Downloaded: 2535 file(s) [attempted 2535/8908 = 28%, 1050 KB/s], Decompressed: 2533
2026-10-09T16:46:51.0491911Z Downloaded: 2656 file(s) [attempted 2656/8908 = 29%, 1048 KB/s], Decompressed: 2653
2026-10-09T16:46:51.1498095Z Downloaded: 2785 file(s) [attempted 2785/8908 = 31%, 439 KB/s], Decompressed: 2783
2026-10-09T16:46:51.2506900Z Downloaded: 2869 file(s) [attempted 2869/8908 = 32%, 322 KB/s], Decompressed: 2861
2026-10-09T16:46:51.3616742Z Downloaded: 2973 file(s) [attempted 2973/8908 = 33%, 98 KB/s], Decompressed: 2970
2026-10-09T16:46:51.4675420Z Downloaded: 3088 file(s) [attempted 3088/8908 = 34%, 907 KB/s], Decompressed: 3087
2026-10-09T16:46:51.5680423Z Downloaded: 3162 file(s) [attempted 3162/8908 = 35%, 568 KB/s], Decompressed: 3157
2026-10-09T16:46:51.6673437Z Downloaded: 3288 file(s) [attempted 3288/8908 = 36%, 1941 KB/s], Decompressed: 3282
2026-10-09T16:46:51.7670843Z Downloaded: 3366 file(s) [attempted 3366/8908 = 37%, 61 KB/s], Decompressed: 3362
2026-10-09T16:46:51.8795071Z Downloaded: 3487 file(s) [attempted 3487/8908 = 39%, 288 KB/s], Decompressed: 3481
2026-10-09T16:46:51.9794480Z Downloaded: 3604 file(s) [attempted 3604/8908 = 40%, 85 KB/s], Decompressed: 3602
2026-10-09T16:46:52.0800724Z Downloaded: 3713 file(s) [attempted 3713/8908 = 41%, 3600 KB/s], Decompressed: 3707
2026-10-09T16:46:52.1852420Z Downloaded: 3821 file(s) [attempted 3821/8908 = 42%, 3971 KB/s], Decompressed: 3813
2026-10-09T16:46:52.2852354Z Downloaded: 3952 file(s) [attempted 3952/8908 = 44%, 2215 KB/s], Decompressed: 3950
2026-10-09T16:46:52.3854384Z Downloaded: 4085 file(s) [attempted 4085/8908 = 45%, 422 KB/s], Decompressed: 4073
2026-10-09T16:46:52.4857230Z Downloaded: 4144 file(s) [attempted 4144/8908 = 46%, 620 KB/s], Decompressed: 4140
2026-10-09T16:46:52.5854841Z Downloaded: 4256 file(s) [attempted 4256/8908 = 47%, 1610 KB/s], Decompressed: 4250
2026-10-09T16:46:52.6860744Z Downloaded: 4363 file(s) [attempted 4363/8908 = 48%, 265 KB/s], Decompressed: 4361
2026-10-09T16:46:52.7906682Z Downloaded: 4451 file(s) [attempted 4451/8908 = 49%, 916 KB/s], Decompressed: 4445
2026-10-09T16:46:52.8905127Z Downloaded: 4531 file(s) [attempted 4531/8908 = 50%, 212 KB/s], Decompressed: 4524
2026-10-09T16:46:52.9902785Z Downloaded: 4645 file(s) [attempted 4645/8908 = 52%, 1102 KB/s], Decompressed: 4639
2026-10-09T16:46:53.0905794Z Downloaded: 4780 file(s) [attempted 4780/8908 = 53%, 1380 KB/s], Decompressed: 4772
2026-10-09T16:46:53.1912240Z Downloaded: 4902 file(s) [attempted 4902/8908 = 55%, 1992 KB/s], Decompressed: 4896
2026-10-09T16:46:53.2906428Z Downloaded: 5042 file(s) [attempted 5042/8908 = 56%, 202 KB/s], Decompressed: 5038
2026-10-09T16:46:53.3906706Z Downloaded: 5165 file(s) [attempted 5165/8908 = 57%, 2883 KB/s], Decompressed: 5158
2026-10-09T16:46:53.4916402Z Downloaded: 5295 file(s) [attempted 5295/8908 = 59%, 957 KB/s], Decompressed: 5293
2026-10-09T16:46:53.5917293Z Downloaded: 5418 file(s) [attempted 5418/8908 = 60%, 990 KB/s], Decompressed: 5409
2026-10-09T16:46:53.6912642Z Downloaded: 5533 file(s) [attempted 5533/8908 = 62%, 344 KB/s], Decompressed: 5528
2026-10-09T16:46:53.7917383Z Downloaded: 5658 file(s) [attempted 5658/8908 = 63%, 1600 KB/s], Decompressed: 5653
2026-10-09T16:46:53.8980533Z Downloaded: 5773 file(s) [attempted 5773/8908 = 64%, 169 KB/s], Decompressed: 5737
2026-10-09T16:46:53.9974505Z Downloaded: 5821 file(s) [attempted 5821/8908 = 65%, 322 KB/s], Decompressed: 5816
2026-10-09T16:46:54.0971759Z Downloaded: 5937 file(s) [attempted 5937/8908 = 66%, 979 KB/s], Decompressed: 5930
2026-10-09T16:46:54.1981639Z Downloaded: 6043 file(s) [attempted 6043/8908 = 67%, 5648 KB/s], Decompressed: 6035
2026-10-09T16:46:54.2978014Z Downloaded: 6158 file(s) [attempted 6158/8908 = 69%, 1752 KB/s], Decompressed: 6155
2026-10-09T16:46:54.3978083Z Downloaded: 6282 file(s) [attempted 6282/8908 = 70%, 1834 KB/s], Decompressed: 6278
2026-10-09T16:46:54.4990622Z Downloaded: 6412 file(s) [attempted 6412/8908 = 71%, 1270 KB/s], Decompressed: 6407
2026-10-09T16:46:54.5972455Z Downloaded: 6539 file(s) [attempted 6539/8908 = 73%, 160 KB/s], Decompressed: 6534
2026-10-09T16:46:54.7005276Z Downloaded: 6662 file(s) [attempted 6662/8908 = 74%, 2977 KB/s], Decompressed: 6652
2026-10-09T16:46:54.8004299Z Downloaded: 6770 file(s) [attempted 6770/8908 = 75%, 466 KB/s], Decompressed: 6767
2026-10-09T16:46:54.9046212Z Downloaded: 6880 file(s) [attempted 6880/8908 = 77%, 1436 KB/s], Decompressed: 6873
2026-10-09T16:46:55.0062176Z Downloaded: 7000 file(s) [attempted 7000/8908 = 78%, 292 KB/s], Decompressed: 6993
2026-10-09T16:46:55.1067343Z Downloaded: 7118 file(s) [attempted 7118/8908 = 79%, 152 KB/s], Decompressed: 7113
2026-10-09T16:46:55.2070723Z Downloaded: 7183 file(s) [attempted 7183/8908 = 80%, 266 KB/s], Decompressed: 7164
2026-10-09T16:46:55.3075003Z Downloaded: 7299 file(s) [attempted 7299/8908 = 81%, 1378 KB/s], Decompressed: 7289
2026-10-09T16:46:55.4077838Z Downloaded: 7430 file(s) [attempted 7430/8908 = 83%, 2287 KB/s], Decompressed: 7423
2026-10-09T16:46:55.5071899Z Downloaded: 7563 file(s) [attempted 7563/8908 = 84%, 2961 KB/s], Decompressed: 7558
2026-10-09T16:46:55.6076353Z Downloaded: 7696 file(s) [attempted 7696/8908 = 86%, 3133 KB/s], Decompressed: 7690
2026-10-09T16:46:55.7096209Z Downloaded: 7824 file(s) [attempted 7824/8908 = 87%, 3700 KB/s], Decompressed: 7812
2026-10-09T16:46:55.8113599Z Downloaded: 7947 file(s) [attempted 7947/8908 = 89%, 987 KB/s], Decompressed: 7942
2026-10-09T16:46:55.9110267Z Downloaded: 8069 file(s) [attempted 8069/8908 = 90%, 2099 KB/s], Decompressed: 8064
2026-10-09T16:46:56.0114236Z Downloaded: 8194 file(s) [attempted 8194/8908 = 91%, 1132 KB/s], Decompressed: 8189
2026-10-09T16:46:56.1107438Z Downloaded: 8323 file(s) [attempted 8323/8908 = 93%, 1522 KB/s], Decompressed: 8309
2026-10-09T16:46:56.2143816Z Downloaded: 8437 file(s) [attempted 8437/8908 = 94%, 10666 KB/s], Decompressed: 8427
2026-10-09T16:46:56.3149358Z Downloaded: 8511 file(s) [attempted 8511/8908 = 95%, 76 KB/s], Decompressed: 8504
2026-10-09T16:46:56.4142527Z Downloaded: 8623 file(s) [attempted 8623/8908 = 96%, 362 KB/s], Decompressed: 8617
2026-10-09T16:46:56.5149828Z Downloaded: 8757 file(s) [attempted 8757/8908 = 98%, 565 KB/s], Decompressed: 8747
2026-10-09T16:46:56.5307970Z Downloaded: 8894 file(s) [attempted 8894/8908 = 99%, 379 KB/s], Decompressed: 8883
2026-10-09T16:46:56.5309451Z Downloaded: 8908 file(s) [attempted 8908/8908 = 100%, 379 KB/s], Decompressed: 8903
2026-10-09T16:46:57.3020213Z Decompressed 8908 file(s)
2026-10-09T16:46:57.3020594Z Already decompressed 8908 file(s)
2026-10-09T16:46:57.3471648Z ##[endgroup]
2026-10-09T16:46:57.3471891Z 
2026-10-09T16:46:57.3508761Z ##[end-action id=__leanprover_lean-action.__run_3;outcome=success;conclusion=success;duration_ms=14770]
2026-10-09T16:46:57.3525072Z ##[start-action display=build mxym/math;id=__leanprover_lean-action.build]
2026-10-09T16:46:57.3531979Z ##[end-action id=__leanprover_lean-action.build;outcome=skipped;conclusion=skipped;duration_ms=0]
2026-10-09T16:46:57.3535238Z ##[start-action display=Run actions/cache/save@caa296126883cff596d87d8935842f9db880ef25;id=__leanprover_lean-action.__actions_cache_2]
2026-10-09T16:46:57.5821077Z ##[group]Run actions/cache/save@caa296126883cff596d87d8935842f9db880ef25
2026-10-09T16:46:57.5821722Z with:
2026-10-09T16:46:57.5822103Z   path: formalizations/appt-qutrit-purity/.lake
2026-10-09T16:46:57.5823827Z   key: lake-Linux-X64-d791b020c21edcc7e9e22797f1d59fde59e8af8f675af62dc2f1fd7521bfef93-cc0821392235d0e60f0972bc46430901b985a718aa3b1322ee150cbc1fbc220f-d73051da70f49a26379fe781e1f323f4d26186cd
2026-10-09T16:46:57.5825518Z   enableCrossOsArchive: false
2026-10-09T16:46:57.5825922Z ##[endgroup]
2026-10-09T16:46:57.7552029Z [command]/usr/bin/tar --posix -cf cache.tzst --exclude cache.tzst -P -C /home/runner/work/math/math --files-from manifest.txt --use-compress-program zstdmt
2026-10-09T16:47:19.7434406Z Sent 0 of 2574315609 (0.0%), 0.0 MBs/sec
2026-10-09T16:47:20.7435571Z Sent 469762048 of 2574315609 (18.2%), 224.0 MBs/sec
2026-10-09T16:47:21.7487963Z Sent 805306368 of 2574315609 (31.3%), 255.9 MBs/sec
2026-10-09T16:47:22.7470112Z Sent 1207959552 of 2574315609 (46.9%), 287.9 MBs/sec
2026-10-09T16:47:23.7470659Z Sent 1543503872 of 2574315609 (60.0%), 294.3 MBs/sec
2026-10-09T16:47:24.7510157Z Sent 1879048192 of 2574315609 (73.0%), 298.5 MBs/sec
2026-10-09T16:47:25.7476423Z Sent 2080374784 of 2574315609 (80.8%), 283.3 MBs/sec
2026-10-09T16:47:26.7484826Z Sent 2305880153 of 2574315609 (89.6%), 274.7 MBs/sec
2026-10-09T16:47:27.7490964Z Sent 2372989017 of 2574315609 (92.2%), 251.3 MBs/sec
2026-10-09T16:47:28.7494361Z Sent 2507206745 of 2574315609 (97.4%), 239.0 MBs/sec
2026-10-09T16:47:29.7504492Z Sent 2507206745 of 2574315609 (97.4%), 217.2 MBs/sec
2026-10-09T16:47:29.9757327Z Sent 2574315609 of 2574315609 (100.0%), 218.6 MBs/sec
2026-10-09T16:47:30.5978070Z Cache saved with key: lake-Linux-X64-d791b020c21edcc7e9e22797f1d59fde59e8af8f675af62dc2f1fd7521bfef93-cc0821392235d0e60f0972bc46430901b985a718aa3b1322ee150cbc1fbc220f-d73051da70f49a26379fe781e1f323f4d26186cd
2026-10-09T16:47:30.6100713Z ##[end-action id=__leanprover_lean-action.__actions_cache_2;outcome=success;conclusion=success;duration_ms=33256]
2026-10-09T16:47:30.6106659Z ##[start-action display=test mxym/math;id=__leanprover_lean-action.test]
2026-10-09T16:47:30.6111858Z ##[end-action id=__leanprover_lean-action.test;outcome=skipped;conclusion=skipped;duration_ms=0]
2026-10-09T16:47:30.6114644Z ##[start-action display=lint mxym/math;id=__leanprover_lean-action.lint]
2026-10-09T16:47:30.6118650Z ##[end-action id=__leanprover_lean-action.lint;outcome=skipped;conclusion=skipped;duration_ms=0]
2026-10-09T16:47:30.6120927Z ##[start-action display=check reservoir eligibility;id=__leanprover_lean-action.__run_4]
2026-10-09T16:47:30.6125437Z ##[end-action id=__leanprover_lean-action.__run_4;outcome=skipped;conclusion=skipped;duration_ms=0]
2026-10-09T16:47:30.6128851Z ##[start-action display=check environment with leanchecker;id=__leanprover_lean-action.__run_5]
2026-10-09T16:47:30.6154190Z ##[end-action id=__leanprover_lean-action.__run_5;outcome=skipped;conclusion=skipped;duration_ms=0]
2026-10-09T16:47:30.6156756Z ##[start-action display=check environment with nanoda;id=__leanprover_lean-action.nanoda]
2026-10-09T16:47:30.6160381Z ##[end-action id=__leanprover_lean-action.nanoda;outcome=skipped;conclusion=skipped;duration_ms=0]
2026-10-09T16:47:30.6162836Z ##[start-action display=audit axioms with axiom-audit;id=__leanprover_lean-action.axiom-audit]
2026-10-09T16:47:30.6166224Z ##[end-action id=__leanprover_lean-action.axiom-audit;outcome=skipped;conclusion=skipped;duration_ms=0]
2026-10-09T16:47:30.6220794Z ##[group]Run set -euo pipefail
2026-10-09T16:47:30.6221135Z [36;1mset -euo pipefail[0m
2026-10-09T16:47:30.6221409Z [36;1mmkdir -p component-provenance[0m
2026-10-09T16:47:30.6221862Z [36;1mgh api repos/mxym/math/actions/runs/37956727424 > component-provenance/run.json[0m
2026-10-09T16:47:30.6222497Z [36;1mgh api repos/mxym/math/actions/runs/37956727424/jobs > component-provenance/jobs.json[0m
2026-10-09T16:47:30.6222953Z [36;1mpython3 - <<'PY'[0m
2026-10-09T16:47:30.6223198Z [36;1mimport json[0m
2026-10-09T16:47:30.6223602Z [36;1mfrom pathlib import Path[0m
2026-10-09T16:47:30.6223887Z [36;1mp=Path('component-provenance')[0m
2026-10-09T16:47:30.6224220Z [36;1mrun=json.loads((p/'run.json').read_text())[0m
2026-10-09T16:47:30.6224631Z [36;1massert run['head_sha']=='b30faa14239c85ea61447c055d37731c9e987939'[0m
2026-10-09T16:47:30.6225360Z [36;1mexpected={f'components ({c})' for c in ['Dimension9','Dimension12','Dimension15','Dimension18','Dimension21','Dimension24','UniformBuild']}[0m
2026-10-09T16:47:30.6226027Z [36;1mjobs=json.loads((p/'jobs.json').read_text())['jobs'][0m
2026-10-09T16:47:30.6226424Z [36;1mmatched=[j for j in jobs if j['name'] in expected][0m
2026-10-09T16:47:30.6226850Z [36;1massert len(matched)==7 and {j['name'] for j in matched}==expected[0m
2026-10-09T16:47:30.6227369Z [36;1massert all(j['status']=='completed' and j['conclusion']=='success' for j in matched)[0m
2026-10-09T16:47:30.6227845Z [36;1mprint('SEVEN_COMPONENT_JOB_PROVENANCE_PASS')[0m
2026-10-09T16:47:30.6228145Z [36;1mPY[0m
2026-10-09T16:47:30.6295580Z shell: /usr/bin/bash --noprofile --norc -e -o pipefail {0}
2026-10-09T16:47:30.6295936Z env:
2026-10-09T16:47:30.6298550Z   GH_TOKEN: ***
2026-10-09T16:47:30.6298784Z ##[endgroup]
2026-10-09T16:47:31.7737969Z SEVEN_COMPONENT_JOB_PROVENANCE_PASS
2026-10-09T16:47:31.7832689Z ##[group]Run actions/download-artifact@v4
2026-10-09T16:47:31.7833011Z with:
2026-10-09T16:47:31.7833214Z   repository: mxym/math
2026-10-09T16:47:31.7835756Z   github-token: ***
2026-10-09T16:47:31.7835989Z   run-id: 37956727424
2026-10-09T16:47:31.7836295Z   pattern: component-*-b30faa14239c85ea61447c055d37731c9e987939
2026-10-09T16:47:31.7836660Z   path: component-artifacts
2026-10-09T16:47:31.7836914Z   merge-multiple: false
2026-10-09T16:47:31.7837136Z ##[endgroup]
2026-10-09T16:47:31.9388255Z Fetching artifact list for workflow run 37956727424 in repository mxym/math
2026-10-09T16:47:31.9458794Z (node:11215) [DEP0040] DeprecationWarning: The `punycode` module is deprecated. Please use a userland alternative instead.
2026-10-09T16:47:31.9460353Z (Use `node --trace-deprecation ...` to show where the warning was created)
2026-10-09T16:47:31.9673658Z (node:11215) [DEP0169] DeprecationWarning: `url.parse()` behavior is not standardized and prone to errors that have security implications. Use the WHATWG URL API instead. CVEs are not issued for `url.parse()` vulnerabilities.
2026-10-09T16:47:32.2173422Z Found 8 artifact(s)
2026-10-09T16:47:32.2174750Z Filtering artifacts by pattern 'component-*-b30faa14239c85ea61447c055d37731c9e987939'
2026-10-09T16:47:32.2197158Z Preparing to download the following artifacts:
2026-10-09T16:47:32.2198763Z - component-Dimension24-b30faa14239c85ea61447c055d37731c9e987939 (ID: 11631111137, Size: 195609067, Expected Digest: sha256:d9290d59f684d2eea79b3b8b52ac33e4a1a1617724c7f70ce9a7f40b5b6037db)
2026-10-09T16:47:32.2202232Z - component-Dimension21-b30faa14239c85ea61447c055d37731c9e987939 (ID: 11629860227, Size: 163381275, Expected Digest: sha256:18c4af6ce66f3ab225cd16ae738c6ce20cfe2c84a6d9103c42de8d5cca9769f2)
2026-10-09T16:47:32.2205139Z - component-Dimension18-b30faa14239c85ea61447c055d37731c9e987939 (ID: 11629860204, Size: 101537843, Expected Digest: sha256:92b940c1af9fba66f7e0e51e31172d2adab6dbc5fba8941d89fe753e7060fad6)
2026-10-09T16:47:32.2207050Z - component-Dimension9-b30faa14239c85ea61447c055d37731c9e987939 (ID: 11628641691, Size: 18157001, Expected Digest: sha256:65559321b26defd28857b18aaa8531fc3ece90ca9a1242a1ba872bea1600e07a)
2026-10-09T16:47:32.2208817Z - component-Dimension15-b30faa14239c85ea61447c055d37731c9e987939 (ID: 11628537530, Size: 60323052, Expected Digest: sha256:f1afefcb8c2d067b42af5bf0db6edbf80dd5df66cd50f3d4ce41e06b8234df10)
2026-10-09T16:47:32.2211218Z - component-Dimension12-b30faa14239c85ea61447c055d37731c9e987939 (ID: 11628323284, Size: 32880469, Expected Digest: sha256:4b6428a6d5f24dfaa0774e4f64d1e7ad44eaad00d0decc0fbf27c0c96f83bf3d)
2026-10-09T16:47:32.2212812Z - component-UniformBuild-b30faa14239c85ea61447c055d37731c9e987939 (ID: 11627539822, Size: 510511838, Expected Digest: sha256:639fc116524002ee507d417bb57d8aec21e838410f34e3aee3494d37b5773fa6)
2026-10-09T16:47:32.2254115Z Downloading artifact '11629860227' from 'mxym/math'
2026-10-09T16:47:32.2313017Z Downloading artifact '11628641691' from 'mxym/math'
2026-10-09T16:47:32.2374049Z Downloading artifact '11628537530' from 'mxym/math'
2026-10-09T16:47:32.2456930Z Downloading artifact '11627539822' from 'mxym/math'
2026-10-09T16:47:32.2515388Z Downloading artifact '11628323284' from 'mxym/math'
2026-10-09T16:47:32.2584483Z Downloading artifact '11631111137' from 'mxym/math'
2026-10-09T16:47:32.2653765Z Downloading artifact '11629860204' from 'mxym/math'
2026-10-09T16:47:32.4732793Z Redirecting to blob download url: https://productionresultssa17.blob.core.windows.net/actions-results/347b1c0d-511f-434a-bdad-9eb49fa20812/workflow-job-run-f8981a83-5ee3-51ba-8940-8feabd30e505/artifacts/fb868d8925451b654bd5eaeb95545a82fc65a053101d6d677705f59d8dc24b8e.zip
2026-10-09T16:47:32.4735754Z Starting download of artifact to: /home/runner/work/math/math/component-artifacts/component-Dimension21-b30faa14239c85ea61447c055d37731c9e987939
2026-10-09T16:47:32.5373789Z Redirecting to blob download url: https://productionresultssa17.blob.core.windows.net/actions-results/347b1c0d-511f-434a-bdad-9eb49fa20812/workflow-job-run-55458530-383b-5835-b652-aa9b08300834/artifacts/6e5cdf8aabca772b8282e0dedb1b85225fb5c113a68b9d70f2d027b94b182086.zip
2026-10-09T16:47:32.5377567Z Starting download of artifact to: /home/runner/work/math/math/component-artifacts/component-Dimension15-b30faa14239c85ea61447c055d37731c9e987939
2026-10-09T16:47:32.5515636Z Redirecting to blob download url: https://productionresultssa17.blob.core.windows.net/actions-results/347b1c0d-511f-434a-bdad-9eb49fa20812/workflow-job-run-1663a277-1101-50f2-b584-e3eb5dcbca18/artifacts/5e232365a37d1baaa70e22cefc041e62cafffaaaf2d5a7b4aa4b428b787f77b0.zip
2026-10-09T16:47:32.5519382Z Starting download of artifact to: /home/runner/work/math/math/component-artifacts/component-Dimension9-b30faa14239c85ea61447c055d37731c9e987939
2026-10-09T16:47:32.5574372Z Redirecting to blob download url: https://productionresultssa17.blob.core.windows.net/actions-results/347b1c0d-511f-434a-bdad-9eb49fa20812/workflow-job-run-f50d2814-8379-5b98-af5f-354bea1ad1fd/artifacts/47a34c19b06aef354bee5f59f55d13692019b37f8f668227262369c909904841.zip
2026-10-09T16:47:32.5577176Z Starting download of artifact to: /home/runner/work/math/math/component-artifacts/component-Dimension12-b30faa14239c85ea61447c055d37731c9e987939
2026-10-09T16:47:32.5593885Z Redirecting to blob download url: https://productionresultssa17.blob.core.windows.net/actions-results/347b1c0d-511f-434a-bdad-9eb49fa20812/workflow-job-run-66e6f2c8-0535-5c11-bf07-f0927289b0ef/artifacts/fa15176ae1877b643d61a667d877221b023244bcd9d04c02e8b65007e93cfbf6.zip
2026-10-09T16:47:32.5596419Z Starting download of artifact to: /home/runner/work/math/math/component-artifacts/component-UniformBuild-b30faa14239c85ea61447c055d37731c9e987939
2026-10-09T16:47:32.5666637Z Redirecting to blob download url: https://productionresultssa17.blob.core.windows.net/actions-results/347b1c0d-511f-434a-bdad-9eb49fa20812/workflow-job-run-b1afcc7a-5576-595a-9781-bdd6557c0613/artifacts/3ecc0f393f203dad08e725ecb36fef0821352ad6b252c5ccc3fbf97187ef2c76.zip
2026-10-09T16:47:32.5669940Z Starting download of artifact to: /home/runner/work/math/math/component-artifacts/component-Dimension24-b30faa14239c85ea61447c055d37731c9e987939
2026-10-09T16:47:32.6169749Z Redirecting to blob download url: https://productionresultssa17.blob.core.windows.net/actions-results/347b1c0d-511f-434a-bdad-9eb49fa20812/workflow-job-run-37ee32aa-b97d-5daf-9404-8f396db5e277/artifacts/0b4e215cca1ce9b9f6b618b6deb1e47c7044e10e04c9ac6eaeda086e5c8d442b.zip
2026-10-09T16:47:32.6173347Z Starting download of artifact to: /home/runner/work/math/math/component-artifacts/component-Dimension18-b30faa14239c85ea61447c055d37731c9e987939
2026-10-09T16:47:32.7584837Z (node:11215) [DEP0005] DeprecationWarning: Buffer() is deprecated due to security and usability issues. Please use the Buffer.alloc(), Buffer.allocUnsafe(), or Buffer.from() methods instead.
2026-10-09T16:47:34.8200193Z SHA256 digest of downloaded artifact is 65559321b26defd28857b18aaa8531fc3ece90ca9a1242a1ba872bea1600e07a
2026-10-09T16:47:34.8201393Z Artifact download completed successfully.
2026-10-09T16:47:36.0413623Z SHA256 digest of downloaded artifact is f1afefcb8c2d067b42af5bf0db6edbf80dd5df66cd50f3d4ce41e06b8234df10
2026-10-09T16:47:36.0414726Z Artifact download completed successfully.
2026-10-09T16:47:37.1833905Z SHA256 digest of downloaded artifact is 92b940c1af9fba66f7e0e51e31172d2adab6dbc5fba8941d89fe753e7060fad6
2026-10-09T16:47:37.1834893Z Artifact download completed successfully.
2026-10-09T16:47:39.0645483Z SHA256 digest of downloaded artifact is d9290d59f684d2eea79b3b8b52ac33e4a1a1617724c7f70ce9a7f40b5b6037db
2026-10-09T16:47:39.0646514Z Artifact download completed successfully.
2026-10-09T16:47:39.8683983Z SHA256 digest of downloaded artifact is 4b6428a6d5f24dfaa0774e4f64d1e7ad44eaad00d0decc0fbf27c0c96f83bf3d
2026-10-09T16:47:39.8685174Z Artifact download completed successfully.
2026-10-09T16:47:52.9808922Z SHA256 digest of downloaded artifact is 639fc116524002ee507d417bb57d8aec21e838410f34e3aee3494d37b5773fa6
2026-10-09T16:47:52.9810527Z Artifact download completed successfully.
2026-10-09T16:48:36.5683882Z SHA256 digest of downloaded artifact is 18c4af6ce66f3ab225cd16ae738c6ce20cfe2c84a6d9103c42de8d5cca9769f2
2026-10-09T16:48:36.5684919Z Artifact download completed successfully.
2026-10-09T16:48:36.5685459Z Total of 7 artifact(s) downloaded
2026-10-09T16:48:36.5692569Z Download artifact has finished successfully
2026-10-09T16:48:36.5870020Z ##[group]Run set -euo pipefail
2026-10-09T16:48:36.5870399Z [36;1mset -euo pipefail[0m
2026-10-09T16:48:36.5870714Z [36;1mpython3 scripts/source_manifest.py --check[0m
2026-10-09T16:48:36.5871158Z [36;1mpython3 scripts/component_cache.py merge ../../component-artifacts[0m
2026-10-09T16:48:36.5871819Z [36;1mfind ../../component-artifacts -name UNIFORM_CACHE_PROVENANCE.json -exec cp {} local-verification/complete/ \;[0m
2026-10-09T16:48:36.5872511Z [36;1mcp ../../component-provenance/*.json local-verification/complete/[0m
2026-10-09T16:48:36.5872972Z [36;1mpython3 reproduce.py 2>&1 | tee full-verification.log[0m
2026-10-09T16:48:36.5935922Z shell: /usr/bin/bash --noprofile --norc -e -o pipefail {0}
2026-10-09T16:48:36.5936272Z ##[endgroup]
2026-10-09T16:48:37.0228339Z COMPLETE_SOURCE_MANIFEST_PASS 942 files
2026-10-09T16:49:12.5421917Z SOURCE_BOUND_COMPONENT_MERGE_PASS 7 components
2026-10-09T16:49:20.7692124Z {"name": "source-inventory", "command": ["python3", "scripts/source_manifest.py", "--check"], "exit_code": 0, "expected_rejection": false, "timed_out": false, "passed": true, "seconds": 0.214, "log_sha256": "72cacc8c4a50c6bf51d6828dcdadf99eb6b1ca85978c5425d709fac7be85867e"}
2026-10-09T16:49:21.3860424Z {"name": "regenerate-uniform", "command": ["python3", "scripts/generate_uniform.py", "--check"], "exit_code": 0, "expected_rejection": false, "timed_out": false, "passed": true, "seconds": 0.616, "log_sha256": "27cda8380c56ae2c7b6b83b568e509e928bb072820ef3cbf6d164d81be8b5278"}
2026-10-09T16:49:31.5758840Z {"name": "regenerate-finite", "command": ["python3", "scripts/generate_finite_sparse.py", "--check"], "exit_code": 0, "expected_rejection": false, "timed_out": false, "passed": true, "seconds": 10.189, "log_sha256": "b1d97a386db0c8a1455826e8acb5553f1a592586a4c6965bb20edc44f1e3e4b3"}
2026-10-09T16:49:32.0421125Z {"name": "certificate-controls", "command": ["python3", "scripts/certificate_controls.py"], "exit_code": 0, "expected_rejection": false, "timed_out": false, "passed": true, "seconds": 0.465, "log_sha256": "e39381d3f806672182d127e5edbe5ade70518370813ecbb1c25feed19a38fb9d"}
2026-10-09T16:49:37.2185368Z {"name": "replay-controls", "command": ["lake", "env", "lean", "-j1", "ReplayControls.lean"], "exit_code": 0, "expected_rejection": false, "timed_out": false, "passed": true, "seconds": 5.175, "log_sha256": "875a2da9febde38e091e6b7ee722ea72453b52abc667b3a4b8b6424d3b27f72a"}
2026-10-09T16:49:37.4843828Z {"name": "module-graph", "command": ["python3", "scripts/completion_graph.py", "--check"], "exit_code": 0, "expected_rejection": false, "timed_out": false, "passed": true, "seconds": 0.265, "log_sha256": "a5d91b48d064176292470481afaac08a1c8e5cda65d4cf03c6dc35fb6bcef9e7"}
2026-10-09T16:50:16.0028014Z {"name": "bounded-lake", "command": ["lake", "env", "python3", "scripts/build_blocks.py", "--case", "All", "--engine", "lake", "--jobs", "2", "--timeout", "300"], "exit_code": 0, "expected_rejection": false, "timed_out": false, "passed": true, "seconds": 38.516, "log_sha256": "14b50ae2691d09b6c72b97525221fcdff30124a5e78c09e4b1304d554c9d5aff"}
2026-10-09T16:50:17.9745089Z {"name": "lake-build", "command": ["lake", "build"], "exit_code": 0, "expected_rejection": false, "timed_out": false, "passed": true, "seconds": 1.97, "log_sha256": "fd2af419e5b16163ed2c45f4e53ffe3feaf13c1e7a2e673eb77292b1731ef96d"}
2026-10-09T16:50:20.4454022Z {"name": "positive-sparse", "command": ["lake", "env", "lean", "-j1", "-M12288", "PositiveSparse.lean"], "exit_code": 0, "expected_rejection": false, "timed_out": false, "passed": true, "seconds": 2.47, "log_sha256": "e3b0c44298fc1c149afbf4c8996fb92427ae41e4649b934ca495991b7852b855"}
2026-10-09T16:50:22.9666766Z {"name": "negative-sparse", "command": ["lake", "env", "lean", "-j1", "-M12288", "RejectSparse.lean"], "exit_code": 1, "expected_rejection": true, "timed_out": false, "passed": true, "seconds": 2.52, "log_sha256": "49843e28476f2486c023d77ffa901b22aa927da9697446a41c4a78acffa2b1b8"}
2026-10-09T16:50:25.4377923Z {"name": "positive-corner", "command": ["lake", "env", "lean", "-j1", "-M12288", "NecessityPositive.lean"], "exit_code": 0, "expected_rejection": false, "timed_out": false, "passed": true, "seconds": 2.47, "log_sha256": "c2b8f18a43cd83d7d72980eb8e82529e7eca97efd24cd7dc1a11052781027b06"}
2026-10-09T16:50:27.9602828Z {"name": "negative-corner", "command": ["lake", "env", "lean", "-j1", "-M12288", "NecessityReject.lean"], "exit_code": 1, "expected_rejection": true, "timed_out": false, "passed": true, "seconds": 2.521, "log_sha256": "bfaa4e6ec4c17a83f59ebde0bffc5f093040ad32be5580895b64c320ab144c35"}
2026-10-09T16:50:31.0830730Z {"name": "positive-purity", "command": ["lake", "env", "lean", "-j1", "-M12288", "PositivePurity.lean"], "exit_code": 0, "expected_rejection": false, "timed_out": false, "passed": true, "seconds": 3.122, "log_sha256": "51777b897b99548b4d2da80a43ca2a92e178c413cf41080a46dc75b5fc49656b"}
2026-10-09T16:50:34.2061258Z {"name": "negative-purity", "command": ["lake", "env", "lean", "-j1", "-M12288", "RejectPurity.lean"], "exit_code": 1, "expected_rejection": true, "timed_out": false, "passed": true, "seconds": 3.122, "log_sha256": "02be4baec321c8e7c908042f7d3c2e6bfd5c9e39f3cd385c0d71a5805e20c756"}
2026-10-09T16:50:37.4797141Z {"name": "completion-formula-controls", "command": ["lake", "env", "lean", "-j1", "-M12288", "CompletionFormulaControls.lean"], "exit_code": 0, "expected_rejection": false, "timed_out": false, "passed": true, "seconds": 3.272, "log_sha256": "b3d7f5f878c9254020f03773259bd22f88c0e71c38b21abdaccff34f50068d30"}
2026-10-09T17:01:16.9225255Z {"name": "empty-kernel", "command": ["lake", "env", "lean", "-j1", "-M12288", "CheckpointReplay.lean"], "exit_code": 0, "expected_rejection": false, "timed_out": false, "passed": true, "seconds": 639.442, "log_sha256": "14422d75c89821c4bbe5f807936c4c6c75e2502fd8406950f5fa03775ea035ac"}
2026-10-09T17:01:18.7432106Z {"name": "replay-support", "command": ["lake", "env", "lean", "-j1", "-M12288", "-o", ".lake/build/lib/lean/Verification/ReplaySupport.olean", "Verification/ReplaySupport.lean"], "exit_code": 0, "expected_rejection": false, "timed_out": false, "passed": true, "seconds": 1.82, "log_sha256": "e3b0c44298fc1c149afbf4c8996fb92427ae41e4649b934ca495991b7852b855"}
2026-10-09T17:21:18.7736186Z {"name": "corrupt-final-theorem", "command": ["lake", "env", "lean", "-j1", "-M12288", "CompletionAudit.lean"], "exit_code": 124, "expected_rejection": false, "timed_out": true, "passed": false, "seconds": 1200.029, "log_sha256": "e3b0c44298fc1c149afbf4c8996fb92427ae41e4649b934ca495991b7852b855"}
2026-10-09T17:21:18.8437994Z Traceback (most recent call last):
2026-10-09T17:21:18.8439319Z   File "/home/runner/work/math/math/formalizations/appt-qutrit-purity/reproduce.py", line 121, in <module>
2026-10-09T17:21:18.8450333Z     if __name__=='__main__':main()
2026-10-09T17:21:18.8451033Z                             ^^^^^^
2026-10-09T17:21:18.8451902Z   File "/home/runner/work/math/math/formalizations/appt-qutrit-purity/reproduce.py", line 93, in main
2026-10-09T17:21:18.8452970Z     if not passed:raise RuntimeError('Verification failed: '+name)
2026-10-09T17:21:18.8453639Z                   ^^^^^^^^^^^^^^^^^^^^^^^^^^^^^^^^^^^^^^^^^^^^^^^^
2026-10-09T17:21:18.8454281Z RuntimeError: Verification failed: corrupt-final-theorem
2026-10-09T17:21:18.8596711Z ##[error]Process completed with exit code 1.
2026-10-09T17:21:18.8696466Z ##[group]Run actions/upload-artifact@v4
2026-10-09T17:21:18.8696987Z with:
2026-10-09T17:21:18.8697483Z   name: complete-maximum-d73051da70f49a26379fe781e1f323f4d26186cd
2026-10-09T17:21:18.8700037Z   path: formalizations/appt-qutrit-purity/logs/blocks/
formalizations/appt-qutrit-purity/replayed-*.txt
formalizations/appt-qutrit-purity/completion-replayed-*.txt
formalizations/appt-qutrit-purity/local-verification/complete/
formalizations/appt-qutrit-purity/full-verification.log
component-provenance/

2026-10-09T17:21:18.8702238Z   if-no-files-found: warn
2026-10-09T17:21:18.8702644Z   compression-level: 6
2026-10-09T17:21:18.8703015Z   overwrite: false
2026-10-09T17:21:18.8703382Z   include-hidden-files: false
2026-10-09T17:21:18.8703797Z ##[endgroup]
2026-10-09T17:21:19.0952659Z (node:12969) [DEP0040] DeprecationWarning: The `punycode` module is deprecated. Please use a userland alternative instead.
2026-10-09T17:21:19.0954200Z (Use `node --trace-deprecation ...` to show where the warning was created)
2026-10-09T17:21:19.3511547Z Uploads are case insensitive: /home/runner/work/math/math/formalizations/appt-qutrit-purity/local-verification/complete/run.json was detected that it will be overwritten by another file with the same path
2026-10-09T17:21:19.4896005Z Multiple search paths detected. Calculating the least common ancestor of all paths
2026-10-09T17:21:19.4896936Z The least common ancestor is /home/runner/work/math/math. This will be the root directory of the artifact
2026-10-09T17:21:19.4897512Z With the provided path, there will be 1788 files uploaded
2026-10-09T17:21:19.4897999Z Artifact name is valid!
2026-10-09T17:21:19.4898239Z Root directory input is valid!
2026-10-09T17:21:19.7994737Z Beginning upload of artifact content to blob storage
2026-10-09T17:21:21.1358698Z (node:12969) [DEP0169] DeprecationWarning: `url.parse()` behavior is not standardized and prone to errors that have security implications. Use the WHATWG URL API instead. CVEs are not issued for `url.parse()` vulnerabilities.
2026-10-09T17:21:21.7410034Z Uploaded bytes 2501623
2026-10-09T17:21:21.7994318Z Finished uploading artifact content to blob storage!
2026-10-09T17:21:21.7995572Z SHA256 digest of uploaded artifact zip is f3ad0e6e73f15162b0dd58002052b5eb4661ba656d2e77779c203ec687053ece
2026-10-09T17:21:21.7996825Z Finalizing artifact upload
2026-10-09T17:21:22.0624181Z Artifact complete-maximum-d73051da70f49a26379fe781e1f323f4d26186cd.zip successfully finalized. Artifact ID 11634180125
2026-10-09T17:21:22.0626762Z Artifact complete-maximum-d73051da70f49a26379fe781e1f323f4d26186cd has been successfully uploaded! Final size is 2501623 bytes. Artifact ID is 11634180125
2026-10-09T17:21:22.0633217Z Artifact download URL: https://github.com/mxym/math/actions/runs/37961424823/artifacts/11634180125
2026-10-09T17:21:22.0958789Z Post job cleanup.
2026-10-09T17:21:22.1868133Z [command]/usr/bin/git version
2026-10-09T17:21:22.1940663Z git version 2.55.0
2026-10-09T17:21:22.1977792Z Temporarily overriding HOME='/home/runner/work/_temp/b13629f5-d4a9-42d8-bfbc-65817872c514' before making global git config changes
2026-10-09T17:21:22.1983792Z Adding repository directory to the temporary git global config as a safe directory
2026-10-09T17:21:22.1985814Z [command]/usr/bin/git config --global --add safe.directory /home/runner/work/math/math
2026-10-09T17:21:22.2034888Z [command]/usr/bin/git config --local --name-only --get-regexp core\.sshCommand
2026-10-09T17:21:22.2081347Z [command]/usr/bin/git submodule foreach --recursive sh -c "git config --local --name-only --get-regexp 'core\.sshCommand' && git config --local --unset-all 'core.sshCommand' || :"
2026-10-09T17:21:22.2448758Z [command]/usr/bin/git config --local --name-only --get-regexp http\.https\:\/\/github\.com\/\.extraheader
2026-10-09T17:21:22.2501199Z http.https://github.com/.extraheader
2026-10-09T17:21:22.2513247Z [command]/usr/bin/git config --local --unset-all http.https://github.com/.extraheader
2026-10-09T17:21:22.2563753Z [command]/usr/bin/git submodule foreach --recursive sh -c "git config --local --name-only --get-regexp 'http\.https\:\/\/github\.com\/\.extraheader' && git config --local --unset-all 'http.https://github.com/.extraheader' || :"
2026-10-09T17:21:22.2860076Z [command]/usr/bin/git config --local --name-only --get-regexp ^includeIf\.gitdir:
2026-10-09T17:21:22.2901428Z [command]/usr/bin/git submodule foreach --recursive git config --local --show-origin --name-only --get-regexp remote.origin.url
2026-10-09T17:21:22.3415921Z Cleaning up orphan processes
2026-10-09T17:21:22.3798032Z Terminate orphan process: pid (12811) (lean)
2026-10-09T17:21:22.3884997Z ##[warning]Node.js 20 is deprecated. The following actions target Node.js 20 but are being forced to run on Node.js 24: actions/checkout@v4, actions/download-artifact@v4, actions/upload-artifact@v4. For more information see: https://github.blog/changelog/2025-09-19-deprecation-of-node-20-on-github-actions-runners/
