ℹ [1959/1971] Built FourRowBasic (11s)
info: FourRowBasic.lean:108:0: 'FourRowTradeoff.pair_bound' depends on axioms: [propext, Classical.choice, Quot.sound]
ℹ [1960/1971] Built FourRowLaplace (12s)
info: FourRowLaplace.lean:92:0: 'FourRowTradeoff.permanent_sq_bound' depends on axioms: [propext, Classical.choice, Quot.sound]
info: FourRowLaplace.lean:93:0: 'FourRowTradeoff.det_sq_bound' depends on axioms: [propext, Classical.choice, Quot.sound]
ℹ [1961/1971] Built FourRowInequality (10s)
info: FourRowInequality.lean:78:0: 'FourRowTradeoff.sharp_four_row' depends on axioms: [propext, Classical.choice, Quot.sound]
ℹ [1962/1971] Built FourRowSharpness (10s)
info: FourRowSharpness.lean:107:0: 'FourRowTradeoff.matrix_bound_iff' depends on axioms: [propext, Classical.choice, Quot.sound]
info: FourRowSharpness.lean:108:0: 'FourRowTradeoff.matrix_attainment' depends on axioms: [propext, Classical.choice, Quot.sound]
info: FourRowSharpness.lean:109:0: 'FourRowTradeoff.pencil_bound_iff' depends on axioms: [propext, Classical.choice, Quot.sound]
ℹ [1963/1971] Built FourRowNorm (8.5s)
info: FourRowNorm.lean:68:0: 'FourRowTradeoff.exact_real_pencil_norm' depends on axioms: [propext, Classical.choice, Quot.sound]
info: FourRowNorm.lean:69:0: 'FourRowTradeoff.exact_tradeoff_norm' depends on axioms: [propext, Classical.choice, Quot.sound]
✔ [1964/1971] Built FourRowTradeoff (7.8s)
ℹ [1965/1971] Built PairRigidity (8.1s)
info: PairRigidity.lean:90:0: 'FourRowTradeoff.collision_eq_iff_products_constant' depends on axioms: [propext, Classical.choice, Quot.sound]
info: PairRigidity.lean:91:0: 'FourRowTradeoff.det_norm_le_rowProduct' depends on axioms: [propext, Classical.choice, Quot.sound]
ℹ [1966/1971] Built CriticalProducts (8.7s)
info: CriticalProducts.lean:78:0: 'FourRowTradeoff.critical_equality_constant_products' depends on axioms: [propext, Classical.choice, Quot.sound]
ℹ [1967/1971] Built MatrixRigidity (10s)
info: MatrixRigidity.lean:142:0: 'FourRowTradeoff.constant_products_dichotomy' depends on axioms: [propext, Classical.choice, Quot.sound]
ℹ [1968/1971] Built ExtremizerValues (10s)
info: ExtremizerValues.lean:83:0: 'FourRowTradeoff.critical_equality_only' depends on axioms: [propext, Classical.choice, Quot.sound]
info: ExtremizerValues.lean:84:0: 'FourRowTradeoff.flat_values' depends on axioms: [propext, Classical.choice, Quot.sound]
info: ExtremizerValues.lean:85:0: 'FourRowTradeoff.monomial_values' depends on axioms: [propext, Classical.choice, Quot.sound]
ℹ [1969/1971] Built EqualityClassification (11s)
info: EqualityClassification.lean:137:0: 'FourRowTradeoff.sharp_four_row_complete' depends on axioms: [propext, Classical.choice, Quot.sound]
ℹ [1970/1971] Built FourRowCompleteEquality (10s)
info: FourRowCompleteEquality.lean:3:0: 'FourRowTradeoff.sharp_four_row_complete' depends on axioms: [propext, Classical.choice, Quot.sound]
Build completed successfully (1971 jobs).
