This is pdfTeX, Version 3.141592653-2.6-1.40.22 (TeX Live 2022/dev/Debian) (preloaded format=pdflatex)
 restricted \write18 enabled.
entering extended mode
(./main.tex
LaTeX2e <2021-11-15> patch level 1
L3 programming layer <2022-01-21>
(/usr/share/texlive/texmf-dist/tex/latex/base/article.cls
Document Class: article 2021/10/04 v1.4n Standard LaTeX document class
(/usr/share/texlive/texmf-dist/tex/latex/base/size11.clo))
(/usr/share/texlive/texmf-dist/tex/latex/base/fontenc.sty)
(/usr/share/texlive/texmf-dist/tex/latex/base/inputenc.sty)
(/usr/share/texmf/tex/latex/lm/lmodern.sty)
(/usr/share/texlive/texmf-dist/tex/latex/amsmath/amsmath.sty
For additional information on amsmath, use the `?' option.
(/usr/share/texlive/texmf-dist/tex/latex/amsmath/amstext.sty
(/usr/share/texlive/texmf-dist/tex/latex/amsmath/amsgen.sty))
(/usr/share/texlive/texmf-dist/tex/latex/amsmath/amsbsy.sty)
(/usr/share/texlive/texmf-dist/tex/latex/amsmath/amsopn.sty))
(/usr/share/texlive/texmf-dist/tex/latex/amsfonts/amssymb.sty
(/usr/share/texlive/texmf-dist/tex/latex/amsfonts/amsfonts.sty))
(/usr/share/texlive/texmf-dist/tex/latex/amscls/amsthm.sty)
(/usr/share/texlive/texmf-dist/tex/latex/mathtools/mathtools.sty
(/usr/share/texlive/texmf-dist/tex/latex/graphics/keyval.sty)
(/usr/share/texlive/texmf-dist/tex/latex/tools/calc.sty)
(/usr/share/texlive/texmf-dist/tex/latex/mathtools/mhsetup.sty))
(/usr/share/texlive/texmf-dist/tex/latex/geometry/geometry.sty
(/usr/share/texlive/texmf-dist/tex/generic/iftex/ifvtex.sty
(/usr/share/texlive/texmf-dist/tex/generic/iftex/iftex.sty)))
(/usr/share/texlive/texmf-dist/tex/latex/booktabs/booktabs.sty)
(/usr/share/texlive/texmf-dist/tex/latex/tools/array.sty)
(/usr/share/texlive/texmf-dist/tex/latex/tools/longtable.sty)
(/usr/share/texlive/texmf-dist/tex/latex/microtype/microtype.sty
(/usr/share/texlive/texmf-dist/tex/latex/etoolbox/etoolbox.sty)
(/usr/share/texlive/texmf-dist/tex/latex/microtype/microtype-pdftex.def)
(/usr/share/texlive/texmf-dist/tex/latex/microtype/microtype.cfg))
(/usr/share/texlive/texmf-dist/tex/latex/hyperref/hyperref.sty
(/usr/share/texlive/texmf-dist/tex/generic/ltxcmds/ltxcmds.sty)
(/usr/share/texlive/texmf-dist/tex/generic/pdftexcmds/pdftexcmds.sty
(/usr/share/texlive/texmf-dist/tex/generic/infwarerr/infwarerr.sty))
(/usr/share/texlive/texmf-dist/tex/generic/kvsetkeys/kvsetkeys.sty)
(/usr/share/texlive/texmf-dist/tex/generic/kvdefinekeys/kvdefinekeys.sty)
(/usr/share/texlive/texmf-dist/tex/generic/pdfescape/pdfescape.sty)
(/usr/share/texlive/texmf-dist/tex/latex/hycolor/hycolor.sty)
(/usr/share/texlive/texmf-dist/tex/latex/letltxmacro/letltxmacro.sty)
(/usr/share/texlive/texmf-dist/tex/latex/auxhook/auxhook.sty)
(/usr/share/texlive/texmf-dist/tex/latex/kvoptions/kvoptions.sty)
(/usr/share/texlive/texmf-dist/tex/latex/hyperref/pd1enc.def)
(/usr/share/texlive/texmf-dist/tex/latex/hyperref/hyperref-langpatches.def)
(/usr/share/texlive/texmf-dist/tex/generic/intcalc/intcalc.sty)
(/usr/share/texlive/texmf-dist/tex/generic/etexcmds/etexcmds.sty)
(/usr/share/texlive/texmf-dist/tex/latex/hyperref/puenc.def)
(/usr/share/texlive/texmf-dist/tex/latex/url/url.sty)
(/usr/share/texlive/texmf-dist/tex/generic/bitset/bitset.sty
(/usr/share/texlive/texmf-dist/tex/generic/bigintcalc/bigintcalc.sty))
(/usr/share/texlive/texmf-dist/tex/latex/base/atbegshi-ltx.sty))
(/usr/share/texlive/texmf-dist/tex/latex/hyperref/hpdftex.def
(/usr/share/texlive/texmf-dist/tex/latex/base/atveryend-ltx.sty)
(/usr/share/texlive/texmf-dist/tex/latex/rerunfilecheck/rerunfilecheck.sty
(/usr/share/texlive/texmf-dist/tex/generic/uniquecounter/uniquecounter.sty)))
(/usr/share/texlive/texmf-dist/tex/latex/xurl/xurl.sty)
(/usr/share/texmf/tex/latex/lm/t1lmr.fd)
(/usr/share/texlive/texmf-dist/tex/latex/l3backend/l3backend-pdftex.def)
No file main.aux.
(/usr/share/texlive/texmf-dist/tex/latex/graphics/graphicx.sty
(/usr/share/texlive/texmf-dist/tex/latex/graphics/graphics.sty
(/usr/share/texlive/texmf-dist/tex/latex/graphics/trig.sty)
(/usr/share/texlive/texmf-dist/tex/latex/graphics-cfg/graphics.cfg)
(/usr/share/texlive/texmf-dist/tex/latex/graphics-def/pdftex.def
(/usr/share/texlive/texmf-dist/tex/context/base/mkii/supp-pdf.mkii
[Loading MPS to PDF converter (version 2006.09.02).]
))) (/usr/share/texlive/texmf-dist/tex/latex/epstopdf-pkg/epstopdf-base.sty
(/usr/share/texlive/texmf-dist/tex/latex/latexconfig/epstopdf-sys.cfg)))
*geometry* driver: auto-detecting
*geometry* detected driver: pdftex
(/usr/share/texlive/texmf-dist/tex/latex/microtype/mt-cmr.cfg)
(/usr/share/texlive/texmf-dist/tex/latex/hyperref/nameref.sty
(/usr/share/texlive/texmf-dist/tex/latex/refcount/refcount.sty)
(/usr/share/texlive/texmf-dist/tex/generic/gettitlestring/gettitlestring.sty))
(/usr/share/texmf/tex/latex/lm/ot1lmr.fd)
(/usr/share/texmf/tex/latex/lm/omllmm.fd)
(/usr/share/texmf/tex/latex/lm/omslmsy.fd)
(/usr/share/texmf/tex/latex/lm/omxlmex.fd)
(/usr/share/texlive/texmf-dist/tex/latex/amsfonts/umsa.fd)
(/usr/share/texlive/texmf-dist/tex/latex/microtype/mt-msa.cfg)
(/usr/share/texlive/texmf-dist/tex/latex/amsfonts/umsb.fd)
(/usr/share/texlive/texmf-dist/tex/latex/microtype/mt-msb.cfg)
(/usr/share/texmf/tex/latex/lm/ts1lmr.fd)
(/usr/share/texmf/tex/latex/lm/t1lmtt.fd)

LaTeX Warning: Citation `Hildebrand' on page 1 undefined on input line 42.


LaTeX Warning: Citation `DungKhoi' on page 1 undefined on input line 42.


LaTeX Warning: Citation `Tran' on page 1 undefined on input line 42.


LaTeX Warning: Citation `AKW' on page 1 undefined on input line 42.

[1{/var/lib/texmf/fonts/map/pdftex/updmap/pdftex.map}]

LaTeX Warning: Reference `eq:appt' on page 2 undefined on input line 56.


LaTeX Warning: Citation `AKW' on page 2 undefined on input line 56.


LaTeX Warning: Reference `sec:finite' on page 2 undefined on input line 64.


LaTeX Warning: Reference `sec:uniform' on page 2 undefined on input line 64.

[2]

LaTeX Warning: Reference `eq:outer' on page 3 undefined on input line 96.


LaTeX Warning: Reference `eq:appt' on page 3 undefined on input line 109.

[3]

LaTeX Warning: Reference `eq:outer' on page 4 undefined on input line 141.


LaTeX Warning: Reference `tab:finite' on page 4 undefined on input line 159.


LaTeX Warning: Reference `eq:finite-cert' on page 4 undefined on input line 161
.


LaTeX Warning: Reference `lem:necessity' on page 4 undefined on input line 185.



LaTeX Warning: Reference `eq:finite-cert' on page 4 undefined on input line 185
.


LaTeX Warning: Reference `eq:moments' on page 4 undefined on input line 185.

[4]

LaTeX Warning: Reference `eq:compression' on page 5 undefined on input line 202
.

[5]

LaTeX Warning: Reference `eq:finite-generators' on page 6 undefined on input li
ne 233.


LaTeX Warning: Reference `lem:ratio' on page 6 undefined on input line 238.


LaTeX Warning: Reference `eq:mixed' on page 6 undefined on input line 240.


LaTeX Warning: Reference `eq:uniform-nonneg' on page 6 undefined on input line 
240.


LaTeX Warning: Reference `eq:uniform-bound' on page 6 undefined on input line 2
40.


LaTeX Warning: Reference `eq:outer' on page 6 undefined on input line 247.


LaTeX Warning: Reference `lem:compression' on page 6 undefined on input line 24
7.


LaTeX Warning: Reference `lem:necessity' on page 6 undefined on input line 252.


[6]

LaTeX Warning: Reference `thm:main' on page 7 undefined on input line 282.


LaTeX Warning: Reference `cor:finite' on page 7 undefined on input line 283.


LaTeX Warning: Reference `prop:large' on page 7 undefined on input line 283.


LaTeX Warning: Reference `lem:rankone' on page 7 undefined on input line 288.


LaTeX Warning: Reference `lem:contraction' on page 7 undefined on input line 28
8.


LaTeX Warning: Reference `thm:main' on page 7 undefined on input line 306.


LaTeX Warning: Reference `app:data' on page 7 undefined on input line 311.


LaTeX Warning: Reference `eq:A' on page 7 undefined on input line 311.


LaTeX Warning: Reference `eq:B' on page 7 undefined on input line 311.


LaTeX Warning: Reference `eq:finite-cert' on page 7 undefined on input line 311
.


LaTeX Warning: Reference `eq:uniform-cert' on page 7 undefined on input line 31
1.

[7]

LaTeX Warning: Citation `ProofRelease' on page 8 undefined on input line 319.


Underfull \hbox (badness 10000) in paragraph at lines 336--337
[]|\T1/lmtt/m/n/10 Quantum.CornerNecessity\T1/lmr/m/n/10 (+20) ,

Underfull \hbox (badness 10000) in paragraph at lines 338--339
[]|\T1/lmtt/m/n/10 Finite9Bound \T1/lmr/m/n/10 (+20) through \T1/lmtt/m/n/10 Fi
nite24Bound\T1/lmr/m/n/10 (+20) , and

Underfull \hbox (badness 10000) in paragraph at lines 339--340
[]|\T1/lmtt/m/n/10 Uniform\T1/lmr/m/n/10 (+20) , \T1/lmtt/m/n/10 Compression\T1
/lmr/m/n/10 (+20) , \T1/lmtt/m/n/10 UniformBridge\T1/lmr/m/n/10 (+20) ,

Underfull \hbox (badness 1472) in paragraph at lines 340--341
[]|\T1/lmtt/m/n/10 Quantum.ShortAttainment\T1/lmr/m/n/10 (+20) , \T1/lmtt/m/n/1
0 Quantum.LongAttainment\T1/lmr/m/n/10 (+20) ,
[8]

LaTeX Warning: Reference `eq:maximum' on page 9 undefined on input line 373.


LaTeX Warning: Citation `Kondra' on page 9 undefined on input line 376.

[9]

LaTeX Warning: Reference `cor:asep' on page 10 undefined on input line 402.


LaTeX Warning: Reference `cor:asep' on page 10 undefined on input line 406.


LaTeX Warning: Citation `AKW' on page 10 undefined on input line 408.


LaTeX Warning: Reference `sec:asep' on page 10 undefined on input line 408.

[10]

LaTeX Warning: Citation `ProofRelease' on page 11 undefined on input line 414.

[11] (./main.aux)

LaTeX Warning: There were undefined references.


LaTeX Warning: Label(s) may have changed. Rerun to get cross-references right.


Package rerunfilecheck Warning: File `main.out' has changed.
(rerunfilecheck)                Rerun to get outlines right
(rerunfilecheck)                or use package `bookmark'.

 )
(see the transcript file for additional information){/usr/share/texmf/fonts/enc
/dvips/lm/lm-ec.enc}{/usr/share/texmf/fonts/enc/dvips/lm/lm-rm.enc}{/usr/share/
texmf/fonts/enc/dvips/lm/lm-mathex.enc}{/usr/share/texmf/fonts/enc/dvips/lm/lm-
mathit.enc}{/usr/share/texmf/fonts/enc/dvips/lm/lm-ts1.enc}{/usr/share/texmf/fo
nts/enc/dvips/lm/lm-mathsy.enc}</usr/share/texmf/fonts/type1/public/lm/lmbx10.p
fb></usr/share/texmf/fonts/type1/public/lm/lmbx12.pfb></usr/share/texmf/fonts/t
ype1/public/lm/lmbx9.pfb></usr/share/texmf/fonts/type1/public/lm/lmex10.pfb></u
sr/share/texmf/fonts/type1/public/lm/lmmi10.pfb></usr/share/texmf/fonts/type1/p
ublic/lm/lmmi6.pfb></usr/share/texmf/fonts/type1/public/lm/lmmi7.pfb></usr/shar
e/texmf/fonts/type1/public/lm/lmmi8.pfb></usr/share/texmf/fonts/type1/public/lm
/lmr10.pfb></usr/share/texmf/fonts/type1/public/lm/lmr12.pfb></usr/share/texmf/
fonts/type1/public/lm/lmr17.pfb></usr/share/texmf/fonts/type1/public/lm/lmr6.pf
b></usr/share/texmf/fonts/type1/public/lm/lmr7.pfb></usr/share/texmf/fonts/type
1/public/lm/lmr8.pfb></usr/share/texmf/fonts/type1/public/lm/lmr9.pfb></usr/sha
re/texmf/fonts/type1/public/lm/lmri10.pfb></usr/share/texmf/fonts/type1/public/
lm/lmsy10.pfb></usr/share/texmf/fonts/type1/public/lm/lmsy8.pfb></usr/share/tex
mf/fonts/type1/public/lm/lmtt10.pfb></usr/share/texmf/fonts/type1/public/lm/lmt
t9.pfb></usr/share/texlive/texmf-dist/fonts/type1/public/amsfonts/symbols/msbm1
0.pfb>
Output written on main.pdf (11 pages, 440931 bytes).
Transcript written on main.log.
