All independent assertions passed.
Phi factors: {4: [1, 0, 1], 9: [1, 0, 0, 1, 0, 0, 1], 25: [1, 0, 0, 0, 0, 1, 0, 0, 0, 0, 1, 0, 0, 0, 0, 1, 0, 0, 0, 0, 1], 30: [1, 1, 0, -1, -1, -1, 0, 1, 1]}
B: [1, 1, 1, 1, 0, 0, 1, 1, 1, 0, 0, 0, 1, 2, 1, 1, 1, 1, 2, 1, 1, 1, 1, 2, 1, 0, 0, 0, 1, 1, 1, 0, 0, 1, 1, 1, 1]
degree: 216 positive coefficients: 217 positive weights: 109
adjacent differences: 108 minimum: 5 peak: 11434392
sum: 729000000 checked primes: 47 largest: 211
original coefficient, weight, and remainder arrays match exactly
independent_certificate_sha256: a8ff4d559eaa6d57376ddea5d2ad9b21d4cd959f1c62dbde4f473e747e69fd15
weights:
0 [1, 5, 15, 35, 64, 96, 126, 150, 180, 238]
10 [326, 426, 501, 531, 567, 701, 991, 1371, 1692, 1866]
20 [1980, 2326, 3071, 4023, 4806, 5124, 5250, 5856, 7269, 9147]
30 [10585, 11189, 11655, 13079, 15982, 19290, 21585, 22779, 24183, 27587]
40 [32545, 36825, 39095, 40213, 43527, 50235, 57570, 62100, 62948, 64882]
50 [72555, 84635, 95020, 97758, 96567, 100479, 113595, 130975, 140138, 138138]
60 [135060, 142464, 162645, 180663, 184173, 177591, 176555, 194149, 218922, 230692]
70 [223826, 212586, 221560, 248612, 269481, 265241, 241396, 232836, 254723, 286675]
80 [295956, 268346, 238156, 241074, 275394, 304410, 288381, 244691, 218995, 235689]
90 [273250, 275390, 232581, 184211, 174619, 208125, 227485, 197435, 138246, 102744]
100 [124275, 158475, 150360, 91356, 28794, 23500, 59600, 78150, 38406]
