Try this:
  [apply] ring_nf
  
  The `ring` tactic failed to close the goal. Use `ring_nf` to obtain a normal form.
    
  Note that `ring` works primarily in *commutative* rings. If you have a noncommutative ring, abelian group or module, consider using `noncomm_ring`, `abel` or `module` instead.
AbsolutePencil.lean:44:19: warning: this tactic is never executed

Note: This linter can be disabled with `set_option linter.unreachableTactic false`
AbsolutePencil.lean:47:19: warning: this tactic is never executed

Note: This linter can be disabled with `set_option linter.unreachableTactic false`
AbsolutePencil.lean:56:45: warning: this tactic is never executed

Note: This linter can be disabled with `set_option linter.unreachableTactic false`
AbsolutePencil.lean:79:19: warning: this tactic is never executed

Note: This linter can be disabled with `set_option linter.unreachableTactic false`
AbsolutePencil.lean:44:19: warning: Unused tactic linter: `ring` does nothing

Note: This linter can be disabled with `set_option linter.unusedTactic false`
AbsolutePencil.lean:47:19: warning: Unused tactic linter: `ring` does nothing

Note: This linter can be disabled with `set_option linter.unusedTactic false`
AbsolutePencil.lean:56:45: warning: Unused tactic linter: `ring` does nothing

Note: This linter can be disabled with `set_option linter.unusedTactic false`
AbsolutePencil.lean:79:19: warning: Unused tactic linter: `ring` does nothing

Note: This linter can be disabled with `set_option linter.unusedTactic false`
'ComplexPencilAbsolute.aligned_phase' depends on axioms: [propext, Classical.choice, Quot.sound]
AbsolutePencil.lean:115:32: warning: This simp argument is unused:
  pow_two

Hint: Omit it from the simp argument list.
  [apply] simp [ComplexPencilMain.qval, ComplexPencilLink.sq, Complex.normSq_apply]

Note: This linter can be disabled with `set_option linter.unusedSimpArgs false`
'ComplexPencilAbsolute.sharp_absolute_value' depends on axioms: [propext, Classical.choice, Quot.sound]
'ComplexPencilAbsolute.determinant_weight_sharp' depends on axioms: [propext, Classical.choice, Quot.sound]
'ComplexPencilAbsolute.prefactor_sharp' depends on axioms: [propext, Classical.choice, Quot.sound]
