EqualityKernelUnique.lean:31:35: warning: This simp argument is unused:
  zero_add

Hint: Omit it from the simp argument list.
  [apply] simp only [mul_zero, zero_mul] at hch

Note: This linter can be disabled with `set_option linter.unusedSimpArgs false`
EqualityKernelUnique.lean:44:35: warning: This simp argument is unused:
  zero_add

Hint: Omit it from the simp argument list.
  [apply] simp only [mul_zero, zero_mul] at hch

Note: This linter can be disabled with `set_option linter.unusedSimpArgs false`
EqualityKernelUnique.lean:52:35: warning: This simp argument is unused:
  zero_add

Hint: Omit it from the simp argument list.
  [apply] simp only [mul_zero, zero_mul] at hch

Note: This linter can be disabled with `set_option linter.unusedSimpArgs false`
EqualityKernelUnique.lean:64:35: warning: This simp argument is unused:
  zero_add

Hint: Omit it from the simp argument list.
  [apply] simp only [mul_zero, zero_mul] at hch

Note: This linter can be disabled with `set_option linter.unusedSimpArgs false`
'ComplexPencilEquality.Hermitian_nullspace_is_line' depends on axioms: [propext, Classical.choice, Quot.sound]
