Main.lean:84:20: warning: This simp argument is unused:
  Complex.mul_im

Hint: Omit it from the simp argument list.
  [apply] simp [zout, alpha, beta, qval, ComplexPencilLink.sq, Complex.mul_re, Complex.add_re, Complex.sub_re,
    Complex.conj_re, Complex.conj_im, Complex.add_im, Complex.sub_im]

Note: This linter can be disabled with `set_option linter.unusedSimpArgs false`
Main.lean:91:27: warning: This simp argument is unused:
  qval

Hint: Omit it from the simp argument list.
  [apply] simp [zout, alpha, beta, ComplexPencilLink.sq, Complex.mul_re, Complex.mul_im, Complex.add_re, Complex.sub_re,
    Complex.conj_re, Complex.conj_im, Complex.add_im, Complex.sub_im]

Note: This linter can be disabled with `set_option linter.unusedSimpArgs false`
Main.lean:91:33: warning: This simp argument is unused:
  ComplexPencilLink.sq

Hint: Omit it from the simp argument list.
  [apply] simp [zout, alpha, beta, qval, Complex.mul_re, Complex.mul_im, Complex.add_re, Complex.sub_re,
    Complex.conj_re, Complex.conj_im, Complex.add_im, Complex.sub_im]

Note: This linter can be disabled with `set_option linter.unusedSimpArgs false`
Main.lean:92:4: warning: This simp argument is unused:
  Complex.mul_re

Hint: Omit it from the simp argument list.
  [apply] simp [zout, alpha, beta, qval, ComplexPencilLink.sq, Complex.mul_im, Complex.add_re, Complex.sub_re,
    Complex.conj_re, Complex.conj_im, Complex.add_im, Complex.sub_im]

Note: This linter can be disabled with `set_option linter.unusedSimpArgs false`
Main.lean:576:4: warning: Try this: intro hlens a0 a1 a2 b0 b1 b2 c0 c1 c2
'ComplexPencilMain.sharp_complex_lens_iff' depends on axioms: [propext, Classical.choice, Quot.sound]
'ComplexPencilMain.coefficient_four_thirds_is_sharp' depends on axioms: [propext, Classical.choice, Quot.sound]
'ComplexPencilMain.pencil_squared_upper' depends on axioms: [propext, Classical.choice, Quot.sound]
'ComplexPencilCert.determinant_global_identity' depends on axioms: [propext, Classical.choice, Quot.sound]
'ComplexPencilCert.hermitian3_nonneg' depends on axioms: [propext, Classical.choice, Quot.sound]
