TensorWitnessLocal.lean:51:40: warning: this tactic is never executed

Note: This linter can be disabled with `set_option linter.unreachableTactic false`
TensorWitnessLocal.lean:50:36: warning: Used `tac1 <;> tac2` where `(tac1; tac2)` would suffice

Note: This linter can be disabled with `set_option linter.unnecessarySeqFocus false`
TensorWitnessLocal.lean:51:40: warning: Unused tactic linter: `norm_num` does nothing

Note: This linter can be disabled with `set_option linter.unusedTactic false`
TensorWitnessLocal.lean:60:46: warning: this tactic is never executed

Note: This linter can be disabled with `set_option linter.unreachableTactic false`
TensorWitnessLocal.lean:61:46: warning: this tactic is never executed

Note: This linter can be disabled with `set_option linter.unreachableTactic false`
TensorWitnessLocal.lean:58:36: warning: Used `tac1 <;> tac2` where `(tac1; tac2)` would suffice

Note: This linter can be disabled with `set_option linter.unnecessarySeqFocus false`
TensorWitnessLocal.lean:60:46: warning: Unused tactic linter: `norm_num` does nothing

Note: This linter can be disabled with `set_option linter.unusedTactic false`
TensorWitnessLocal.lean:61:46: warning: Unused tactic linter: `norm_num` does nothing

Note: This linter can be disabled with `set_option linter.unusedTactic false`
TensorWitnessLocal.lean:70:46: warning: this tactic is never executed

Note: This linter can be disabled with `set_option linter.unreachableTactic false`
TensorWitnessLocal.lean:71:46: warning: this tactic is never executed

Note: This linter can be disabled with `set_option linter.unreachableTactic false`
TensorWitnessLocal.lean:68:36: warning: Used `tac1 <;> tac2` where `(tac1; tac2)` would suffice

Note: This linter can be disabled with `set_option linter.unnecessarySeqFocus false`
TensorWitnessLocal.lean:70:46: warning: Unused tactic linter: `norm_num` does nothing

Note: This linter can be disabled with `set_option linter.unusedTactic false`
TensorWitnessLocal.lean:71:46: warning: Unused tactic linter: `norm_num` does nothing

Note: This linter can be disabled with `set_option linter.unusedTactic false`
'ComplexPencilTensor.extremal_square_saturation' depends on axioms: [propext, Classical.choice, Quot.sound]
