⚠ [2690/2702] Replayed APPT.SparsePolynomial
warning: APPT/SparsePolynomial.lean:31:56: Used `tac1 <;> tac2` where `(tac1; tac2)` would suffice

Note: This linter can be disabled with `set_option linter.unnecessarySeqFocus false`
⚠ [2691/2702] Replayed APPT.CoefficientMerge
warning: APPT/CoefficientMerge.lean:23:42: This simp argument is unused:
  merge

Hint: Omit it from the simp argument list.
  [apply] simp_all [eval, Int.cast_add]

Note: This linter can be disabled with `set_option linter.unusedSimpArgs false`
⚠ [2694/2702] Replayed APPT.Finite24Sparse.Data
warning: APPT/Finite24Sparse/Data.lean:23:2: Used `tac1 <;> tac2` where `(tac1; tac2)` would suffice

Note: This linter can be disabled with `set_option linter.unnecessarySeqFocus false`
warning: APPT/Finite24Sparse/Data.lean:27:2: Used `tac1 <;> tac2` where `(tac1; tac2)` would suffice

Note: This linter can be disabled with `set_option linter.unnecessarySeqFocus false`
warning: APPT/Finite24Sparse/Data.lean:31:2: Used `tac1 <;> tac2` where `(tac1; tac2)` would suffice

Note: This linter can be disabled with `set_option linter.unnecessarySeqFocus false`
warning: APPT/Finite24Sparse/Data.lean:35:2: Used `tac1 <;> tac2` where `(tac1; tac2)` would suffice

Note: This linter can be disabled with `set_option linter.unnecessarySeqFocus false`
warning: APPT/Finite24Sparse/Data.lean:39:2: Used `tac1 <;> tac2` where `(tac1; tac2)` would suffice

Note: This linter can be disabled with `set_option linter.unnecessarySeqFocus false`
warning: APPT/Finite24Sparse/Data.lean:43:2: Used `tac1 <;> tac2` where `(tac1; tac2)` would suffice

Note: This linter can be disabled with `set_option linter.unnecessarySeqFocus false`
warning: APPT/Finite24Sparse/Data.lean:47:2: Used `tac1 <;> tac2` where `(tac1; tac2)` would suffice

Note: This linter can be disabled with `set_option linter.unnecessarySeqFocus false`
warning: APPT/Finite24Sparse/Data.lean:51:2: Used `tac1 <;> tac2` where `(tac1; tac2)` would suffice

Note: This linter can be disabled with `set_option linter.unnecessarySeqFocus false`
warning: APPT/Finite24Sparse/Data.lean:55:2: Used `tac1 <;> tac2` where `(tac1; tac2)` would suffice

Note: This linter can be disabled with `set_option linter.unnecessarySeqFocus false`
warning: APPT/Finite24Sparse/Data.lean:59:2: Used `tac1 <;> tac2` where `(tac1; tac2)` would suffice

Note: This linter can be disabled with `set_option linter.unnecessarySeqFocus false`
warning: APPT/Finite24Sparse/Data.lean:63:2: Used `tac1 <;> tac2` where `(tac1; tac2)` would suffice

Note: This linter can be disabled with `set_option linter.unnecessarySeqFocus false`
warning: APPT/Finite24Sparse/Data.lean:67:2: Used `tac1 <;> tac2` where `(tac1; tac2)` would suffice

Note: This linter can be disabled with `set_option linter.unnecessarySeqFocus false`
warning: APPT/Finite24Sparse/Data.lean:71:2: Used `tac1 <;> tac2` where `(tac1; tac2)` would suffice

Note: This linter can be disabled with `set_option linter.unnecessarySeqFocus false`
warning: APPT/Finite24Sparse/Data.lean:75:2: Used `tac1 <;> tac2` where `(tac1; tac2)` would suffice

Note: This linter can be disabled with `set_option linter.unnecessarySeqFocus false`
warning: APPT/Finite24Sparse/Data.lean:79:2: Used `tac1 <;> tac2` where `(tac1; tac2)` would suffice

Note: This linter can be disabled with `set_option linter.unnecessarySeqFocus false`
warning: APPT/Finite24Sparse/Data.lean:83:2: Used `tac1 <;> tac2` where `(tac1; tac2)` would suffice

Note: This linter can be disabled with `set_option linter.unnecessarySeqFocus false`
warning: APPT/Finite24Sparse/Data.lean:87:2: Used `tac1 <;> tac2` where `(tac1; tac2)` would suffice

Note: This linter can be disabled with `set_option linter.unnecessarySeqFocus false`
warning: APPT/Finite24Sparse/Data.lean:91:2: Used `tac1 <;> tac2` where `(tac1; tac2)` would suffice

Note: This linter can be disabled with `set_option linter.unnecessarySeqFocus false`
warning: APPT/Finite24Sparse/Data.lean:95:2: Used `tac1 <;> tac2` where `(tac1; tac2)` would suffice

Note: This linter can be disabled with `set_option linter.unnecessarySeqFocus false`
warning: APPT/Finite24Sparse/Data.lean:99:2: Used `tac1 <;> tac2` where `(tac1; tac2)` would suffice

Note: This linter can be disabled with `set_option linter.unnecessarySeqFocus false`
warning: APPT/Finite24Sparse/Data.lean:103:2: Used `tac1 <;> tac2` where `(tac1; tac2)` would suffice

Note: This linter can be disabled with `set_option linter.unnecessarySeqFocus false`
warning: APPT/Finite24Sparse/Data.lean:107:6: this tactic is never executed

Note: This linter can be disabled with `set_option linter.unreachableTactic false`
warning: APPT/Finite24Sparse/Data.lean:107:6: Unused tactic linter: `ring` does nothing

Note: This linter can be disabled with `set_option linter.unusedTactic false`
warning: APPT/Finite24Sparse/Data.lean:111:6: this tactic is never executed

Note: This linter can be disabled with `set_option linter.unreachableTactic false`
warning: APPT/Finite24Sparse/Data.lean:111:6: Unused tactic linter: `ring` does nothing

Note: This linter can be disabled with `set_option linter.unusedTactic false`
warning: APPT/Finite24Sparse/Data.lean:115:6: this tactic is never executed

Note: This linter can be disabled with `set_option linter.unreachableTactic false`
warning: APPT/Finite24Sparse/Data.lean:115:6: Unused tactic linter: `ring` does nothing

Note: This linter can be disabled with `set_option linter.unusedTactic false`
warning: APPT/Finite24Sparse/Data.lean:119:2: Used `tac1 <;> tac2` where `(tac1; tac2)` would suffice

Note: This linter can be disabled with `set_option linter.unnecessarySeqFocus false`
warning: APPT/Finite24Sparse/Data.lean:123:6: this tactic is never executed

Note: This linter can be disabled with `set_option linter.unreachableTactic false`
warning: APPT/Finite24Sparse/Data.lean:123:6: Unused tactic linter: `ring` does nothing

Note: This linter can be disabled with `set_option linter.unusedTactic false`
warning: APPT/Finite24Sparse/Data.lean:127:2: Used `tac1 <;> tac2` where `(tac1; tac2)` would suffice

Note: This linter can be disabled with `set_option linter.unnecessarySeqFocus false`
warning: APPT/Finite24Sparse/Data.lean:131:2: Used `tac1 <;> tac2` where `(tac1; tac2)` would suffice

Note: This linter can be disabled with `set_option linter.unnecessarySeqFocus false`
warning: APPT/Finite24Sparse/Data.lean:135:2: Used `tac1 <;> tac2` where `(tac1; tac2)` would suffice

Note: This linter can be disabled with `set_option linter.unnecessarySeqFocus false`
warning: APPT/Finite24Sparse/Data.lean:139:2: Used `tac1 <;> tac2` where `(tac1; tac2)` would suffice

Note: This linter can be disabled with `set_option linter.unnecessarySeqFocus false`
warning: APPT/Finite24Sparse/Data.lean:143:2: Used `tac1 <;> tac2` where `(tac1; tac2)` would suffice

Note: This linter can be disabled with `set_option linter.unnecessarySeqFocus false`
warning: APPT/Finite24Sparse/Data.lean:147:2: Used `tac1 <;> tac2` where `(tac1; tac2)` would suffice

Note: This linter can be disabled with `set_option linter.unnecessarySeqFocus false`
warning: APPT/Finite24Sparse/Data.lean:151:2: Used `tac1 <;> tac2` where `(tac1; tac2)` would suffice

Note: This linter can be disabled with `set_option linter.unnecessarySeqFocus false`
warning: APPT/Finite24Sparse/Data.lean:155:2: Used `tac1 <;> tac2` where `(tac1; tac2)` would suffice

Note: This linter can be disabled with `set_option linter.unnecessarySeqFocus false`
warning: APPT/Finite24Sparse/Data.lean:159:6: this tactic is never executed

Note: This linter can be disabled with `set_option linter.unreachableTactic false`
warning: APPT/Finite24Sparse/Data.lean:159:6: Unused tactic linter: `ring` does nothing

Note: This linter can be disabled with `set_option linter.unusedTactic false`
warning: APPT/Finite24Sparse/Data.lean:163:2: Used `tac1 <;> tac2` where `(tac1; tac2)` would suffice

Note: This linter can be disabled with `set_option linter.unnecessarySeqFocus false`
warning: APPT/Finite24Sparse/Data.lean:167:2: Used `tac1 <;> tac2` where `(tac1; tac2)` would suffice

Note: This linter can be disabled with `set_option linter.unnecessarySeqFocus false`
warning: APPT/Finite24Sparse/Data.lean:171:2: Used `tac1 <;> tac2` where `(tac1; tac2)` would suffice

Note: This linter can be disabled with `set_option linter.unnecessarySeqFocus false`
warning: APPT/Finite24Sparse/Data.lean:175:2: Used `tac1 <;> tac2` where `(tac1; tac2)` would suffice

Note: This linter can be disabled with `set_option linter.unnecessarySeqFocus false`
warning: APPT/Finite24Sparse/Data.lean:179:2: Used `tac1 <;> tac2` where `(tac1; tac2)` would suffice

Note: This linter can be disabled with `set_option linter.unnecessarySeqFocus false`
warning: APPT/Finite24Sparse/Data.lean:183:2: Used `tac1 <;> tac2` where `(tac1; tac2)` would suffice

Note: This linter can be disabled with `set_option linter.unnecessarySeqFocus false`
warning: APPT/Finite24Sparse/Data.lean:187:2: Used `tac1 <;> tac2` where `(tac1; tac2)` would suffice

Note: This linter can be disabled with `set_option linter.unnecessarySeqFocus false`
warning: APPT/Finite24Sparse/Data.lean:191:2: Used `tac1 <;> tac2` where `(tac1; tac2)` would suffice

Note: This linter can be disabled with `set_option linter.unnecessarySeqFocus false`
✔ [2702/2702] Built APPT.Finite24Sparse.det04Term1Product (19s)
Build completed successfully (2702 jobs).
