Command: python3 verify_arithmetic_relaxation.py
Exit code: 0
{
  "scope": "auxiliary relaxation obstruction; NOT Bell-Skandera counterexample",
  "coefficients": [
    1,
    9,
    28,
    48,
    49,
    27,
    8,
    1
  ],
  "irreducible_mod_prime": 11,
  "discriminant": 93667157,
  "strict_Newton_slacks": [
    329,
    1568,
    12740,
    177135,
    5733,
    21
  ],
  "real_roots": 3,
  "positive_reciprocal_roots": 3,
  "uniform_affine_square_trace_bound": {
    "bound": 7,
    "domain": "all nonzero integer pairs (a,b)",
    "uses_only_norm_absolute_value_at_least": 1,
    "proof": "completed square identity and integer case split"
  },
  "strong_actual_norm_negative_certificate": {
    "affine_pair": [
      1,
      -3
    ],
    "square_trace": 34,
    "absolute_norm": 355,
    "trace_power_7": 52523350144,
    "seven_power_7_times_norm_squared": 103787006575,
    "actual_norm_AM_GM_inequality_holds": false
  },
  "KK_failure": {
    "k": 4,
    "shadow": 49,
    "previous": 48
  },
  "Hermite_3_determinant": -3432
}
