APPT.SpectrumBound12: exit=0, seconds=15.796
APPT.Quantum.SemanticRegression: exit=0, seconds=22.464
APPT.SpectrumBound15: exit=0, seconds=3.423
APPT.SpectrumBound18: exit=0, seconds=3.625
APPT.SpectrumBound21: exit=0, seconds=3.622
APPT.SpectrumBound9: exit=0, seconds=3.874
APPT.SpectrumBound24: exit=0, seconds=4.124
APPT.Quantum.SmallMaximum: exit=0, seconds=3.672
APPT.Quantum.Maximum: exit=0, seconds=3.671
APPT: exit=0, seconds=3.471
{
  "status": "PASS",
  "completed": 879,
  "total": 879,
  "failed": [],
  "blocked": [],
  "timeout_seconds_per_module": 300,
  "jobs": 2,
  "lean_version": "Lean (version 4.34.1, x86_64-unknown-linux-gnu, commit 5045d0056413266e57c625dcd7c365b10e377c52, Release)"
}
