✔ [2689/2708] Built APPT.Core (2.8s)
⚠ [2690/2708] Built APPT.Quantum.Basic (2.1s)
warning: APPT/Quantum/Basic.lean:61:8: automatically included section variable(s) unused in theorem `APPT.Quantum.partialTranspose_trace`:
  [DecidableEq a]
  [DecidableEq b]
consider restructuring your `variable` declarations so that the variables are not in scope or explicitly omit them:
  omit [DecidableEq a] [DecidableEq b] in theorem ...

Note: This linter can be disabled with `set_option linter.unusedSectionVars false`
⚠ [2691/2708] Built APPT.Quantum.RealPSD (3.7s)
warning: APPT/Quantum/RealPSD.lean:8:0: automatically included section variable(s) unused in theorem `APPT.Quantum.real_posSemidef_of_complex`:
  [DecidableEq ι]
consider restructuring your `variable` declarations so that the variables are not in scope or explicitly omit them:
  omit [DecidableEq ι] in theorem ...

Note: This linter can be disabled with `set_option linter.unusedSectionVars false`
✔ [2692/2708] Built APPT.Quantum.Orbit (3.8s)
✔ [2693/2708] Built APPT.Quantum.RectangularContraction (3.8s)
⚠ [2694/2708] Built APPT.Quantum.BlockMaps (3.8s)
warning: APPT/Quantum/BlockMaps.lean:14:32: This simp argument is unused:
  Matrix.kronecker_apply

Hint: Omit it from the simp argument list.
  [apply] simp [Matrix.mul_apply, lift, Fintype.sum_prod_type, Matrix.one_apply, mul_ite, ite_mul]

Note: This linter can be disabled with `set_option linter.unusedSimpArgs false`
warning: APPT/Quantum/BlockMaps.lean:20:32: This simp argument is unused:
  Matrix.kronecker_apply

Hint: Omit it from the simp argument list.
  [apply] simp [Matrix.mul_apply, lift, Fintype.sum_prod_type, Matrix.one_apply, mul_ite, ite_mul]

Note: This linter can be disabled with `set_option linter.unusedSimpArgs false`
warning: APPT/Quantum/BlockMaps.lean:21:31: This simp argument is unused:
  ite_mul

Hint: Omit it from the simp argument list.
  [apply] simp [Matrix.mul_apply, lift, Matrix.kronecker_apply, Fintype.sum_prod_type, Matrix.one_apply, mul_ite]

Note: This linter can be disabled with `set_option linter.unusedSimpArgs false`
warning: APPT/Quantum/BlockMaps.lean:23:8: automatically included section variable(s) unused in theorem `APPT.Quantum.lift_conjTranspose`:
  [Fintype b]
consider restructuring your `variable` declarations so that the variables are not in scope or explicitly omit them:
  omit [Fintype b] in theorem ...

Note: This linter can be disabled with `set_option linter.unusedSectionVars false`
⚠ [2695/2708] Built APPT.Quantum.Permutation (2.3s)
warning: APPT/Quantum/Permutation.lean:14:31: This simp argument is unused:
  ite_mul

Hint: Omit it from the simp argument list.
  [apply] simp [permMatrix, Matrix.mul_apply, Matrix.conjTranspose_apply, Matrix.one_apply, mul_ite, e.injective.eq_iff,
    eq_comm]

Note: This linter can be disabled with `set_option linter.unusedSimpArgs false`
warning: APPT/Quantum/Permutation.lean:16:0: automatically included section variable(s) unused in theorem `APPT.Quantum.permMatrix_conjTranspose`:
  [Fintype ι]
consider restructuring your `variable` declarations so that the variables are not in scope or explicitly omit them:
  omit [Fintype ι] in theorem ...

Note: This linter can be disabled with `set_option linter.unusedSectionVars false`
warning: APPT/Quantum/Permutation.lean:47:8: `dif_pos` has been deprecated: Use `dite_eq_left` instead
⚠ [2696/2708] Built APPT.Quantum.Reindex (2.3s)
warning: APPT/Quantum/Reindex.lean:8:0: automatically included section variable(s) unused in theorem `APPT.Quantum.reindex_mul`:
  [DecidableEq ι]
  [DecidableEq κ]
consider restructuring your `variable` declarations so that the variables are not in scope or explicitly omit them:
  omit [DecidableEq ι] [DecidableEq κ] in theorem ...

Note: This linter can be disabled with `set_option linter.unusedSectionVars false`
warning: APPT/Quantum/Reindex.lean:15:8: automatically included section variable(s) unused in theorem `APPT.Quantum.reindex_one`:
  [Fintype ι]
  [Fintype κ]
consider restructuring your `variable` declarations so that the variables are not in scope or explicitly omit them:
  omit [Fintype ι] [Fintype κ] in theorem ...

Note: This linter can be disabled with `set_option linter.unusedSectionVars false`
warning: APPT/Quantum/Reindex.lean:20:8: automatically included section variable(s) unused in theorem `APPT.Quantum.reindex_conjTranspose`:
  [Fintype ι]
  [Fintype κ]
  [DecidableEq ι]
  [DecidableEq κ]
consider restructuring your `variable` declarations so that the variables are not in scope or explicitly omit them:
  omit [Fintype ι] [Fintype κ] [DecidableEq ι] [DecidableEq κ] in theorem ...

Note: This linter can be disabled with `set_option linter.unusedSectionVars false`
warning: APPT/Quantum/Reindex.lean:23:8: automatically included section variable(s) unused in theorem `APPT.Quantum.reindex_diagonal`:
  [Fintype ι]
  [Fintype κ]
consider restructuring your `variable` declarations so that the variables are not in scope or explicitly omit them:
  omit [Fintype ι] [Fintype κ] in theorem ...

Note: This linter can be disabled with `set_option linter.unusedSectionVars false`
⚠ [2697/2708] Built APPT.Quantum.UnitaryExtension (5.0s)
warning: APPT/Quantum/UnitaryExtension.lean:15:8: automatically included section variable(s) unused in theorem `APPT.Quantum.splitEquiv_inl`:
  [Fintype ι]
  [DecidableEq κ]
consider restructuring your `variable` declarations so that the variables are not in scope or explicitly omit them:
  omit [Fintype ι] [DecidableEq κ] in theorem ...

Note: This linter can be disabled with `set_option linter.unusedSectionVars false`
warning: APPT/Quantum/UnitaryExtension.lean:18:8: automatically included section variable(s) unused in theorem `APPT.Quantum.splitEquiv_inr`:
  [Fintype ι]
  [DecidableEq κ]
consider restructuring your `variable` declarations so that the variables are not in scope or explicitly omit them:
  omit [Fintype ι] [DecidableEq κ] in theorem ...

Note: This linter can be disabled with `set_option linter.unusedSectionVars false`
⚠ [2698/2708] Built APPT.Quantum.ExtendedConjugate (2.5s)
warning: APPT/Quantum/ExtendedConjugate.lean:7:0: automatically included section variable(s) unused in theorem `APPT.Quantum.split_diagonal`:
  [Fintype ι]
consider restructuring your `variable` declarations so that the variables are not in scope or explicitly omit them:
  omit [Fintype ι] in theorem ...

Note: This linter can be disabled with `set_option linter.unusedSectionVars false`
⚠ [2699/2708] Built APPT.Quantum.Contractions (14s)
warning: APPT/Quantum/Contractions.lean:31:30: This simp argument is unused:
  smul_eq_mul

Hint: Omit it from the simp argument list.
  [apply] simp [Matrix.add_apply, Matrix.smul_apply, sandwich_apply, partialTranspose, d0, d1, d2, s01, s02, s12, a01,
    a02, a12, Fin.sum_univ_three, Matrix.sub_apply, Matrix.one_apply, hxy, Complex.real_smul]

Note: This linter can be disabled with `set_option linter.unusedSimpArgs false`
⚠ [2700/2708] Built APPT.Quantum.LongAttainment (4.1s)
warning: APPT/Quantum/LongAttainment.lean:24:38: This simp argument is unused:
  Matrix.diagonal_apply

Hint: Omit it from the simp argument list.
  [apply] simp_all [coordinateProjection, Matrix.one_apply]

Note: This linter can be disabled with `set_option linter.unusedSimpArgs false`
warning: APPT/Quantum/LongAttainment.lean:24:61: This simp argument is unused:
  Matrix.one_apply

Hint: Omit it from the simp argument list.
  [apply] simp_all [coordinateProjection, Matrix.diagonal_apply]

Note: This linter can be disabled with `set_option linter.unusedSimpArgs false`
warning: APPT/Quantum/LongAttainment.lean:59:21: this tactic is never executed

Note: This linter can be disabled with `set_option linter.unreachableTactic false`
warning: APPT/Quantum/LongAttainment.lean:59:4: Used `tac1 <;> tac2` where `(tac1; tac2)` would suffice

Note: This linter can be disabled with `set_option linter.unnecessarySeqFocus false`
warning: APPT/Quantum/LongAttainment.lean:59:21: Unused tactic linter: `aesop` does nothing

Note: This linter can be disabled with `set_option linter.unusedTactic false`
warning: APPT/Quantum/LongAttainment.lean:73:2: Used `tac1 <;> tac2` where `(tac1; tac2)` would suffice

Note: This linter can be disabled with `set_option linter.unnecessarySeqFocus false`
⚠ [2701/2708] Built APPT.Quantum.PureGram (4.5s)
warning: APPT/Quantum/PureGram.lean:20:0: automatically included section variable(s) unused in theorem `APPT.Quantum.skewRow_gram`:
  [Fintype b]
  [DecidableEq b]
consider restructuring your `variable` declarations so that the variables are not in scope or explicitly omit them:
  omit [Fintype b] [DecidableEq b] in theorem ...

Note: This linter can be disabled with `set_option linter.unusedSectionVars false`
⚠ [2702/2708] Built APPT.Quantum.CornerHadamard (18s)
warning: APPT/Quantum/CornerHadamard.lean:30:22: This simp argument is unused:
  Matrix.one_apply

Hint: Omit it from the simp argument list.
  [apply] simp [Matrix.mul_apply, Fintype.sum_prod_type, Fin.sum_univ_three, cornerHadamard]

Note: This linter can be disabled with `set_option linter.unusedSimpArgs false`
warning: APPT/Quantum/CornerHadamard.lean:59:30: Used `tac1 <;> tac2` where `(tac1; tac2)` would suffice

Note: This linter can be disabled with `set_option linter.unnecessarySeqFocus false`
warning: APPT/Quantum/CornerHadamard.lean:58:2: Unused tactic linter: `all_goals push_cast; try simp only [halfRoot_conj]` does nothing

Note: This linter can be disabled with `set_option linter.unusedTactic false`
warning: APPT/Quantum/CornerHadamard.lean:69:30: Used `tac1 <;> tac2` where `(tac1; tac2)` would suffice

Note: This linter can be disabled with `set_option linter.unnecessarySeqFocus false`
warning: APPT/Quantum/CornerHadamard.lean:68:2: Unused tactic linter: `all_goals push_cast; try simp only [halfRoot_conj]` does nothing

Note: This linter can be disabled with `set_option linter.unusedTactic false`
⚠ [2703/2708] Built APPT.Quantum.CornerNecessity (2.4s)
warning: APPT/Quantum/CornerNecessity.lean:13:0: automatically included section variable(s) unused in theorem `APPT.Quantum.cornerEmbedding_injective`:
  [Fintype b]
  [DecidableEq b]
consider restructuring your `variable` declarations so that the variables are not in scope or explicitly omit them:
  omit [Fintype b] [DecidableEq b] in theorem ...

Note: This linter can be disabled with `set_option linter.unusedSectionVars false`
⚠ [2704/2708] Built APPT.Quantum.PureProjector (5.6s)
warning: APPT/Quantum/PureProjector.lean:12:0: automatically included section variable(s) unused in theorem `APPT.Quantum.rankOne_posSemidef`:
  [DecidableEq b]
consider restructuring your `variable` declarations so that the variables are not in scope or explicitly omit them:
  omit [DecidableEq b] in theorem ...

Note: This linter can be disabled with `set_option linter.unusedSectionVars false`
✔ [2705/2708] Built APPT.Quantum.PureOrbit (2.1s)
⚠ [2706/2708] Built APPT.Quantum.ShortAttainment (2.7s)
warning: APPT/Quantum/ShortAttainment.lean:7:0: automatically included section variable(s) unused in theorem `APPT.Quantum.rankOne_trace`:
  [DecidableEq b]
consider restructuring your `variable` declarations so that the variables are not in scope or explicitly omit them:
  omit [DecidableEq b] in theorem ...

Note: This linter can be disabled with `set_option linter.unusedSectionVars false`
warning: APPT/Quantum/ShortAttainment.lean:12:0: automatically included section variable(s) unused in theorem `APPT.Quantum.rankOne_sq`:
  [DecidableEq b]
consider restructuring your `variable` declarations so that the variables are not in scope or explicitly omit them:
  omit [DecidableEq b] in theorem ...

Note: This linter can be disabled with `set_option linter.unusedSectionVars false`
warning: APPT/Quantum/ShortAttainment.lean:35:8: this tactic is never executed

Note: This linter can be disabled with `set_option linter.unreachableTactic false`
warning: APPT/Quantum/ShortAttainment.lean:35:8: Unused tactic linter: `norm_num` does nothing

Note: This linter can be disabled with `set_option linter.unusedTactic false`
warning: APPT/Quantum/ShortAttainment.lean:50:4: This simp argument is unused:
  Complex.natCast_re

Hint: Omit it from the simp argument list.
  [apply] simp only [Matrix.trace_smul, Matrix.trace_add, rankOne_trace v hv, Matrix.trace_one, Complex.smul_re,
    Complex.add_re, Complex.one_re, Fintype.card_prod, Fintype.card_fin, smul_eq_mul, Nat.cast_mul, Nat.cast_ofNat]

Note: This linter can be disabled with `set_option linter.unusedSimpArgs false`
warning: APPT/Quantum/ShortAttainment.lean:53:6: this tactic is never executed

Note: This linter can be disabled with `set_option linter.unreachableTactic false`
warning: APPT/Quantum/ShortAttainment.lean:52:2: Used `tac1 <;> tac2` where `(tac1; tac2)` would suffice

Note: This linter can be disabled with `set_option linter.unnecessarySeqFocus false`
warning: APPT/Quantum/ShortAttainment.lean:53:6: Unused tactic linter: `ring` does nothing

Note: This linter can be disabled with `set_option linter.unusedTactic false`
✔ [2707/2708] Built APPT.Quantum.Attainment (2.0s)
⚠ [2708/2708] Built APPT.Quantum.SemanticRegression (6.7s)
warning: APPT/Quantum/SemanticRegression.lean:19:34: This simp argument is unused:
  Pi.single_apply

Hint: Omit it from the simp argument list.
  [apply] simp [hi, eq_comm]

Note: This linter can be disabled with `set_option linter.unusedSimpArgs false`
warning: APPT/Quantum/SemanticRegression.lean:19:55: This simp argument is unused:
  eq_comm

Hint: Omit it from the simp argument list.
  [apply] simp [Pi.single_apply, hi]

Note: This linter can be disabled with `set_option linter.unusedSimpArgs false`
warning: APPT/Quantum/SemanticRegression.lean:28:32: This simp argument is unused:
  Pi.single_apply

Hint: Omit it from the simp argument list.
  [apply] simp [hi, eq_comm]

Note: This linter can be disabled with `set_option linter.unusedSimpArgs false`
warning: APPT/Quantum/SemanticRegression.lean:28:53: This simp argument is unused:
  eq_comm

Hint: Omit it from the simp argument list.
  [apply] simp [Pi.single_apply, hi]

Note: This linter can be disabled with `set_option linter.unusedSimpArgs false`
warning: APPT/Quantum/SemanticRegression.lean:30:0: automatically included section variable(s) unused in theorem `APPT.Quantum.basisPureState_partialTranspose`:
  [Fintype a]
  [Fintype b]
consider restructuring your `variable` declarations so that the variables are not in scope or explicitly omit them:
  omit [Fintype a] [Fintype b] in theorem ...

Note: This linter can be disabled with `set_option linter.unusedSectionVars false`
warning: APPT/Quantum/SemanticRegression.lean:35:48: This simp argument is unused:
  Matrix.diagonal_apply

Hint: Omit it from the simp argument list.
  [apply] simp_all [partialTranspose, basisPureState, Pi.single_apply, eq_comm]

Note: This linter can be disabled with `set_option linter.unusedSimpArgs false`
warning: APPT/Quantum/SemanticRegression.lean:72:42: This simp argument is unused:
  Pi.single_apply

Hint: Omit it from the simp argument list.
  [apply] simp [mu, hi, eq_comm]

Note: This linter can be disabled with `set_option linter.unusedSimpArgs false`
warning: APPT/Quantum/SemanticRegression.lean:72:63: This simp argument is unused:
  eq_comm

Hint: Omit it from the simp argument list.
  [apply] simp [mu, Pi.single_apply, hi]

Note: This linter can be disabled with `set_option linter.unusedSimpArgs false`
Build completed successfully (2708 jobs).
