${RUN_ROOT}/sources/BapatWedgeRecurrence.lean:73:28: warning: This simp argument is unused:
  add_zero

Hint: Omit it from the simp argument list.
  [apply] simp only [linearFactor, derivative_add, derivative_C, derivative_mul, derivative_X, zero_add, zero_mul,
    mul_zero, mul_one]

Note: This linter can be disabled with `set_option linter.unusedSimpArgs false`
${RUN_ROOT}/sources/BapatWedgeRecurrence.lean:73:48: warning: This simp argument is unused:
  mul_zero

Hint: Omit it from the simp argument list.
  [apply] simp only [linearFactor, derivative_add, derivative_C, derivative_mul, derivative_X, zero_add, add_zero,
    zero_mul, mul_one]

Note: This linter can be disabled with `set_option linter.unusedSimpArgs false`
${RUN_ROOT}/sources/BapatWedgeRecurrence.lean:107:4: warning: `if_true` has been deprecated: Use `ite_true` instead
${RUN_ROOT}/sources/BapatWedgeRecurrence.lean:106:51: warning: This simp argument is unused:
  eq_self_iff_true

Hint: Omit it from the simp argument list.
  [apply] simp only [natRemaining, Finset.prod_range_succ, or_true, if_true, mul_one, natSingleRemaining]

Note: This linter can be disabled with `set_option linter.unusedSimpArgs false`
${RUN_ROOT}/sources/BapatWedgeRecurrence.lean:134:22: warning: `if_true` has been deprecated: Use `ite_true` instead
${RUN_ROOT}/sources/BapatWedgeRecurrence.lean:140:39: warning: `if_true` has been deprecated: Use `ite_true` instead
