'Mxym.BalancedRecursion.shifted_dimension' depends on axioms: [propext, Classical.choice, Quot.sound]
'Mxym.BalancedRecursion.invariant_closed_form' depends on axioms: [propext, Classical.choice, Quot.sound]
'Mxym.BalancedRecursion.dimension_binary' depends on axioms: [propext, Classical.choice, Quot.sound]
'Mxym.BalancedRecursion.winning_dimension_level_six' depends on axioms: [propext]
'Mxym.BalancedRecursion.winning_invariant_level_six' depends on axioms: [propext, Classical.choice, Quot.sound]
'Mxym.Determinant.cofactor_vector_relation' depends on axioms: [propext, Classical.choice, Quot.sound]
'Mxym.Determinant.mapped_cofactor_relation' depends on axioms: [propext, Classical.choice, Quot.sound]
'Mxym.Determinant.cofactor_balance_of_normalized_columns' depends on axioms: [propext, Classical.choice, Quot.sound]
'Mxym.Determinant.normalized_sign_average_bound' depends on axioms: [propext, Classical.choice, Quot.sound]
'Mxym.Determinant.normalized_sign_average_equality_iff' depends on axioms: [propext, Classical.choice, Quot.sound]
'Mxym.Determinant.lift_expansion' depends on axioms: [propext, Classical.choice, Quot.sound]
'Mxym.Determinant.horizontal_cofactor_relation' depends on axioms: [propext, Classical.choice, Quot.sound]
'Mxym.Determinant.sign_cancellation' depends on axioms: [propext, Classical.choice, Quot.sound]
'Mxym.Determinant.sign_average_eq' depends on axioms: [propext, Classical.choice, Quot.sound]
'Mxym.Determinant.balanced_sign_average_bound' depends on axioms: [propext, Classical.choice, Quot.sound]
'Mxym.Determinant.balanced_sign_average_equality_iff' depends on axioms: [propext, Classical.choice, Quot.sound]
'Mxym.FiniteDefect.mean_decomposition' depends on axioms: [propext, Classical.choice, Quot.sound]
'Mxym.FiniteDefect.absolute_decomposition' depends on axioms: [propext, Classical.choice, Quot.sound]
'Mxym.FiniteDefect.defect_identity' depends on axioms: [propext, Classical.choice, Quot.sound]
'Mxym.FiniteDefect.finite_jensen' depends on axioms: [propext, Classical.choice, Quot.sound]
'Mxym.FiniteDefect.defect_lower_bound' depends on axioms: [propext, Classical.choice, Quot.sound]
'Mxym.FiniteDefect.strict_of_opposite_signs' depends on axioms: [propext, Classical.choice, Quot.sound]
'Mxym.FiniteDefect.positive_mass_eq_zero_iff' depends on axioms: [propext, Classical.choice, Quot.sound]
'Mxym.FiniteDefect.negative_mass_eq_zero_iff' depends on axioms: [propext, Classical.choice, Quot.sound]
'Mxym.FiniteDefect.finite_jensen_eq_iff' depends on axioms: [propext, Classical.choice, Quot.sound]
'Mxym.NormedBalance.coefficient_balance' depends on axioms: [propext, Classical.choice, Quot.sound]
'Mxym.NormedBalance.rademacher_bound' depends on axioms: [propext, Classical.choice, Quot.sound]
'Mxym.NormedBalance.rademacher_equality_iff' depends on axioms: [propext, Classical.choice, Quot.sound]
'Mxym.Rademacher.abs_sign' depends on axioms: [propext, Classical.choice, Quot.sound]
'Mxym.Rademacher.sign_not' depends on axioms: [propext, Classical.choice, Quot.sound]
'Mxym.Rademacher.sign_space_card' depends on axioms: [propext, Classical.choice, Quot.sound]
'Mxym.Rademacher.mean_nonneg' depends on axioms: [propext, Classical.choice, Quot.sound]
'Mxym.Rademacher.mean_smul' depends on axioms: [propext, Classical.choice, Quot.sound]
'Mxym.Rademacher.convex_mean' depends on axioms: [propext, Classical.choice, Quot.sound]
'Mxym.Rademacher.continuous_mean' depends on axioms: [propext, Classical.choice, Quot.sound]
'Mxym.Rademacher.abs_pair' depends on axioms: [propext, Classical.choice, Quot.sound]
'Mxym.Rademacher.mean_eq_of_dominant' depends on axioms: [propext, Classical.choice, Quot.sound]
'Mxym.Rademacher.compact_balancedPolytope' depends on axioms: [propext, Classical.choice, Quot.sound]
'Mxym.Rademacher.convex_balancedPolytope' depends on axioms: [propext, Classical.choice, Quot.sound]
'Mxym.Rademacher.extreme_has_half' depends on axioms: [propext, Classical.choice, Quot.sound]
'Mxym.Rademacher.normalized_bound' depends on axioms: [propext, Classical.choice, Quot.sound]
'Mxym.Rademacher.mean_abs' depends on axioms: [propext, Classical.choice, Quot.sound]
'Mxym.Rademacher.mean_zero' depends on axioms: [propext, Classical.choice, Quot.sound]
'Mxym.Rademacher.balanced_bound' depends on axioms: [propext, Classical.choice, Quot.sound]
'Mxym.Rademacher.mean_eq_half_of_half_mass' depends on axioms: [propext, Classical.choice, Quot.sound]
'Mxym.Rademacher.normalized_defect_lower_bound' depends on axioms: [propext, Classical.choice, Quot.sound]
'Mxym.Rademacher.normalized_defect_lower_bound_or_zero' depends on axioms: [propext, Classical.choice, Quot.sound]
'Mxym.Rademacher.mean_reindex' depends on axioms: [propext, Classical.choice, Quot.sound]
'Mxym.Rademacher.mean_sum_zero' depends on axioms: [propext, Classical.choice, Quot.sound]
'Mxym.Rademacher.mean_restrict' depends on axioms: [propext, Classical.choice, Quot.sound]
'Mxym.Rademacher.sum_signs_succ' depends on axioms: [propext, Classical.choice, Quot.sound]
'Mxym.Rademacher.mean_three_nonneg' depends on axioms: [propext, Classical.choice, Quot.sound]
'Mxym.Rademacher.mean_four_quarters' depends on axioms: [propext, Classical.choice, Quot.sound]
'Mxym.Rademacher.normalized_strict_positive' depends on axioms: [propext, Classical.choice, Quot.sound]
'Mxym.Rademacher.restrict_balanced' depends on axioms: [propext, Classical.choice, Quot.sound]
'Mxym.Rademacher.normalized_strict' depends on axioms: [propext, Classical.choice, Quot.sound]
'Mxym.Rademacher.normalized_small_finite' depends on axioms: [propext, Classical.choice, Quot.sound]
'Mxym.Rademacher.normalized_small_support' depends on axioms: [propext, Classical.choice, Quot.sound]
'Mxym.Rademacher.normalized_equality_iff' depends on axioms: [propext, Classical.choice, Quot.sound]
'Mxym.Rademacher.balanced_equality_iff' depends on axioms: [propext, Classical.choice, Quot.sound]
'Mxym.Transport.signed_square' depends on axioms: [propext, Classical.choice, Quot.sound]
'Mxym.Transport.signed_square_eq_iff' depends on axioms: [propext, Classical.choice, Quot.sound]
'Mxym.Transport.intermediate_square' depends on axioms: [propext, Classical.choice, Quot.sound]
'Mxym.Transport.three_term_square' depends on axioms: [propext, Classical.choice, Quot.sound]
'OAI.Paper092.twice_sum_negative_eq_sum_abs' depends on axioms: [propext, Classical.choice, Quot.sound]
'OAI.Paper092.simplex_constant_product_ratio' depends on axioms: [propext, Classical.choice, Quot.sound]
'OAI.Paper092.dimension_twenty_ratio' depends on axioms: [propext, Classical.choice, Quot.sound]
'OAI.Paper092.dimension_twenty_strict' depends on axioms: [propext, Classical.choice, Quot.sound]
