$ /workspace/tools/elan/bin/lake exe cache get
cache downloader skipped: pinned compiler has no leantar
$ /workspace/tools/elan/bin/lake build ErdosSimilarityGrowingGaps
ℹ [2051/2210] Replayed ErdosSimilarityGrowingGaps.VariableTree
info: ErdosSimilarityGrowingGaps/VariableTree.lean:72:0: 'GrowingGap.uniform_span' depends on axioms: [propext, Classical.choice, Quot.sound]
info: ErdosSimilarityGrowingGaps/VariableTree.lean:73:0: 'GrowingGap.span_bound' depends on axioms: [propext, Classical.choice, Quot.sound]
info: ErdosSimilarityGrowingGaps/VariableTree.lean:74:0: 'GrowingGap.edges_identity' depends on axioms: [propext, Classical.choice, Quot.sound]
info: ErdosSimilarityGrowingGaps/VariableTree.lean:75:0: 'GrowingGap.edges_bound' depends on axioms: [propext, Classical.choice, Quot.sound]
ℹ [2555/2557] Replayed ErdosSimilarityGrowingGaps.Replay
info: ErdosSimilarityGrowingGaps/Replay.lean:125:0: 'ErdosSimilarityGrowingGaps.replay_window_filling' depends on axioms: [propext, Classical.choice, Quot.sound]
info: ErdosSimilarityGrowingGaps/Replay.lean:126:0: 'ErdosSimilarityGrowingGaps.replay_input_sequence' depends on axioms: [propext, Classical.choice, Quot.sound]
info: ErdosSimilarityGrowingGaps/Replay.lean:127:0: 'ErdosSimilarityGrowingGaps.replay_input_ratio_zero' depends on axioms: [propext, Classical.choice, Quot.sound]
info: ErdosSimilarityGrowingGaps/Replay.lean:128:0: 'ErdosSimilarityGrowingGaps.replay_first_sample' depends on axioms: [propext, Classical.choice, Quot.sound]
info: ErdosSimilarityGrowingGaps/Replay.lean:129:0: 'ErdosSimilarityGrowingGaps.replay_annular_sampling' depends on axioms: [propext, Classical.choice, Quot.sound]
info: ErdosSimilarityGrowingGaps/Replay.lean:130:0: 'ErdosSimilarityGrowingGaps.replay_late_window' depends on axioms: [propext, Classical.choice, Quot.sound]
info: ErdosSimilarityGrowingGaps/Replay.lean:131:0: 'ErdosSimilarityGrowingGaps.replay_variable_tree_span' depends on axioms: [propext, Classical.choice, Quot.sound]
info: ErdosSimilarityGrowingGaps/Replay.lean:132:0: 'ErdosSimilarityGrowingGaps.replay_distinct_terminal_all_miss' depends on axioms: [propext,
 Classical.choice,
 Quot.sound]
info: ErdosSimilarityGrowingGaps/Replay.lean:133:0: 'ErdosSimilarityGrowingGaps.replay_blocker_assembly' depends on axioms: [propext, Classical.choice, Quot.sound]
info: ErdosSimilarityGrowingGaps/Replay.lean:134:0: 'ErdosSimilarityGrowingGaps.replay_compact_blocker_assembly' depends on axioms: [propext, Classical.choice, Quot.sound]
info: ErdosSimilarityGrowingGaps/Replay.lean:135:0: 'ErdosSimilarityGrowingGaps.replay_theorem2_assembly' depends on axioms: [propext, Classical.choice, Quot.sound]
info: ErdosSimilarityGrowingGaps/Replay.lean:136:0: 'ErdosSimilarityGrowingGaps.replay_tail_grid_reduction' depends on axioms: [propext, Classical.choice, Quot.sound]
info: ErdosSimilarityGrowingGaps/Replay.lean:137:0: 'ErdosSimilarityGrowingGaps.replay_parameter_representatives' depends on axioms: [propext, Classical.choice, Quot.sound]
info: ErdosSimilarityGrowingGaps/Replay.lean:138:0: 'ErdosSimilarityGrowingGaps.replay_budget_allocation' depends on axioms: [propext, Classical.choice, Quot.sound]
info: ErdosSimilarityGrowingGaps/Replay.lean:139:0: 'ErdosSimilarityGrowingGaps.replay_grid_blocker_assembly' depends on axioms: [propext, Classical.choice, Quot.sound]
Build completed successfully (2557 jobs).
$ /workspace/tools/elan/bin/lake env lean -t 0 ErdosSimilarityGrowingGaps/Replay.lean
'ErdosSimilarityGrowingGaps.replay_window_filling' depends on axioms: [propext, Classical.choice, Quot.sound]
'ErdosSimilarityGrowingGaps.replay_input_sequence' depends on axioms: [propext, Classical.choice, Quot.sound]
'ErdosSimilarityGrowingGaps.replay_input_ratio_zero' depends on axioms: [propext, Classical.choice, Quot.sound]
'ErdosSimilarityGrowingGaps.replay_first_sample' depends on axioms: [propext, Classical.choice, Quot.sound]
'ErdosSimilarityGrowingGaps.replay_annular_sampling' depends on axioms: [propext, Classical.choice, Quot.sound]
'ErdosSimilarityGrowingGaps.replay_late_window' depends on axioms: [propext, Classical.choice, Quot.sound]
'ErdosSimilarityGrowingGaps.replay_variable_tree_span' depends on axioms: [propext, Classical.choice, Quot.sound]
'ErdosSimilarityGrowingGaps.replay_distinct_terminal_all_miss' depends on axioms: [propext,
 Classical.choice,
 Quot.sound]
'ErdosSimilarityGrowingGaps.replay_blocker_assembly' depends on axioms: [propext, Classical.choice, Quot.sound]
'ErdosSimilarityGrowingGaps.replay_compact_blocker_assembly' depends on axioms: [propext, Classical.choice, Quot.sound]
'ErdosSimilarityGrowingGaps.replay_theorem2_assembly' depends on axioms: [propext, Classical.choice, Quot.sound]
'ErdosSimilarityGrowingGaps.replay_tail_grid_reduction' depends on axioms: [propext, Classical.choice, Quot.sound]
'ErdosSimilarityGrowingGaps.replay_parameter_representatives' depends on axioms: [propext, Classical.choice, Quot.sound]
'ErdosSimilarityGrowingGaps.replay_budget_allocation' depends on axioms: [propext, Classical.choice, Quot.sound]
'ErdosSimilarityGrowingGaps.replay_grid_blocker_assembly' depends on axioms: [propext, Classical.choice, Quot.sound]
$ python3 checks/negative.py
negative controls rejected as expected
reproduction passed
