Lean (version 4.34.1, x86_64-unknown-linux-gnu, commit 5045d0056413266e57c625dcd7c365b10e377c52, Release)
KERNEL_COMPILE Entry005.Cap
KERNEL_COMPILE Entry005.BallVolume
KERNEL_COMPILE Entry005.ProjectionCap
KERNEL_COMPILE Entry005.Constants
KERNEL_COMPILE Entry005.Targets
KERNEL_COMPILE Entry005.Handoff
KERNEL_COMPILE Mxym.StochasticRigidity
KERNEL_COMPILE Entry005.SimplexVolumeInterface
KERNEL_COMPILE Entry005.PrescribedSimplex
KERNEL_COMPILE Entry005.HausdorffRetention
KERNEL_COMPILE Entry005.AffineNormalization
KERNEL_COMPILE Entry005.RegularSimplex
KERNEL_COMPILE Entry005.ThresholdGate
KERNEL_COMPILE Entry005.MaximumOuterBall
KERNEL_COMPILE Entry005.GeometricEndpoint
KERNEL_COMPILE Entry005.CentroidMaximumBound
KERNEL_COMPILE Entry005.SharpNormalizationRadius
KERNEL_COMPILE Entry005.StrongBallVolume
KERNEL_COMPILE Entry005.StrongProjectionCap
KERNEL_COMPILE Entry005.StrongGeometricEndpoint
KERNEL_COMPILE Entry005.ProjectionBodyDirections
KERNEL_COMPILE Entry005.IntrinsicLinearImageReuse
KERNEL_COMPILE Entry005.ProjectionAffineTransport
KERNEL_COMPILE Entry005.AffinePyramid
KERNEL_COMPILE Entry005.ProjectionBodyCovariance
KERNEL_COMPILE Entry005.EntryAffineInvariance
KERNEL_COMPILE Entry005
KERNEL_COMPILE Entry005.IntegratedWitness
KERNEL_COMPILE Entry005.DeterminantWitness
KERNEL_COMPILE Entry005.FamilyWitness
KERNEL_COMPILE Entry005.AnchorSelection
KERNEL_COMPILE Entry005.WitnessAnchorChain
KERNEL_COMPILE Entry005.IidTransport
KERNEL_COMPILE Entry005.DeterminantMoment
KERNEL_COMPILE Entry005.LargestCoordinate
KERNEL_COMPILE Entry005.AssignmentKernel
KERNEL_COMPILE Entry005.AnchorCoordinates
KERNEL_COMPILE Entry005.UnitBallDeterminant
KERNEL_COMPILE Entry005.CovarianceConditioning
KERNEL_COMPILE Entry005.RoundAnchorChain
KERNEL_COMPILE Entry005.UnitBallAnchorChain
KERNEL_COMPILE Entry005.PaperWitnessCombinatorics
KERNEL_COMPILE Entry005.PaperWitnessTransport
KERNEL_COMPILE Entry005.ActualAssignmentAssembly
KERNEL_COMPILE Entry005.ConeLawFinite
KERNEL_COMPILE Entry005.ConeLawGeometry
KERNEL_COMPILE Entry005.ZonotopeVolume
Try this:
  [apply] abel_nf
KERNEL_COMPILE Entry005.ZonotopeDeterminant
KERNEL_COMPILE Entry005.HyperplaneProjectionJacobian
KERNEL_COMPILE Entry005.FiniteHalfspaceFacets
KERNEL_COMPILE Entry005.FiniteHalfspaceCauchy
KERNEL_COMPILE Entry005.RadialPowerIntegral
KERNEL_COMPILE Entry005.RadialConeVolume
KERNEL_COMPILE Entry005.FacetRadialMass
KERNEL_COMPILE Entry005.FiniteHalfspaceConeLaw
KERNEL_COMPILE Entry005.HalfspaceApproximation
KERNEL_COMPILE Entry005.ProjectionVolumeSqueeze
KERNEL_COMPILE Entry005.HalfspaceApproximationSequence
KERNEL_COMPILE Entry005.CompactProbabilitySubsequence
KERNEL_COMPILE Entry005.CompactBallConeLaw
KERNEL_COMPILE Entry005.ClippedAssignmentKernel
KERNEL_COMPILE Entry005.WeightedAnchorSelection
KERNEL_COMPILE Entry005.IidWeightedAnchorSelection
KERNEL_COMPILE Entry005.SelectedAnchorSimplex
KERNEL_COMPILE Entry005.IidAnchorAffineDeterminant
KERNEL_COMPILE Entry005.IidAnchorFirstMomentPositive
KERNEL_COMPILE Entry005.IidAnchorSpanningSupport
KERNEL_COMPILE Entry005.FirstMomentAssignment
KERNEL_COMPILE Entry005.FiniteBodyWeightedAssignment
KERNEL_COMPILE Entry005.ActualBodyConeLaw
KERNEL_COMPILE Entry005.CompactIidMomentContinuity
KERNEL_COMPILE Entry005.ZonotopeInjectionCombinatorics
KERNEL_COMPILE Entry005.ZonotopeFormula
KERNEL_COMPILE Entry005.FiniteDeterminantTupleInjection
KERNEL_COMPILE Entry005.FiniteLawZonotopeMoment
KERNEL_COMPILE Entry005.FiniteHalfspaceHorizontalMoment
KERNEL_COMPILE OAI.Geometry.ProjectionVolume.Model
KERNEL_COMPILE OAI.Geometry.ProjectionVolume.Basic
KERNEL_COMPILE OAI.Geometry.ProjectionVolume.Brightness
KERNEL_COMPILE Entry005.OfficialProjectionDefinitions
KERNEL_COMPILE Entry005.ActualBodyHorizontalMoment
KERNEL_COMPILE Entry005.ActualBodyPolarBoundary
KERNEL_COMPILE Entry005.ActualBodyJointConeInterface
KERNEL_COMPILE Entry005.PyramidVolume
KERNEL_COMPILE Entry005.PyramidHalfspaces
KERNEL_COMPILE Entry005.PyramidFacetAreas
KERNEL_COMPILE Entry005.PyramidSideFrame
KERNEL_COMPILE Entry005.PyramidSideArea
KERNEL_COMPILE Entry005.PyramidProjectionBody
KERNEL_COMPILE Entry005.PyramidLiftCoordinates
KERNEL_COMPILE Entry005.PyramidZonotopeAlgebra
KERNEL_COMPILE Entry005.PyramidProjectionVolume
KERNEL_COMPILE Entry005.PyramidLiftedMoment
KERNEL_COMPILE Entry005.PyramidEntryDefect
KERNEL_COMPILE Entry005.PyramidIidMomentReuse
KERNEL_COMPILE Entry005.PyramidMomentDefect
KERNEL_COMPILE Entry005.PyramidContinuity
KERNEL_COMPILE Entry005.ActualPyramidMoment
KERNEL_COMPILE Entry005.ActualPyramidDefect
KERNEL_COMPILE Entry005.ActualPyramidAssignment
KERNEL_COMPILE Entry005.ActualPyramidJointCone
KERNEL_COMPILE Entry005.PyramidFormalization
CLEAN_PYRAMID_BUILD_PASS 102 modules
