OWNED_DECL Entry005.CompactConeBall
OWNED_DECL Entry005.IntrinsicLinearImageReuse.isometry_volume_image
OWNED_DECL Entry005.IntrinsicLinearImageReuse.orthonormal_linear_image_volume
OWNED_DECL Entry005.IntrinsicLinearImageReuse.translation_volume_image
OWNED_DECL Entry005.J
OWNED_DECL Entry005.J_pos
OWNED_DECL Entry005.L
OWNED_DECL Entry005.L_pos
OWNED_DECL Entry005.L_pos._proof_1_1
OWNED_DECL Entry005.M
OWNED_DECL Entry005.M_pos
OWNED_DECL Entry005.PaperWitnessIndex
OWNED_DECL Entry005.PyramidIidMomentReuse.iid_anchor_volume_integrable
OWNED_DECL Entry005.PyramidIidMomentReuse.iid_anchor_volume_integral_eq
OWNED_DECL Entry005.PyramidIidMomentReuse.measurable_iid_anchor_volume
OWNED_DECL Entry005.Q
OWNED_DECL Entry005.Q._proof_1
OWNED_DECL Entry005.Q._proof_2
OWNED_DECL Entry005.Q_pos
OWNED_DECL Entry005.R0
OWNED_DECL Entry005.R0.eq_1
OWNED_DECL Entry005.R0_pos
OWNED_DECL Entry005.Space
OWNED_DECL Entry005.aSharp
OWNED_DECL Entry005.aSharp_mul_eSharp_root_le_half
OWNED_DECL Entry005.aSharp_mul_eSharp_root_le_half._proof_1_1
OWNED_DECL Entry005.aSharp_mul_eSharp_root_le_half._proof_1_2
OWNED_DECL Entry005.aSharp_pos
OWNED_DECL Entry005.actualPolarBoundaryCompact
OWNED_DECL Entry005.actualPolarBoundaryRaw
OWNED_DECL Entry005.actualPolarBoundaryRaw._proof_1
OWNED_DECL Entry005.actual_body_brightness_law_affine_first_moment_pos
OWNED_DECL Entry005.actual_body_brightness_law_affine_first_moment_pos._proof_1_1
OWNED_DECL Entry005.actual_body_compact_cone_law_exists
OWNED_DECL Entry005.actual_body_compact_cone_law_exists_with_polar_boundary
OWNED_DECL Entry005.actual_body_compact_limit_ae_polar_boundary
OWNED_DECL Entry005.actual_body_compact_limit_compact_support_polar_boundary
OWNED_DECL Entry005.actual_body_compact_limit_raw_ae_polar_boundary
OWNED_DECL Entry005.actual_body_compact_limit_support_polar_boundary
OWNED_DECL Entry005.actual_body_cone_first_moment_assignment
OWNED_DECL Entry005.actual_body_cone_law_with_horizontal_first_moment
OWNED_DECL Entry005.actual_body_cone_law_with_pyramid_defect
OWNED_DECL Entry005.actual_body_cone_law_with_pyramid_first_moment
OWNED_DECL Entry005.actual_body_entryA_of_compact_limit
OWNED_DECL Entry005.actual_body_entryDefect_nonnegative
OWNED_DECL Entry005.actual_body_geometric_first_moment_assignment
OWNED_DECL Entry005.actual_body_horizontal_first_moment_of_compact_limit
OWNED_DECL Entry005.actual_body_horizontal_moment_pos_of_compact_limit
OWNED_DECL Entry005.actual_body_joint_polar_horizontal_assignment
OWNED_DECL Entry005.actual_body_joint_polar_pyramid_assignment
OWNED_DECL Entry005.actual_body_lifted_first_moment_of_compact_limit
OWNED_DECL Entry005.actual_determinant_assignment_cost
OWNED_DECL Entry005.actual_determinant_assignment_cost._simp_1_1
OWNED_DECL Entry005.actual_polar_boundary_compact_isClosed
OWNED_DECL Entry005.actual_polar_boundary_raw_isClosed
OWNED_DECL Entry005.actual_projection_body_compact_general
OWNED_DECL Entry005.actual_projection_body_compact_via_official
OWNED_DECL Entry005.affineBody
OWNED_DECL Entry005.affineBody._proof_1
OWNED_DECL Entry005.affineBody._proof_2
OWNED_DECL Entry005.affineBody._proof_3
OWNED_DECL Entry005.affineSimplex
OWNED_DECL Entry005.affineSimplex._proof_1
OWNED_DECL Entry005.affine_hyperplane_projection_volume
OWNED_DECL Entry005.affine_hyperplane_projection_volume_zero
OWNED_DECL Entry005.alternating_cons_projection_congr
OWNED_DECL Entry005.alternating_injection_sum_cons
OWNED_DECL Entry005.anchorCoordinates
OWNED_DECL Entry005.anchorCoordinates.eq_1
OWNED_DECL Entry005.anchorMatrix
OWNED_DECL Entry005.anchorMatrix._proof_1
OWNED_DECL Entry005.anchorMatrix.eq_1
OWNED_DECL Entry005.anchor_coordinates_reconstruct
OWNED_DECL Entry005.anchor_coordinates_sum
OWNED_DECL Entry005.anchor_matrix_entry
OWNED_DECL Entry005.anchor_matrix_mul_coordinates
OWNED_DECL Entry005.assignmentCost
OWNED_DECL Entry005.assignment_cost_integrable
OWNED_DECL Entry005.assignment_cost_nonneg
OWNED_DECL Entry005.augmentedVertices
OWNED_DECL Entry005.augmentedVertices.eq_1
OWNED_DECL Entry005.b
OWNED_DECL Entry005.b._proof_1
OWNED_DECL Entry005.b_pos
OWNED_DECL Entry005.bodies_eq_of_zero_projection_deficit
OWNED_DECL Entry005.bodies_eq_of_zero_projection_deficit._proof_1_1
OWNED_DECL Entry005.body_outer_ball_from_hausdorff
OWNED_DECL Entry005.body_outer_ball_from_hausdorff._simp_1_1
OWNED_DECL Entry005.bounded_body_brightness_upper
OWNED_DECL Entry005.bounded_projection_body_compact
OWNED_DECL Entry005.bounded_projection_body_subset_ball
OWNED_DECL Entry005.bounded_projection_body_subset_ball._simp_1_1
OWNED_DECL Entry005.cancellationDefect
OWNED_DECL Entry005.cancellationDefect.eq_1
OWNED_DECL Entry005.cancellation_defect_nonneg
OWNED_DECL Entry005.cap_ball
OWNED_DECL Entry005.cap_ball._simp_1_1
OWNED_DECL Entry005.cap_measure_gain
OWNED_DECL Entry005.centeredDilation
OWNED_DECL Entry005.centeredDilation.eq_1
OWNED_DECL Entry005.centeredDilation_affine_map
OWNED_DECL Entry005.centered_determinant_cancellation
OWNED_DECL Entry005.centered_determinant_family_budget
OWNED_DECL Entry005.centered_determinant_witness_le
OWNED_DECL Entry005.centered_dot_integral
OWNED_DECL Entry005.centered_iid_lifted_moment_ge_horizontal
OWNED_DECL Entry005.centered_iid_lifted_moment_ge_horizontal._simp_1_1
OWNED_DECL Entry005.centered_lifted_determinant_second_moment
OWNED_DECL Entry005.centered_lifted_moment_det
OWNED_DECL Entry005.closedVerticalBand
OWNED_DECL Entry005.closedVerticalBand.eq_1
OWNED_DECL Entry005.closed_vertical_band_measure
OWNED_DECL Entry005.closest_support
OWNED_DECL Entry005.closest_support.match_1_1
OWNED_DECL Entry005.compactBallLaw
OWNED_DECL Entry005.compactBallLaw.eq_1
OWNED_DECL Entry005.compactBallLaw_coordinate_integral_tendsto
OWNED_DECL Entry005.compactBallLaw_exists_subsequence
OWNED_DECL Entry005.compactBallLaw_integral_raw
OWNED_DECL Entry005.compactBallLaw_integral_tendsto
OWNED_DECL Entry005.compactBallLaw_negative_direction_integral_tendsto
OWNED_DECL Entry005.compactBallLaw_raw_integral_tendsto
OWNED_DECL Entry005.compactBallLaw_raw_probability_pushforward
OWNED_DECL Entry005.compactBallLaw_raw_pushforward
OWNED_DECL Entry005.compactBallLaw_raw_tendsto
OWNED_DECL Entry005.compactBallRaw
OWNED_DECL Entry005.compactBallRaw.eq_1
OWNED_DECL Entry005.compactBallRawLaw
OWNED_DECL Entry005.compactBallRawLaw.eq_1
OWNED_DECL Entry005.compactBallRawLaw_ae_unit_ball
OWNED_DECL Entry005.compactBallRawLaw_integral
OWNED_DECL Entry005.compactBallRaw_retraction_of_norm_le
OWNED_DECL Entry005.compactConeBall_compactSpace
OWNED_DECL Entry005.compactConeBall_inhabited
OWNED_DECL Entry005.compactConeBall_inhabited._proof_1
OWNED_DECL Entry005.compactSupportHeight
OWNED_DECL Entry005.compact_body_normalization_pos_of_unit_ball
OWNED_DECL Entry005.compact_body_volume_pos_of_unit_ball
OWNED_DECL Entry005.compact_convex_eq_support_halfspaces
OWNED_DECL Entry005.compact_convex_extrusion_fiber_volume
OWNED_DECL Entry005.compact_convex_extrusion_volume
OWNED_DECL Entry005.compact_convex_unit_extrusion_volume
OWNED_DECL Entry005.compact_convex_vertical_extrusion_volume
OWNED_DECL Entry005.compact_convex_vertical_fiber
OWNED_DECL Entry005.compact_convex_vertical_fiber._simp_1_1
OWNED_DECL Entry005.compact_convex_vertical_fiber._simp_1_2
OWNED_DECL Entry005.compact_normalized_projection_ratio_pos
OWNED_DECL Entry005.compact_probability_subsequence_integrals
OWNED_DECL Entry005.compact_probability_tendsto_subseq
OWNED_DECL Entry005.compact_projection_body_dilation_sandwich
OWNED_DECL Entry005.compact_projection_body_of_compact_body
OWNED_DECL Entry005.compact_projection_body_of_dilation_sandwich
OWNED_DECL Entry005.compact_projection_body_volume_dilation_sandwich
OWNED_DECL Entry005.compact_projection_volume_dilation_sandwich
OWNED_DECL Entry005.compact_real_volume_dilation_sandwich
OWNED_DECL Entry005.compact_real_volume_mono
OWNED_DECL Entry005.compact_segment_extrusion
OWNED_DECL Entry005.compact_support_height_attained
OWNED_DECL Entry005.compact_support_height_bound
OWNED_DECL Entry005.compact_support_height_direction_nonnegative_smul
OWNED_DECL Entry005.compact_support_height_lipschitz
OWNED_DECL Entry005.compact_support_height_nonnegative_smul
OWNED_DECL Entry005.compact_support_height_radius
OWNED_DECL Entry005.compact_support_height_unit_ball
OWNED_DECL Entry005.compact_support_height_unit_ball._simp_1_1
OWNED_DECL Entry005.compact_vertical_extrusion
OWNED_DECL Entry005.compact_vertical_fiber
OWNED_DECL Entry005.continuous_compactBallRaw
OWNED_DECL Entry005.continuous_compact_support_height
OWNED_DECL Entry005.continuous_compact_support_height._simp_1_1
OWNED_DECL Entry005.continuous_fin_cons
OWNED_DECL Entry005.continuous_horizontal_iid_first_moment
OWNED_DECL Entry005.continuous_horizontal_mapped_iid_first_moment
OWNED_DECL Entry005.continuous_iidProbabilityMeasure
OWNED_DECL Entry005.continuous_iid_anchor_determinant
OWNED_DECL Entry005.continuous_iid_anchor_volume
OWNED_DECL Entry005.continuous_iid_integral
OWNED_DECL Entry005.continuous_lifted_iid_first_moment
OWNED_DECL Entry005.continuous_lifted_mapped_iid_first_moment
OWNED_DECL Entry005.contractFirst
OWNED_DECL Entry005.contractFirst._proof_1
OWNED_DECL Entry005.contractFirst._proof_2
OWNED_DECL Entry005.contractFirst_apply
OWNED_DECL Entry005.convex_nonnegative_dilation_mono
OWNED_DECL Entry005.coordinateMaximizers
OWNED_DECL Entry005.coordinateMaximizers.eq_1
OWNED_DECL Entry005.coordinate_maximizers_nonempty
OWNED_DECL Entry005.coordinate_maximizers_nonempty._simp_1_2
OWNED_DECL Entry005.coordinate_maximizers_nonempty._simp_1_3
OWNED_DECL Entry005.covariance_determinant_lower
OWNED_DECL Entry005.covariance_direction_lower
OWNED_DECL Entry005.det_adjoint_general
OWNED_DECL Entry005.det_projectionBody_transform_general
OWNED_DECL Entry005.det_projectionBody_transform_general._proof_1_1
OWNED_DECL Entry005.determinantAssignmentWitness
OWNED_DECL Entry005.determinantAssignmentWitness._proof_1
OWNED_DECL Entry005.determinantLawDefect
OWNED_DECL Entry005.determinantLawDefect.eq_1
OWNED_DECL Entry005.determinantLawDefect_iid_eq
OWNED_DECL Entry005.determinant_assignment_witness_eq_paper_sum
OWNED_DECL Entry005.determinant_assignment_witness_integrable
OWNED_DECL Entry005.determinant_moment_integral_expansion
OWNED_DECL Entry005.determinant_permutation_second_moment
OWNED_DECL Entry005.determinant_square_expansion
OWNED_DECL Entry005.dot_square_expansion
OWNED_DECL Entry005.dot_square_integrable
OWNED_DECL Entry005.eSharp
OWNED_DECL Entry005.eSharp_pos
OWNED_DECL Entry005.entryA
OWNED_DECL Entry005.entryA._proof_1
OWNED_DECL Entry005.entryA._proof_2
OWNED_DECL Entry005.entryA.congr_simp
OWNED_DECL Entry005.entryA_affineBody
OWNED_DECL Entry005.entryA_affine_image
OWNED_DECL Entry005.entryDefect
OWNED_DECL Entry005.entryDefect.congr_simp
OWNED_DECL Entry005.entryDefect_affineBody
OWNED_DECL Entry005.entryDefect_affine_image
OWNED_DECL Entry005.entryDefect_iid_defect_ratio
OWNED_DECL Entry005.entryDefect_iid_moment_identity
OWNED_DECL Entry005.entryDefect_iid_moment_identity._simp_1_1
OWNED_DECL Entry005.entryDefect_iid_moment_identity._simp_1_2
OWNED_DECL Entry005.entryDefect_iid_moment_identity._simp_1_3
OWNED_DECL Entry005.entryDefect_iid_moment_identity._simp_1_4
OWNED_DECL Entry005.entryDefect_iid_moment_identity._simp_1_5
OWNED_DECL Entry005.entryDefect_iid_moment_identity._simp_1_6
OWNED_DECL Entry005.entryDefect_iid_moment_identity._simp_1_7
OWNED_DECL Entry005.entryDefect_iid_nonnegative
OWNED_DECL Entry005.euclideanOneCoordinates
OWNED_DECL Entry005.euclideanOneCoordinates._proof_1
OWNED_DECL Entry005.euclidean_matrix_hadamard
OWNED_DECL Entry005.euclidean_one_coordinates_apply
OWNED_DECL Entry005.euclidean_unit_ball_cube
OWNED_DECL Entry005.euclidean_unit_ball_cube._simp_1_1
OWNED_DECL Entry005.euclidean_unit_ball_cube._simp_1_2
OWNED_DECL Entry005.euclidean_unit_ball_sqrt_cube
OWNED_DECL Entry005.euclidean_unit_ball_sqrt_cube._simp_1_1
OWNED_DECL Entry005.euclidean_unit_ball_sqrt_cube._simp_1_2
OWNED_DECL Entry005.excess
OWNED_DECL Entry005.excess_affine_image
OWNED_DECL Entry005.excess_eq_zero_of_zero_projection_deficit
OWNED_DECL Entry005.excess_eq_zero_of_zero_projection_deficit._proof_1_1
OWNED_DECL Entry005.excess_eq_zero_of_zero_projection_deficit._proof_1_3
OWNED_DECL Entry005.excess_le_outer_radius_sub_one
OWNED_DECL Entry005.excess_le_outer_radius_sub_one._simp_1_1
OWNED_DECL Entry005.excess_nonnegative_of_maximum
OWNED_DECL Entry005.excess_of_hausdorff_at_centroid
OWNED_DECL Entry005.excess_of_inner_radius_projection_deficit
OWNED_DECL Entry005.excess_of_inner_radius_projection_deficit._proof_1_1
OWNED_DECL Entry005.excess_of_inner_radius_projection_deficit._simp_1_2
OWNED_DECL Entry005.excess_of_projection_deficit_after_affine
OWNED_DECL Entry005.exists_affineIndependent_anchor_tuple_of_affineSpan_top
OWNED_DECL Entry005.exists_centered_unit_normalization
OWNED_DECL Entry005.exists_centered_unit_normalization._simp_1_2
OWNED_DECL Entry005.exists_conditioned_low_witness
OWNED_DECL Entry005.exists_conditioned_low_witness_ae_good
OWNED_DECL Entry005.exists_determinant_witness_anchor
OWNED_DECL Entry005.exists_determinant_witness_anchor_ae_good
OWNED_DECL Entry005.exists_finite_support_halfspace_approximation
OWNED_DECL Entry005.exists_finite_support_halfspace_approximation._simp_1_1
OWNED_DECL Entry005.exists_finite_support_halfspace_approximation._simp_1_2
OWNED_DECL Entry005.exists_finite_support_halfspace_approximation._simp_1_3
OWNED_DECL Entry005.exists_nonsingular_support_anchor_tuple_of_affineSpan_top
OWNED_DECL Entry005.exists_perpendicular_unit
OWNED_DECL Entry005.exists_perpendicular_unit._proof_1_1
OWNED_DECL Entry005.exists_projection_cap
OWNED_DECL Entry005.exists_projection_cap._proof_1_1
OWNED_DECL Entry005.exists_projection_cap._simp_1_2
OWNED_DECL Entry005.exists_projection_sqrt_cap
OWNED_DECL Entry005.exists_projection_sqrt_cap._proof_1_1
OWNED_DECL Entry005.exists_projection_sqrt_cap._simp_1_2
OWNED_DECL Entry005.exists_regular_unit_normalization
OWNED_DECL Entry005.exists_well_conditioned_low_witness
OWNED_DECL Entry005.exists_well_conditioned_low_witness._simp_1_1
OWNED_DECL Entry005.exists_well_conditioned_low_witness._simp_1_2
OWNED_DECL Entry005.exists_well_conditioned_low_witness._simp_1_3
OWNED_DECL Entry005.exists_well_conditioned_low_witness._simp_1_4
OWNED_DECL Entry005.exists_well_conditioned_low_witness._simp_1_5
OWNED_DECL Entry005.exists_well_conditioned_low_witness._simp_1_6
OWNED_DECL Entry005.exists_well_conditioned_low_witness._simp_1_7
OWNED_DECL Entry005.exists_well_conditioned_low_witness_ae_good
OWNED_DECL Entry005.exists_well_conditioned_low_witness_ae_good._simp_1_1
OWNED_DECL Entry005.exists_well_conditioned_low_witness_ae_good._simp_1_2
OWNED_DECL Entry005.exists_well_conditioned_low_witness_ae_good._simp_1_3
OWNED_DECL Entry005.exists_well_conditioned_low_witness_ae_good._simp_1_4
OWNED_DECL Entry005.exists_well_conditioned_low_witness_ae_good._simp_1_5
OWNED_DECL Entry005.exists_well_conditioned_low_witness_ae_good._simp_1_6
OWNED_DECL Entry005.exists_well_conditioned_low_witness_ae_good._simp_1_7
OWNED_DECL Entry005.exists_well_conditioned_low_witness_in_support
OWNED_DECL Entry005.familyDefect
OWNED_DECL Entry005.familyDefect.eq_1
OWNED_DECL Entry005.family_cancellation_identity
OWNED_DECL Entry005.family_defect_nonneg
OWNED_DECL Entry005.family_witness_integrable
OWNED_DECL Entry005.finiteAtomLaw
OWNED_DECL Entry005.finiteAtomLaw._proof_1
OWNED_DECL Entry005.finiteAtomLaw.eq_1
OWNED_DECL Entry005.finiteConeIndexLaw
OWNED_DECL Entry005.finiteConeIndexLaw.eq_1
OWNED_DECL Entry005.finiteConeLaw
OWNED_DECL Entry005.finiteConeLaw._proof_1
OWNED_DECL Entry005.finiteConeLaw.eq_1
OWNED_DECL Entry005.finiteConePoint
OWNED_DECL Entry005.finiteConePoint.eq_1
OWNED_DECL Entry005.finiteFacetLift
OWNED_DECL Entry005.finiteFacetLift.eq_1
OWNED_DECL Entry005.finiteHalfspaceCompactConeLaw
OWNED_DECL Entry005.finiteHalfspaceConeLaw
OWNED_DECL Entry005.finiteHalfspaceConeLaw._proof_1
OWNED_DECL Entry005.finiteHalfspaceConeLaw._proof_2
OWNED_DECL Entry005.finiteHalfspaceConeLaw.eq_1
OWNED_DECL Entry005.finiteHalfspaceConeProbability
OWNED_DECL Entry005.finiteHalfspaceFacet
OWNED_DECL Entry005.finiteHalfspaceFacetArea
OWNED_DECL Entry005.finiteHalfspaceFacetArea._proof_1
OWNED_DECL Entry005.finiteHalfspaceFacetArea._proof_2
OWNED_DECL Entry005.finiteHalfspaceFacetArea.congr_simp
OWNED_DECL Entry005.finiteHalfspaceFacetChart
OWNED_DECL Entry005.finiteHalfspaceFacetCone
OWNED_DECL Entry005.finiteHalfspaceSet
OWNED_DECL Entry005.finiteHalfspaceSet.eq_1
OWNED_DECL Entry005.finiteLawZonotope
OWNED_DECL Entry005.finiteLawZonotope._proof_1
OWNED_DECL Entry005.finiteLiftedLawZonotope
OWNED_DECL Entry005.finiteZonotope
OWNED_DECL Entry005.finiteZonotopeLinear
OWNED_DECL Entry005.finiteZonotopeLinear._proof_1
OWNED_DECL Entry005.finiteZonotopeLinear._proof_2
OWNED_DECL Entry005.finite_abs_area_split
OWNED_DECL Entry005.finite_atom_law_eq_cone
OWNED_DECL Entry005.finite_atom_lifted_zonotope_volume_first_moment
OWNED_DECL Entry005.finite_atom_mem_support_of_pos
OWNED_DECL Entry005.finite_atom_probability
OWNED_DECL Entry005.finite_atom_zonotope_volume_first_moment
OWNED_DECL Entry005.finite_body_cone_affine_first_moment_pos
OWNED_DECL Entry005.finite_body_cone_affine_first_moment_pos._proof_1_1
OWNED_DECL Entry005.finite_body_cone_first_moment_assignment
OWNED_DECL Entry005.finite_cone_absolute_direction
OWNED_DECL Entry005.finite_cone_absolute_direction._simp_1_2
OWNED_DECL Entry005.finite_cone_absolute_direction._simp_1_3
OWNED_DECL Entry005.finite_cone_absolute_direction._simp_1_4
OWNED_DECL Entry005.finite_cone_absolute_direction._simp_1_5
OWNED_DECL Entry005.finite_cone_absolute_direction._simp_1_6
OWNED_DECL Entry005.finite_cone_absolute_direction._simp_1_7
OWNED_DECL Entry005.finite_cone_absolute_direction._simp_1_8
OWNED_DECL Entry005.finite_cone_ae_unit_ball
OWNED_DECL Entry005.finite_cone_centered
OWNED_DECL Entry005.finite_cone_coordinate_mean
OWNED_DECL Entry005.finite_cone_coordinate_mean._simp_1_1
OWNED_DECL Entry005.finite_cone_coordinate_mean._simp_1_2
OWNED_DECL Entry005.finite_cone_coordinate_mean._simp_1_3
OWNED_DECL Entry005.finite_cone_coordinate_mean._simp_1_4
OWNED_DECL Entry005.finite_cone_coordinate_mean._simp_1_5
OWNED_DECL Entry005.finite_cone_coordinate_mean._simp_1_6
OWNED_DECL Entry005.finite_cone_coordinate_mean._simp_1_7
OWNED_DECL Entry005.finite_cone_direction_mean_zero
OWNED_DECL Entry005.finite_cone_horizontal_determinant_expectation
OWNED_DECL Entry005.finite_cone_iid_integral
OWNED_DECL Entry005.finite_cone_index_map
OWNED_DECL Entry005.finite_cone_index_probability
OWNED_DECL Entry005.finite_cone_index_singleton
OWNED_DECL Entry005.finite_cone_integrable
OWNED_DECL Entry005.finite_cone_integral
OWNED_DECL Entry005.finite_cone_lifted_determinant_expectation
OWNED_DECL Entry005.finite_cone_lifted_zonotope_volume_first_moment
OWNED_DECL Entry005.finite_cone_negative_direction
OWNED_DECL Entry005.finite_cone_point_height_one
OWNED_DECL Entry005.finite_cone_point_norm
OWNED_DECL Entry005.finite_cone_probability
OWNED_DECL Entry005.finite_cone_support_unit_ball
OWNED_DECL Entry005.finite_cone_weighted_sample_determinant
OWNED_DECL Entry005.finite_cone_weighted_sample_determinant._simp_1_2
OWNED_DECL Entry005.finite_cone_weighted_sample_determinant._simp_1_3
OWNED_DECL Entry005.finite_cone_weighted_sample_determinant._simp_1_4
OWNED_DECL Entry005.finite_cone_weighted_sample_determinant._simp_1_5
OWNED_DECL Entry005.finite_cone_weighted_sample_determinant._simp_1_6
OWNED_DECL Entry005.finite_cone_weighted_sample_determinant._simp_1_7
OWNED_DECL Entry005.finite_cone_weighted_sample_determinant._simp_1_8
OWNED_DECL Entry005.finite_cone_weighted_zonotope_eq_normalized_generators
OWNED_DECL Entry005.finite_cone_weighted_zonotope_eq_normalized_generators._simp_1_1
OWNED_DECL Entry005.finite_cone_weighted_zonotope_eq_normalized_generators._simp_1_2
OWNED_DECL Entry005.finite_cone_weighted_zonotope_eq_normalized_generators._simp_1_3
OWNED_DECL Entry005.finite_cone_weighted_zonotope_eq_normalized_generators._simp_1_4
OWNED_DECL Entry005.finite_cone_weighted_zonotope_eq_normalized_generators._simp_1_5
OWNED_DECL Entry005.finite_cone_weighted_zonotope_eq_normalized_generators._simp_1_6
OWNED_DECL Entry005.finite_cone_weighted_zonotope_eq_normalized_generators._simp_1_7
OWNED_DECL Entry005.finite_cone_zonotope_volume_first_moment
OWNED_DECL Entry005.finite_determinant_tuple_sum_eq_injection_sum
OWNED_DECL Entry005.finite_halfspace_brightness_lower_of_unit_ball
OWNED_DECL Entry005.finite_halfspace_brightness_lower_of_unit_ball._simp_1_1
OWNED_DECL Entry005.finite_halfspace_brightness_normal_sum
OWNED_DECL Entry005.finite_halfspace_cauchy
OWNED_DECL Entry005.finite_halfspace_closed
OWNED_DECL Entry005.finite_halfspace_compact_cone_raw_pushforward
OWNED_DECL Entry005.finite_halfspace_cone_absolute_brightness
OWNED_DECL Entry005.finite_halfspace_cone_ae_unit_ball
OWNED_DECL Entry005.finite_halfspace_cone_centered
OWNED_DECL Entry005.finite_halfspace_cone_law_exists_subsequence
OWNED_DECL Entry005.finite_halfspace_cone_negative_brightness
OWNED_DECL Entry005.finite_halfspace_cone_probability
OWNED_DECL Entry005.finite_halfspace_cone_round_coefficient_pos
OWNED_DECL Entry005.finite_halfspace_cone_round_lower
OWNED_DECL Entry005.finite_halfspace_cone_support_unit_ball
OWNED_DECL Entry005.finite_halfspace_cone_zonotope_eq_scaled_projection_body
OWNED_DECL Entry005.finite_halfspace_cone_zonotope_eq_scaled_projection_body._simp_1_1
OWNED_DECL Entry005.finite_halfspace_cone_zonotope_eq_scaled_projection_body._simp_1_2
OWNED_DECL Entry005.finite_halfspace_cone_zonotope_eq_scaled_projection_body._simp_1_3
OWNED_DECL Entry005.finite_halfspace_cone_zonotope_eq_scaled_projection_body._simp_1_4
OWNED_DECL Entry005.finite_halfspace_cone_zonotope_eq_scaled_projection_body._simp_1_5
OWNED_DECL Entry005.finite_halfspace_cone_zonotope_eq_scaled_projection_body._simp_1_6
OWNED_DECL Entry005.finite_halfspace_cone_zonotope_eq_scaled_projection_body._simp_1_7
OWNED_DECL Entry005.finite_halfspace_convex
OWNED_DECL Entry005.finite_halfspace_defect_over_first_moment
OWNED_DECL Entry005.finite_halfspace_directional_balance
OWNED_DECL Entry005.finite_halfspace_entryA_lifted_moment
OWNED_DECL Entry005.finite_halfspace_entryA_lifted_moment._proof_1_1
OWNED_DECL Entry005.finite_halfspace_entryDefect_moment
OWNED_DECL Entry005.finite_halfspace_entryDefect_moment._simp_1_1
OWNED_DECL Entry005.finite_halfspace_entryDefect_moment._simp_1_2
OWNED_DECL Entry005.finite_halfspace_entryDefect_moment._simp_1_3
OWNED_DECL Entry005.finite_halfspace_entryDefect_moment._simp_1_4
OWNED_DECL Entry005.finite_halfspace_entryDefect_moment._simp_1_5
OWNED_DECL Entry005.finite_halfspace_entryDefect_moment._simp_1_6
OWNED_DECL Entry005.finite_halfspace_entryDefect_moment._simp_1_7
OWNED_DECL Entry005.finite_halfspace_facet_area_nonneg
OWNED_DECL Entry005.finite_halfspace_facet_area_of_empty
OWNED_DECL Entry005.finite_halfspace_facet_chart_compact
OWNED_DECL Entry005.finite_halfspace_facet_chart_image
OWNED_DECL Entry005.finite_halfspace_facet_chart_projection_image
OWNED_DECL Entry005.finite_halfspace_facet_compact
OWNED_DECL Entry005.finite_halfspace_facet_cone_compact
OWNED_DECL Entry005.finite_halfspace_facet_cone_coordinates
OWNED_DECL Entry005.finite_halfspace_facet_cone_subset
OWNED_DECL Entry005.finite_halfspace_facet_cone_volume
OWNED_DECL Entry005.finite_halfspace_facet_cones_inter_volume_zero
OWNED_DECL Entry005.finite_halfspace_facet_mass
OWNED_DECL Entry005.finite_halfspace_facet_mass._proof_1_1
OWNED_DECL Entry005.finite_halfspace_facet_mass._simp_1_2
OWNED_DECL Entry005.finite_halfspace_facet_mass._simp_1_3
OWNED_DECL Entry005.finite_halfspace_facet_mass._simp_1_4
OWNED_DECL Entry005.finite_halfspace_facet_mass._simp_1_5
OWNED_DECL Entry005.finite_halfspace_facet_mass._simp_1_6
OWNED_DECL Entry005.finite_halfspace_facet_mass._simp_1_7
OWNED_DECL Entry005.finite_halfspace_facet_mass._simp_1_8
OWNED_DECL Entry005.finite_halfspace_facet_projection_volume
OWNED_DECL Entry005.finite_halfspace_facet_projection_volume_real
OWNED_DECL Entry005.finite_halfspace_homogeneous_eq_zero
OWNED_DECL Entry005.finite_halfspace_horizontal_first_moment
OWNED_DECL Entry005.finite_halfspace_horizontal_moment_pos
OWNED_DECL Entry005.finite_halfspace_index_nonempty
OWNED_DECL Entry005.finite_halfspace_interior_nonempty_of_positive_heights
OWNED_DECL Entry005.finite_halfspace_interior_nonempty_of_positive_heights._simp_1_1
OWNED_DECL Entry005.finite_halfspace_lifted_moment_pos
OWNED_DECL Entry005.finite_halfspace_lower_area_sum
OWNED_DECL Entry005.finite_halfspace_lower_projection_cover
OWNED_DECL Entry005.finite_halfspace_nonzero_radial_cover
OWNED_DECL Entry005.finite_halfspace_normal_balance
OWNED_DECL Entry005.finite_halfspace_normal_balance_coordinates
OWNED_DECL Entry005.finite_halfspace_normalization_pos
OWNED_DECL Entry005.finite_halfspace_projection_body_eq_zonotope
OWNED_DECL Entry005.finite_halfspace_projection_body_volume_pos
OWNED_DECL Entry005.finite_halfspace_projection_body_volume_pos._simp_1_1
OWNED_DECL Entry005.finite_halfspace_radial_cover_ae
OWNED_DECL Entry005.finite_halfspace_radial_cover_ae._simp_1_1
OWNED_DECL Entry005.finite_halfspace_sphere_net_norm_bound
OWNED_DECL Entry005.finite_halfspace_unit_ball_heights
OWNED_DECL Entry005.finite_halfspace_unit_ball_heights._simp_1_1
OWNED_DECL Entry005.finite_halfspace_upper_active
OWNED_DECL Entry005.finite_halfspace_upper_area_sum
OWNED_DECL Entry005.finite_halfspace_upper_projection_cover
OWNED_DECL Entry005.finite_halfspace_volume_eq_sum_cone_volumes
OWNED_DECL Entry005.finite_halfspace_volume_eq_sum_cone_volumes._simp_1_1
OWNED_DECL Entry005.finite_halfspace_volume_pos
OWNED_DECL Entry005.finite_law_zonotope_volume_weighted_tuple_sum
OWNED_DECL Entry005.finite_signed_area_split
OWNED_DECL Entry005.finite_support_net_direction_bound
OWNED_DECL Entry005.finite_support_net_subset_dilation
OWNED_DECL Entry005.finite_tuple_determinant_eq_zero_of_not_injective
OWNED_DECL Entry005.finite_uniform_positive
OWNED_DECL Entry005.finite_weighted_determinant_tuple_sum_eq_injection_sum
OWNED_DECL Entry005.finite_weighted_horizontal_determinant
OWNED_DECL Entry005.finite_zonotope_compact
OWNED_DECL Entry005.finite_zonotope_cons
OWNED_DECL Entry005.finite_zonotope_convex
OWNED_DECL Entry005.finite_zonotope_eq_support_halfspaces
OWNED_DECL Entry005.finite_zonotope_euclidean_one_volume
OWNED_DECL Entry005.finite_zonotope_euclidean_zero_volume
OWNED_DECL Entry005.finite_zonotope_linear_image
OWNED_DECL Entry005.finite_zonotope_nonempty
OWNED_DECL Entry005.finite_zonotope_option
OWNED_DECL Entry005.finite_zonotope_option.match_1_1
OWNED_DECL Entry005.finite_zonotope_option_volume
OWNED_DECL Entry005.finite_zonotope_projection_volume_coordinates
OWNED_DECL Entry005.finite_zonotope_real_eq_interval
OWNED_DECL Entry005.finite_zonotope_real_volume
OWNED_DECL Entry005.finite_zonotope_reindex
OWNED_DECL Entry005.finite_zonotope_scalar_image
OWNED_DECL Entry005.finite_zonotope_scaled_generators
OWNED_DECL Entry005.finite_zonotope_subset_generator_span
OWNED_DECL Entry005.finite_zonotope_support_attained
OWNED_DECL Entry005.finite_zonotope_support_bound
OWNED_DECL Entry005.finite_zonotope_volume_cons
OWNED_DECL Entry005.finite_zonotope_volume_cons_projected
OWNED_DECL Entry005.finite_zonotope_volume_cons_toReal
OWNED_DECL Entry005.finite_zonotope_volume_determinant_sum
OWNED_DECL Entry005.finite_zonotope_volume_horizontal_tuple_sum
OWNED_DECL Entry005.finite_zonotope_volume_isometry
OWNED_DECL Entry005.finite_zonotope_volume_matrix
OWNED_DECL Entry005.finite_zonotope_volume_matrix_fintype
OWNED_DECL Entry005.finite_zonotope_volume_no_generators
OWNED_DECL Entry005.finite_zonotope_volume_zero_dimensional
OWNED_DECL Entry005.finite_zonotope_volume_zero_of_card_lt
OWNED_DECL Entry005.finrank_lifted_space
OWNED_DECL Entry005.fintype_determinant_tuple_sum_eq_injection_sum
OWNED_DECL Entry005.fintype_weighted_determinant_tuple_sum_eq_injection_sum
OWNED_DECL Entry005.first_replacement_witness
OWNED_DECL Entry005.gSharp
OWNED_DECL Entry005.gSharp_pos
OWNED_DECL Entry005.geometricSupport
OWNED_DECL Entry005.geometricSupport_le_iff
OWNED_DECL Entry005.geometricSupport_le_of_hausdorff
OWNED_DECL Entry005.halfspaceApproximationBody
OWNED_DECL Entry005.halfspaceApproximationBody.congr_simp
OWNED_DECL Entry005.halfspaceApproximationLaw
OWNED_DECL Entry005.halfspaceApproximationLaw._proof_1
OWNED_DECL Entry005.halfspaceApproximationLaw.congr_simp
OWNED_DECL Entry005.halfspaceApproximationNormals
OWNED_DECL Entry005.halfspaceApproximationNormals._proof_1
OWNED_DECL Entry005.halfspaceApproximationProbability
OWNED_DECL Entry005.halfspaceApproximationTolerance
OWNED_DECL Entry005.halfspace_approximation_atom_polar_boundary
OWNED_DECL Entry005.halfspace_approximation_body_compact
OWNED_DECL Entry005.halfspace_approximation_body_contains_unit_ball
OWNED_DECL Entry005.halfspace_approximation_body_subset_dilation
OWNED_DECL Entry005.halfspace_approximation_compact_law_ae_polar_boundary
OWNED_DECL Entry005.halfspace_approximation_entryA_tendsto
OWNED_DECL Entry005.halfspace_approximation_heights_pos
OWNED_DECL Entry005.halfspace_approximation_horizontal_first_moment
OWNED_DECL Entry005.halfspace_approximation_iid_moments_tendsto
OWNED_DECL Entry005.halfspace_approximation_law_ae_polar_boundary
OWNED_DECL Entry005.halfspace_approximation_law_ae_unit_ball
OWNED_DECL Entry005.halfspace_approximation_law_centered
OWNED_DECL Entry005.halfspace_approximation_law_negative_brightness
OWNED_DECL Entry005.halfspace_approximation_law_negative_tendsto
OWNED_DECL Entry005.halfspace_approximation_law_probability
OWNED_DECL Entry005.halfspace_approximation_law_support_unit_ball
OWNED_DECL Entry005.halfspace_approximation_normals_injective
OWNED_DECL Entry005.halfspace_approximation_normals_unit
OWNED_DECL Entry005.halfspace_approximation_projection_body_volume_tendsto
OWNED_DECL Entry005.halfspace_approximation_projection_ratio_tendsto
OWNED_DECL Entry005.halfspace_approximation_projection_volume_tendsto
OWNED_DECL Entry005.halfspace_approximation_spec
OWNED_DECL Entry005.halfspace_approximation_tolerance_pos
OWNED_DECL Entry005.halfspace_approximation_tolerance_tendsto
OWNED_DECL Entry005.halfspace_approximation_volume_tendsto
OWNED_DECL Entry005.hausdorff_from_inner_radius_projection_deficit
OWNED_DECL Entry005.hausdorff_from_projection_deficit
OWNED_DECL Entry005.hausdorff_from_projection_deficit._proof_1_1
OWNED_DECL Entry005.hausdorff_from_projection_deficit_sqrt
OWNED_DECL Entry005.hausdorff_from_projection_deficit_sqrt._proof_1_1
OWNED_DECL Entry005.horizontalAbsoluteDeterminantTest
OWNED_DECL Entry005.horizontalAbsoluteDeterminantTest._proof_1
OWNED_DECL Entry005.horizontalDeterminant
OWNED_DECL Entry005.horizontalDeterminant.eq_1
OWNED_DECL Entry005.horizontal_iid_first_moment_map
OWNED_DECL Entry005.hyperplaneProjection
OWNED_DECL Entry005.hyperplaneProjection._proof_1
OWNED_DECL Entry005.hyperplaneProjection._proof_2
OWNED_DECL Entry005.hyperplane_dimension
OWNED_DECL Entry005.hyperplane_dimension._proof_1_1
OWNED_DECL Entry005.hyperplane_projection_basis_determinant
OWNED_DECL Entry005.hyperplane_projection_volume
OWNED_DECL Entry005.hyperplane_projection_volume._proof_1_1
OWNED_DECL Entry005.iidAnchorTestSplit
OWNED_DECL Entry005.iidAnchorTestSplit.eq_1
OWNED_DECL Entry005.iidAnchorVolumeWeightedLaw
OWNED_DECL Entry005.iidBasePairSplit
OWNED_DECL Entry005.iidBasePairSplit.eq_1
OWNED_DECL Entry005.iidLaw
OWNED_DECL Entry005.iidLaw.eq_1
OWNED_DECL Entry005.iidLaw_probability
OWNED_DECL Entry005.iidProbabilityMeasure
OWNED_DECL Entry005.iidProbabilityMeasure._proof_1
OWNED_DECL Entry005.iidProbabilityMeasure_cons
OWNED_DECL Entry005.iidProbabilityMeasure_map
OWNED_DECL Entry005.iidProbabilityMeasure_toMeasure
OWNED_DECL Entry005.iidSplit
OWNED_DECL Entry005.iidSplit._proof_1
OWNED_DECL Entry005.iidSplit.eq_1
OWNED_DECL Entry005.iidWitnessTransport
OWNED_DECL Entry005.iidWitnessTransport.eq_1
OWNED_DECL Entry005.iid_anchor_support_ae
OWNED_DECL Entry005.iid_anchor_test_preserving
OWNED_DECL Entry005.iid_anchor_volume_integrable
OWNED_DECL Entry005.iid_anchor_volume_integral_eq
OWNED_DECL Entry005.iid_anchor_volume_integral_pos_of_euclidean_support_affineSpan_top
OWNED_DECL Entry005.iid_anchor_volume_integral_pos_of_support_affineIndependent
OWNED_DECL Entry005.iid_anchor_volume_integral_pos_of_support_affineSpan_top
OWNED_DECL Entry005.iid_anchor_volume_integral_pos_of_support_det_ne_zero
OWNED_DECL Entry005.iid_anchor_volume_integral_pos_of_support_det_ne_zero._simp_1_1
OWNED_DECL Entry005.iid_anchor_volume_integral_pos_of_support_det_ne_zero._simp_1_2
OWNED_DECL Entry005.iid_anchor_volume_integral_pos_of_support_raw_affineIndependent
OWNED_DECL Entry005.iid_anchor_volume_weighted_law_ae_support_pos
OWNED_DECL Entry005.iid_anchor_volume_weighted_law_probability
OWNED_DECL Entry005.iid_anchor_volume_weighted_witness_ratio_budget
OWNED_DECL Entry005.iid_base_pair_preserving
OWNED_DECL Entry005.iid_determinant_second_moment
OWNED_DECL Entry005.iid_determinant_witness_anchor
OWNED_DECL Entry005.iid_integral_map
OWNED_DECL Entry005.iid_lifted_determinant_integrable
OWNED_DECL Entry005.iid_paper_assignment_witness_budget
OWNED_DECL Entry005.iid_split_preserving
OWNED_DECL Entry005.iid_support_tuple_mem_support
OWNED_DECL Entry005.iid_volume_weighted_paper_witness_anchor
OWNED_DECL Entry005.iid_witness_transport_preserving
OWNED_DECL Entry005.innerProjectionRadius
OWNED_DECL Entry005.innerProjectionRadius.eq_1
OWNED_DECL Entry005.inner_level_volume_zero
OWNED_DECL Entry005.inner_project
OWNED_DECL Entry005.inner_pyramidBaseNormal
OWNED_DECL Entry005.inner_pyramidSideNormal
OWNED_DECL Entry005.instDecidableEqPaperWitnessIndex
OWNED_DECL Entry005.instFintypePaperWitnessIndex
OWNED_DECL Entry005.integrable_anchor_coordinates
OWNED_DECL Entry005.integrable_family_defect
OWNED_DECL Entry005.integral_absolute_decomposition
OWNED_DECL Entry005.integral_absolute_decomposition._proof_1_1
OWNED_DECL Entry005.integral_cancellation_identity
OWNED_DECL Entry005.integral_determinant_assignment_witness_eq_transportedWitnessSum
OWNED_DECL Entry005.integral_dot_square
OWNED_DECL Entry005.integral_lifted_determinant
OWNED_DECL Entry005.integral_mean_decomposition
OWNED_DECL Entry005.integral_mean_decomposition._proof_1_1
OWNED_DECL Entry005.integrated_actual_determinant_assignment_cost
OWNED_DECL Entry005.integrated_clipped_largest_assignment_error
OWNED_DECL Entry005.integrated_family_witness_le
OWNED_DECL Entry005.integrated_largest_assignment_error
OWNED_DECL Entry005.integrated_opposite_witness_le
OWNED_DECL Entry005.isometry_volume_image
OWNED_DECL Entry005.largestCoordinate
OWNED_DECL Entry005.largest_coordinate_assignment_error
OWNED_DECL Entry005.largest_coordinate_clipped_assignment_error
OWNED_DECL Entry005.largest_coordinate_fiber
OWNED_DECL Entry005.largest_coordinate_max
OWNED_DECL Entry005.largest_coordinate_positive
OWNED_DECL Entry005.liftedAbsoluteDeterminantTest
OWNED_DECL Entry005.liftedAbsoluteDeterminantTest._proof_1
OWNED_DECL Entry005.liftedAbsoluteDeterminantTest._proof_2
OWNED_DECL Entry005.liftedAffineEquiv
OWNED_DECL Entry005.liftedAffineEquiv._proof_1
OWNED_DECL Entry005.liftedAffineEquiv._proof_2
OWNED_DECL Entry005.liftedAffineEquiv._proof_3
OWNED_DECL Entry005.liftedAffineEquiv.eq_1
OWNED_DECL Entry005.liftedAffineEquiv_apex
OWNED_DECL Entry005.liftedAffineEquiv_apply
OWNED_DECL Entry005.liftedAffineEquiv_apply._abel_1_2
OWNED_DECL Entry005.liftedAffineEquiv_base
OWNED_DECL Entry005.liftedAffineEquiv_det
OWNED_DECL Entry005.liftedAffineEquiv_symm_apply
OWNED_DECL Entry005.liftedCoordinates
OWNED_DECL Entry005.liftedCoordinates.eq_1
OWNED_DECL Entry005.liftedDeterminant
OWNED_DECL Entry005.liftedDeterminant.eq_1
OWNED_DECL Entry005.lifted_determinant_expansion
OWNED_DECL Entry005.lifted_determinant_integrable
OWNED_DECL Entry005.lifted_iid_first_moment_map
OWNED_DECL Entry005.lifted_unit_column_norm
OWNED_DECL Entry005.lower_projected_facets_inter_volume_zero
OWNED_DECL Entry005.maximumInscribed
OWNED_DECL Entry005.maximumInscribed._proof_1
OWNED_DECL Entry005.maximumInscribed._proof_2
OWNED_DECL Entry005.maximumInscribed_R0_ball
OWNED_DECL Entry005.maximumInscribed_affine_iff
OWNED_DECL Entry005.maximumInscribed_centered_bound
OWNED_DECL Entry005.maximumInscribed_centered_bound._abel_1_1
OWNED_DECL Entry005.maximumInscribed_coord_abs_le_one
OWNED_DECL Entry005.maximumInscribed_excess_le_dim_add_one
OWNED_DECL Entry005.maximumInscribed_outer_ball
OWNED_DECL Entry005.maximumInscribed_outer_ball._simp_1_1
OWNED_DECL Entry005.maximumInscribed_regular_norm_sq
OWNED_DECL Entry005.maximumInscribed_regular_sharp_ball
OWNED_DECL Entry005.maximumInscribed_regular_sharp_ball._simp_1_1
OWNED_DECL Entry005.maximum_simplex_excess_le_R0_sub_one
OWNED_DECL Entry005.maximum_simplex_normalized_geometric_endpoint
OWNED_DECL Entry005.maximum_simplex_regular_geometric_endpoint
OWNED_DECL Entry005.maximum_simplex_regular_geometric_endpoint._proof_1_1
OWNED_DECL Entry005.maximum_simplex_regular_normalization
OWNED_DECL Entry005.maximum_simplex_sharp_radius_normalization
OWNED_DECL Entry005.maximum_simplex_strong_geometric_endpoint
OWNED_DECL Entry005.maximum_simplex_strong_geometric_endpoint._proof_1_1
OWNED_DECL Entry005.maximum_simplex_strong_normalization_invariants
OWNED_DECL Entry005.maximum_simplex_volume_ratio
OWNED_DECL Entry005.maximum_simplex_zero_hausdorff
OWNED_DECL Entry005.measurable_anchor_coordinates
OWNED_DECL Entry005.measurable_compactBallRaw
OWNED_DECL Entry005.measurable_iid_anchor_volume
OWNED_DECL Entry005.measurable_largest_coordinate
OWNED_DECL Entry005.measurable_largest_coordinate._simp_1_1
OWNED_DECL Entry005.measurable_lifted_determinant
OWNED_DECL Entry005.measurable_rawToCompactBall
OWNED_DECL Entry005.mem_iff_geometricSupport
OWNED_DECL Entry005.mem_projectionBodySet_iff_brightness
OWNED_DECL Entry005.mem_projectionBodySet_iff_brightness._simp_1_3
OWNED_DECL Entry005.mem_pyramidHalfspace_iff
OWNED_DECL Entry005.mem_pyramidSet_iff
OWNED_DECL Entry005.negativeAssignmentCost
OWNED_DECL Entry005.negativeAssignmentCost.eq_1
OWNED_DECL Entry005.negativeIntegral
OWNED_DECL Entry005.negativeIntegral.eq_1
OWNED_DECL Entry005.nested_body_cap_gain
OWNED_DECL Entry005.nested_body_cap_gain._simp_1_1
OWNED_DECL Entry005.normalHyperplane
OWNED_DECL Entry005.normalHyperplane.eq_1
OWNED_DECL Entry005.normalHyperplane_finrank
OWNED_DECL Entry005.normalHyperplane_finrank._proof_1_1
OWNED_DECL Entry005.normal_contraction_factor
OWNED_DECL Entry005.normal_contraction_factor._proof_1_1
OWNED_DECL Entry005.normalized_body_brightness_lower
OWNED_DECL Entry005.normalized_projection_body_contains_ball
OWNED_DECL Entry005.normalized_projection_body_contains_ball._simp_1_1
OWNED_DECL Entry005.normalized_projection_body_volume_pos
OWNED_DECL Entry005.normalized_projection_body_volume_pos._simp_1_1
OWNED_DECL Entry005.normalized_projection_ratio_pos
OWNED_DECL Entry005.normalized_support_height_eq_one
OWNED_DECL Entry005.off_max_l1_le_cost
OWNED_DECL Entry005.off_max_l1_le_cost._proof_1_1
OWNED_DECL Entry005.off_max_l1_le_cost_of_no_clipping
OWNED_DECL Entry005.off_max_l1_le_cost_of_no_clipping._proof_1_2
OWNED_DECL Entry005.official_brightness_eq_norm_mul
OWNED_DECL Entry005.official_normal_hyperplane_eq
OWNED_DECL Entry005.official_normalized_projection_volume_eq
OWNED_DECL Entry005.official_projection_body_eq
OWNED_DECL Entry005.official_projection_volume_eq
OWNED_DECL Entry005.official_projection_volume_real_eq
OWNED_DECL Entry005.official_unit_brightness_eq
OWNED_DECL Entry005.oppositeWitness
OWNED_DECL Entry005.oppositeWitness.eq_1
OWNED_DECL Entry005.opposite_witness_integrable
OWNED_DECL Entry005.opposite_witness_integrable_same
OWNED_DECL Entry005.opposite_witness_mul
OWNED_DECL Entry005.opposite_witness_mul_nonneg
OWNED_DECL Entry005.opposite_witness_mul_nonneg._simp_1_2
OWNED_DECL Entry005.opposite_witness_neg_neg
OWNED_DECL Entry005.opposite_witness_nonneg
OWNED_DECL Entry005.original_Q_assignment
OWNED_DECL Entry005.orthogonal_hyperplane_projection_formula
OWNED_DECL Entry005.orthogonal_projection_closed_ball
OWNED_DECL Entry005.orthogonal_projection_closed_ball._simp_1_1
OWNED_DECL Entry005.orthogonal_projection_smul_image
OWNED_DECL Entry005.orthonormal_basis_det_coordinates
OWNED_DECL Entry005.orthonormal_determinant_height
OWNED_DECL Entry005.orthonormal_linear_image_volume
OWNED_DECL Entry005.outer_ball_after_small_hausdorff
OWNED_DECL Entry005.pairAssignmentCost
OWNED_DECL Entry005.pairAssignmentCost._proof_1
OWNED_DECL Entry005.pair_replacement_witness_lower
OWNED_DECL Entry005.paperFirstPermutation
OWNED_DECL Entry005.paperFirstPermutation._proof_1
OWNED_DECL Entry005.paperFirstPermutation.eq_1
OWNED_DECL Entry005.paperPairPermutation
OWNED_DECL Entry005.paperPairPermutation._proof_1
OWNED_DECL Entry005.paperPairPermutation.eq_1
OWNED_DECL Entry005.paperWitnessPermutation
OWNED_DECL Entry005.paperWitnessPermutation.match_1
OWNED_DECL Entry005.paper_anchor_update
OWNED_DECL Entry005.paper_cases_swap_zero
OWNED_DECL Entry005.paper_first_matrices
OWNED_DECL Entry005.paper_first_transport
OWNED_DECL Entry005.paper_first_witness
OWNED_DECL Entry005.paper_iid_anchor_split_symm
OWNED_DECL Entry005.paper_iid_base_pair_split
OWNED_DECL Entry005.paper_iid_transport
OWNED_DECL Entry005.paper_opposite_symm
OWNED_DECL Entry005.paper_pair_first_matrix
OWNED_DECL Entry005.paper_pair_replacement_symm
OWNED_DECL Entry005.paper_pair_second_matrix
OWNED_DECL Entry005.paper_pair_sign
OWNED_DECL Entry005.paper_pair_transport
OWNED_DECL Entry005.paper_pair_witness
OWNED_DECL Entry005.paper_sign_abs
OWNED_DECL Entry005.paper_swap_succ
OWNED_DECL Entry005.paper_witness_index_card_nat
OWNED_DECL Entry005.paper_witness_index_card_real
OWNED_DECL Entry005.paper_witness_index_nonempty
OWNED_DECL Entry005.paper_witness_transport_preserving
OWNED_DECL Entry005.positiveIntegral
OWNED_DECL Entry005.positiveIntegral.eq_1
OWNED_DECL Entry005.positive_off_max_le_pair_cost
OWNED_DECL Entry005.probability_closed_carried_of_tendsto
OWNED_DECL Entry005.probability_integral_square_le
OWNED_DECL Entry005.projectBody
OWNED_DECL Entry005.projectBody._proof_1
OWNED_DECL Entry005.projectBody._proof_2
OWNED_DECL Entry005.projectBody._proof_3
OWNED_DECL Entry005.projectBody._proof_4
OWNED_DECL Entry005.projectBody._proof_5
OWNED_DECL Entry005.project_body_mono
OWNED_DECL Entry005.project_body_outer_ball
OWNED_DECL Entry005.project_body_outer_ball._simp_1_1
OWNED_DECL Entry005.project_body_unit_ball
OWNED_DECL Entry005.project_body_unit_ball._simp_1_1
OWNED_DECL Entry005.projectedVolume
OWNED_DECL Entry005.projectedVolume._proof_1
OWNED_DECL Entry005.projectedVolume._proof_2
OWNED_DECL Entry005.projectedVolume.congr_simp
OWNED_DECL Entry005.projectionBodySet
OWNED_DECL Entry005.projectionBodySet.congr_simp
OWNED_DECL Entry005.projectionBodySet.eq_1
OWNED_DECL Entry005.projectionBodySet_affine_image
OWNED_DECL Entry005.projectionBodySet_linear_image
OWNED_DECL Entry005.projectionBodySet_linear_image._simp_1_2
OWNED_DECL Entry005.projectionBodySet_linear_image._simp_1_3
OWNED_DECL Entry005.projectionBodySet_linear_image._simp_1_4
OWNED_DECL Entry005.projectionBodySet_linear_image._simp_1_5
OWNED_DECL Entry005.projectionBodySet_linear_image._simp_1_6
OWNED_DECL Entry005.projectionBodySet_linear_image._simp_1_7
OWNED_DECL Entry005.projectionBodySet_linear_image._simp_1_8
OWNED_DECL Entry005.projectionBodySet_translate
OWNED_DECL Entry005.projectionBrightness
OWNED_DECL Entry005.projectionBrightness.congr_simp
OWNED_DECL Entry005.projectionBrightness.eq_1
OWNED_DECL Entry005.projectionBrightness_linear_image
OWNED_DECL Entry005.projectionBrightness_linear_image._simp_1_1
OWNED_DECL Entry005.projectionBrightness_linear_image._simp_1_2
OWNED_DECL Entry005.projectionBrightness_linear_image._simp_1_3
OWNED_DECL Entry005.projectionBrightness_linear_image._simp_1_4
OWNED_DECL Entry005.projectionBrightness_linear_image._simp_1_5
OWNED_DECL Entry005.projectionBrightness_linear_image._simp_1_6
OWNED_DECL Entry005.projectionBrightness_linear_image._simp_1_7
OWNED_DECL Entry005.projectionHausdorffBound
OWNED_DECL Entry005.projectionRatio
OWNED_DECL Entry005.projectionRatio.eq_1
OWNED_DECL Entry005.projectionRatio_affine_image
OWNED_DECL Entry005.projectionRatio_linear_image
OWNED_DECL Entry005.projectionRatio_pyramid_affine_image
OWNED_DECL Entry005.projectionRatio_pyramid_affine_image._proof_1_1
OWNED_DECL Entry005.projectionRatio_translate
OWNED_DECL Entry005.projectionTransport
OWNED_DECL Entry005.projectionTransport._proof_1
OWNED_DECL Entry005.projectionTransport._proof_2
OWNED_DECL Entry005.projectionTransport.congr_simp
OWNED_DECL Entry005.projectionTransport_normDet
OWNED_DECL Entry005.projectionTransport_normDet._simp_1_3
OWNED_DECL Entry005.projectionTransport_normDet._simp_1_4
OWNED_DECL Entry005.projectionTransport_normDet._simp_1_5
OWNED_DECL Entry005.projectionTransport_normDet._simp_1_6
OWNED_DECL Entry005.projectionTransport_normDet._simp_1_7
OWNED_DECL Entry005.projectionTransport_normDet._simp_1_8
OWNED_DECL Entry005.projectionTransport_normDet._simp_1_9
OWNED_DECL Entry005.projectionTransport_project
OWNED_DECL Entry005.projectionVolume
OWNED_DECL Entry005.projectionVolume._proof_1
OWNED_DECL Entry005.projectionVolume._proof_2
OWNED_DECL Entry005.projectionVolume.eq_1
OWNED_DECL Entry005.projectionVolumeSet
OWNED_DECL Entry005.projectionVolumeSet._proof_1
OWNED_DECL Entry005.projectionVolumeSet._proof_2
OWNED_DECL Entry005.projectionVolumeSet._proof_3
OWNED_DECL Entry005.projectionVolumeSet.congr_simp
OWNED_DECL Entry005.projectionVolumeSet_linear_image
OWNED_DECL Entry005.projectionVolumeSet_neg_normal
OWNED_DECL Entry005.projectionVolumeSet_smul_normal
OWNED_DECL Entry005.projectionVolumeSet_translate
OWNED_DECL Entry005.projectionVolume_linear_image
OWNED_DECL Entry005.projection_body_closed
OWNED_DECL Entry005.projection_body_convex
OWNED_DECL Entry005.projection_body_eq_finite_zonotope_of_projection_volume
OWNED_DECL Entry005.projection_body_mono
OWNED_DECL Entry005.projection_body_positive_smul
OWNED_DECL Entry005.projection_body_zero_mem
OWNED_DECL Entry005.projection_cap_cube_gain
OWNED_DECL Entry005.projection_cap_gain
OWNED_DECL Entry005.projection_cap_gain._simp_1_1
OWNED_DECL Entry005.projection_cap_sqrt_cube_gain
OWNED_DECL Entry005.projection_image_linearEquiv
OWNED_DECL Entry005.projection_volume_closed_ball
OWNED_DECL Entry005.projection_volume_closed_ball._proof_1_1
OWNED_DECL Entry005.projection_volume_mono
OWNED_DECL Entry005.projection_volume_nonnegative_smul
OWNED_DECL Entry005.projection_volume_nonnegative_smul._proof_1_1
OWNED_DECL Entry005.pyramidApex
OWNED_DECL Entry005.pyramidApex.eq_1
OWNED_DECL Entry005.pyramidBaseIsometry
OWNED_DECL Entry005.pyramidBaseIsometry._proof_1
OWNED_DECL Entry005.pyramidBaseIsometry._proof_10
OWNED_DECL Entry005.pyramidBaseIsometry._proof_2
OWNED_DECL Entry005.pyramidBaseIsometry._proof_3
OWNED_DECL Entry005.pyramidBaseIsometry._proof_4
OWNED_DECL Entry005.pyramidBaseIsometry._proof_5
OWNED_DECL Entry005.pyramidBaseIsometry._proof_6
OWNED_DECL Entry005.pyramidBaseIsometry._proof_7
OWNED_DECL Entry005.pyramidBaseIsometry._proof_8
OWNED_DECL Entry005.pyramidBaseIsometry._proof_9
OWNED_DECL Entry005.pyramidBaseIsometry_val
OWNED_DECL Entry005.pyramidBaseMap
OWNED_DECL Entry005.pyramidBaseMap._proof_1
OWNED_DECL Entry005.pyramidBaseMap._proof_2
OWNED_DECL Entry005.pyramidBaseMap_apply
OWNED_DECL Entry005.pyramidBaseNormal
OWNED_DECL Entry005.pyramidBaseNormal._proof_1
OWNED_DECL Entry005.pyramidBaseNormal.eq_1
OWNED_DECL Entry005.pyramidBaseNormal_unit
OWNED_DECL Entry005.pyramidFlip
OWNED_DECL Entry005.pyramidFlip.eq_1
OWNED_DECL Entry005.pyramidFlip_apply
OWNED_DECL Entry005.pyramidFlip_volume
OWNED_DECL Entry005.pyramidHalfspaceHeight
OWNED_DECL Entry005.pyramidHalfspaceNormal
OWNED_DECL Entry005.pyramidHalfspaceNormal.match_1
OWNED_DECL Entry005.pyramidHalfspaceNormal_injective
OWNED_DECL Entry005.pyramidHalfspaceNormal_unit
OWNED_DECL Entry005.pyramidLiftCoordinates
OWNED_DECL Entry005.pyramidLiftCoordinates._proof_1
OWNED_DECL Entry005.pyramidLiftCoordinates._proof_2
OWNED_DECL Entry005.pyramidLiftCoordinates._proof_3
OWNED_DECL Entry005.pyramidLiftCoordinates._proof_4
OWNED_DECL Entry005.pyramidLiftCoordinates._proof_5
OWNED_DECL Entry005.pyramidLiftCoordinates._proof_6
OWNED_DECL Entry005.pyramidLiftCoordinates._proof_7
OWNED_DECL Entry005.pyramidLiftCoordinates_apply
OWNED_DECL Entry005.pyramidLinearEquiv
OWNED_DECL Entry005.pyramidLinearEquiv._proof_1
OWNED_DECL Entry005.pyramidLinearEquiv._proof_2
OWNED_DECL Entry005.pyramidLinearEquiv._proof_3
OWNED_DECL Entry005.pyramidLinearEquiv._proof_4
OWNED_DECL Entry005.pyramidLinearEquiv._proof_5
OWNED_DECL Entry005.pyramidLinearEquiv.eq_1
OWNED_DECL Entry005.pyramidLinearEquiv_det
OWNED_DECL Entry005.pyramidProjectionGenerator
OWNED_DECL Entry005.pyramidProjectionGenerator._proof_1
OWNED_DECL Entry005.pyramidProjectionGenerator.match_1
OWNED_DECL Entry005.pyramidReflection
OWNED_DECL Entry005.pyramidReflection._proof_1
OWNED_DECL Entry005.pyramidReflectionLinear
OWNED_DECL Entry005.pyramidReflectionLinear._proof_1
OWNED_DECL Entry005.pyramidReflectionLinear._proof_2
OWNED_DECL Entry005.pyramidReflectionLinear._proof_3
OWNED_DECL Entry005.pyramidReflectionLinear.eq_1
OWNED_DECL Entry005.pyramidSet
OWNED_DECL Entry005.pyramidSet._proof_1
OWNED_DECL Entry005.pyramidSet.eq_1
OWNED_DECL Entry005.pyramidSet_affine_image
OWNED_DECL Entry005.pyramidSet_affine_image._simp_1_1
OWNED_DECL Entry005.pyramidSet_apex_mem
OWNED_DECL Entry005.pyramidSet_compact
OWNED_DECL Entry005.pyramidSet_eq_flip_radial
OWNED_DECL Entry005.pyramidSet_eq_flip_radial._simp_1_2
OWNED_DECL Entry005.pyramidSet_eq_flip_radial._simp_1_3
OWNED_DECL Entry005.pyramidSet_finite_halfspace
OWNED_DECL Entry005.pyramidSet_mono
OWNED_DECL Entry005.pyramidSet_subset_dilation
OWNED_DECL Entry005.pyramidSet_volume
OWNED_DECL Entry005.pyramidSet_zero_mem
OWNED_DECL Entry005.pyramidSideChartApex
OWNED_DECL Entry005.pyramidSideChartApex._proof_1
OWNED_DECL Entry005.pyramidSideChartApex._proof_2
OWNED_DECL Entry005.pyramidSideChartApex.eq_1
OWNED_DECL Entry005.pyramidSideFrame
OWNED_DECL Entry005.pyramidSideFrame.congr_simp
OWNED_DECL Entry005.pyramidSideFrameLinear
OWNED_DECL Entry005.pyramidSideFrameLinear._proof_1
OWNED_DECL Entry005.pyramidSideFrameLinear._proof_2
OWNED_DECL Entry005.pyramidSideFrameLinear._proof_3
OWNED_DECL Entry005.pyramidSideFrameLinear._proof_4
OWNED_DECL Entry005.pyramidSideFrameLinear._proof_5
OWNED_DECL Entry005.pyramidSideFrameLinear._proof_6
OWNED_DECL Entry005.pyramidSideFrameLinear_norm
OWNED_DECL Entry005.pyramidSideFrameLinear_surjective
OWNED_DECL Entry005.pyramidSideFrameLinear_surjective._simp_1_1
OWNED_DECL Entry005.pyramidSideFrameLinear_surjective._simp_1_2
OWNED_DECL Entry005.pyramidSideFrameLinear_surjective._simp_1_3
OWNED_DECL Entry005.pyramidSideFrameLinear_surjective._simp_1_4
OWNED_DECL Entry005.pyramidSideFrameLinear_surjective._simp_1_5
OWNED_DECL Entry005.pyramidSideFrameLinear_surjective._simp_1_6
OWNED_DECL Entry005.pyramidSideFrameLinear_surjective._simp_1_7
OWNED_DECL Entry005.pyramidSideFrameLinear_val
OWNED_DECL Entry005.pyramidSideFrame_val
OWNED_DECL Entry005.pyramidSideNormal
OWNED_DECL Entry005.pyramidSideNormal.eq_1
OWNED_DECL Entry005.pyramidSideNormal_unit
OWNED_DECL Entry005.pyramidSideZonotope
OWNED_DECL Entry005.pyramidSideZonotope._proof_1
OWNED_DECL Entry005.pyramidSlope
OWNED_DECL Entry005.pyramidSlope_pos
OWNED_DECL Entry005.pyramidSlope_sq
OWNED_DECL Entry005.pyramid_base_facet_area
OWNED_DECL Entry005.pyramid_base_facet_chart
OWNED_DECL Entry005.pyramid_base_facet_chart._simp_1_1
OWNED_DECL Entry005.pyramid_finite_halfspace_volume
OWNED_DECL Entry005.pyramid_horizontal_projection
OWNED_DECL Entry005.pyramid_lifted_law_generator
OWNED_DECL Entry005.pyramid_lifted_law_generator._simp_1_1
OWNED_DECL Entry005.pyramid_lifted_law_generator._simp_1_2
OWNED_DECL Entry005.pyramid_lifted_law_generator._simp_1_3
OWNED_DECL Entry005.pyramid_lifted_law_generator._simp_1_4
OWNED_DECL Entry005.pyramid_lifted_law_generator._simp_1_5
OWNED_DECL Entry005.pyramid_lifted_law_generator._simp_1_6
OWNED_DECL Entry005.pyramid_lifted_law_generator._simp_1_7
OWNED_DECL Entry005.pyramid_lifted_law_image
OWNED_DECL Entry005.pyramid_projection_body_eq_zonotope
OWNED_DECL Entry005.pyramid_projection_body_volume_decomposition
OWNED_DECL Entry005.pyramid_projection_generator_eq
OWNED_DECL Entry005.pyramid_projection_generator_eq._simp_1_1
OWNED_DECL Entry005.pyramid_projection_generator_eq._simp_1_2
OWNED_DECL Entry005.pyramid_projection_generator_eq._simp_1_3
OWNED_DECL Entry005.pyramid_projection_generator_eq._simp_1_4
OWNED_DECL Entry005.pyramid_projection_generator_eq._simp_1_5
OWNED_DECL Entry005.pyramid_projection_generator_eq._simp_1_6
OWNED_DECL Entry005.pyramid_projection_generator_eq._simp_1_7
OWNED_DECL Entry005.pyramid_side_chart_offset
OWNED_DECL Entry005.pyramid_side_facet_area
OWNED_DECL Entry005.pyramid_side_facet_area._proof_1_1
OWNED_DECL Entry005.pyramid_side_facet_area_of_empty
OWNED_DECL Entry005.pyramid_side_facet_chart
OWNED_DECL Entry005.pyramid_side_facet_of_empty
OWNED_DECL Entry005.pyramid_side_horizontal_image
OWNED_DECL Entry005.pyramid_side_horizontal_volume
OWNED_DECL Entry005.pyramid_side_radial_coordinates
OWNED_DECL Entry005.pyramid_side_radial_coordinates._simp_1_1
OWNED_DECL Entry005.pyramid_side_radial_coordinates._simp_1_2
OWNED_DECL Entry005.pyramid_side_radial_coordinates._simp_1_3
OWNED_DECL Entry005.pyramid_side_radial_coordinates._simp_1_4
OWNED_DECL Entry005.pyramid_side_radial_coordinates._simp_1_5
OWNED_DECL Entry005.pyramid_side_radial_coordinates._simp_1_6
OWNED_DECL Entry005.pyramid_side_radial_coordinates._simp_1_7
OWNED_DECL Entry005.pyramid_side_zonotope_eq_scaled_lifted
OWNED_DECL Entry005.pyramid_side_zonotope_eq_scaled_lifted._simp_1_1
OWNED_DECL Entry005.pyramid_side_zonotope_eq_scaled_lifted._simp_1_2
OWNED_DECL Entry005.pyramid_side_zonotope_eq_scaled_lifted._simp_1_3
OWNED_DECL Entry005.pyramid_side_zonotope_eq_scaled_lifted._simp_1_4
OWNED_DECL Entry005.pyramid_side_zonotope_eq_scaled_lifted._simp_1_5
OWNED_DECL Entry005.pyramid_side_zonotope_eq_scaled_lifted._simp_1_6
OWNED_DECL Entry005.pyramid_side_zonotope_eq_scaled_lifted._simp_1_7
OWNED_DECL Entry005.pyramid_side_zonotope_volume_lifted_moment
OWNED_DECL Entry005.pyramid_side_zonotope_volume_lifted_moment._simp_1_1
OWNED_DECL Entry005.pyramid_side_zonotope_volume_lifted_moment._simp_1_2
OWNED_DECL Entry005.pyramid_side_zonotope_volume_lifted_moment._simp_1_3
OWNED_DECL Entry005.pyramid_side_zonotope_volume_lifted_moment._simp_1_4
OWNED_DECL Entry005.pyramid_side_zonotope_volume_lifted_moment._simp_1_5
OWNED_DECL Entry005.pyramid_side_zonotope_volume_lifted_moment._simp_1_6
OWNED_DECL Entry005.pyramid_side_zonotope_volume_lifted_moment._simp_1_7
OWNED_DECL Entry005.rSharp
OWNED_DECL Entry005.rSharp_pos
OWNED_DECL Entry005.rSharp_root_bound
OWNED_DECL Entry005.rSharp_root_bound._proof_1_1
OWNED_DECL Entry005.rSharp_root_bound._proof_1_2
OWNED_DECL Entry005.rSharp_root_bound._proof_1_3
OWNED_DECL Entry005.radialCone
OWNED_DECL Entry005.radialCone.eq_1
OWNED_DECL Entry005.radial_cone_compact
OWNED_DECL Entry005.radial_cone_horizontal_slice
OWNED_DECL Entry005.radial_cone_horizontal_slice_empty
OWNED_DECL Entry005.radial_cone_horizontal_slice_volume
OWNED_DECL Entry005.radial_cone_horizontal_slice_volume_toReal
OWNED_DECL Entry005.radial_cone_lp_volume
OWNED_DECL Entry005.radial_cone_product_volume
OWNED_DECL Entry005.radial_power_integrableOn
OWNED_DECL Entry005.radial_power_integral
OWNED_DECL Entry005.rawProbabilityLaw
OWNED_DECL Entry005.rawToCompactBall
OWNED_DECL Entry005.rawToCompactBall._proof_1
OWNED_DECL Entry005.rawToCompactBall._proof_2
OWNED_DECL Entry005.rawToCompactBall._simp_1
OWNED_DECL Entry005.rawToCompactBall.eq_1
OWNED_DECL Entry005.real_volume_nonnegative_smul
OWNED_DECL Entry005.regularMaximumRadius
OWNED_DECL Entry005.regularMaximumRadius._proof_1
OWNED_DECL Entry005.regularSimplex
OWNED_DECL Entry005.regularSimplex._proof_1
OWNED_DECL Entry005.regularSimplex.congr_simp
OWNED_DECL Entry005.regularSimplex_centered_ball_iff
OWNED_DECL Entry005.regularSimplex_centered_ball_iff._simp_1_1
OWNED_DECL Entry005.regularSimplex_centroid
OWNED_DECL Entry005.regularSimplex_edge_length
OWNED_DECL Entry005.regularSimplex_facet_bound
OWNED_DECL Entry005.regularSimplex_norm_sq_coord
OWNED_DECL Entry005.regularSimplex_norm_sq_le_of_coord_abs
OWNED_DECL Entry005.regularSimplex_unit_ball
OWNED_DECL Entry005.regularSimplex_unit_ball._simp_1_1
OWNED_DECL Entry005.regularSimplex_vertex_inner
OWNED_DECL Entry005.regularSimplex_vertex_norm
OWNED_DECL Entry005.regularSimplex_weighted_norm_sq
OWNED_DECL Entry005.regularSimplex_weighted_norm_sq._simp_1_2
OWNED_DECL Entry005.regularSimplex_weighted_norm_sq._simp_1_3
OWNED_DECL Entry005.replacementDeterminant
OWNED_DECL Entry005.replacementDeterminant.eq_1
OWNED_DECL Entry005.replacement_determinant_coordinates
OWNED_DECL Entry005.retain_maximum_simplex
OWNED_DECL Entry005.retain_maximum_simplex_about
OWNED_DECL Entry005.retain_maximum_simplex_centroid
OWNED_DECL Entry005.retain_maximum_simplex_excess
OWNED_DECL Entry005.retain_maximum_simplex_of_hausdorff
OWNED_DECL Entry005.retain_maximum_simplex_of_projection_deficit
OWNED_DECL Entry005.retain_maximum_simplex_of_projection_deficit._proof_1_1
OWNED_DECL Entry005.root_bound_of_reciprocal_power
OWNED_DECL Entry005.round_iid_witness_anchor
OWNED_DECL Entry005.round_lifted_second_moment_lower
OWNED_DECL Entry005.round_lifted_second_moment_lower._proof_1_1
OWNED_DECL Entry005.same_sign_facets_same_fiber_eq
OWNED_DECL Entry005.same_sign_projected_facets_inter_volume_zero
OWNED_DECL Entry005.same_unit_projection_sub
OWNED_DECL Entry005.sampledMatrix
OWNED_DECL Entry005.sampledMatrix.eq_1
OWNED_DECL Entry005.sampled_determinant_integrable
OWNED_DECL Entry005.scaled_defect_le_b
OWNED_DECL Entry005.scaled_defect_le_rSharp
OWNED_DECL Entry005.scaled_defect_le_rSharp._proof_1_1
OWNED_DECL Entry005.scaled_defect_root_bound
OWNED_DECL Entry005.scaled_defect_root_bound._proof_1_1
OWNED_DECL Entry005.scaled_defect_root_bound._proof_1_2
OWNED_DECL Entry005.scaled_defect_root_bound._proof_1_3
OWNED_DECL Entry005.secondMomentMatrix
OWNED_DECL Entry005.secondMomentMatrix.eq_1
OWNED_DECL Entry005.second_moment_event_lower
OWNED_DECL Entry005.second_moment_hermitian
OWNED_DECL Entry005.segmentExtrusion
OWNED_DECL Entry005.segment_extrusion_rescale
OWNED_DECL Entry005.selectedAnchorSimplex
OWNED_DECL Entry005.selectedAnchorSimplex._proof_1
OWNED_DECL Entry005.selectedAnchorSimplex_points
OWNED_DECL Entry005.selected_anchor_affineIndependent
OWNED_DECL Entry005.selected_anchor_affineIndependent_iff_det_ne_zero
OWNED_DECL Entry005.selected_anchor_det_ne_zero_of_affineIndependent
OWNED_DECL Entry005.selected_anchor_det_ne_zero_of_raw_affineIndependent
OWNED_DECL Entry005.selected_anchor_raw_affineIndependent
OWNED_DECL Entry005.sharpLocalGoal
OWNED_DECL Entry005.sharpMainGoal
OWNED_DECL Entry005.shrink_subset_of_hausdorff
OWNED_DECL Entry005.shrink_subset_of_hausdorff._simp_1_1
OWNED_DECL Entry005.shrink_subset_of_hausdorff_about
OWNED_DECL Entry005.shrink_subset_of_hausdorff_about._simp_1_1
OWNED_DECL Entry005.simplexAffineBasis
OWNED_DECL Entry005.simplexAffineBasis._proof_1
OWNED_DECL Entry005.simplexAffineBasis._proof_2
OWNED_DECL Entry005.simplexAffineEquiv
OWNED_DECL Entry005.simplexAffineEquiv._proof_1
OWNED_DECL Entry005.simplexAffineEquiv.eq_1
OWNED_DECL Entry005.simplexAffineEquiv_points
OWNED_DECL Entry005.simplexBarycentricMatrix
OWNED_DECL Entry005.simplexBarycentricMatrix.eq_1
OWNED_DECL Entry005.simplexBody
OWNED_DECL Entry005.simplexBody._proof_1
OWNED_DECL Entry005.simplexBody._proof_2
OWNED_DECL Entry005.simplexBody._proof_3
OWNED_DECL Entry005.simplexCoord
OWNED_DECL Entry005.simplexCoord_centroid
OWNED_DECL Entry005.simplexCoord_centroid_contraction
OWNED_DECL Entry005.simplexMatrixVolumeInterface
OWNED_DECL Entry005.simplexMatrixVolumeInterfaceGoal
OWNED_DECL Entry005.simplexMatrixVolumeInterfaceGoal._proof_1
OWNED_DECL Entry005.simplexMatrixVolumeInterfaceGoal._proof_2
OWNED_DECL Entry005.simplexSet
OWNED_DECL Entry005.simplexSet.eq_1
OWNED_DECL Entry005.simplexSet_affine_map
OWNED_DECL Entry005.simplex_centroid_ball
OWNED_DECL Entry005.simplex_centroid_interior
OWNED_DECL Entry005.simplex_equal_volume_permutation
OWNED_DECL Entry005.simplex_equal_volume_permutation._simp_1_1
OWNED_DECL Entry005.simplex_hull_dilation
OWNED_DECL Entry005.simplex_hull_dilation._simp_1_1
OWNED_DECL Entry005.simplex_hull_matching
OWNED_DECL Entry005.simplex_vertex_matching
OWNED_DECL Entry005.simplex_vertex_matching._abel_1_2
OWNED_DECL Entry005.simplex_vertex_matching._simp_1_1
OWNED_DECL Entry005.small_defect_gate
OWNED_DECL Entry005.space_inner_eq_raw_dot
OWNED_DECL Entry005.strict_pair_sum
OWNED_DECL Entry005.subset_halfspace_approximation_body
OWNED_DECL Entry005.symmetricSegmentExtrusion
OWNED_DECL Entry005.symmetric_half_off_diagonal_sum
OWNED_DECL Entry005.symmetric_segment_extrusion_eq_preimage
OWNED_DECL Entry005.symmetric_segment_extrusion_eq_preimage._abel_1_1
OWNED_DECL Entry005.symmetric_segment_extrusion_eq_preimage._abel_1_2
OWNED_DECL Entry005.tendsto_brightness_normalization_of_dilation_sandwich
OWNED_DECL Entry005.tendsto_entryA_of_dilation_sandwich
OWNED_DECL Entry005.tendsto_horizontal_mapped_iid_first_moment
OWNED_DECL Entry005.tendsto_iidProbabilityMeasure
OWNED_DECL Entry005.tendsto_iid_integral
OWNED_DECL Entry005.tendsto_lifted_mapped_iid_first_moment
OWNED_DECL Entry005.tendsto_projection_body_volume_of_dilation_sandwich
OWNED_DECL Entry005.tendsto_projection_ratio_of_dilation_sandwich
OWNED_DECL Entry005.tendsto_projection_volume_of_dilation_sandwich
OWNED_DECL Entry005.tendsto_pyramid_projection_ratio_of_dilation_sandwich
OWNED_DECL Entry005.tendsto_real_volume_of_dilation_sandwich
OWNED_DECL Entry005.thresholdGate
OWNED_DECL Entry005.thresholdGate._proof_1_1
OWNED_DECL Entry005.thresholdGateGoal
OWNED_DECL Entry005.translation_volume_image
OWNED_DECL Entry005.transportedWitnessSum
OWNED_DECL Entry005.transported_witness_budget
OWNED_DECL Entry005.truncated_nonneg_le
OWNED_DECL Entry005.truncationSet
OWNED_DECL Entry005.truncationSharpnessGoal
OWNED_DECL Entry005.tuple_determinant_eq_zero_of_not_injective
OWNED_DECL Entry005.unitNormalCoordinates
OWNED_DECL Entry005.unitNormalCoordinates._proof_1
OWNED_DECL Entry005.unitNormalCoordinates.congr_simp
OWNED_DECL Entry005.unitNormalCoordinates.eq_1
OWNED_DECL Entry005.unitNormalLpCoordinates
OWNED_DECL Entry005.unitNormalLpCoordinates._proof_1
OWNED_DECL Entry005.unitNormalLpCoordinates._proof_2
OWNED_DECL Entry005.unitNormalLpCoordinates._proof_3
OWNED_DECL Entry005.unitNormalLpCoordinates._proof_4
OWNED_DECL Entry005.unitNormalLpCoordinates._proof_5
OWNED_DECL Entry005.unitNormalLpCoordinates._proof_6
OWNED_DECL Entry005.unitNormalLpCoordinates._proof_7
OWNED_DECL Entry005.unitNormalLpCoordinates.eq_1
OWNED_DECL Entry005.unitProjectionBallVolume
OWNED_DECL Entry005.unitProjectionBallVolume._proof_1
OWNED_DECL Entry005.unitProjectionBallVolume._proof_2
OWNED_DECL Entry005.unit_ball_actual_witness_assignment
OWNED_DECL Entry005.unit_ball_anchor_coordinate_bound
OWNED_DECL Entry005.unit_ball_anchor_determinant
OWNED_DECL Entry005.unit_ball_anchor_determinant._proof_1_1
OWNED_DECL Entry005.unit_ball_clipped_actual_witness_assignment
OWNED_DECL Entry005.unit_ball_clipped_assignment_error
OWNED_DECL Entry005.unit_ball_coordinate_integrable
OWNED_DECL Entry005.unit_ball_coordinate_product_integrable
OWNED_DECL Entry005.unit_ball_cube
OWNED_DECL Entry005.unit_ball_cube._simp_1_1
OWNED_DECL Entry005.unit_ball_determinant_law_defect_nonneg
OWNED_DECL Entry005.unit_ball_first_moment_assignment
OWNED_DECL Entry005.unit_ball_iid_determinant_bound
OWNED_DECL Entry005.unit_ball_measure_exists_subsequence
OWNED_DECL Entry005.unit_ball_replacement_determinant
OWNED_DECL Entry005.unit_ball_round_actual_assignment
OWNED_DECL Entry005.unit_ball_round_actual_assignment._proof_1_1
OWNED_DECL Entry005.unit_ball_round_actual_assignment._simp_1_2
OWNED_DECL Entry005.unit_ball_round_actual_assignment._simp_1_3
OWNED_DECL Entry005.unit_ball_round_actual_assignment._simp_1_4
OWNED_DECL Entry005.unit_ball_round_actual_assignment._simp_1_5
OWNED_DECL Entry005.unit_ball_round_actual_assignment._simp_1_6
OWNED_DECL Entry005.unit_ball_round_actual_assignment._simp_1_7
OWNED_DECL Entry005.unit_ball_round_actual_assignment._simp_1_8
OWNED_DECL Entry005.unit_ball_round_affine_first_moment_pos
OWNED_DECL Entry005.unit_ball_round_witness_anchor
OWNED_DECL Entry005.unit_ball_spanning_first_moment_assignment
OWNED_DECL Entry005.unit_ball_sqrt_cube
OWNED_DECL Entry005.unit_ball_sqrt_cube._simp_1_1
OWNED_DECL Entry005.unit_ball_support_bound
OWNED_DECL Entry005.unit_ball_volume_weighted_paper_witness_anchor
OWNED_DECL Entry005.unit_hyperplane_ball_volume
OWNED_DECL Entry005.unit_hyperplane_ball_volume._proof_1_1
OWNED_DECL Entry005.unit_normal_coordinates_affine
OWNED_DECL Entry005.unit_normal_coordinates_extrusion
OWNED_DECL Entry005.unit_normal_coordinates_extrusion._simp_1_1
OWNED_DECL Entry005.unit_normal_coordinates_fst
OWNED_DECL Entry005.unit_normal_coordinates_measurePreserving
OWNED_DECL Entry005.unit_normal_coordinates_orthogonal
OWNED_DECL Entry005.unit_normal_coordinates_self
OWNED_DECL Entry005.unit_normal_coordinates_volume
OWNED_DECL Entry005.unit_normal_hyperplane_finrank_add_one
OWNED_DECL Entry005.unit_normal_hyperplane_finrank_add_one._proof_1_1
OWNED_DECL Entry005.unit_normal_projection_decomposition
OWNED_DECL Entry005.unit_projection_ball_volume_pos
OWNED_DECL Entry005.upper_facets_same_fiber_eq
OWNED_DECL Entry005.upper_projected_facets_inter_volume_zero
OWNED_DECL Entry005.vertex_replacement_volume
OWNED_DECL Entry005.verticalExtrusion
OWNED_DECL Entry005.vertical_extrusion_closed_band
OWNED_DECL Entry005.vertical_extrusion_volume
OWNED_DECL Entry005.volumeForm_height_orthogonal
OWNED_DECL Entry005.volumeWeightedLaw
OWNED_DECL Entry005.volume_affine_image
OWNED_DECL Entry005.volume_affine_image_general
OWNED_DECL Entry005.volume_pyramidSet_affine_image
OWNED_DECL Entry005.volume_weighted_density_mul_ratio
OWNED_DECL Entry005.volume_weighted_density_mul_ratio._simp_1_1
OWNED_DECL Entry005.volume_weighted_density_mul_ratio._simp_1_2
OWNED_DECL Entry005.volume_weighted_density_mul_ratio._simp_1_3
OWNED_DECL Entry005.volume_weighted_density_mul_ratio._simp_1_4
OWNED_DECL Entry005.volume_weighted_density_mul_ratio._simp_1_5
OWNED_DECL Entry005.volume_weighted_density_mul_ratio._simp_1_6
OWNED_DECL Entry005.volume_weighted_density_mul_ratio._simp_1_7
OWNED_DECL Entry005.volume_weighted_law_ae_good
OWNED_DECL Entry005.volume_weighted_law_probability
OWNED_DECL Entry005.volume_weighted_ratio_integrable
OWNED_DECL Entry005.volume_weighted_ratio_integral_eq
OWNED_DECL Entry005.volume_weighted_ratio_integral_le
OWNED_DECL Entry005.volume_weighted_selection
OWNED_DECL Entry005.volume_weighted_selection._simp_1_1
OWNED_DECL Entry005.witnessCofactor
OWNED_DECL Entry005.witnessCofactor.eq_1
OWNED_DECL Entry005.witnessMatrix
OWNED_DECL Entry005.witnessMatrix.eq_1
OWNED_DECL Entry005.zonotopeAtZeroEmbeddingEquiv
OWNED_DECL Entry005.zonotopeAtZeroEmbeddingEquiv._proof_1
OWNED_DECL Entry005.zonotopeAtZeroEmbeddingEquiv._proof_2
OWNED_DECL Entry005.zonotopeAtZeroEmbeddingEquiv._proof_3
OWNED_DECL Entry005.zonotopeAtZeroEmbeddingEquiv._proof_4
OWNED_DECL Entry005.zonotopeAtZeroEmbeddingEquiv._proof_5
OWNED_DECL Entry005.zonotopeAtZeroEmbeddingEquiv._proof_6
OWNED_DECL Entry005.zonotopeAtZeroEmbeddingEquiv._proof_7
OWNED_DECL Entry005.zonotopeAtZeroEmbeddingEquiv._proof_8
OWNED_DECL Entry005.zonotopeAvoidZeroEmbeddingEquiv
OWNED_DECL Entry005.zonotopeAvoidZeroEmbeddingEquiv._proof_1
OWNED_DECL Entry005.zonotopeAvoidZeroEmbeddingEquiv._proof_2
OWNED_DECL Entry005.zonotopeAvoidZeroEmbeddingEquiv._proof_3
OWNED_DECL Entry005.zonotopeAvoidZeroEmbeddingEquiv._proof_4
OWNED_DECL Entry005.zonotopeAvoidZeroEmbeddingEquiv._proof_5
OWNED_DECL Entry005.zonotopeAvoidZeroEmbeddingEquiv._proof_6
OWNED_DECL Entry005.zonotopeAvoidZeroEmbeddingEquiv._proof_7
OWNED_DECL Entry005.zonotopeAvoidZeroEmbeddingEquiv._proof_8
OWNED_DECL Entry005.zonotopeAvoidZeroEmbeddingEquiv._proof_9
OWNED_DECL Entry005.zonotopeCoefficient
OWNED_DECL Entry005.zonotopeCoefficient._proof_1
OWNED_DECL Entry005.zonotopeCoefficient.eq_1
OWNED_DECL Entry005.zonotopeDeterminantSum
OWNED_DECL Entry005.zonotopeDeterminantSum.eq_1
OWNED_DECL Entry005.zonotopeZeroFirstEmbedding
OWNED_DECL Entry005.zonotopeZeroFirstEmbedding._proof_1
OWNED_DECL Entry005.zonotopeZeroFirstEmbedding.eq_1
OWNED_DECL Entry005.zonotope_alternating_abs_swap
OWNED_DECL Entry005.zonotope_alternating_projection_congr
OWNED_DECL Entry005.zonotope_coefficient_mul_succ
OWNED_DECL Entry005.zonotope_determinant_sum_height
OWNED_DECL Entry005.zonotope_embedding_sum_partition_zero
OWNED_DECL Entry005.zonotope_orthogonal_finrank
OWNED_DECL Entry005.zonotope_orthogonal_projection_formula
OWNED_DECL LinearEquiv.smulOfNeZero.congr_simp
OWNED_DECL Matrix.updateCol.eq_1
OWNED_DECL MeasurableEquiv.piFinSuccAbove.eq_1
OWNED_DECL MeasurableEquiv.prodComm.eq_1
OWNED_DECL Mxym.StochasticRigidity.abs_det_le_column_l1_product
OWNED_DECL Mxym.StochasticRigidity.abs_det_le_column_max
OWNED_DECL Mxym.StochasticRigidity.abs_det_le_of_shared_row
OWNED_DECL Mxym.StochasticRigidity.column_l1_distance
OWNED_DECL Mxym.StochasticRigidity.exact_permutation
OWNED_DECL Mxym.StochasticRigidity.near_permutation
OWNED_DECL Mxym.StochasticRigidity.near_permutation_sharp
OWNED_DECL OAI.Paper092.Euclidean
OWNED_DECL OAI.Paper092.brightness
OWNED_DECL OAI.Paper092.brightness.eq_1
OWNED_DECL OAI.Paper092.brightness_body_smul
OWNED_DECL OAI.Paper092.brightness_mono
OWNED_DECL OAI.Paper092.brightness_neg
OWNED_DECL OAI.Paper092.brightness_nonneg
OWNED_DECL OAI.Paper092.brightness_smul
OWNED_DECL OAI.Paper092.firstBlock
OWNED_DECL OAI.Paper092.neg_mem_projectionBody_iff
OWNED_DECL OAI.Paper092.normalHyperplane
OWNED_DECL OAI.Paper092.normalHyperplane_finrank
OWNED_DECL OAI.Paper092.normalHyperplane_finrank._proof_1_1
OWNED_DECL OAI.Paper092.normalHyperplane_smul
OWNED_DECL OAI.Paper092.normalHyperplane_volume_is_canonical
OWNED_DECL OAI.Paper092.normalizedProjectionVolume
OWNED_DECL OAI.Paper092.normalizedProjectionVolume._proof_1
OWNED_DECL OAI.Paper092.normalizedProjectionVolume._proof_2
OWNED_DECL OAI.Paper092.productWitness
OWNED_DECL OAI.Paper092.projectionBody
OWNED_DECL OAI.Paper092.projectionBody._proof_1
OWNED_DECL OAI.Paper092.projectionBody.eq_1
OWNED_DECL OAI.Paper092.projectionBody_body_smul
OWNED_DECL OAI.Paper092.projectionBody_convex
OWNED_DECL OAI.Paper092.projectionBody_isClosed
OWNED_DECL OAI.Paper092.projectionBody_isCompact
OWNED_DECL OAI.Paper092.projectionBody_mono
OWNED_DECL OAI.Paper092.projectionBody_neg_eq
OWNED_DECL OAI.Paper092.projectionBody_neg_eq._simp_1_1
OWNED_DECL OAI.Paper092.projectionBody_norm_le
OWNED_DECL OAI.Paper092.projectionVolume
OWNED_DECL OAI.Paper092.projectionVolume._proof_1
OWNED_DECL OAI.Paper092.projectionVolume._proof_2
OWNED_DECL OAI.Paper092.projectionVolume._proof_3
OWNED_DECL OAI.Paper092.projectionVolume_body_smul
OWNED_DECL OAI.Paper092.projectionVolume_lt_top
OWNED_DECL OAI.Paper092.projectionVolume_mono
OWNED_DECL OAI.Paper092.projectionVolume_smul
OWNED_DECL OAI.Paper092.secondBlock
OWNED_DECL OAI.Paper092.simplexConstant
OWNED_DECL OAI.Paper092.standardSimplex
OWNED_DECL OAI.Paper092.zero_mem_projectionBody
OWNED_DECL _private.Entry005.AffineNormalization.0.Entry005.affine_homothety_apply
OWNED_DECL _private.Entry005.AffineNormalization.0.Entry005.fullBasis
OWNED_DECL _private.Entry005.AffineNormalization.0.Entry005.fullBasis._proof_1
OWNED_DECL _private.Entry005.AffineNormalization.0.Entry005.fullBasis._proof_2
OWNED_DECL _private.Entry005.HausdorffRetention.0.Entry005.dimension_space
OWNED_DECL _private.Entry005.HausdorffRetention.0.Entry005.support_attained
OWNED_DECL _private.Entry005.HausdorffRetention.0.Entry005.vertices_bound_hull
OWNED_DECL _private.Entry005.HausdorffRetention.0.Entry005.vertices_bound_hull._simp_1_1
OWNED_DECL _private.Entry005.MaximumOuterBall.0.Entry005.e
OWNED_DECL _private.Entry005.MaximumOuterBall.0.Entry005.e.eq_1
OWNED_DECL _private.Entry005.MaximumOuterBall.0.Entry005.expand
OWNED_DECL _private.Entry005.MaximumOuterBall.0.Entry005.homogeneous
OWNED_DECL _private.Entry005.MaximumOuterBall.0.Entry005.homogeneous._proof_1
OWNED_DECL _private.Entry005.MaximumOuterBall.0.Entry005.homogeneous.eq_1
OWNED_DECL _private.Entry005.MaximumOuterBall.0.Entry005.homogeneous_det
OWNED_DECL _private.Entry005.MaximumOuterBall.0.Entry005.homogeneous_mul
OWNED_DECL _private.Entry005.MaximumOuterBall.0.Entry005.projection
OWNED_DECL _private.Entry005.MaximumOuterBall.0.Entry005.projection._proof_1
OWNED_DECL _private.Entry005.MaximumOuterBall.0.Entry005.projection._proof_2
OWNED_DECL _private.Entry005.MaximumOuterBall.0.Entry005.replacementEquiv
OWNED_DECL _private.Entry005.MaximumOuterBall.0.Entry005.replacementMap
OWNED_DECL _private.Entry005.MaximumOuterBall.0.Entry005.replacementMap._abel_1
OWNED_DECL _private.Entry005.MaximumOuterBall.0.Entry005.replacementMap._proof_1
OWNED_DECL _private.Entry005.MaximumOuterBall.0.Entry005.replacementMap._proof_2
OWNED_DECL _private.Entry005.MaximumOuterBall.0.Entry005.replacement_augmented
OWNED_DECL _private.Entry005.MaximumOuterBall.0.Entry005.replacement_bijective
OWNED_DECL _private.Entry005.MaximumOuterBall.0.Entry005.replacement_bijective._simp_1_1
OWNED_DECL _private.Entry005.MaximumOuterBall.0.Entry005.replacement_bijective._simp_1_2
OWNED_DECL _private.Entry005.MaximumOuterBall.0.Entry005.replacement_bijective._simp_1_3
OWNED_DECL _private.Entry005.MaximumOuterBall.0.Entry005.replacement_bijective._simp_1_4
OWNED_DECL _private.Entry005.MaximumOuterBall.0.Entry005.replacement_bijective._simp_1_5
OWNED_DECL _private.Entry005.MaximumOuterBall.0.Entry005.replacement_bijective._simp_1_6
OWNED_DECL _private.Entry005.MaximumOuterBall.0.Entry005.replacement_bijective._simp_1_7
OWNED_DECL _private.Entry005.MaximumOuterBall.0.Entry005.replacement_coord
OWNED_DECL _private.Entry005.MaximumOuterBall.0.Entry005.replacement_det
OWNED_DECL _private.Entry005.MaximumOuterBall.0.Entry005.replacement_points
OWNED_DECL _private.Entry005.MaximumOuterBall.0.Entry005.replacement_points._simp_1_1
OWNED_DECL _private.Entry005.MaximumOuterBall.0.Entry005.scalar_expand
OWNED_DECL _private.Entry005.PrescribedSimplex.0.Entry005.affine_image_volume
OWNED_DECL _private.Entry005.PrescribedSimplex.0.Entry005.nearby_mem_homothety
OWNED_DECL _private.Entry005.PrescribedSimplex.0.Entry005.nearby_mem_homothety._abel_1_1
OWNED_DECL _private.Entry005.ProjectionAffineTransport.0.Entry005.normalFrame
OWNED_DECL _private.Entry005.ProjectionAffineTransport.0.Entry005.normalFrame._proof_1
OWNED_DECL _private.Entry005.ProjectionAffineTransport.0.Entry005.normalFrame.congr_simp
OWNED_DECL _private.Entry005.ProjectionAffineTransport.0.Entry005.normalFrame.eq_1
OWNED_DECL _private.Entry005.ProjectionAffineTransport.0.Entry005.normalFrameVector
OWNED_DECL _private.Entry005.ProjectionAffineTransport.0.Entry005.normalFrameVector.eq_1
OWNED_DECL _private.Entry005.ProjectionAffineTransport.0.Entry005.normalFrameVector.eq_2
OWNED_DECL _private.Entry005.ProjectionAffineTransport.0.Entry005.normalFrameVector.match_1
OWNED_DECL _private.Entry005.ProjectionAffineTransport.0.Entry005.normalFrameVector.match_1.eq_1
OWNED_DECL _private.Entry005.ProjectionAffineTransport.0.Entry005.normalFrameVector.match_1.eq_2
OWNED_DECL _private.Entry005.ProjectionAffineTransport.0.Entry005.normalFrameVector.match_1.splitter
OWNED_DECL _private.Entry005.ProjectionAffineTransport.0.Entry005.normalFrameVector_orthonormal
OWNED_DECL _private.Entry005.ProjectionAffineTransport.0.Entry005.normalFrame_inl
OWNED_DECL _private.Entry005.ProjectionAffineTransport.0.Entry005.normalFrame_inr
OWNED_DECL _private.Entry005.ProjectionAffineTransport.0.Entry005.projectionTransport_matrix
OWNED_DECL _private.Entry005.ProjectionBodyCovariance.0.Entry005.affine_image_decomp
OWNED_DECL _private.Entry005.RegularSimplex.0.Entry005.Model
OWNED_DECL _private.Entry005.RegularSimplex.0.Entry005.inner_ones
OWNED_DECL _private.Entry005.RegularSimplex.0.Entry005.modelIso
OWNED_DECL _private.Entry005.RegularSimplex.0.Entry005.modelIso._proof_1
OWNED_DECL _private.Entry005.RegularSimplex.0.Entry005.modelMap
OWNED_DECL _private.Entry005.RegularSimplex.0.Entry005.modelSimplex
OWNED_DECL _private.Entry005.RegularSimplex.0.Entry005.modelSimplex._proof_1
OWNED_DECL _private.Entry005.RegularSimplex.0.Entry005.modelSimplex.eq_1
OWNED_DECL _private.Entry005.RegularSimplex.0.Entry005.modelVertex
OWNED_DECL _private.Entry005.RegularSimplex.0.Entry005.modelVertex.eq_1
OWNED_DECL _private.Entry005.RegularSimplex.0.Entry005.model_ball
OWNED_DECL _private.Entry005.RegularSimplex.0.Entry005.model_ball._simp_1_3
OWNED_DECL _private.Entry005.RegularSimplex.0.Entry005.model_sum
OWNED_DECL _private.Entry005.RegularSimplex.0.Entry005.ones
OWNED_DECL _private.Entry005.RegularSimplex.0.Entry005.ones._proof_1
OWNED_DECL _private.Entry005.RegularSimplex.0.Entry005.ones.eq_1
OWNED_DECL _private.Entry005.RegularSimplex.0.Entry005.ones_ne_zero
OWNED_DECL _private.Entry005.RegularSimplex.0.Entry005.radiusScale
OWNED_DECL _private.Entry005.RegularSimplex.0.Entry005.rawVertex
OWNED_DECL _private.Entry005.RegularSimplex.0.Entry005.rawVertex.eq_1
OWNED_DECL _private.Entry005.RegularSimplex.0.Entry005.raw_dist_sq
OWNED_DECL _private.Entry005.RegularSimplex.0.Entry005.raw_dist_sq._abel_1_2
OWNED_DECL _private.Entry005.RegularSimplex.0.Entry005.raw_independent
OWNED_DECL _private.Entry005.RegularSimplex.0.Entry005.raw_inner_model
OWNED_DECL _private.Entry005.RegularSimplex.0.Entry005.raw_mem
OWNED_DECL _private.Entry005.RegularSimplex.0.Entry005.raw_norm
OWNED_DECL _private.Entry005.RegularSimplex.0.Entry005.raw_sum
OWNED_DECL _private.Entry005.RegularSimplex.0.Entry005.scale_pos
OWNED_DECL _private.Entry005.RegularSimplex.0.Entry005.scale_sq
OWNED_DECL _private.Entry005.SharpNormalizationRadius.0.Entry005.regular_gram
OWNED_DECL _private.Entry005.SimplexVolumeInterface.0.Entry005.SimplexVolume.affine_image_volume
OWNED_DECL _private.Entry005.SimplexVolumeInterface.0.Entry005.SimplexVolume.augmented_det_ne_zero
OWNED_DECL _private.Entry005.SimplexVolumeInterface.0.Entry005.SimplexVolume.augmented_mul_barycentric
OWNED_DECL _private.Entry005.SimplexVolumeInterface.0.Entry005.SimplexVolume.barycentric
OWNED_DECL _private.Entry005.SimplexVolumeInterface.0.Entry005.SimplexVolume.barycentric.eq_1
OWNED_DECL _private.Entry005.SimplexVolumeInterface.0.Entry005.SimplexVolume.barycentric_matrix_eq
OWNED_DECL _private.Entry005.SimplexVolumeInterface.0.Entry005.SimplexVolume.basis
OWNED_DECL _private.Entry005.SimplexVolumeInterface.0.Entry005.SimplexVolume.basis._proof_1
OWNED_DECL _private.Entry005.SimplexVolumeInterface.0.Entry005.SimplexVolume.basis._proof_2
OWNED_DECL _private.Entry005.SimplexVolumeInterface.0.Entry005.SimplexVolume.candidate_mul
OWNED_DECL _private.Entry005.SimplexVolumeInterface.0.Entry005.SimplexVolume.determinant_volume_ratio
OWNED_DECL _private.Entry005.SimplexVolumeInterface.0.Entry005.SimplexVolume.e
OWNED_DECL _private.Entry005.SimplexVolumeInterface.0.Entry005.SimplexVolume.e.eq_1
OWNED_DECL _private.Entry005.SimplexVolumeInterface.0.Entry005.SimplexVolume.expand
OWNED_DECL _private.Entry005.SimplexVolumeInterface.0.Entry005.SimplexVolume.homogeneous
OWNED_DECL _private.Entry005.SimplexVolumeInterface.0.Entry005.SimplexVolume.homogeneous._proof_1
OWNED_DECL _private.Entry005.SimplexVolumeInterface.0.Entry005.SimplexVolume.homogeneous.eq_1
OWNED_DECL _private.Entry005.SimplexVolumeInterface.0.Entry005.SimplexVolume.homogeneous_det
OWNED_DECL _private.Entry005.SimplexVolumeInterface.0.Entry005.SimplexVolume.homogeneous_mul
OWNED_DECL _private.Entry005.SimplexVolumeInterface.0.Entry005.SimplexVolume.inverseCandidate
OWNED_DECL _private.Entry005.SimplexVolumeInterface.0.Entry005.SimplexVolume.inverseCandidate.eq_1
OWNED_DECL _private.Entry005.SimplexVolumeInterface.0.Entry005.SimplexVolume.linear_det_eq_barycentric_det
OWNED_DECL _private.Entry005.SimplexVolumeInterface.0.Entry005.SimplexVolume.projection
OWNED_DECL _private.Entry005.SimplexVolumeInterface.0.Entry005.SimplexVolume.projection._proof_1
OWNED_DECL _private.Entry005.SimplexVolumeInterface.0.Entry005.SimplexVolume.projection._proof_2
OWNED_DECL _private.Entry005.SimplexVolumeInterface.0.Entry005.SimplexVolume.scalar_expand
OWNED_DECL _private.Entry005.SimplexVolumeInterface.0.Entry005.SimplexVolume.simplex_compact
OWNED_DECL _private.Entry005.SimplexVolumeInterface.0.Entry005.SimplexVolume.simplex_interior_nonempty
OWNED_DECL _private.Entry005.SimplexVolumeInterface.0.Entry005.SimplexVolume.simplex_volume_finite
OWNED_DECL _private.Entry005.SimplexVolumeInterface.0.Entry005.SimplexVolume.simplex_volume_positive
OWNED_DECL _private.Entry005.SimplexVolumeInterface.0.Entry005.SimplexVolume.vertexMap
OWNED_DECL _private.Entry005.SimplexVolumeInterface.0.Entry005.SimplexVolume.vertexMap._proof_1
OWNED_DECL _private.Entry005.SimplexVolumeInterface.0.Entry005.SimplexVolume.vertexMap._proof_2
OWNED_DECL _private.Entry005.SimplexVolumeInterface.0.Entry005.SimplexVolume.vertexMap_image
OWNED_DECL _private.Entry005.SimplexVolumeInterface.0.Entry005.SimplexVolume.vertexMap_points
OWNED_DECL _private.Entry005.ZonotopeInjectionCombinatorics.0.Entry005.zonotope_sum_subtype_ite
OWNED_DECL _private.Entry005.ZonotopeInjectionCombinatorics.0.Entry005.zonotope_swap_tail_ne_zero
OWNED_DECL _private.Mxym.StochasticRigidity.0.Mxym.StochasticRigidity.injection_sum_le
OWNED_DECL _private.Mxym.StochasticRigidity.0.Mxym.StochasticRigidity.restriction_injective
OWNED_DECL _private.Mxym.StochasticRigidity.0.Mxym.StochasticRigidity.sign_abs_real
