PASS pyramid-pins.log
PASS pyramid-pins-optimized.log
PASS pyramid-clean-82-statements.log
PASS pyramid-clean-714-statements.log
PASS pyramid-clean-owned-declarations.log
PASS pyramid-clean-owned-closure.log
PASS pyramid-clean-public-declarations.log
PASS pyramid-control-AffinePyramidChecks.log
PASS pyramid-control-CentroidMaximumBoundChecks.log
PASS pyramid-control-EntryAffineInvarianceChecks.log
PASS pyramid-control-GeometricEndpointChecks.log
PASS pyramid-control-HausdorffChecks.log
PASS pyramid-control-InterfaceChecks.log
PASS pyramid-control-MaximumOuterBallChecks.log
PASS pyramid-control-PrescribedChecks.log
PASS pyramid-control-ProjectionAffineTransportChecks.log
PASS pyramid-control-RegularSimplexChecks.log
PASS pyramid-control-SharpNormalizationRadiusChecks.log
PASS pyramid-control-StrongGeometricEndpointChecks.log
PASS pyramid-control-StrongProjectionCapChecks.log
PASS pyramid-control-ThresholdChecks.log
PYRAMID_VERIFICATION_PASS 102 modules, 714 public proofs, 82 new exports
