PUBLIC_THEOREM Entry005.IntrinsicLinearImageReuse Entry005.IntrinsicLinearImageReuse.isometry_volume_image
PUBLIC_THEOREM Entry005.IntrinsicLinearImageReuse Entry005.IntrinsicLinearImageReuse.orthonormal_linear_image_volume
PUBLIC_THEOREM Entry005.IntrinsicLinearImageReuse Entry005.IntrinsicLinearImageReuse.translation_volume_image
PUBLIC_THEOREM Entry005.Constants Entry005.J_pos
PUBLIC_THEOREM Entry005.Constants Entry005.L_pos
PUBLIC_THEOREM Entry005.Constants Entry005.M_pos
PUBLIC_THEOREM Entry005.PyramidIidMomentReuse Entry005.PyramidIidMomentReuse.iid_anchor_volume_integrable
PUBLIC_THEOREM Entry005.PyramidIidMomentReuse Entry005.PyramidIidMomentReuse.iid_anchor_volume_integral_eq
PUBLIC_THEOREM Entry005.PyramidIidMomentReuse Entry005.PyramidIidMomentReuse.measurable_iid_anchor_volume
PUBLIC_THEOREM Entry005.Constants Entry005.Q_pos
PUBLIC_THEOREM Entry005.MaximumOuterBall Entry005.R0.eq_1
PUBLIC_THEOREM Entry005.Constants Entry005.R0_pos
PUBLIC_THEOREM Entry005.ThresholdGate Entry005.aSharp_mul_eSharp_root_le_half
PUBLIC_THEOREM Entry005.Constants Entry005.aSharp_pos
PUBLIC_THEOREM Entry005.ActualBodyConeLaw Entry005.actual_body_brightness_law_affine_first_moment_pos
PUBLIC_THEOREM Entry005.ActualBodyConeLaw Entry005.actual_body_compact_cone_law_exists
PUBLIC_THEOREM Entry005.ActualBodyPolarBoundary Entry005.actual_body_compact_cone_law_exists_with_polar_boundary
PUBLIC_THEOREM Entry005.ActualBodyPolarBoundary Entry005.actual_body_compact_limit_ae_polar_boundary
PUBLIC_THEOREM Entry005.ActualBodyPolarBoundary Entry005.actual_body_compact_limit_compact_support_polar_boundary
PUBLIC_THEOREM Entry005.ActualBodyPolarBoundary Entry005.actual_body_compact_limit_raw_ae_polar_boundary
PUBLIC_THEOREM Entry005.ActualBodyPolarBoundary Entry005.actual_body_compact_limit_support_polar_boundary
PUBLIC_THEOREM Entry005.ActualBodyConeLaw Entry005.actual_body_cone_first_moment_assignment
PUBLIC_THEOREM Entry005.ActualBodyHorizontalMoment Entry005.actual_body_cone_law_with_horizontal_first_moment
PUBLIC_THEOREM Entry005.ActualPyramidDefect Entry005.actual_body_cone_law_with_pyramid_defect
PUBLIC_THEOREM Entry005.ActualPyramidMoment Entry005.actual_body_cone_law_with_pyramid_first_moment
PUBLIC_THEOREM Entry005.ActualPyramidMoment Entry005.actual_body_entryA_of_compact_limit
PUBLIC_THEOREM Entry005.ActualPyramidDefect Entry005.actual_body_entryDefect_nonnegative
PUBLIC_THEOREM Entry005.ActualPyramidAssignment Entry005.actual_body_geometric_first_moment_assignment
PUBLIC_THEOREM Entry005.ActualBodyHorizontalMoment Entry005.actual_body_horizontal_first_moment_of_compact_limit
PUBLIC_THEOREM Entry005.ActualPyramidMoment Entry005.actual_body_horizontal_moment_pos_of_compact_limit
PUBLIC_THEOREM Entry005.ActualBodyJointConeInterface Entry005.actual_body_joint_polar_horizontal_assignment
PUBLIC_THEOREM Entry005.ActualPyramidJointCone Entry005.actual_body_joint_polar_pyramid_assignment
PUBLIC_THEOREM Entry005.ActualPyramidMoment Entry005.actual_body_lifted_first_moment_of_compact_limit
PUBLIC_THEOREM Entry005.AnchorCoordinates Entry005.actual_determinant_assignment_cost
PUBLIC_THEOREM Entry005.ActualBodyPolarBoundary Entry005.actual_polar_boundary_compact_isClosed
PUBLIC_THEOREM Entry005.ActualBodyPolarBoundary Entry005.actual_polar_boundary_raw_isClosed
PUBLIC_THEOREM Entry005.PyramidContinuity Entry005.actual_projection_body_compact_general
PUBLIC_THEOREM Entry005.OfficialProjectionDefinitions Entry005.actual_projection_body_compact_via_official
PUBLIC_THEOREM Entry005.HyperplaneProjectionJacobian Entry005.affine_hyperplane_projection_volume
PUBLIC_THEOREM Entry005.HyperplaneProjectionJacobian Entry005.affine_hyperplane_projection_volume_zero
PUBLIC_THEOREM Entry005.HyperplaneProjectionJacobian Entry005.alternating_cons_projection_congr
PUBLIC_THEOREM Entry005.ZonotopeInjectionCombinatorics Entry005.alternating_injection_sum_cons
PUBLIC_THEOREM Entry005.AnchorCoordinates Entry005.anchorCoordinates.eq_1
PUBLIC_THEOREM Entry005.PyramidIidMomentReuse Entry005.anchorMatrix.eq_1
PUBLIC_THEOREM Entry005.AnchorCoordinates Entry005.anchor_coordinates_reconstruct
PUBLIC_THEOREM Entry005.AnchorCoordinates Entry005.anchor_coordinates_sum
PUBLIC_THEOREM Entry005.AnchorCoordinates Entry005.anchor_matrix_entry
PUBLIC_THEOREM Entry005.AnchorCoordinates Entry005.anchor_matrix_mul_coordinates
PUBLIC_THEOREM Entry005.AnchorCoordinates Entry005.assignment_cost_integrable
PUBLIC_THEOREM Entry005.AssignmentKernel Entry005.assignment_cost_nonneg
PUBLIC_THEOREM Entry005.SimplexVolumeInterface Entry005.augmentedVertices.eq_1
PUBLIC_THEOREM Entry005.Constants Entry005.b_pos
PUBLIC_THEOREM Entry005.StrongProjectionCap Entry005.bodies_eq_of_zero_projection_deficit
PUBLIC_THEOREM Entry005.StrongProjectionCap Entry005.body_outer_ball_from_hausdorff
PUBLIC_THEOREM Entry005.ProjectionVolumeSqueeze Entry005.bounded_body_brightness_upper
PUBLIC_THEOREM Entry005.ProjectionVolumeSqueeze Entry005.bounded_projection_body_compact
PUBLIC_THEOREM Entry005.ProjectionVolumeSqueeze Entry005.bounded_projection_body_subset_ball
PUBLIC_THEOREM Entry005.DeterminantWitness Entry005.cancellationDefect.eq_1
PUBLIC_THEOREM Entry005.IntegratedWitness Entry005.cancellation_defect_nonneg
PUBLIC_THEOREM Entry005.Cap Entry005.cap_ball
PUBLIC_THEOREM Entry005.Cap Entry005.cap_measure_gain
PUBLIC_THEOREM Entry005.PrescribedSimplex Entry005.centeredDilation.eq_1
PUBLIC_THEOREM Entry005.AffineNormalization Entry005.centeredDilation_affine_map
PUBLIC_THEOREM Entry005.DeterminantWitness Entry005.centered_determinant_cancellation
PUBLIC_THEOREM Entry005.FamilyWitness Entry005.centered_determinant_family_budget
PUBLIC_THEOREM Entry005.DeterminantWitness Entry005.centered_determinant_witness_le
PUBLIC_THEOREM Entry005.CovarianceConditioning Entry005.centered_dot_integral
PUBLIC_THEOREM Entry005.PyramidMomentDefect Entry005.centered_iid_lifted_moment_ge_horizontal
PUBLIC_THEOREM Entry005.DeterminantMoment Entry005.centered_lifted_determinant_second_moment
PUBLIC_THEOREM Entry005.DeterminantMoment Entry005.centered_lifted_moment_det
PUBLIC_THEOREM Entry005.ConeLawGeometry Entry005.closedVerticalBand.eq_1
PUBLIC_THEOREM Entry005.ConeLawGeometry Entry005.closed_vertical_band_measure
PUBLIC_THEOREM Entry005.Cap Entry005.closest_support
PUBLIC_THEOREM Entry005.CompactBallConeLaw Entry005.compactBallLaw.eq_1
PUBLIC_THEOREM Entry005.CompactBallConeLaw Entry005.compactBallLaw_coordinate_integral_tendsto
PUBLIC_THEOREM Entry005.CompactBallConeLaw Entry005.compactBallLaw_exists_subsequence
PUBLIC_THEOREM Entry005.CompactBallConeLaw Entry005.compactBallLaw_integral_raw
PUBLIC_THEOREM Entry005.CompactBallConeLaw Entry005.compactBallLaw_integral_tendsto
PUBLIC_THEOREM Entry005.CompactBallConeLaw Entry005.compactBallLaw_negative_direction_integral_tendsto
PUBLIC_THEOREM Entry005.CompactBallConeLaw Entry005.compactBallLaw_raw_integral_tendsto
PUBLIC_THEOREM Entry005.CompactBallConeLaw Entry005.compactBallLaw_raw_probability_pushforward
PUBLIC_THEOREM Entry005.CompactBallConeLaw Entry005.compactBallLaw_raw_pushforward
PUBLIC_THEOREM Entry005.CompactBallConeLaw Entry005.compactBallLaw_raw_tendsto
PUBLIC_THEOREM Entry005.CompactBallConeLaw Entry005.compactBallRaw.eq_1
PUBLIC_THEOREM Entry005.CompactBallConeLaw Entry005.compactBallRawLaw.eq_1
PUBLIC_THEOREM Entry005.CompactBallConeLaw Entry005.compactBallRawLaw_ae_unit_ball
PUBLIC_THEOREM Entry005.CompactBallConeLaw Entry005.compactBallRawLaw_integral
PUBLIC_THEOREM Entry005.CompactBallConeLaw Entry005.compactBallRaw_retraction_of_norm_le
PUBLIC_THEOREM Entry005.CompactBallConeLaw Entry005.compactConeBall_compactSpace
PUBLIC_THEOREM Entry005.ProjectionVolumeSqueeze Entry005.compact_body_normalization_pos_of_unit_ball
PUBLIC_THEOREM Entry005.ProjectionVolumeSqueeze Entry005.compact_body_volume_pos_of_unit_ball
PUBLIC_THEOREM Entry005.HalfspaceApproximation Entry005.compact_convex_eq_support_halfspaces
PUBLIC_THEOREM Entry005.ZonotopeVolume Entry005.compact_convex_extrusion_fiber_volume
PUBLIC_THEOREM Entry005.ZonotopeVolume Entry005.compact_convex_extrusion_volume
PUBLIC_THEOREM Entry005.ZonotopeVolume Entry005.compact_convex_unit_extrusion_volume
PUBLIC_THEOREM Entry005.ZonotopeVolume Entry005.compact_convex_vertical_extrusion_volume
PUBLIC_THEOREM Entry005.ZonotopeVolume Entry005.compact_convex_vertical_fiber
PUBLIC_THEOREM Entry005.ActualPyramidMoment Entry005.compact_normalized_projection_ratio_pos
PUBLIC_THEOREM Entry005.CompactProbabilitySubsequence Entry005.compact_probability_subsequence_integrals
PUBLIC_THEOREM Entry005.CompactProbabilitySubsequence Entry005.compact_probability_tendsto_subseq
PUBLIC_THEOREM Entry005.ProjectionVolumeSqueeze Entry005.compact_projection_body_dilation_sandwich
PUBLIC_THEOREM Entry005.HalfspaceApproximationSequence Entry005.compact_projection_body_of_compact_body
PUBLIC_THEOREM Entry005.ProjectionVolumeSqueeze Entry005.compact_projection_body_of_dilation_sandwich
PUBLIC_THEOREM Entry005.ProjectionVolumeSqueeze Entry005.compact_projection_body_volume_dilation_sandwich
PUBLIC_THEOREM Entry005.ProjectionVolumeSqueeze Entry005.compact_projection_volume_dilation_sandwich
PUBLIC_THEOREM Entry005.ProjectionVolumeSqueeze Entry005.compact_real_volume_dilation_sandwich
PUBLIC_THEOREM Entry005.ProjectionVolumeSqueeze Entry005.compact_real_volume_mono
PUBLIC_THEOREM Entry005.ZonotopeVolume Entry005.compact_segment_extrusion
PUBLIC_THEOREM Entry005.HalfspaceApproximation Entry005.compact_support_height_attained
PUBLIC_THEOREM Entry005.HalfspaceApproximation Entry005.compact_support_height_bound
PUBLIC_THEOREM Entry005.ActualBodyPolarBoundary Entry005.compact_support_height_direction_nonnegative_smul
PUBLIC_THEOREM Entry005.HalfspaceApproximation Entry005.compact_support_height_lipschitz
PUBLIC_THEOREM Entry005.HalfspaceApproximation Entry005.compact_support_height_nonnegative_smul
PUBLIC_THEOREM Entry005.HalfspaceApproximation Entry005.compact_support_height_radius
PUBLIC_THEOREM Entry005.HalfspaceApproximation Entry005.compact_support_height_unit_ball
PUBLIC_THEOREM Entry005.ZonotopeVolume Entry005.compact_vertical_extrusion
PUBLIC_THEOREM Entry005.ZonotopeVolume Entry005.compact_vertical_fiber
PUBLIC_THEOREM Entry005.CompactBallConeLaw Entry005.continuous_compactBallRaw
PUBLIC_THEOREM Entry005.ActualBodyPolarBoundary Entry005.continuous_compact_support_height
PUBLIC_THEOREM Entry005.CompactIidMomentContinuity Entry005.continuous_fin_cons
PUBLIC_THEOREM Entry005.CompactIidMomentContinuity Entry005.continuous_horizontal_iid_first_moment
PUBLIC_THEOREM Entry005.CompactIidMomentContinuity Entry005.continuous_horizontal_mapped_iid_first_moment
PUBLIC_THEOREM Entry005.CompactIidMomentContinuity Entry005.continuous_iidProbabilityMeasure
PUBLIC_THEOREM Entry005.IidAnchorFirstMomentPositive Entry005.continuous_iid_anchor_determinant
PUBLIC_THEOREM Entry005.IidAnchorFirstMomentPositive Entry005.continuous_iid_anchor_volume
PUBLIC_THEOREM Entry005.CompactIidMomentContinuity Entry005.continuous_iid_integral
PUBLIC_THEOREM Entry005.CompactIidMomentContinuity Entry005.continuous_lifted_iid_first_moment
PUBLIC_THEOREM Entry005.CompactIidMomentContinuity Entry005.continuous_lifted_mapped_iid_first_moment
PUBLIC_THEOREM Entry005.ZonotopeDeterminant Entry005.contractFirst_apply
PUBLIC_THEOREM Entry005.HalfspaceApproximation Entry005.convex_nonnegative_dilation_mono
PUBLIC_THEOREM Entry005.LargestCoordinate Entry005.coordinateMaximizers.eq_1
PUBLIC_THEOREM Entry005.LargestCoordinate Entry005.coordinate_maximizers_nonempty
PUBLIC_THEOREM Entry005.CovarianceConditioning Entry005.covariance_determinant_lower
PUBLIC_THEOREM Entry005.CovarianceConditioning Entry005.covariance_direction_lower
PUBLIC_THEOREM Entry005.ProjectionBodyCovariance Entry005.det_adjoint_general
PUBLIC_THEOREM Entry005.ProjectionBodyCovariance Entry005.det_projectionBody_transform_general
PUBLIC_THEOREM Entry005.FamilyWitness Entry005.determinantLawDefect.eq_1
PUBLIC_THEOREM Entry005.ActualPyramidDefect Entry005.determinantLawDefect_iid_eq
PUBLIC_THEOREM Entry005.PaperWitnessTransport Entry005.determinant_assignment_witness_eq_paper_sum
PUBLIC_THEOREM Entry005.AnchorCoordinates Entry005.determinant_assignment_witness_integrable
PUBLIC_THEOREM Entry005.DeterminantMoment Entry005.determinant_moment_integral_expansion
PUBLIC_THEOREM Entry005.DeterminantMoment Entry005.determinant_permutation_second_moment
PUBLIC_THEOREM Entry005.DeterminantMoment Entry005.determinant_square_expansion
PUBLIC_THEOREM Entry005.DeterminantMoment Entry005.dot_square_expansion
PUBLIC_THEOREM Entry005.DeterminantMoment Entry005.dot_square_integrable
PUBLIC_THEOREM Entry005.Constants Entry005.eSharp_pos
PUBLIC_THEOREM Entry005.ActualPyramidMoment Entry005.entryA.congr_simp
PUBLIC_THEOREM Entry005.EntryAffineInvariance Entry005.entryA_affineBody
PUBLIC_THEOREM Entry005.EntryAffineInvariance Entry005.entryA_affine_image
PUBLIC_THEOREM Entry005.PyramidMomentDefect Entry005.entryDefect.congr_simp
PUBLIC_THEOREM Entry005.EntryAffineInvariance Entry005.entryDefect_affineBody
PUBLIC_THEOREM Entry005.EntryAffineInvariance Entry005.entryDefect_affine_image
PUBLIC_THEOREM Entry005.ActualPyramidDefect Entry005.entryDefect_iid_defect_ratio
PUBLIC_THEOREM Entry005.ActualPyramidDefect Entry005.entryDefect_iid_moment_identity
PUBLIC_THEOREM Entry005.ActualPyramidDefect Entry005.entryDefect_iid_nonnegative
PUBLIC_THEOREM Entry005.UnitBallDeterminant Entry005.euclidean_matrix_hadamard
PUBLIC_THEOREM Entry005.ZonotopeDeterminant Entry005.euclidean_one_coordinates_apply
PUBLIC_THEOREM Entry005.BallVolume Entry005.euclidean_unit_ball_cube
PUBLIC_THEOREM Entry005.StrongBallVolume Entry005.euclidean_unit_ball_sqrt_cube
PUBLIC_THEOREM Entry005.AffineNormalization Entry005.excess_affine_image
PUBLIC_THEOREM Entry005.StrongGeometricEndpoint Entry005.excess_eq_zero_of_zero_projection_deficit
PUBLIC_THEOREM Entry005.GeometricEndpoint Entry005.excess_le_outer_radius_sub_one
PUBLIC_THEOREM Entry005.StrongGeometricEndpoint Entry005.excess_nonnegative_of_maximum
PUBLIC_THEOREM Entry005.HausdorffRetention Entry005.excess_of_hausdorff_at_centroid
PUBLIC_THEOREM Entry005.StrongGeometricEndpoint Entry005.excess_of_inner_radius_projection_deficit
PUBLIC_THEOREM Entry005.AffineNormalization Entry005.excess_of_projection_deficit_after_affine
PUBLIC_THEOREM Entry005.IidAnchorSpanningSupport Entry005.exists_affineIndependent_anchor_tuple_of_affineSpan_top
PUBLIC_THEOREM Entry005.AffineNormalization Entry005.exists_centered_unit_normalization
PUBLIC_THEOREM Entry005.IntegratedWitness Entry005.exists_conditioned_low_witness
PUBLIC_THEOREM Entry005.IntegratedWitness Entry005.exists_conditioned_low_witness_ae_good
PUBLIC_THEOREM Entry005.WitnessAnchorChain Entry005.exists_determinant_witness_anchor
PUBLIC_THEOREM Entry005.WitnessAnchorChain Entry005.exists_determinant_witness_anchor_ae_good
PUBLIC_THEOREM Entry005.HalfspaceApproximation Entry005.exists_finite_support_halfspace_approximation
PUBLIC_THEOREM Entry005.IidAnchorSpanningSupport Entry005.exists_nonsingular_support_anchor_tuple_of_affineSpan_top
PUBLIC_THEOREM Entry005.ProjectionCap Entry005.exists_perpendicular_unit
PUBLIC_THEOREM Entry005.ProjectionCap Entry005.exists_projection_cap
PUBLIC_THEOREM Entry005.StrongProjectionCap Entry005.exists_projection_sqrt_cap
PUBLIC_THEOREM Entry005.RegularSimplex Entry005.exists_regular_unit_normalization
PUBLIC_THEOREM Entry005.AnchorSelection Entry005.exists_well_conditioned_low_witness
PUBLIC_THEOREM Entry005.AnchorSelection Entry005.exists_well_conditioned_low_witness_ae_good
PUBLIC_THEOREM Entry005.AnchorSelection Entry005.exists_well_conditioned_low_witness_in_support
PUBLIC_THEOREM Entry005.FamilyWitness Entry005.familyDefect.eq_1
PUBLIC_THEOREM Entry005.FamilyWitness Entry005.family_cancellation_identity
PUBLIC_THEOREM Entry005.FamilyWitness Entry005.family_defect_nonneg
PUBLIC_THEOREM Entry005.FamilyWitness Entry005.family_witness_integrable
PUBLIC_THEOREM Entry005.FiniteLawZonotopeMoment Entry005.finiteAtomLaw.eq_1
PUBLIC_THEOREM Entry005.ConeLawFinite Entry005.finiteConeIndexLaw.eq_1
PUBLIC_THEOREM Entry005.ConeLawFinite Entry005.finiteConeLaw.eq_1
PUBLIC_THEOREM Entry005.ConeLawFinite Entry005.finiteConePoint.eq_1
PUBLIC_THEOREM Entry005.ConeLawFinite Entry005.finiteFacetLift.eq_1
PUBLIC_THEOREM Entry005.FiniteHalfspaceConeLaw Entry005.finiteHalfspaceConeLaw.eq_1
PUBLIC_THEOREM Entry005.FiniteHalfspaceCauchy Entry005.finiteHalfspaceFacetArea.congr_simp
PUBLIC_THEOREM Entry005.PyramidHalfspaces Entry005.finiteHalfspaceSet.eq_1
PUBLIC_THEOREM Entry005.FiniteHalfspaceCauchy Entry005.finite_abs_area_split
PUBLIC_THEOREM Entry005.FiniteLawZonotopeMoment Entry005.finite_atom_law_eq_cone
PUBLIC_THEOREM Entry005.FiniteLawZonotopeMoment Entry005.finite_atom_lifted_zonotope_volume_first_moment
PUBLIC_THEOREM Entry005.FiniteLawZonotopeMoment Entry005.finite_atom_mem_support_of_pos
PUBLIC_THEOREM Entry005.FiniteLawZonotopeMoment Entry005.finite_atom_probability
PUBLIC_THEOREM Entry005.FiniteLawZonotopeMoment Entry005.finite_atom_zonotope_volume_first_moment
PUBLIC_THEOREM Entry005.FiniteBodyWeightedAssignment Entry005.finite_body_cone_affine_first_moment_pos
PUBLIC_THEOREM Entry005.FiniteBodyWeightedAssignment Entry005.finite_body_cone_first_moment_assignment
PUBLIC_THEOREM Entry005.ConeLawFinite Entry005.finite_cone_absolute_direction
PUBLIC_THEOREM Entry005.ConeLawFinite Entry005.finite_cone_ae_unit_ball
PUBLIC_THEOREM Entry005.ConeLawFinite Entry005.finite_cone_centered
PUBLIC_THEOREM Entry005.ConeLawFinite Entry005.finite_cone_coordinate_mean
PUBLIC_THEOREM Entry005.ConeLawFinite Entry005.finite_cone_direction_mean_zero
PUBLIC_THEOREM Entry005.ConeLawFinite Entry005.finite_cone_horizontal_determinant_expectation
PUBLIC_THEOREM Entry005.ConeLawFinite Entry005.finite_cone_iid_integral
PUBLIC_THEOREM Entry005.ConeLawFinite Entry005.finite_cone_index_map
PUBLIC_THEOREM Entry005.ConeLawFinite Entry005.finite_cone_index_probability
PUBLIC_THEOREM Entry005.ConeLawFinite Entry005.finite_cone_index_singleton
PUBLIC_THEOREM Entry005.ConeLawFinite Entry005.finite_cone_integrable
PUBLIC_THEOREM Entry005.ConeLawFinite Entry005.finite_cone_integral
PUBLIC_THEOREM Entry005.ConeLawFinite Entry005.finite_cone_lifted_determinant_expectation
PUBLIC_THEOREM Entry005.FiniteLawZonotopeMoment Entry005.finite_cone_lifted_zonotope_volume_first_moment
PUBLIC_THEOREM Entry005.ConeLawFinite Entry005.finite_cone_negative_direction
PUBLIC_THEOREM Entry005.FiniteLawZonotopeMoment Entry005.finite_cone_point_height_one
PUBLIC_THEOREM Entry005.ConeLawFinite Entry005.finite_cone_point_norm
PUBLIC_THEOREM Entry005.ConeLawFinite Entry005.finite_cone_probability
PUBLIC_THEOREM Entry005.ConeLawFinite Entry005.finite_cone_support_unit_ball
PUBLIC_THEOREM Entry005.ConeLawFinite Entry005.finite_cone_weighted_sample_determinant
PUBLIC_THEOREM Entry005.FiniteHalfspaceHorizontalMoment Entry005.finite_cone_weighted_zonotope_eq_normalized_generators
PUBLIC_THEOREM Entry005.FiniteLawZonotopeMoment Entry005.finite_cone_zonotope_volume_first_moment
PUBLIC_THEOREM Entry005.FiniteDeterminantTupleInjection Entry005.finite_determinant_tuple_sum_eq_injection_sum
PUBLIC_THEOREM Entry005.FiniteHalfspaceConeLaw Entry005.finite_halfspace_brightness_lower_of_unit_ball
PUBLIC_THEOREM Entry005.FiniteHalfspaceConeLaw Entry005.finite_halfspace_brightness_normal_sum
PUBLIC_THEOREM Entry005.FiniteHalfspaceCauchy Entry005.finite_halfspace_cauchy
PUBLIC_THEOREM Entry005.HalfspaceApproximation Entry005.finite_halfspace_closed
PUBLIC_THEOREM Entry005.CompactBallConeLaw Entry005.finite_halfspace_compact_cone_raw_pushforward
PUBLIC_THEOREM Entry005.FiniteHalfspaceConeLaw Entry005.finite_halfspace_cone_absolute_brightness
PUBLIC_THEOREM Entry005.FiniteHalfspaceConeLaw Entry005.finite_halfspace_cone_ae_unit_ball
PUBLIC_THEOREM Entry005.FiniteHalfspaceConeLaw Entry005.finite_halfspace_cone_centered
PUBLIC_THEOREM Entry005.CompactBallConeLaw Entry005.finite_halfspace_cone_law_exists_subsequence
PUBLIC_THEOREM Entry005.FiniteHalfspaceConeLaw Entry005.finite_halfspace_cone_negative_brightness
PUBLIC_THEOREM Entry005.FiniteHalfspaceConeLaw Entry005.finite_halfspace_cone_probability
PUBLIC_THEOREM Entry005.FiniteHalfspaceConeLaw Entry005.finite_halfspace_cone_round_coefficient_pos
PUBLIC_THEOREM Entry005.FiniteHalfspaceConeLaw Entry005.finite_halfspace_cone_round_lower
PUBLIC_THEOREM Entry005.FiniteHalfspaceConeLaw Entry005.finite_halfspace_cone_support_unit_ball
PUBLIC_THEOREM Entry005.FiniteHalfspaceHorizontalMoment Entry005.finite_halfspace_cone_zonotope_eq_scaled_projection_body
PUBLIC_THEOREM Entry005.PyramidHalfspaces Entry005.finite_halfspace_convex
PUBLIC_THEOREM Entry005.PyramidMomentDefect Entry005.finite_halfspace_defect_over_first_moment
PUBLIC_THEOREM Entry005.FiniteHalfspaceCauchy Entry005.finite_halfspace_directional_balance
PUBLIC_THEOREM Entry005.PyramidEntryDefect Entry005.finite_halfspace_entryA_lifted_moment
PUBLIC_THEOREM Entry005.PyramidMomentDefect Entry005.finite_halfspace_entryDefect_moment
PUBLIC_THEOREM Entry005.FiniteHalfspaceCauchy Entry005.finite_halfspace_facet_area_nonneg
PUBLIC_THEOREM Entry005.PyramidProjectionBody Entry005.finite_halfspace_facet_area_of_empty
PUBLIC_THEOREM Entry005.FiniteHalfspaceFacets Entry005.finite_halfspace_facet_chart_compact
PUBLIC_THEOREM Entry005.FiniteHalfspaceFacets Entry005.finite_halfspace_facet_chart_image
PUBLIC_THEOREM Entry005.FiniteHalfspaceFacets Entry005.finite_halfspace_facet_chart_projection_image
PUBLIC_THEOREM Entry005.FiniteHalfspaceFacets Entry005.finite_halfspace_facet_compact
PUBLIC_THEOREM Entry005.FacetRadialMass Entry005.finite_halfspace_facet_cone_compact
PUBLIC_THEOREM Entry005.FacetRadialMass Entry005.finite_halfspace_facet_cone_coordinates
PUBLIC_THEOREM Entry005.FacetRadialMass Entry005.finite_halfspace_facet_cone_subset
PUBLIC_THEOREM Entry005.FacetRadialMass Entry005.finite_halfspace_facet_cone_volume
PUBLIC_THEOREM Entry005.FacetRadialMass Entry005.finite_halfspace_facet_cones_inter_volume_zero
PUBLIC_THEOREM Entry005.FacetRadialMass Entry005.finite_halfspace_facet_mass
PUBLIC_THEOREM Entry005.FiniteHalfspaceCauchy Entry005.finite_halfspace_facet_projection_volume
PUBLIC_THEOREM Entry005.FiniteHalfspaceCauchy Entry005.finite_halfspace_facet_projection_volume_real
PUBLIC_THEOREM Entry005.PyramidHalfspaces Entry005.finite_halfspace_homogeneous_eq_zero
PUBLIC_THEOREM Entry005.FiniteHalfspaceHorizontalMoment Entry005.finite_halfspace_horizontal_first_moment
PUBLIC_THEOREM Entry005.PyramidMomentDefect Entry005.finite_halfspace_horizontal_moment_pos
PUBLIC_THEOREM Entry005.PyramidHalfspaces Entry005.finite_halfspace_index_nonempty
PUBLIC_THEOREM Entry005.FacetRadialMass Entry005.finite_halfspace_interior_nonempty_of_positive_heights
PUBLIC_THEOREM Entry005.PyramidMomentDefect Entry005.finite_halfspace_lifted_moment_pos
PUBLIC_THEOREM Entry005.FiniteHalfspaceCauchy Entry005.finite_halfspace_lower_area_sum
PUBLIC_THEOREM Entry005.FiniteHalfspaceFacets Entry005.finite_halfspace_lower_projection_cover
PUBLIC_THEOREM Entry005.FacetRadialMass Entry005.finite_halfspace_nonzero_radial_cover
PUBLIC_THEOREM Entry005.FiniteHalfspaceCauchy Entry005.finite_halfspace_normal_balance
PUBLIC_THEOREM Entry005.FiniteHalfspaceConeLaw Entry005.finite_halfspace_normal_balance_coordinates
PUBLIC_THEOREM Entry005.FacetRadialMass Entry005.finite_halfspace_normalization_pos
PUBLIC_THEOREM Entry005.FiniteHalfspaceCauchy Entry005.finite_halfspace_projection_body_eq_zonotope
PUBLIC_THEOREM Entry005.PyramidEntryDefect Entry005.finite_halfspace_projection_body_volume_pos
PUBLIC_THEOREM Entry005.FacetRadialMass Entry005.finite_halfspace_radial_cover_ae
PUBLIC_THEOREM Entry005.HalfspaceApproximation Entry005.finite_halfspace_sphere_net_norm_bound
PUBLIC_THEOREM Entry005.FiniteHalfspaceConeLaw Entry005.finite_halfspace_unit_ball_heights
PUBLIC_THEOREM Entry005.FiniteHalfspaceFacets Entry005.finite_halfspace_upper_active
PUBLIC_THEOREM Entry005.FiniteHalfspaceCauchy Entry005.finite_halfspace_upper_area_sum
PUBLIC_THEOREM Entry005.FiniteHalfspaceFacets Entry005.finite_halfspace_upper_projection_cover
PUBLIC_THEOREM Entry005.FacetRadialMass Entry005.finite_halfspace_volume_eq_sum_cone_volumes
PUBLIC_THEOREM Entry005.FacetRadialMass Entry005.finite_halfspace_volume_pos
PUBLIC_THEOREM Entry005.FiniteLawZonotopeMoment Entry005.finite_law_zonotope_volume_weighted_tuple_sum
PUBLIC_THEOREM Entry005.FiniteHalfspaceCauchy Entry005.finite_signed_area_split
PUBLIC_THEOREM Entry005.HalfspaceApproximation Entry005.finite_support_net_direction_bound
PUBLIC_THEOREM Entry005.HalfspaceApproximation Entry005.finite_support_net_subset_dilation
PUBLIC_THEOREM Entry005.FiniteDeterminantTupleInjection Entry005.finite_tuple_determinant_eq_zero_of_not_injective
PUBLIC_THEOREM Entry005.FiniteHalfspaceFacets Entry005.finite_uniform_positive
PUBLIC_THEOREM Entry005.FiniteDeterminantTupleInjection Entry005.finite_weighted_determinant_tuple_sum_eq_injection_sum
PUBLIC_THEOREM Entry005.FiniteLawZonotopeMoment Entry005.finite_weighted_horizontal_determinant
PUBLIC_THEOREM Entry005.ConeLawGeometry Entry005.finite_zonotope_compact
PUBLIC_THEOREM Entry005.ZonotopeVolume Entry005.finite_zonotope_cons
PUBLIC_THEOREM Entry005.ConeLawGeometry Entry005.finite_zonotope_convex
PUBLIC_THEOREM Entry005.ConeLawGeometry Entry005.finite_zonotope_eq_support_halfspaces
PUBLIC_THEOREM Entry005.ZonotopeDeterminant Entry005.finite_zonotope_euclidean_one_volume
PUBLIC_THEOREM Entry005.ZonotopeDeterminant Entry005.finite_zonotope_euclidean_zero_volume
PUBLIC_THEOREM Entry005.ZonotopeVolume Entry005.finite_zonotope_linear_image
PUBLIC_THEOREM Entry005.ConeLawGeometry Entry005.finite_zonotope_nonempty
PUBLIC_THEOREM Entry005.PyramidZonotopeAlgebra Entry005.finite_zonotope_option
PUBLIC_THEOREM Entry005.PyramidZonotopeAlgebra Entry005.finite_zonotope_option_volume
PUBLIC_THEOREM Entry005.ZonotopeDeterminant Entry005.finite_zonotope_projection_volume_coordinates
PUBLIC_THEOREM Entry005.ZonotopeVolume Entry005.finite_zonotope_real_eq_interval
PUBLIC_THEOREM Entry005.ZonotopeVolume Entry005.finite_zonotope_real_volume
PUBLIC_THEOREM Entry005.FiniteLawZonotopeMoment Entry005.finite_zonotope_reindex
PUBLIC_THEOREM Entry005.PyramidZonotopeAlgebra Entry005.finite_zonotope_scalar_image
PUBLIC_THEOREM Entry005.FiniteHalfspaceHorizontalMoment Entry005.finite_zonotope_scaled_generators
PUBLIC_THEOREM Entry005.ZonotopeDeterminant Entry005.finite_zonotope_subset_generator_span
PUBLIC_THEOREM Entry005.ConeLawGeometry Entry005.finite_zonotope_support_attained
PUBLIC_THEOREM Entry005.ConeLawGeometry Entry005.finite_zonotope_support_bound
PUBLIC_THEOREM Entry005.ZonotopeVolume Entry005.finite_zonotope_volume_cons
PUBLIC_THEOREM Entry005.ZonotopeVolume Entry005.finite_zonotope_volume_cons_projected
PUBLIC_THEOREM Entry005.ZonotopeVolume Entry005.finite_zonotope_volume_cons_toReal
PUBLIC_THEOREM Entry005.ZonotopeFormula Entry005.finite_zonotope_volume_determinant_sum
PUBLIC_THEOREM Entry005.FiniteLawZonotopeMoment Entry005.finite_zonotope_volume_horizontal_tuple_sum
PUBLIC_THEOREM Entry005.ZonotopeDeterminant Entry005.finite_zonotope_volume_isometry
PUBLIC_THEOREM Entry005.ZonotopeFormula Entry005.finite_zonotope_volume_matrix
PUBLIC_THEOREM Entry005.FiniteLawZonotopeMoment Entry005.finite_zonotope_volume_matrix_fintype
PUBLIC_THEOREM Entry005.ZonotopeFormula Entry005.finite_zonotope_volume_no_generators
PUBLIC_THEOREM Entry005.ZonotopeFormula Entry005.finite_zonotope_volume_zero_dimensional
PUBLIC_THEOREM Entry005.ZonotopeDeterminant Entry005.finite_zonotope_volume_zero_of_card_lt
PUBLIC_THEOREM Entry005.AffinePyramid Entry005.finrank_lifted_space
PUBLIC_THEOREM Entry005.FiniteDeterminantTupleInjection Entry005.fintype_determinant_tuple_sum_eq_injection_sum
PUBLIC_THEOREM Entry005.FiniteDeterminantTupleInjection Entry005.fintype_weighted_determinant_tuple_sum_eq_injection_sum
PUBLIC_THEOREM Entry005.AnchorCoordinates Entry005.first_replacement_witness
PUBLIC_THEOREM Entry005.Constants Entry005.gSharp_pos
PUBLIC_THEOREM Entry005.HausdorffRetention Entry005.geometricSupport_le_iff
PUBLIC_THEOREM Entry005.HausdorffRetention Entry005.geometricSupport_le_of_hausdorff
PUBLIC_THEOREM Entry005.HalfspaceApproximationSequence Entry005.halfspaceApproximationBody.congr_simp
PUBLIC_THEOREM Entry005.HalfspaceApproximationSequence Entry005.halfspaceApproximationLaw.congr_simp
PUBLIC_THEOREM Entry005.ActualBodyPolarBoundary Entry005.halfspace_approximation_atom_polar_boundary
PUBLIC_THEOREM Entry005.HalfspaceApproximationSequence Entry005.halfspace_approximation_body_compact
PUBLIC_THEOREM Entry005.HalfspaceApproximationSequence Entry005.halfspace_approximation_body_contains_unit_ball
PUBLIC_THEOREM Entry005.HalfspaceApproximationSequence Entry005.halfspace_approximation_body_subset_dilation
PUBLIC_THEOREM Entry005.ActualBodyPolarBoundary Entry005.halfspace_approximation_compact_law_ae_polar_boundary
PUBLIC_THEOREM Entry005.ActualPyramidMoment Entry005.halfspace_approximation_entryA_tendsto
PUBLIC_THEOREM Entry005.HalfspaceApproximationSequence Entry005.halfspace_approximation_heights_pos
PUBLIC_THEOREM Entry005.ActualBodyHorizontalMoment Entry005.halfspace_approximation_horizontal_first_moment
PUBLIC_THEOREM Entry005.ActualPyramidMoment Entry005.halfspace_approximation_iid_moments_tendsto
PUBLIC_THEOREM Entry005.ActualBodyPolarBoundary Entry005.halfspace_approximation_law_ae_polar_boundary
PUBLIC_THEOREM Entry005.HalfspaceApproximationSequence Entry005.halfspace_approximation_law_ae_unit_ball
PUBLIC_THEOREM Entry005.HalfspaceApproximationSequence Entry005.halfspace_approximation_law_centered
PUBLIC_THEOREM Entry005.HalfspaceApproximationSequence Entry005.halfspace_approximation_law_negative_brightness
PUBLIC_THEOREM Entry005.HalfspaceApproximationSequence Entry005.halfspace_approximation_law_negative_tendsto
PUBLIC_THEOREM Entry005.HalfspaceApproximationSequence Entry005.halfspace_approximation_law_probability
PUBLIC_THEOREM Entry005.HalfspaceApproximationSequence Entry005.halfspace_approximation_law_support_unit_ball
PUBLIC_THEOREM Entry005.HalfspaceApproximationSequence Entry005.halfspace_approximation_normals_injective
PUBLIC_THEOREM Entry005.HalfspaceApproximationSequence Entry005.halfspace_approximation_normals_unit
PUBLIC_THEOREM Entry005.HalfspaceApproximationSequence Entry005.halfspace_approximation_projection_body_volume_tendsto
PUBLIC_THEOREM Entry005.HalfspaceApproximationSequence Entry005.halfspace_approximation_projection_ratio_tendsto
PUBLIC_THEOREM Entry005.HalfspaceApproximationSequence Entry005.halfspace_approximation_projection_volume_tendsto
PUBLIC_THEOREM Entry005.HalfspaceApproximationSequence Entry005.halfspace_approximation_spec
PUBLIC_THEOREM Entry005.HalfspaceApproximationSequence Entry005.halfspace_approximation_tolerance_pos
PUBLIC_THEOREM Entry005.HalfspaceApproximationSequence Entry005.halfspace_approximation_tolerance_tendsto
PUBLIC_THEOREM Entry005.HalfspaceApproximationSequence Entry005.halfspace_approximation_volume_tendsto
PUBLIC_THEOREM Entry005.StrongProjectionCap Entry005.hausdorff_from_inner_radius_projection_deficit
PUBLIC_THEOREM Entry005.ProjectionCap Entry005.hausdorff_from_projection_deficit
PUBLIC_THEOREM Entry005.StrongProjectionCap Entry005.hausdorff_from_projection_deficit_sqrt
PUBLIC_THEOREM Entry005.DeterminantWitness Entry005.horizontalDeterminant.eq_1
PUBLIC_THEOREM Entry005.CompactIidMomentContinuity Entry005.horizontal_iid_first_moment_map
PUBLIC_THEOREM Entry005.ProjectionCap Entry005.hyperplane_dimension
PUBLIC_THEOREM Entry005.HyperplaneProjectionJacobian Entry005.hyperplane_projection_basis_determinant
PUBLIC_THEOREM Entry005.HyperplaneProjectionJacobian Entry005.hyperplane_projection_volume
PUBLIC_THEOREM Entry005.PaperWitnessTransport Entry005.iidAnchorTestSplit.eq_1
PUBLIC_THEOREM Entry005.PaperWitnessTransport Entry005.iidBasePairSplit.eq_1
PUBLIC_THEOREM Entry005.ConeLawFinite Entry005.iidLaw.eq_1
PUBLIC_THEOREM Entry005.IidTransport Entry005.iidLaw_probability
PUBLIC_THEOREM Entry005.CompactIidMomentContinuity Entry005.iidProbabilityMeasure_cons
PUBLIC_THEOREM Entry005.CompactIidMomentContinuity Entry005.iidProbabilityMeasure_map
PUBLIC_THEOREM Entry005.CompactIidMomentContinuity Entry005.iidProbabilityMeasure_toMeasure
PUBLIC_THEOREM Entry005.RoundAnchorChain Entry005.iidSplit.eq_1
PUBLIC_THEOREM Entry005.PaperWitnessTransport Entry005.iidWitnessTransport.eq_1
PUBLIC_THEOREM Entry005.IidWeightedAnchorSelection Entry005.iid_anchor_support_ae
PUBLIC_THEOREM Entry005.IidTransport Entry005.iid_anchor_test_preserving
PUBLIC_THEOREM Entry005.IidWeightedAnchorSelection Entry005.iid_anchor_volume_integrable
PUBLIC_THEOREM Entry005.IidWeightedAnchorSelection Entry005.iid_anchor_volume_integral_eq
PUBLIC_THEOREM Entry005.IidAnchorSpanningSupport Entry005.iid_anchor_volume_integral_pos_of_euclidean_support_affineSpan_top
PUBLIC_THEOREM Entry005.IidAnchorFirstMomentPositive Entry005.iid_anchor_volume_integral_pos_of_support_affineIndependent
PUBLIC_THEOREM Entry005.IidAnchorSpanningSupport Entry005.iid_anchor_volume_integral_pos_of_support_affineSpan_top
PUBLIC_THEOREM Entry005.IidAnchorFirstMomentPositive Entry005.iid_anchor_volume_integral_pos_of_support_det_ne_zero
PUBLIC_THEOREM Entry005.IidAnchorFirstMomentPositive Entry005.iid_anchor_volume_integral_pos_of_support_raw_affineIndependent
PUBLIC_THEOREM Entry005.IidWeightedAnchorSelection Entry005.iid_anchor_volume_weighted_law_ae_support_pos
PUBLIC_THEOREM Entry005.IidWeightedAnchorSelection Entry005.iid_anchor_volume_weighted_law_probability
PUBLIC_THEOREM Entry005.IidWeightedAnchorSelection Entry005.iid_anchor_volume_weighted_witness_ratio_budget
PUBLIC_THEOREM Entry005.IidTransport Entry005.iid_base_pair_preserving
PUBLIC_THEOREM Entry005.DeterminantMoment Entry005.iid_determinant_second_moment
PUBLIC_THEOREM Entry005.IidTransport Entry005.iid_determinant_witness_anchor
PUBLIC_THEOREM Entry005.CompactIidMomentContinuity Entry005.iid_integral_map
PUBLIC_THEOREM Entry005.RoundAnchorChain Entry005.iid_lifted_determinant_integrable
PUBLIC_THEOREM Entry005.IidWeightedAnchorSelection Entry005.iid_paper_assignment_witness_budget
PUBLIC_THEOREM Entry005.IidTransport Entry005.iid_split_preserving
PUBLIC_THEOREM Entry005.IidAnchorFirstMomentPositive Entry005.iid_support_tuple_mem_support
PUBLIC_THEOREM Entry005.IidWeightedAnchorSelection Entry005.iid_volume_weighted_paper_witness_anchor
PUBLIC_THEOREM Entry005.IidTransport Entry005.iid_witness_transport_preserving
PUBLIC_THEOREM Entry005.StrongGeometricEndpoint Entry005.innerProjectionRadius.eq_1
PUBLIC_THEOREM Entry005.FiniteHalfspaceFacets Entry005.inner_level_volume_zero
PUBLIC_THEOREM Entry005.ProjectionCap Entry005.inner_project
PUBLIC_THEOREM Entry005.PyramidHalfspaces Entry005.inner_pyramidBaseNormal
PUBLIC_THEOREM Entry005.PyramidHalfspaces Entry005.inner_pyramidSideNormal
PUBLIC_THEOREM Entry005.AnchorCoordinates Entry005.integrable_anchor_coordinates
PUBLIC_THEOREM Entry005.FamilyWitness Entry005.integrable_family_defect
PUBLIC_THEOREM Entry005.IntegratedWitness Entry005.integral_absolute_decomposition
PUBLIC_THEOREM Entry005.IntegratedWitness Entry005.integral_cancellation_identity
PUBLIC_THEOREM Entry005.PaperWitnessTransport Entry005.integral_determinant_assignment_witness_eq_transportedWitnessSum
PUBLIC_THEOREM Entry005.DeterminantMoment Entry005.integral_dot_square
PUBLIC_THEOREM Entry005.DeterminantWitness Entry005.integral_lifted_determinant
PUBLIC_THEOREM Entry005.IntegratedWitness Entry005.integral_mean_decomposition
PUBLIC_THEOREM Entry005.AnchorCoordinates Entry005.integrated_actual_determinant_assignment_cost
PUBLIC_THEOREM Entry005.ClippedAssignmentKernel Entry005.integrated_clipped_largest_assignment_error
PUBLIC_THEOREM Entry005.FamilyWitness Entry005.integrated_family_witness_le
PUBLIC_THEOREM Entry005.AssignmentKernel Entry005.integrated_largest_assignment_error
PUBLIC_THEOREM Entry005.IntegratedWitness Entry005.integrated_opposite_witness_le
PUBLIC_THEOREM Entry005.HyperplaneProjectionJacobian Entry005.isometry_volume_image
PUBLIC_THEOREM Entry005.AssignmentKernel Entry005.largest_coordinate_assignment_error
PUBLIC_THEOREM Entry005.ClippedAssignmentKernel Entry005.largest_coordinate_clipped_assignment_error
PUBLIC_THEOREM Entry005.LargestCoordinate Entry005.largest_coordinate_fiber
PUBLIC_THEOREM Entry005.LargestCoordinate Entry005.largest_coordinate_max
PUBLIC_THEOREM Entry005.LargestCoordinate Entry005.largest_coordinate_positive
PUBLIC_THEOREM Entry005.AffinePyramid Entry005.liftedAffineEquiv.eq_1
PUBLIC_THEOREM Entry005.AffinePyramid Entry005.liftedAffineEquiv_apex
PUBLIC_THEOREM Entry005.AffinePyramid Entry005.liftedAffineEquiv_apply
PUBLIC_THEOREM Entry005.AffinePyramid Entry005.liftedAffineEquiv_base
PUBLIC_THEOREM Entry005.AffinePyramid Entry005.liftedAffineEquiv_det
PUBLIC_THEOREM Entry005.AffinePyramid Entry005.liftedAffineEquiv_symm_apply
PUBLIC_THEOREM Entry005.DeterminantMoment Entry005.liftedCoordinates.eq_1
PUBLIC_THEOREM Entry005.DeterminantMoment Entry005.liftedDeterminant.eq_1
PUBLIC_THEOREM Entry005.DeterminantWitness Entry005.lifted_determinant_expansion
PUBLIC_THEOREM Entry005.DeterminantWitness Entry005.lifted_determinant_integrable
PUBLIC_THEOREM Entry005.CompactIidMomentContinuity Entry005.lifted_iid_first_moment_map
PUBLIC_THEOREM Entry005.UnitBallDeterminant Entry005.lifted_unit_column_norm
PUBLIC_THEOREM Entry005.FiniteHalfspaceFacets Entry005.lower_projected_facets_inter_volume_zero
PUBLIC_THEOREM Entry005.MaximumOuterBall Entry005.maximumInscribed_R0_ball
PUBLIC_THEOREM Entry005.AffineNormalization Entry005.maximumInscribed_affine_iff
PUBLIC_THEOREM Entry005.CentroidMaximumBound Entry005.maximumInscribed_centered_bound
PUBLIC_THEOREM Entry005.MaximumOuterBall Entry005.maximumInscribed_coord_abs_le_one
PUBLIC_THEOREM Entry005.CentroidMaximumBound Entry005.maximumInscribed_excess_le_dim_add_one
PUBLIC_THEOREM Entry005.MaximumOuterBall Entry005.maximumInscribed_outer_ball
PUBLIC_THEOREM Entry005.SharpNormalizationRadius Entry005.maximumInscribed_regular_norm_sq
PUBLIC_THEOREM Entry005.SharpNormalizationRadius Entry005.maximumInscribed_regular_sharp_ball
PUBLIC_THEOREM Entry005.GeometricEndpoint Entry005.maximum_simplex_excess_le_R0_sub_one
PUBLIC_THEOREM Entry005.AffineNormalization Entry005.maximum_simplex_normalized_geometric_endpoint
PUBLIC_THEOREM Entry005.GeometricEndpoint Entry005.maximum_simplex_regular_geometric_endpoint
PUBLIC_THEOREM Entry005.RegularSimplex Entry005.maximum_simplex_regular_normalization
PUBLIC_THEOREM Entry005.SharpNormalizationRadius Entry005.maximum_simplex_sharp_radius_normalization
PUBLIC_THEOREM Entry005.StrongGeometricEndpoint Entry005.maximum_simplex_strong_geometric_endpoint
PUBLIC_THEOREM Entry005.EntryAffineInvariance Entry005.maximum_simplex_strong_normalization_invariants
PUBLIC_THEOREM Entry005.PrescribedSimplex Entry005.maximum_simplex_volume_ratio
PUBLIC_THEOREM Entry005.HausdorffRetention Entry005.maximum_simplex_zero_hausdorff
PUBLIC_THEOREM Entry005.AnchorCoordinates Entry005.measurable_anchor_coordinates
PUBLIC_THEOREM Entry005.CompactBallConeLaw Entry005.measurable_compactBallRaw
PUBLIC_THEOREM Entry005.IidWeightedAnchorSelection Entry005.measurable_iid_anchor_volume
PUBLIC_THEOREM Entry005.LargestCoordinate Entry005.measurable_largest_coordinate
PUBLIC_THEOREM Entry005.DeterminantWitness Entry005.measurable_lifted_determinant
PUBLIC_THEOREM Entry005.CompactBallConeLaw Entry005.measurable_rawToCompactBall
PUBLIC_THEOREM Entry005.HausdorffRetention Entry005.mem_iff_geometricSupport
PUBLIC_THEOREM Entry005.ProjectionBodyDirections Entry005.mem_projectionBodySet_iff_brightness
PUBLIC_THEOREM Entry005.PyramidHalfspaces Entry005.mem_pyramidHalfspace_iff
PUBLIC_THEOREM Entry005.PyramidVolume Entry005.mem_pyramidSet_iff
PUBLIC_THEOREM Entry005.ClippedAssignmentKernel Entry005.negativeAssignmentCost.eq_1
PUBLIC_THEOREM Entry005.IntegratedWitness Entry005.negativeIntegral.eq_1
PUBLIC_THEOREM Entry005.Cap Entry005.nested_body_cap_gain
PUBLIC_THEOREM Entry005.ProjectionAffineTransport Entry005.normalHyperplane.eq_1
PUBLIC_THEOREM Entry005.ProjectionAffineTransport Entry005.normalHyperplane_finrank
PUBLIC_THEOREM Entry005.HyperplaneProjectionJacobian Entry005.normal_contraction_factor
PUBLIC_THEOREM Entry005.ProjectionVolumeSqueeze Entry005.normalized_body_brightness_lower
PUBLIC_THEOREM Entry005.ProjectionVolumeSqueeze Entry005.normalized_projection_body_contains_ball
PUBLIC_THEOREM Entry005.ProjectionVolumeSqueeze Entry005.normalized_projection_body_volume_pos
PUBLIC_THEOREM Entry005.ProjectionVolumeSqueeze Entry005.normalized_projection_ratio_pos
PUBLIC_THEOREM Entry005.ActualBodyPolarBoundary Entry005.normalized_support_height_eq_one
PUBLIC_THEOREM Entry005.AssignmentKernel Entry005.off_max_l1_le_cost
PUBLIC_THEOREM Entry005.ClippedAssignmentKernel Entry005.off_max_l1_le_cost_of_no_clipping
PUBLIC_THEOREM Entry005.OfficialProjectionDefinitions Entry005.official_brightness_eq_norm_mul
PUBLIC_THEOREM Entry005.OfficialProjectionDefinitions Entry005.official_normal_hyperplane_eq
PUBLIC_THEOREM Entry005.OfficialProjectionDefinitions Entry005.official_normalized_projection_volume_eq
PUBLIC_THEOREM Entry005.OfficialProjectionDefinitions Entry005.official_projection_body_eq
PUBLIC_THEOREM Entry005.OfficialProjectionDefinitions Entry005.official_projection_volume_eq
PUBLIC_THEOREM Entry005.OfficialProjectionDefinitions Entry005.official_projection_volume_real_eq
PUBLIC_THEOREM Entry005.OfficialProjectionDefinitions Entry005.official_unit_brightness_eq
PUBLIC_THEOREM Entry005.AnchorCoordinates Entry005.oppositeWitness.eq_1
PUBLIC_THEOREM Entry005.IntegratedWitness Entry005.opposite_witness_integrable
PUBLIC_THEOREM Entry005.AnchorCoordinates Entry005.opposite_witness_integrable_same
PUBLIC_THEOREM Entry005.AnchorCoordinates Entry005.opposite_witness_mul
PUBLIC_THEOREM Entry005.AnchorCoordinates Entry005.opposite_witness_mul_nonneg
PUBLIC_THEOREM Entry005.AnchorCoordinates Entry005.opposite_witness_neg_neg
PUBLIC_THEOREM Entry005.IntegratedWitness Entry005.opposite_witness_nonneg
PUBLIC_THEOREM Entry005.ActualAssignmentAssembly Entry005.original_Q_assignment
PUBLIC_THEOREM Entry005.HyperplaneProjectionJacobian Entry005.orthogonal_hyperplane_projection_formula
PUBLIC_THEOREM Entry005.ProjectionVolumeSqueeze Entry005.orthogonal_projection_closed_ball
PUBLIC_THEOREM Entry005.ProjectionVolumeSqueeze Entry005.orthogonal_projection_smul_image
PUBLIC_THEOREM Entry005.ZonotopeDeterminant Entry005.orthonormal_basis_det_coordinates
PUBLIC_THEOREM Entry005.ZonotopeDeterminant Entry005.orthonormal_determinant_height
PUBLIC_THEOREM Entry005.HyperplaneProjectionJacobian Entry005.orthonormal_linear_image_volume
PUBLIC_THEOREM Entry005.StrongProjectionCap Entry005.outer_ball_after_small_hausdorff
PUBLIC_THEOREM Entry005.AnchorCoordinates Entry005.pair_replacement_witness_lower
PUBLIC_THEOREM Entry005.PaperWitnessTransport Entry005.paperFirstPermutation.eq_1
PUBLIC_THEOREM Entry005.PaperWitnessTransport Entry005.paperPairPermutation.eq_1
PUBLIC_THEOREM Entry005.PaperWitnessTransport Entry005.paper_anchor_update
PUBLIC_THEOREM Entry005.PaperWitnessTransport Entry005.paper_cases_swap_zero
PUBLIC_THEOREM Entry005.PaperWitnessTransport Entry005.paper_first_matrices
PUBLIC_THEOREM Entry005.PaperWitnessTransport Entry005.paper_first_transport
PUBLIC_THEOREM Entry005.PaperWitnessTransport Entry005.paper_first_witness
PUBLIC_THEOREM Entry005.PaperWitnessTransport Entry005.paper_iid_anchor_split_symm
PUBLIC_THEOREM Entry005.PaperWitnessTransport Entry005.paper_iid_base_pair_split
PUBLIC_THEOREM Entry005.PaperWitnessTransport Entry005.paper_iid_transport
PUBLIC_THEOREM Entry005.PaperWitnessTransport Entry005.paper_opposite_symm
PUBLIC_THEOREM Entry005.PaperWitnessTransport Entry005.paper_pair_first_matrix
PUBLIC_THEOREM Entry005.PaperWitnessTransport Entry005.paper_pair_replacement_symm
PUBLIC_THEOREM Entry005.PaperWitnessTransport Entry005.paper_pair_second_matrix
PUBLIC_THEOREM Entry005.PaperWitnessTransport Entry005.paper_pair_sign
PUBLIC_THEOREM Entry005.PaperWitnessTransport Entry005.paper_pair_transport
PUBLIC_THEOREM Entry005.PaperWitnessTransport Entry005.paper_pair_witness
PUBLIC_THEOREM Entry005.PaperWitnessTransport Entry005.paper_sign_abs
PUBLIC_THEOREM Entry005.PaperWitnessTransport Entry005.paper_swap_succ
PUBLIC_THEOREM Entry005.PaperWitnessCombinatorics Entry005.paper_witness_index_card_nat
PUBLIC_THEOREM Entry005.PaperWitnessCombinatorics Entry005.paper_witness_index_card_real
PUBLIC_THEOREM Entry005.PaperWitnessTransport Entry005.paper_witness_index_nonempty
PUBLIC_THEOREM Entry005.PaperWitnessTransport Entry005.paper_witness_transport_preserving
PUBLIC_THEOREM Entry005.IntegratedWitness Entry005.positiveIntegral.eq_1
PUBLIC_THEOREM Entry005.AssignmentKernel Entry005.positive_off_max_le_pair_cost
PUBLIC_THEOREM Entry005.ActualBodyPolarBoundary Entry005.probability_closed_carried_of_tendsto
PUBLIC_THEOREM Entry005.DeterminantMoment Entry005.probability_integral_square_le
PUBLIC_THEOREM Entry005.ProjectionCap Entry005.project_body_mono
PUBLIC_THEOREM Entry005.ProjectionCap Entry005.project_body_outer_ball
PUBLIC_THEOREM Entry005.ProjectionCap Entry005.project_body_unit_ball
PUBLIC_THEOREM Entry005.ProjectionCap Entry005.projectedVolume.congr_simp
PUBLIC_THEOREM Entry005.ProjectionVolumeSqueeze Entry005.projectionBodySet.congr_simp
PUBLIC_THEOREM Entry005.ProjectionBodyDirections Entry005.projectionBodySet.eq_1
PUBLIC_THEOREM Entry005.ProjectionBodyCovariance Entry005.projectionBodySet_affine_image
PUBLIC_THEOREM Entry005.ProjectionBodyCovariance Entry005.projectionBodySet_linear_image
PUBLIC_THEOREM Entry005.ProjectionBodyDirections Entry005.projectionBodySet_translate
PUBLIC_THEOREM Entry005.ProjectionBodyCovariance Entry005.projectionBrightness.congr_simp
PUBLIC_THEOREM Entry005.ProjectionBodyDirections Entry005.projectionBrightness.eq_1
PUBLIC_THEOREM Entry005.ProjectionBodyCovariance Entry005.projectionBrightness_linear_image
PUBLIC_THEOREM Entry005.OfficialProjectionDefinitions Entry005.projectionRatio.eq_1
PUBLIC_THEOREM Entry005.ProjectionBodyCovariance Entry005.projectionRatio_affine_image
PUBLIC_THEOREM Entry005.ProjectionBodyCovariance Entry005.projectionRatio_linear_image
PUBLIC_THEOREM Entry005.EntryAffineInvariance Entry005.projectionRatio_pyramid_affine_image
PUBLIC_THEOREM Entry005.ProjectionBodyDirections Entry005.projectionRatio_translate
PUBLIC_THEOREM Entry005.ProjectionAffineTransport Entry005.projectionTransport.congr_simp
PUBLIC_THEOREM Entry005.ProjectionAffineTransport Entry005.projectionTransport_normDet
PUBLIC_THEOREM Entry005.ProjectionAffineTransport Entry005.projectionTransport_project
PUBLIC_THEOREM Entry005.ProjectionAffineTransport Entry005.projectionVolume.eq_1
PUBLIC_THEOREM Entry005.ProjectionBodyDirections Entry005.projectionVolumeSet.congr_simp
PUBLIC_THEOREM Entry005.ProjectionAffineTransport Entry005.projectionVolumeSet_linear_image
PUBLIC_THEOREM Entry005.PyramidContinuity Entry005.projectionVolumeSet_neg_normal
PUBLIC_THEOREM Entry005.ProjectionBodyDirections Entry005.projectionVolumeSet_smul_normal
PUBLIC_THEOREM Entry005.ProjectionBodyDirections Entry005.projectionVolumeSet_translate
PUBLIC_THEOREM Entry005.ProjectionAffineTransport Entry005.projectionVolume_linear_image
PUBLIC_THEOREM Entry005.ProjectionVolumeSqueeze Entry005.projection_body_closed
PUBLIC_THEOREM Entry005.ProjectionVolumeSqueeze Entry005.projection_body_convex
PUBLIC_THEOREM Entry005.ConeLawGeometry Entry005.projection_body_eq_finite_zonotope_of_projection_volume
PUBLIC_THEOREM Entry005.ProjectionVolumeSqueeze Entry005.projection_body_mono
PUBLIC_THEOREM Entry005.ProjectionVolumeSqueeze Entry005.projection_body_positive_smul
PUBLIC_THEOREM Entry005.ProjectionVolumeSqueeze Entry005.projection_body_zero_mem
PUBLIC_THEOREM Entry005.ProjectionCap Entry005.projection_cap_cube_gain
PUBLIC_THEOREM Entry005.ProjectionCap Entry005.projection_cap_gain
PUBLIC_THEOREM Entry005.StrongProjectionCap Entry005.projection_cap_sqrt_cube_gain
PUBLIC_THEOREM Entry005.ProjectionAffineTransport Entry005.projection_image_linearEquiv
PUBLIC_THEOREM Entry005.ProjectionVolumeSqueeze Entry005.projection_volume_closed_ball
PUBLIC_THEOREM Entry005.ProjectionVolumeSqueeze Entry005.projection_volume_mono
PUBLIC_THEOREM Entry005.ProjectionVolumeSqueeze Entry005.projection_volume_nonnegative_smul
PUBLIC_THEOREM Entry005.PyramidVolume Entry005.pyramidApex.eq_1
PUBLIC_THEOREM Entry005.PyramidFacetAreas Entry005.pyramidBaseIsometry_val
PUBLIC_THEOREM Entry005.PyramidVolume Entry005.pyramidBaseMap_apply
PUBLIC_THEOREM Entry005.PyramidHalfspaces Entry005.pyramidBaseNormal.eq_1
PUBLIC_THEOREM Entry005.PyramidHalfspaces Entry005.pyramidBaseNormal_unit
PUBLIC_THEOREM Entry005.PyramidVolume Entry005.pyramidFlip.eq_1
PUBLIC_THEOREM Entry005.PyramidVolume Entry005.pyramidFlip_apply
PUBLIC_THEOREM Entry005.PyramidVolume Entry005.pyramidFlip_volume
PUBLIC_THEOREM Entry005.PyramidHalfspaces Entry005.pyramidHalfspaceNormal_injective
PUBLIC_THEOREM Entry005.PyramidHalfspaces Entry005.pyramidHalfspaceNormal_unit
PUBLIC_THEOREM Entry005.PyramidLiftCoordinates Entry005.pyramidLiftCoordinates_apply
PUBLIC_THEOREM Entry005.AffinePyramid Entry005.pyramidLinearEquiv.eq_1
PUBLIC_THEOREM Entry005.AffinePyramid Entry005.pyramidLinearEquiv_det
PUBLIC_THEOREM Entry005.PyramidVolume Entry005.pyramidReflectionLinear.eq_1
PUBLIC_THEOREM Entry005.PyramidVolume Entry005.pyramidSet.eq_1
PUBLIC_THEOREM Entry005.AffinePyramid Entry005.pyramidSet_affine_image
PUBLIC_THEOREM Entry005.PyramidContinuity Entry005.pyramidSet_apex_mem
PUBLIC_THEOREM Entry005.PyramidVolume Entry005.pyramidSet_compact
PUBLIC_THEOREM Entry005.PyramidVolume Entry005.pyramidSet_eq_flip_radial
PUBLIC_THEOREM Entry005.PyramidHalfspaces Entry005.pyramidSet_finite_halfspace
PUBLIC_THEOREM Entry005.PyramidContinuity Entry005.pyramidSet_mono
PUBLIC_THEOREM Entry005.PyramidContinuity Entry005.pyramidSet_subset_dilation
PUBLIC_THEOREM Entry005.PyramidVolume Entry005.pyramidSet_volume
PUBLIC_THEOREM Entry005.PyramidContinuity Entry005.pyramidSet_zero_mem
PUBLIC_THEOREM Entry005.PyramidSideArea Entry005.pyramidSideChartApex.eq_1
PUBLIC_THEOREM Entry005.PyramidSideArea Entry005.pyramidSideFrame.congr_simp
PUBLIC_THEOREM Entry005.PyramidSideFrame Entry005.pyramidSideFrameLinear_norm
PUBLIC_THEOREM Entry005.PyramidSideFrame Entry005.pyramidSideFrameLinear_surjective
PUBLIC_THEOREM Entry005.PyramidSideFrame Entry005.pyramidSideFrameLinear_val
PUBLIC_THEOREM Entry005.PyramidSideFrame Entry005.pyramidSideFrame_val
PUBLIC_THEOREM Entry005.PyramidHalfspaces Entry005.pyramidSideNormal.eq_1
PUBLIC_THEOREM Entry005.PyramidHalfspaces Entry005.pyramidSideNormal_unit
PUBLIC_THEOREM Entry005.PyramidHalfspaces Entry005.pyramidSlope_pos
PUBLIC_THEOREM Entry005.PyramidHalfspaces Entry005.pyramidSlope_sq
PUBLIC_THEOREM Entry005.PyramidFacetAreas Entry005.pyramid_base_facet_area
PUBLIC_THEOREM Entry005.PyramidFacetAreas Entry005.pyramid_base_facet_chart
PUBLIC_THEOREM Entry005.PyramidProjectionBody Entry005.pyramid_finite_halfspace_volume
PUBLIC_THEOREM Entry005.PyramidProjectionVolume Entry005.pyramid_horizontal_projection
PUBLIC_THEOREM Entry005.PyramidLiftCoordinates Entry005.pyramid_lifted_law_generator
PUBLIC_THEOREM Entry005.PyramidLiftedMoment Entry005.pyramid_lifted_law_image
PUBLIC_THEOREM Entry005.PyramidProjectionBody Entry005.pyramid_projection_body_eq_zonotope
PUBLIC_THEOREM Entry005.PyramidProjectionVolume Entry005.pyramid_projection_body_volume_decomposition
PUBLIC_THEOREM Entry005.PyramidProjectionBody Entry005.pyramid_projection_generator_eq
PUBLIC_THEOREM Entry005.PyramidSideArea Entry005.pyramid_side_chart_offset
PUBLIC_THEOREM Entry005.PyramidSideArea Entry005.pyramid_side_facet_area
PUBLIC_THEOREM Entry005.PyramidProjectionBody Entry005.pyramid_side_facet_area_of_empty
PUBLIC_THEOREM Entry005.PyramidSideArea Entry005.pyramid_side_facet_chart
PUBLIC_THEOREM Entry005.PyramidSideArea Entry005.pyramid_side_facet_of_empty
PUBLIC_THEOREM Entry005.PyramidProjectionVolume Entry005.pyramid_side_horizontal_image
PUBLIC_THEOREM Entry005.PyramidProjectionVolume Entry005.pyramid_side_horizontal_volume
PUBLIC_THEOREM Entry005.PyramidSideArea Entry005.pyramid_side_radial_coordinates
PUBLIC_THEOREM Entry005.PyramidLiftedMoment Entry005.pyramid_side_zonotope_eq_scaled_lifted
PUBLIC_THEOREM Entry005.PyramidLiftedMoment Entry005.pyramid_side_zonotope_volume_lifted_moment
PUBLIC_THEOREM Entry005.Constants Entry005.rSharp_pos
PUBLIC_THEOREM Entry005.ThresholdGate Entry005.rSharp_root_bound
PUBLIC_THEOREM Entry005.PyramidVolume Entry005.radialCone.eq_1
PUBLIC_THEOREM Entry005.RadialConeVolume Entry005.radial_cone_compact
PUBLIC_THEOREM Entry005.RadialConeVolume Entry005.radial_cone_horizontal_slice
PUBLIC_THEOREM Entry005.RadialConeVolume Entry005.radial_cone_horizontal_slice_empty
PUBLIC_THEOREM Entry005.RadialConeVolume Entry005.radial_cone_horizontal_slice_volume
PUBLIC_THEOREM Entry005.RadialConeVolume Entry005.radial_cone_horizontal_slice_volume_toReal
PUBLIC_THEOREM Entry005.RadialConeVolume Entry005.radial_cone_lp_volume
PUBLIC_THEOREM Entry005.RadialConeVolume Entry005.radial_cone_product_volume
PUBLIC_THEOREM Entry005.RadialPowerIntegral Entry005.radial_power_integrableOn
PUBLIC_THEOREM Entry005.RadialPowerIntegral Entry005.radial_power_integral
PUBLIC_THEOREM Entry005.CompactBallConeLaw Entry005.rawToCompactBall.eq_1
PUBLIC_THEOREM Entry005.ProjectionVolumeSqueeze Entry005.real_volume_nonnegative_smul
PUBLIC_THEOREM Entry005.SharpNormalizationRadius Entry005.regularSimplex.congr_simp
PUBLIC_THEOREM Entry005.RegularSimplex Entry005.regularSimplex_centered_ball_iff
PUBLIC_THEOREM Entry005.RegularSimplex Entry005.regularSimplex_centroid
PUBLIC_THEOREM Entry005.RegularSimplex Entry005.regularSimplex_edge_length
PUBLIC_THEOREM Entry005.RegularSimplex Entry005.regularSimplex_facet_bound
PUBLIC_THEOREM Entry005.SharpNormalizationRadius Entry005.regularSimplex_norm_sq_coord
PUBLIC_THEOREM Entry005.SharpNormalizationRadius Entry005.regularSimplex_norm_sq_le_of_coord_abs
PUBLIC_THEOREM Entry005.RegularSimplex Entry005.regularSimplex_unit_ball
PUBLIC_THEOREM Entry005.RegularSimplex Entry005.regularSimplex_vertex_inner
PUBLIC_THEOREM Entry005.RegularSimplex Entry005.regularSimplex_vertex_norm
PUBLIC_THEOREM Entry005.SharpNormalizationRadius Entry005.regularSimplex_weighted_norm_sq
PUBLIC_THEOREM Entry005.AnchorCoordinates Entry005.replacementDeterminant.eq_1
PUBLIC_THEOREM Entry005.AnchorCoordinates Entry005.replacement_determinant_coordinates
PUBLIC_THEOREM Entry005.PrescribedSimplex Entry005.retain_maximum_simplex
PUBLIC_THEOREM Entry005.PrescribedSimplex Entry005.retain_maximum_simplex_about
PUBLIC_THEOREM Entry005.PrescribedSimplex Entry005.retain_maximum_simplex_centroid
PUBLIC_THEOREM Entry005.PrescribedSimplex Entry005.retain_maximum_simplex_excess
PUBLIC_THEOREM Entry005.HausdorffRetention Entry005.retain_maximum_simplex_of_hausdorff
PUBLIC_THEOREM Entry005.HausdorffRetention Entry005.retain_maximum_simplex_of_projection_deficit
PUBLIC_THEOREM Entry005.ThresholdGate Entry005.root_bound_of_reciprocal_power
PUBLIC_THEOREM Entry005.RoundAnchorChain Entry005.round_iid_witness_anchor
PUBLIC_THEOREM Entry005.CovarianceConditioning Entry005.round_lifted_second_moment_lower
PUBLIC_THEOREM Entry005.FiniteHalfspaceFacets Entry005.same_sign_facets_same_fiber_eq
PUBLIC_THEOREM Entry005.FiniteHalfspaceFacets Entry005.same_sign_projected_facets_inter_volume_zero
PUBLIC_THEOREM Entry005.FiniteHalfspaceFacets Entry005.same_unit_projection_sub
PUBLIC_THEOREM Entry005.DeterminantMoment Entry005.sampledMatrix.eq_1
PUBLIC_THEOREM Entry005.DeterminantMoment Entry005.sampled_determinant_integrable
PUBLIC_THEOREM Entry005.ThresholdGate Entry005.scaled_defect_le_b
PUBLIC_THEOREM Entry005.ThresholdGate Entry005.scaled_defect_le_rSharp
PUBLIC_THEOREM Entry005.ThresholdGate Entry005.scaled_defect_root_bound
PUBLIC_THEOREM Entry005.DeterminantMoment Entry005.secondMomentMatrix.eq_1
PUBLIC_THEOREM Entry005.AnchorSelection Entry005.second_moment_event_lower
PUBLIC_THEOREM Entry005.CovarianceConditioning Entry005.second_moment_hermitian
PUBLIC_THEOREM Entry005.ZonotopeVolume Entry005.segment_extrusion_rescale
PUBLIC_THEOREM Entry005.SelectedAnchorSimplex Entry005.selectedAnchorSimplex_points
PUBLIC_THEOREM Entry005.SelectedAnchorSimplex Entry005.selected_anchor_affineIndependent
PUBLIC_THEOREM Entry005.IidAnchorAffineDeterminant Entry005.selected_anchor_affineIndependent_iff_det_ne_zero
PUBLIC_THEOREM Entry005.IidAnchorAffineDeterminant Entry005.selected_anchor_det_ne_zero_of_affineIndependent
PUBLIC_THEOREM Entry005.IidAnchorAffineDeterminant Entry005.selected_anchor_det_ne_zero_of_raw_affineIndependent
PUBLIC_THEOREM Entry005.SelectedAnchorSimplex Entry005.selected_anchor_raw_affineIndependent
PUBLIC_THEOREM Entry005.HausdorffRetention Entry005.shrink_subset_of_hausdorff
PUBLIC_THEOREM Entry005.HausdorffRetention Entry005.shrink_subset_of_hausdorff_about
PUBLIC_THEOREM Entry005.AffineNormalization Entry005.simplexAffineEquiv.eq_1
PUBLIC_THEOREM Entry005.AffineNormalization Entry005.simplexAffineEquiv_points
PUBLIC_THEOREM Entry005.SimplexVolumeInterface Entry005.simplexBarycentricMatrix.eq_1
PUBLIC_THEOREM Entry005.CentroidMaximumBound Entry005.simplexCoord_centroid
PUBLIC_THEOREM Entry005.CentroidMaximumBound Entry005.simplexCoord_centroid_contraction
PUBLIC_THEOREM Entry005.SimplexVolumeInterface Entry005.simplexMatrixVolumeInterface
PUBLIC_THEOREM Entry005.SimplexVolumeInterface Entry005.simplexSet.eq_1
PUBLIC_THEOREM Entry005.AffineNormalization Entry005.simplexSet_affine_map
PUBLIC_THEOREM Entry005.AffineNormalization Entry005.simplex_centroid_ball
PUBLIC_THEOREM Entry005.AffineNormalization Entry005.simplex_centroid_interior
PUBLIC_THEOREM Entry005.PrescribedSimplex Entry005.simplex_equal_volume_permutation
PUBLIC_THEOREM Entry005.PrescribedSimplex Entry005.simplex_hull_dilation
PUBLIC_THEOREM Entry005.PrescribedSimplex Entry005.simplex_hull_matching
PUBLIC_THEOREM Entry005.PrescribedSimplex Entry005.simplex_vertex_matching
PUBLIC_THEOREM Entry005.ThresholdGate Entry005.small_defect_gate
PUBLIC_THEOREM Entry005.FiniteHalfspaceConeLaw Entry005.space_inner_eq_raw_dot
PUBLIC_THEOREM Entry005.PaperWitnessCombinatorics Entry005.strict_pair_sum
PUBLIC_THEOREM Entry005.HalfspaceApproximationSequence Entry005.subset_halfspace_approximation_body
PUBLIC_THEOREM Entry005.PaperWitnessCombinatorics Entry005.symmetric_half_off_diagonal_sum
PUBLIC_THEOREM Entry005.ZonotopeVolume Entry005.symmetric_segment_extrusion_eq_preimage
PUBLIC_THEOREM Entry005.ProjectionVolumeSqueeze Entry005.tendsto_brightness_normalization_of_dilation_sandwich
PUBLIC_THEOREM Entry005.PyramidContinuity Entry005.tendsto_entryA_of_dilation_sandwich
PUBLIC_THEOREM Entry005.CompactIidMomentContinuity Entry005.tendsto_horizontal_mapped_iid_first_moment
PUBLIC_THEOREM Entry005.CompactIidMomentContinuity Entry005.tendsto_iidProbabilityMeasure
PUBLIC_THEOREM Entry005.CompactIidMomentContinuity Entry005.tendsto_iid_integral
PUBLIC_THEOREM Entry005.CompactIidMomentContinuity Entry005.tendsto_lifted_mapped_iid_first_moment
PUBLIC_THEOREM Entry005.ProjectionVolumeSqueeze Entry005.tendsto_projection_body_volume_of_dilation_sandwich
PUBLIC_THEOREM Entry005.ProjectionVolumeSqueeze Entry005.tendsto_projection_ratio_of_dilation_sandwich
PUBLIC_THEOREM Entry005.ProjectionVolumeSqueeze Entry005.tendsto_projection_volume_of_dilation_sandwich
PUBLIC_THEOREM Entry005.PyramidContinuity Entry005.tendsto_pyramid_projection_ratio_of_dilation_sandwich
PUBLIC_THEOREM Entry005.ProjectionVolumeSqueeze Entry005.tendsto_real_volume_of_dilation_sandwich
PUBLIC_THEOREM Entry005.ThresholdGate Entry005.thresholdGate
PUBLIC_THEOREM Entry005.HyperplaneProjectionJacobian Entry005.translation_volume_image
PUBLIC_THEOREM Entry005.WitnessAnchorChain Entry005.transported_witness_budget
PUBLIC_THEOREM Entry005.AssignmentKernel Entry005.truncated_nonneg_le
PUBLIC_THEOREM Entry005.FiniteDeterminantTupleInjection Entry005.tuple_determinant_eq_zero_of_not_injective
PUBLIC_THEOREM Entry005.ZonotopeVolume Entry005.unitNormalCoordinates.congr_simp
PUBLIC_THEOREM Entry005.ZonotopeVolume Entry005.unitNormalCoordinates.eq_1
PUBLIC_THEOREM Entry005.ZonotopeVolume Entry005.unitNormalLpCoordinates.eq_1
PUBLIC_THEOREM Entry005.ActualAssignmentAssembly Entry005.unit_ball_actual_witness_assignment
PUBLIC_THEOREM Entry005.UnitBallDeterminant Entry005.unit_ball_anchor_coordinate_bound
PUBLIC_THEOREM Entry005.UnitBallDeterminant Entry005.unit_ball_anchor_determinant
PUBLIC_THEOREM Entry005.FirstMomentAssignment Entry005.unit_ball_clipped_actual_witness_assignment
PUBLIC_THEOREM Entry005.ClippedAssignmentKernel Entry005.unit_ball_clipped_assignment_error
PUBLIC_THEOREM Entry005.UnitBallAnchorChain Entry005.unit_ball_coordinate_integrable
PUBLIC_THEOREM Entry005.UnitBallAnchorChain Entry005.unit_ball_coordinate_product_integrable
PUBLIC_THEOREM Entry005.BallVolume Entry005.unit_ball_cube
PUBLIC_THEOREM Entry005.ActualAssignmentAssembly Entry005.unit_ball_determinant_law_defect_nonneg
PUBLIC_THEOREM Entry005.FirstMomentAssignment Entry005.unit_ball_first_moment_assignment
PUBLIC_THEOREM Entry005.UnitBallAnchorChain Entry005.unit_ball_iid_determinant_bound
PUBLIC_THEOREM Entry005.CompactBallConeLaw Entry005.unit_ball_measure_exists_subsequence
PUBLIC_THEOREM Entry005.UnitBallDeterminant Entry005.unit_ball_replacement_determinant
PUBLIC_THEOREM Entry005.ActualAssignmentAssembly Entry005.unit_ball_round_actual_assignment
PUBLIC_THEOREM Entry005.FiniteBodyWeightedAssignment Entry005.unit_ball_round_affine_first_moment_pos
PUBLIC_THEOREM Entry005.UnitBallAnchorChain Entry005.unit_ball_round_witness_anchor
PUBLIC_THEOREM Entry005.FirstMomentAssignment Entry005.unit_ball_spanning_first_moment_assignment
PUBLIC_THEOREM Entry005.StrongBallVolume Entry005.unit_ball_sqrt_cube
PUBLIC_THEOREM Entry005.UnitBallAnchorChain Entry005.unit_ball_support_bound
PUBLIC_THEOREM Entry005.IidWeightedAnchorSelection Entry005.unit_ball_volume_weighted_paper_witness_anchor
PUBLIC_THEOREM Entry005.FiniteHalfspaceConeLaw Entry005.unit_hyperplane_ball_volume
PUBLIC_THEOREM Entry005.FacetRadialMass Entry005.unit_normal_coordinates_affine
PUBLIC_THEOREM Entry005.ZonotopeVolume Entry005.unit_normal_coordinates_extrusion
PUBLIC_THEOREM Entry005.ZonotopeVolume Entry005.unit_normal_coordinates_fst
PUBLIC_THEOREM Entry005.ZonotopeVolume Entry005.unit_normal_coordinates_measurePreserving
PUBLIC_THEOREM Entry005.FacetRadialMass Entry005.unit_normal_coordinates_orthogonal
PUBLIC_THEOREM Entry005.ZonotopeVolume Entry005.unit_normal_coordinates_self
PUBLIC_THEOREM Entry005.ZonotopeVolume Entry005.unit_normal_coordinates_volume
PUBLIC_THEOREM Entry005.FacetRadialMass Entry005.unit_normal_hyperplane_finrank_add_one
PUBLIC_THEOREM Entry005.FiniteHalfspaceFacets Entry005.unit_normal_projection_decomposition
PUBLIC_THEOREM Entry005.ProjectionVolumeSqueeze Entry005.unit_projection_ball_volume_pos
PUBLIC_THEOREM Entry005.FiniteHalfspaceFacets Entry005.upper_facets_same_fiber_eq
PUBLIC_THEOREM Entry005.FiniteHalfspaceFacets Entry005.upper_projected_facets_inter_volume_zero
PUBLIC_THEOREM Entry005.MaximumOuterBall Entry005.vertex_replacement_volume
PUBLIC_THEOREM Entry005.ConeLawGeometry Entry005.vertical_extrusion_closed_band
PUBLIC_THEOREM Entry005.ConeLawGeometry Entry005.vertical_extrusion_volume
PUBLIC_THEOREM Entry005.ZonotopeDeterminant Entry005.volumeForm_height_orthogonal
PUBLIC_THEOREM Entry005.AffineNormalization Entry005.volume_affine_image
PUBLIC_THEOREM Entry005.AffinePyramid Entry005.volume_affine_image_general
PUBLIC_THEOREM Entry005.AffinePyramid Entry005.volume_pyramidSet_affine_image
PUBLIC_THEOREM Entry005.WeightedAnchorSelection Entry005.volume_weighted_density_mul_ratio
PUBLIC_THEOREM Entry005.WeightedAnchorSelection Entry005.volume_weighted_law_ae_good
PUBLIC_THEOREM Entry005.WeightedAnchorSelection Entry005.volume_weighted_law_probability
PUBLIC_THEOREM Entry005.WeightedAnchorSelection Entry005.volume_weighted_ratio_integrable
PUBLIC_THEOREM Entry005.WeightedAnchorSelection Entry005.volume_weighted_ratio_integral_eq
PUBLIC_THEOREM Entry005.WeightedAnchorSelection Entry005.volume_weighted_ratio_integral_le
PUBLIC_THEOREM Entry005.WeightedAnchorSelection Entry005.volume_weighted_selection
PUBLIC_THEOREM Entry005.DeterminantWitness Entry005.witnessCofactor.eq_1
PUBLIC_THEOREM Entry005.DeterminantWitness Entry005.witnessMatrix.eq_1
PUBLIC_THEOREM Entry005.ZonotopeFormula Entry005.zonotopeCoefficient.eq_1
PUBLIC_THEOREM Entry005.ZonotopeFormula Entry005.zonotopeDeterminantSum.eq_1
PUBLIC_THEOREM Entry005.ZonotopeInjectionCombinatorics Entry005.zonotopeZeroFirstEmbedding.eq_1
PUBLIC_THEOREM Entry005.ZonotopeInjectionCombinatorics Entry005.zonotope_alternating_abs_swap
PUBLIC_THEOREM Entry005.ZonotopeDeterminant Entry005.zonotope_alternating_projection_congr
PUBLIC_THEOREM Entry005.ZonotopeFormula Entry005.zonotope_coefficient_mul_succ
PUBLIC_THEOREM Entry005.ZonotopeFormula Entry005.zonotope_determinant_sum_height
PUBLIC_THEOREM Entry005.ZonotopeInjectionCombinatorics Entry005.zonotope_embedding_sum_partition_zero
PUBLIC_THEOREM Entry005.ZonotopeDeterminant Entry005.zonotope_orthogonal_finrank
PUBLIC_THEOREM Entry005.ZonotopeDeterminant Entry005.zonotope_orthogonal_projection_formula
PUBLIC_THEOREM Entry005.AffineNormalization LinearEquiv.smulOfNeZero.congr_simp
PUBLIC_THEOREM Entry005.UnitBallDeterminant Matrix.updateCol.eq_1
PUBLIC_THEOREM Entry005.PyramidIidMomentReuse MeasurableEquiv.piFinSuccAbove.eq_1
PUBLIC_THEOREM Entry005.PyramidIidMomentReuse MeasurableEquiv.prodComm.eq_1
PUBLIC_THEOREM Mxym.StochasticRigidity Mxym.StochasticRigidity.abs_det_le_column_l1_product
PUBLIC_THEOREM Mxym.StochasticRigidity Mxym.StochasticRigidity.abs_det_le_column_max
PUBLIC_THEOREM Mxym.StochasticRigidity Mxym.StochasticRigidity.abs_det_le_of_shared_row
PUBLIC_THEOREM Mxym.StochasticRigidity Mxym.StochasticRigidity.column_l1_distance
PUBLIC_THEOREM Mxym.StochasticRigidity Mxym.StochasticRigidity.exact_permutation
PUBLIC_THEOREM Mxym.StochasticRigidity Mxym.StochasticRigidity.near_permutation
PUBLIC_THEOREM Mxym.StochasticRigidity Mxym.StochasticRigidity.near_permutation_sharp
PUBLIC_THEOREM OAI.Geometry.ProjectionVolume.Brightness OAI.Paper092.brightness.eq_1
PUBLIC_THEOREM OAI.Geometry.ProjectionVolume.Brightness OAI.Paper092.brightness_body_smul
PUBLIC_THEOREM OAI.Geometry.ProjectionVolume.Brightness OAI.Paper092.brightness_mono
PUBLIC_THEOREM OAI.Geometry.ProjectionVolume.Brightness OAI.Paper092.brightness_neg
PUBLIC_THEOREM OAI.Geometry.ProjectionVolume.Brightness OAI.Paper092.brightness_nonneg
PUBLIC_THEOREM OAI.Geometry.ProjectionVolume.Brightness OAI.Paper092.brightness_smul
PUBLIC_THEOREM OAI.Geometry.ProjectionVolume.Brightness OAI.Paper092.neg_mem_projectionBody_iff
PUBLIC_THEOREM OAI.Geometry.ProjectionVolume.Basic OAI.Paper092.normalHyperplane_finrank
PUBLIC_THEOREM OAI.Geometry.ProjectionVolume.Brightness OAI.Paper092.normalHyperplane_smul
PUBLIC_THEOREM OAI.Geometry.ProjectionVolume.Basic OAI.Paper092.normalHyperplane_volume_is_canonical
PUBLIC_THEOREM OAI.Geometry.ProjectionVolume.Brightness OAI.Paper092.projectionBody.eq_1
PUBLIC_THEOREM OAI.Geometry.ProjectionVolume.Brightness OAI.Paper092.projectionBody_body_smul
PUBLIC_THEOREM OAI.Geometry.ProjectionVolume.Brightness OAI.Paper092.projectionBody_convex
PUBLIC_THEOREM OAI.Geometry.ProjectionVolume.Brightness OAI.Paper092.projectionBody_isClosed
PUBLIC_THEOREM OAI.Geometry.ProjectionVolume.Brightness OAI.Paper092.projectionBody_isCompact
PUBLIC_THEOREM OAI.Geometry.ProjectionVolume.Brightness OAI.Paper092.projectionBody_mono
PUBLIC_THEOREM OAI.Geometry.ProjectionVolume.Brightness OAI.Paper092.projectionBody_neg_eq
PUBLIC_THEOREM OAI.Geometry.ProjectionVolume.Brightness OAI.Paper092.projectionBody_norm_le
PUBLIC_THEOREM OAI.Geometry.ProjectionVolume.Brightness OAI.Paper092.projectionVolume_body_smul
PUBLIC_THEOREM OAI.Geometry.ProjectionVolume.Brightness OAI.Paper092.projectionVolume_lt_top
PUBLIC_THEOREM OAI.Geometry.ProjectionVolume.Brightness OAI.Paper092.projectionVolume_mono
PUBLIC_THEOREM OAI.Geometry.ProjectionVolume.Brightness OAI.Paper092.projectionVolume_smul
PUBLIC_THEOREM OAI.Geometry.ProjectionVolume.Brightness OAI.Paper092.zero_mem_projectionBody
