OWNED_DECL Entry005.TruncationFacetIndex
OWNED_AXIOMS Entry005.TruncationFacetIndex: []
OWNED_DECL Entry005.finiteHalfspaceFacet.eq_1
OWNED_AXIOMS Entry005.finiteHalfspaceFacet.eq_1: [propext, Classical.choice, Quot.sound]
OWNED_DECL Entry005.truncationAmbientSimplex
OWNED_AXIOMS Entry005.truncationAmbientSimplex: [propext, Classical.choice, Quot.sound]
OWNED_DECL Entry005.truncationDiagonal
OWNED_AXIOMS Entry005.truncationDiagonal: [propext, Classical.choice, Quot.sound]
OWNED_DECL Entry005.truncationDiagonal._proof_1
OWNED_AXIOMS Entry005.truncationDiagonal._proof_1: [propext]
OWNED_DECL Entry005.truncationDiagonal.eq_1
OWNED_AXIOMS Entry005.truncationDiagonal.eq_1: [propext, Classical.choice, Quot.sound]
OWNED_DECL Entry005.truncationFacetHeight
OWNED_AXIOMS Entry005.truncationFacetHeight: [propext, Classical.choice, Quot.sound]
OWNED_DECL Entry005.truncationFacetHeight.eq_1
OWNED_AXIOMS Entry005.truncationFacetHeight.eq_1: [propext, Classical.choice, Quot.sound]
OWNED_DECL Entry005.truncationFacetHeight.eq_2
OWNED_AXIOMS Entry005.truncationFacetHeight.eq_2: [propext, Classical.choice, Quot.sound]
OWNED_DECL Entry005.truncationFacetHeight.eq_3
OWNED_AXIOMS Entry005.truncationFacetHeight.eq_3: [propext, Classical.choice, Quot.sound]
OWNED_DECL Entry005.truncationFacetNormal
OWNED_AXIOMS Entry005.truncationFacetNormal: [propext, Classical.choice, Quot.sound]
OWNED_DECL Entry005.truncationFacetNormal.eq_1
OWNED_AXIOMS Entry005.truncationFacetNormal.eq_1: [propext, Classical.choice, Quot.sound]
OWNED_DECL Entry005.truncationFacetNormal.eq_2
OWNED_AXIOMS Entry005.truncationFacetNormal.eq_2: [propext, Classical.choice, Quot.sound]
OWNED_DECL Entry005.truncationFacetNormal.eq_3
OWNED_AXIOMS Entry005.truncationFacetNormal.eq_3: [propext, Classical.choice, Quot.sound]
OWNED_DECL Entry005.truncationFacetNormal.match_1
OWNED_AXIOMS Entry005.truncationFacetNormal.match_1: []
OWNED_DECL Entry005.truncationUnitDiagonal
OWNED_AXIOMS Entry005.truncationUnitDiagonal: [propext, Classical.choice, Quot.sound]
OWNED_DECL Entry005.truncationUnitDiagonal.eq_1
OWNED_AXIOMS Entry005.truncationUnitDiagonal.eq_1: [propext, Classical.choice, Quot.sound]
OWNED_DECL Entry005.truncation_actual_volume
OWNED_AXIOMS Entry005.truncation_actual_volume: [propext, Classical.choice, Quot.sound]
OWNED_DECL Entry005.truncation_ambient_simplex_measurable
OWNED_AXIOMS Entry005.truncation_ambient_simplex_measurable: [propext, Classical.choice, Quot.sound]
OWNED_DECL Entry005.truncation_ambient_simplex_real_volume
OWNED_AXIOMS Entry005.truncation_ambient_simplex_real_volume: [propext, Classical.choice, Quot.sound]
OWNED_DECL Entry005.truncation_ambient_simplex_volume
OWNED_AXIOMS Entry005.truncation_ambient_simplex_volume: [propext, Classical.choice, Quot.sound]
OWNED_DECL Entry005.truncation_bottom_facet
OWNED_AXIOMS Entry005.truncation_bottom_facet: [propext, Classical.choice, Quot.sound]
OWNED_DECL Entry005.truncation_bottom_facet._simp_1_2
OWNED_AXIOMS Entry005.truncation_bottom_facet._simp_1_2: [propext]
OWNED_DECL Entry005.truncation_bottom_facet_area
OWNED_AXIOMS Entry005.truncation_bottom_facet_area: [propext, Classical.choice, Quot.sound]
OWNED_DECL Entry005.truncation_bottom_facet_homothety
OWNED_AXIOMS Entry005.truncation_bottom_facet_homothety: [propext, Classical.choice, Quot.sound]
OWNED_DECL Entry005.truncation_diagonal_inner
OWNED_AXIOMS Entry005.truncation_diagonal_inner: [propext, Classical.choice, Quot.sound]
OWNED_DECL Entry005.truncation_facet_area_projection
OWNED_AXIOMS Entry005.truncation_facet_area_projection: [propext, Classical.choice, Quot.sound]
OWNED_DECL Entry005.truncation_facet_norm
OWNED_AXIOMS Entry005.truncation_facet_norm: [propext, Classical.choice, Quot.sound]
OWNED_DECL Entry005.truncation_halfspace_representation
OWNED_AXIOMS Entry005.truncation_halfspace_representation: [propext, Classical.choice, Quot.sound]
OWNED_DECL Entry005.truncation_removed_overlap_volume_zero
OWNED_AXIOMS Entry005.truncation_removed_overlap_volume_zero: [propext, Classical.choice, Quot.sound]
OWNED_DECL Entry005.truncation_sum_level_volume_zero
OWNED_AXIOMS Entry005.truncation_sum_level_volume_zero: [propext, Classical.choice, Quot.sound]
OWNED_DECL Entry005.truncation_top_facet
OWNED_AXIOMS Entry005.truncation_top_facet: [propext, Classical.choice, Quot.sound]
OWNED_DECL Entry005.truncation_top_facet._simp_1_2
OWNED_AXIOMS Entry005.truncation_top_facet._simp_1_2: [propext]
OWNED_DECL Entry005.truncation_top_facet_area
OWNED_AXIOMS Entry005.truncation_top_facet_area: [propext, Classical.choice, Quot.sound]
OWNED_DECL Entry005.truncation_top_facet_cone
OWNED_AXIOMS Entry005.truncation_top_facet_cone: [propext, Classical.choice, Quot.sound]
OWNED_DECL Entry005.truncation_top_facet_cone._simp_1_1
OWNED_AXIOMS Entry005.truncation_top_facet_cone._simp_1_1: [propext, Quot.sound]
OWNED_DECL Entry005.truncation_union_removed_simplex
OWNED_AXIOMS Entry005.truncation_union_removed_simplex: [propext, Classical.choice, Quot.sound]
OWNED_DECL Entry005.truncation_unit_diagonal_inner
OWNED_AXIOMS Entry005.truncation_unit_diagonal_inner: [propext, Classical.choice, Quot.sound]
OWNED_DECL Entry005.truncation_unit_diagonal_norm
OWNED_AXIOMS Entry005.truncation_unit_diagonal_norm: [propext, Classical.choice, Quot.sound]
OWNED_DECL MeasurableEquiv.piFinSuccAbove.eq_1
OWNED_AXIOMS MeasurableEquiv.piFinSuccAbove.eq_1: [propext, Classical.choice, Quot.sound]
OWNED_DECL OAI.ProjectionCounterexample.coordinateSimplex
OWNED_AXIOMS OAI.ProjectionCounterexample.coordinateSimplex: [propext, Classical.choice, Quot.sound]
OWNED_DECL OAI.ProjectionCounterexample.coordinateSimplex.eq_1
OWNED_AXIOMS OAI.ProjectionCounterexample.coordinateSimplex.eq_1: [propext, Classical.choice, Quot.sound]
OWNED_DECL OAI.ProjectionCounterexample.coordinateSimplex_eq_empty_of_neg
OWNED_AXIOMS OAI.ProjectionCounterexample.coordinateSimplex_eq_empty_of_neg: [propext, Classical.choice, Quot.sound]
OWNED_DECL OAI.ProjectionCounterexample.coordinateSimplex_measurableSet
OWNED_AXIOMS OAI.ProjectionCounterexample.coordinateSimplex_measurableSet: [propext, Classical.choice, Quot.sound]
OWNED_DECL OAI.ProjectionCounterexample.integral_simplex_slice
OWNED_AXIOMS OAI.ProjectionCounterexample.integral_simplex_slice: [propext, Classical.choice, Quot.sound]
OWNED_DECL OAI.ProjectionCounterexample.realVolume_unit_euclideanSimplex
OWNED_AXIOMS OAI.ProjectionCounterexample.realVolume_unit_euclideanSimplex: [propext, Classical.choice, Quot.sound]
OWNED_DECL OAI.ProjectionCounterexample.volume_coordinateSimplex
OWNED_AXIOMS OAI.ProjectionCounterexample.volume_coordinateSimplex: [propext, Classical.choice, Quot.sound]
OWNED_DECL OAI.ProjectionCounterexample.volume_coordinateSimplex._simp_1_3
OWNED_AXIOMS OAI.ProjectionCounterexample.volume_coordinateSimplex._simp_1_3: [propext]
OWNED_DECL OAI.ProjectionCounterexample.volume_coordinateSimplex._simp_1_4
OWNED_AXIOMS OAI.ProjectionCounterexample.volume_coordinateSimplex._simp_1_4: [propext]
OWNED_DECL OAI.ProjectionCounterexample.volume_coordinateSimplex._simp_1_5
OWNED_AXIOMS OAI.ProjectionCounterexample.volume_coordinateSimplex._simp_1_5: [propext]
OWNED_DECL OAI.ProjectionCounterexample.volume_linearImage_unit_coordinateSimplex
OWNED_AXIOMS OAI.ProjectionCounterexample.volume_linearImage_unit_coordinateSimplex: [propext,
 Classical.choice,
 Quot.sound]
OWNED_DECL OAI.ProjectionCounterexample.volume_unit_coordinateSimplex
OWNED_AXIOMS OAI.ProjectionCounterexample.volume_unit_coordinateSimplex: [propext, Classical.choice, Quot.sound]
OWNED_DECL OAI.ProjectionCounterexample.volume_unit_euclideanSimplex
OWNED_AXIOMS OAI.ProjectionCounterexample.volume_unit_euclideanSimplex: [propext, Classical.choice, Quot.sound]
OWNED_DECL _private.Entry005.TruncationFacetGeometry.0.Entry005.truncationFacetNormal.match_1.eq_1
OWNED_AXIOMS _private.Entry005.TruncationFacetGeometry.0.Entry005.truncationFacetNormal.match_1.eq_1: []
OWNED_DECL _private.Entry005.TruncationFacetGeometry.0.Entry005.truncationFacetNormal.match_1.eq_2
OWNED_AXIOMS _private.Entry005.TruncationFacetGeometry.0.Entry005.truncationFacetNormal.match_1.eq_2: []
OWNED_DECL _private.Entry005.TruncationFacetGeometry.0.Entry005.truncationFacetNormal.match_1.eq_3
OWNED_AXIOMS _private.Entry005.TruncationFacetGeometry.0.Entry005.truncationFacetNormal.match_1.eq_3: []
OWNED_DECL _private.Entry005.TruncationFacetGeometry.0.Entry005.truncationFacetNormal.match_1.splitter
OWNED_AXIOMS _private.Entry005.TruncationFacetGeometry.0.Entry005.truncationFacetNormal.match_1.splitter: []
