OAI.ProjectionCounterexample.coordinateSimplex_measurableSet (n : ℕ) (r : ℝ) :
  MeasurableSet (OAI.ProjectionCounterexample.coordinateSimplex n r)
'OAI.ProjectionCounterexample.coordinateSimplex_measurableSet' depends on axioms: [propext,
 Classical.choice,
 Quot.sound]
OAI.ProjectionCounterexample.coordinateSimplex_eq_empty_of_neg (n : ℕ) {r : ℝ} (hr : r < 0) :
  OAI.ProjectionCounterexample.coordinateSimplex n r = ∅
'OAI.ProjectionCounterexample.coordinateSimplex_eq_empty_of_neg' depends on axioms: [propext,
 Classical.choice,
 Quot.sound]
OAI.ProjectionCounterexample.integral_simplex_slice (n : ℕ) {r : ℝ} (hr : 0 ≤ r) :
  ∫⁻ (t : ℝ) in Set.Icc 0 r, ENNReal.ofReal ((r - t) ^ n / ↑n.factorial) =
    ENNReal.ofReal (r ^ (n + 1) / ↑(n + 1).factorial)
'OAI.ProjectionCounterexample.integral_simplex_slice' depends on axioms: [propext, Classical.choice, Quot.sound]
OAI.ProjectionCounterexample.volume_coordinateSimplex (n : ℕ) (r : ℝ) (hr : 0 ≤ r) :
  MeasureTheory.volume (OAI.ProjectionCounterexample.coordinateSimplex n r) = ENNReal.ofReal (r ^ n / ↑n.factorial)
'OAI.ProjectionCounterexample.volume_coordinateSimplex' depends on axioms: [propext, Classical.choice, Quot.sound]
OAI.ProjectionCounterexample.volume_unit_coordinateSimplex (n : ℕ) :
  MeasureTheory.volume (OAI.ProjectionCounterexample.coordinateSimplex n 1) = ENNReal.ofReal (1 / ↑n.factorial)
'OAI.ProjectionCounterexample.volume_unit_coordinateSimplex' depends on axioms: [propext, Classical.choice, Quot.sound]
OAI.ProjectionCounterexample.volume_linearImage_unit_coordinateSimplex (n : ℕ) (f : (Fin n → ℝ) →ₗ[ℝ] Fin n → ℝ) :
  MeasureTheory.volume (⇑f '' OAI.ProjectionCounterexample.coordinateSimplex n 1) =
    ENNReal.ofReal (|LinearMap.det f| / ↑n.factorial)
'OAI.ProjectionCounterexample.volume_linearImage_unit_coordinateSimplex' depends on axioms: [propext,
 Classical.choice,
 Quot.sound]
OAI.ProjectionCounterexample.volume_unit_euclideanSimplex (n : ℕ) :
  MeasureTheory.volume {x | (∀ (i : Fin n), 0 ≤ x.ofLp i) ∧ ∑ i, x.ofLp i ≤ 1} = ENNReal.ofReal (1 / ↑n.factorial)
'OAI.ProjectionCounterexample.volume_unit_euclideanSimplex' depends on axioms: [propext, Classical.choice, Quot.sound]
OAI.ProjectionCounterexample.realVolume_unit_euclideanSimplex (n : ℕ) :
  (MeasureTheory.volume {x | (∀ (i : Fin n), 0 ≤ x.ofLp i) ∧ ∑ i, x.ofLp i ≤ 1}).toReal = 1 / ↑n.factorial
'OAI.ProjectionCounterexample.realVolume_unit_euclideanSimplex' depends on axioms: [propext,
 Classical.choice,
 Quot.sound]
Entry005.truncation_ambient_simplex_measurable (d : ℕ) (r : ℝ) : MeasurableSet (Entry005.truncationAmbientSimplex d r)
'Entry005.truncation_ambient_simplex_measurable' depends on axioms: [propext, Classical.choice, Quot.sound]
Entry005.truncation_ambient_simplex_volume (d : ℕ) (r : ℝ) (hr : 0 ≤ r) :
  MeasureTheory.volume (Entry005.truncationAmbientSimplex d r) = ENNReal.ofReal (r ^ d / ↑d.factorial)
'Entry005.truncation_ambient_simplex_volume' depends on axioms: [propext, Classical.choice, Quot.sound]
Entry005.truncation_ambient_simplex_real_volume (d : ℕ) (r : ℝ) (hr : 0 ≤ r) :
  (MeasureTheory.volume (Entry005.truncationAmbientSimplex d r)).toReal = r ^ d / ↑d.factorial
'Entry005.truncation_ambient_simplex_real_volume' depends on axioms: [propext, Classical.choice, Quot.sound]
Entry005.truncation_sum_level_volume_zero {d : ℕ} (hd : 0 < d) (r : ℝ) :
  MeasureTheory.volume {x | ∑ i, x.ofLp i = r} = 0
'Entry005.truncation_sum_level_volume_zero' depends on axioms: [propext, Classical.choice, Quot.sound]
Entry005.truncation_union_removed_simplex {d : ℕ} {t : ℝ} (ht : t ≤ 1) :
  Entry005.truncationSet d t ∪ Entry005.truncationAmbientSimplex d t = Entry005.truncationAmbientSimplex d 1
'Entry005.truncation_union_removed_simplex' depends on axioms: [propext, Classical.choice, Quot.sound]
Entry005.truncation_removed_overlap_volume_zero {d : ℕ} (hd : 0 < d) (t : ℝ) :
  MeasureTheory.volume (Entry005.truncationSet d t ∩ Entry005.truncationAmbientSimplex d t) = 0
'Entry005.truncation_removed_overlap_volume_zero' depends on axioms: [propext, Classical.choice, Quot.sound]
Entry005.truncation_actual_volume {d : ℕ} (hd : 0 < d) (t : ℝ) (ht0 : 0 ≤ t) (ht1 : t ≤ 1) :
  (MeasureTheory.volume (Entry005.truncationSet d t)).toReal = (1 - t ^ d) / ↑d.factorial
'Entry005.truncation_actual_volume' depends on axioms: [propext, Classical.choice, Quot.sound]
Entry005.truncation_diagonal_inner (d : ℕ) (x : Entry005.Space d) :
  inner ℝ (Entry005.truncationDiagonal d) x = ∑ i, x.ofLp i
'Entry005.truncation_diagonal_inner' depends on axioms: [propext, Classical.choice, Quot.sound]
Entry005.truncation_unit_diagonal_inner (d : ℕ) (x : Entry005.Space d) :
  inner ℝ (Entry005.truncationUnitDiagonal d) x = (√↑d)⁻¹ * ∑ i, x.ofLp i
'Entry005.truncation_unit_diagonal_inner' depends on axioms: [propext, Classical.choice, Quot.sound]
Entry005.truncation_unit_diagonal_norm {d : ℕ} (hd : 0 < d) : ‖Entry005.truncationUnitDiagonal d‖ = 1
'Entry005.truncation_unit_diagonal_norm' depends on axioms: [propext, Classical.choice, Quot.sound]
Entry005.truncation_facet_norm {d : ℕ} (hd : 0 < d) (i : Entry005.TruncationFacetIndex d) :
  ‖Entry005.truncationFacetNormal d i‖ = 1
'Entry005.truncation_facet_norm' depends on axioms: [propext, Classical.choice, Quot.sound]
Entry005.truncation_halfspace_representation {d : ℕ} (hd : 0 < d) (t : ℝ) :
  Entry005.finiteHalfspaceSet (Entry005.truncationFacetNormal d) (Entry005.truncationFacetHeight d t) =
    Entry005.truncationSet d t
'Entry005.truncation_halfspace_representation' depends on axioms: [propext, Classical.choice, Quot.sound]
Entry005.truncation_top_facet {d : ℕ} (hd : 0 < d) (t : ℝ) (ht1 : t ≤ 1) :
  Entry005.finiteHalfspaceFacet (Entry005.truncationFacetNormal d) (Entry005.truncationFacetHeight d t)
      (Sum.inr false) =
    {x | (∀ (i : Fin d), 0 ≤ x.ofLp i) ∧ ∑ i, x.ofLp i = 1}
'Entry005.truncation_top_facet' depends on axioms: [propext, Classical.choice, Quot.sound]
Entry005.truncation_bottom_facet {d : ℕ} (hd : 0 < d) (t : ℝ) (ht1 : t ≤ 1) :
  Entry005.finiteHalfspaceFacet (Entry005.truncationFacetNormal d) (Entry005.truncationFacetHeight d t) (Sum.inr true) =
    {x | (∀ (i : Fin d), 0 ≤ x.ofLp i) ∧ ∑ i, x.ofLp i = t}
'Entry005.truncation_bottom_facet' depends on axioms: [propext, Classical.choice, Quot.sound]
Entry005.truncation_top_facet_cone {d : ℕ} (hd : 0 < d) (t : ℝ) (ht1 : t ≤ 1) :
  Entry005.finiteHalfspaceFacetCone (Entry005.truncationFacetNormal d) (Entry005.truncationFacetHeight d t)
      (Sum.inr false) =
    Entry005.truncationAmbientSimplex d 1
'Entry005.truncation_top_facet_cone' depends on axioms: [propext, Classical.choice, Quot.sound]
Entry005.truncation_top_facet_area {d : ℕ} (hd : 0 < d) (t : ℝ) (ht0 : 0 < t) (ht1 : t < 1) :
  Entry005.finiteHalfspaceFacetArea (Entry005.truncationFacetNormal d) (Entry005.truncationFacetHeight d t)
      (Sum.inr false) =
    √↑d / ↑(d - 1).factorial
'Entry005.truncation_top_facet_area' depends on axioms: [propext, Classical.choice, Quot.sound]
Entry005.truncation_bottom_facet_homothety {d : ℕ} (hd : 0 < d) (t : ℝ) (ht0 : 0 < t) (ht1 : t ≤ 1) :
  Entry005.finiteHalfspaceFacet (Entry005.truncationFacetNormal d) (Entry005.truncationFacetHeight d t) (Sum.inr true) =
    t •
      Entry005.finiteHalfspaceFacet (Entry005.truncationFacetNormal d) (Entry005.truncationFacetHeight d t)
        (Sum.inr false)
'Entry005.truncation_bottom_facet_homothety' depends on axioms: [propext, Classical.choice, Quot.sound]
Entry005.truncation_facet_area_projection {d : ℕ} (hd : 0 < d) (t : ℝ) (i : Entry005.TruncationFacetIndex d) :
  Entry005.finiteHalfspaceFacetArea (Entry005.truncationFacetNormal d) (Entry005.truncationFacetHeight d t) i =
    Entry005.projectionVolumeSet
      (Entry005.finiteHalfspaceFacet (Entry005.truncationFacetNormal d) (Entry005.truncationFacetHeight d t) i)
      (Entry005.truncationFacetNormal d i)
'Entry005.truncation_facet_area_projection' depends on axioms: [propext, Classical.choice, Quot.sound]
Entry005.truncation_bottom_facet_area {d : ℕ} (hd : 0 < d) (t : ℝ) (ht0 : 0 < t) (ht1 : t < 1) :
  Entry005.finiteHalfspaceFacetArea (Entry005.truncationFacetNormal d) (Entry005.truncationFacetHeight d t)
      (Sum.inr true) =
    t ^ (d - 1) * (√↑d / ↑(d - 1).factorial)
'Entry005.truncation_bottom_facet_area' depends on axioms: [propext, Classical.choice, Quot.sound]
