Lean (version 4.34.1, x86_64-unknown-linux-gnu, commit 5045d0056413266e57c625dcd7c365b10e377c52, Release)
KERNEL_COMPILE Entry005/TruncationFacetDeterminants.lean
'Entry005.truncation_row_determinant_horizontal' depends on axioms: [propext, Classical.choice, Quot.sound]
'Entry005.truncation_coordinate_embedding_abs_det' depends on axioms: [propext, Classical.choice, Quot.sound]
'Entry005.truncation_ones_embedding_abs_det' depends on axioms: [propext, Classical.choice, Quot.sound]
'Entry005.truncation_two_special_injection_sum' depends on axioms: [propext, Classical.choice, Quot.sound]
'Entry005.truncation_embedding_card_predecessor' depends on axioms: [propext, Classical.choice, Quot.sound]
'Entry005.truncation_scaled_coordinate_embedding_abs_det' depends on axioms: [propext, Classical.choice, Quot.sound]
'Entry005.truncation_scaled_ones_embedding_abs_det' depends on axioms: [propext, Classical.choice, Quot.sound]
'Entry005.truncation_parallel_horizontal_abs_det_zero' depends on axioms: [propext, Classical.choice, Quot.sound]
'Entry005.truncation_lifted_coordinate_embedding_abs_det' depends on axioms: [propext, Classical.choice, Quot.sound]
'Entry005.truncation_lifted_pair_embedding_abs_det' depends on axioms: [propext, Classical.choice, Quot.sound]
'Entry005.truncation_tuple_sum_eq_injection_sum' depends on axioms: [propext, Classical.choice, Quot.sound]
'Entry005.truncation_tuple_sum_smul' depends on axioms: [propext, Classical.choice, Quot.sound]
'Entry005.truncation_packed_horizontal_scalar' depends on axioms: [propext, Classical.choice, Quot.sound]
'Entry005.truncation_packed_lifted_scalar' depends on axioms: [propext, Classical.choice, Quot.sound]
'Entry005.truncation_packed_horizontal_tuple_sum' depends on axioms: [propext, Classical.choice, Quot.sound]
'Entry005.truncation_packed_lifted_tuple_sum' depends on axioms: [propext, Classical.choice, Quot.sound]
KERNEL_COMPILE Entry005/TruncationScalarCancellation.lean
'Entry005.truncation_scalar_cancellation' depends on axioms: [propext, Classical.choice, Quot.sound]
