Lean (version 4.34.1, x86_64-unknown-linux-gnu, commit 5045d0056413266e57c625dcd7c365b10e377c52, Release)
KERNEL_COMPILE Entry005.Constants
KERNEL_COMPILE Entry005.Cap
KERNEL_COMPILE Entry005.BallVolume
KERNEL_COMPILE Entry005.ProjectionCap
KERNEL_COMPILE Entry005.Targets
KERNEL_COMPILE Entry005.Handoff
KERNEL_COMPILE Entry005.SimplexVolumeInterface
KERNEL_COMPILE Mxym.StochasticRigidity
KERNEL_COMPILE Entry005.PrescribedSimplex
KERNEL_COMPILE Entry005.HausdorffRetention
KERNEL_COMPILE Entry005.AffineNormalization
KERNEL_COMPILE Entry005.AffinePyramid
KERNEL_COMPILE Entry005.MaximumOuterBall
KERNEL_COMPILE Entry005.CentroidMaximumBound
KERNEL_COMPILE Entry005.ProjectionBodyDirections
KERNEL_COMPILE Entry005.IntrinsicLinearImageReuse
KERNEL_COMPILE Entry005.ProjectionAffineTransport
KERNEL_COMPILE Entry005.ProjectionBodyCovariance
KERNEL_COMPILE Entry005.StrongBallVolume
KERNEL_COMPILE Entry005.StrongProjectionCap
KERNEL_COMPILE Entry005.RegularSimplex
KERNEL_COMPILE Entry005.SharpNormalizationRadius
KERNEL_COMPILE Entry005.GeometricEndpoint
KERNEL_COMPILE Entry005.StrongGeometricEndpoint
KERNEL_COMPILE Entry005.EntryAffineInvariance
KERNEL_COMPILE Entry005.ThresholdGate
KERNEL_COMPILE Entry005.IntegratedWitness
KERNEL_COMPILE Entry005.DeterminantWitness
KERNEL_COMPILE Entry005.FamilyWitness
KERNEL_COMPILE Entry005.AnchorSelection
KERNEL_COMPILE Entry005.WitnessAnchorChain
KERNEL_COMPILE Entry005.IidTransport
KERNEL_COMPILE Entry005.DeterminantMoment
KERNEL_COMPILE Entry005.LargestCoordinate
KERNEL_COMPILE Entry005.AssignmentKernel
KERNEL_COMPILE Entry005.AnchorCoordinates
KERNEL_COMPILE Entry005.UnitBallDeterminant
KERNEL_COMPILE Entry005.CovarianceConditioning
KERNEL_COMPILE Entry005.RoundAnchorChain
KERNEL_COMPILE Entry005.UnitBallAnchorChain
KERNEL_COMPILE Entry005.ConeLawFinite
KERNEL_COMPILE Entry005.ConeLawGeometry
KERNEL_COMPILE Entry005.ZonotopeVolume
Try this:
  [apply] abel_nf
KERNEL_COMPILE Entry005.ZonotopeDeterminant
KERNEL_COMPILE Entry005.HyperplaneProjectionJacobian
KERNEL_COMPILE Entry005.FiniteHalfspaceFacets
KERNEL_COMPILE Entry005.FiniteHalfspaceCauchy
KERNEL_COMPILE Entry005.RadialPowerIntegral
KERNEL_COMPILE Entry005.RadialConeVolume
KERNEL_COMPILE Entry005.PyramidVolume
KERNEL_COMPILE Entry005.PyramidHalfspaces
KERNEL_COMPILE Entry005.PyramidFacetAreas
KERNEL_COMPILE Entry005.PyramidSideFrame
KERNEL_COMPILE Entry005.PyramidSideArea
KERNEL_COMPILE Entry005.PyramidProjectionBody
KERNEL_COMPILE Entry005.ZonotopeInjectionCombinatorics
KERNEL_COMPILE Entry005.ZonotopeFormula
KERNEL_COMPILE Entry005.FiniteDeterminantTupleInjection
KERNEL_COMPILE Entry005.FiniteLawZonotopeMoment
KERNEL_COMPILE Entry005.FacetRadialMass
KERNEL_COMPILE Entry005.FiniteHalfspaceConeLaw
KERNEL_COMPILE Entry005.PyramidLiftCoordinates
KERNEL_COMPILE Entry005.PyramidZonotopeAlgebra
KERNEL_COMPILE Entry005.PyramidProjectionVolume
KERNEL_COMPILE Entry005.HalfspaceApproximation
KERNEL_COMPILE Entry005.ProjectionVolumeSqueeze
KERNEL_COMPILE Entry005.FiniteHalfspaceHorizontalMoment
KERNEL_COMPILE Entry005.PyramidLiftedMoment
KERNEL_COMPILE Entry005.PyramidEntryDefect
KERNEL_COMPILE Entry005.PyramidIidMomentReuse
KERNEL_COMPILE Entry005.PyramidMomentDefect
KERNEL_COMPILE Entry005.PyramidContinuity
KERNEL_COMPILE Entry005.HalfspaceApproximationSequence
KERNEL_COMPILE Entry005.CompactProbabilitySubsequence
KERNEL_COMPILE Entry005.CompactBallConeLaw
KERNEL_COMPILE Entry005.ClippedAssignmentKernel
KERNEL_COMPILE Entry005.PaperWitnessCombinatorics
KERNEL_COMPILE Entry005.PaperWitnessTransport
KERNEL_COMPILE Entry005.WeightedAnchorSelection
KERNEL_COMPILE Entry005.IidWeightedAnchorSelection
KERNEL_COMPILE Entry005.SelectedAnchorSimplex
KERNEL_COMPILE Entry005.IidAnchorAffineDeterminant
KERNEL_COMPILE Entry005.IidAnchorFirstMomentPositive
KERNEL_COMPILE Entry005.IidAnchorSpanningSupport
KERNEL_COMPILE Entry005.FirstMomentAssignment
KERNEL_COMPILE Entry005.ActualAssignmentAssembly
KERNEL_COMPILE Entry005.FiniteBodyWeightedAssignment
KERNEL_COMPILE Entry005.ActualBodyConeLaw
KERNEL_COMPILE Entry005.CompactIidMomentContinuity
KERNEL_COMPILE OAI.Geometry.ProjectionVolume.Model
KERNEL_COMPILE OAI.Geometry.ProjectionVolume.Basic
KERNEL_COMPILE OAI.Geometry.ProjectionVolume.Brightness
KERNEL_COMPILE Entry005.OfficialProjectionDefinitions
KERNEL_COMPILE Entry005.ActualBodyHorizontalMoment
KERNEL_COMPILE Entry005.ActualPyramidMoment
KERNEL_COMPILE Entry005.ActualPyramidDefect
KERNEL_COMPILE Entry005.ActualPyramidAssignment
KERNEL_COMPILE Entry005.ActualBodyPolarBoundary
KERNEL_COMPILE Entry005.ActualBodyJointConeInterface
KERNEL_COMPILE Entry005.ActualPyramidJointCone
KERNEL_COMPILE Entry005
KERNEL_COMPILE Entry005.PyramidFormalization
KERNEL_COMPILE Entry005.TruncationFacetFormula
KERNEL_COMPILE Entry005.TruncationDefinitions
KERNEL_COMPILE Entry005.TruncationSimplexVolume
KERNEL_COMPILE Entry005.TruncationVolume
KERNEL_COMPILE Entry005.TruncationGeometry
KERNEL_COMPILE Entry005.TruncationFacetGeometry
KERNEL_COMPILE Entry005.TruncationFacetTranslation
KERNEL_COMPILE Entry005.TruncationCenteredHalfspaces
KERNEL_COMPILE Entry005.TruncationCoordinateFacets
'Entry005.truncationCoordinateIsometry' depends on axioms: [propext, Classical.choice, Quot.sound]
'Entry005.truncationCoordinateIsometry_val' depends on axioms: [propext, Classical.choice, Quot.sound]
'Entry005.truncation_coordinate_isometry_sum' depends on axioms: [propext, Classical.choice, Quot.sound]
'Entry005.truncation_coordinate_isometry_mem' depends on axioms: [propext, Classical.choice, Quot.sound]
'Entry005.truncation_coordinate_facet_chart' depends on axioms: [propext, Classical.choice, Quot.sound]
'Entry005.truncation_coordinate_facet_area_succ' depends on axioms: [propext, Classical.choice, Quot.sound]
'Entry005.truncation_coordinate_facet_area' depends on axioms: [propext, Classical.choice, Quot.sound]
KERNEL_COMPILE Entry005.TruncationFacetVectors
'Entry005.truncation_facet_scale_sqrt_cancel' depends on axioms: [propext, Classical.choice, Quot.sound]
'Entry005.truncation_coordinate_area_vector' depends on axioms: [propext, Classical.choice, Quot.sound]
'Entry005.truncation_coordinate_area_support' depends on axioms: [propext, Classical.choice, Quot.sound]
'Entry005.truncation_top_area_vector' depends on axioms: [propext, Classical.choice, Quot.sound]
'Entry005.truncation_top_area_support' depends on axioms: [propext, Classical.choice, Quot.sound]
'Entry005.truncation_bottom_area_vector' depends on axioms: [propext, Classical.choice, Quot.sound]
'Entry005.truncation_bottom_area_support' depends on axioms: [propext, Classical.choice, Quot.sound]
'Entry005.truncation_actual_facet_vector' depends on axioms: [propext, Classical.choice, Quot.sound]
'Entry005.truncation_actual_facet_support' depends on axioms: [propext, Classical.choice, Quot.sound]
'Entry005.truncation_actual_horizontal_row' depends on axioms: [propext, Classical.choice, Quot.sound]
'Entry005.truncation_actual_lifted_row' depends on axioms: [propext, Classical.choice, Quot.sound]
KERNEL_COMPILE Entry005.TruncationRationalDefect
'Entry005.truncation_rational_defect_factor' depends on axioms: [propext, Classical.choice, Quot.sound]
'Entry005.truncation_rational_coefficient_pos' depends on axioms: [propext, Classical.choice, Quot.sound]
'Entry005.truncation_rational_defect_pos' depends on axioms: [propext, Classical.choice, Quot.sound]
'Entry005.truncation_rational_coefficient_tendsto' depends on axioms: [propext, Classical.choice, Quot.sound]
'Entry005.truncation_rational_defect_tendsto_zero' depends on axioms: [propext, Classical.choice, Quot.sound]
'Entry005.truncation_rational_quotient_tendsto' depends on axioms: [propext, Classical.choice, Quot.sound]
'Entry005.truncation_asymptotic_coefficient_pos' depends on axioms: [propext, Classical.choice, Quot.sound]
KERNEL_COMPILE Entry005.TruncationFacetDeterminants
'Entry005.truncation_row_determinant_horizontal' depends on axioms: [propext, Classical.choice, Quot.sound]
'Entry005.truncation_coordinate_embedding_abs_det' depends on axioms: [propext, Classical.choice, Quot.sound]
'Entry005.truncation_ones_embedding_abs_det' depends on axioms: [propext, Classical.choice, Quot.sound]
'Entry005.truncation_two_special_injection_sum' depends on axioms: [propext, Classical.choice, Quot.sound]
'Entry005.truncation_embedding_card_predecessor' depends on axioms: [propext, Classical.choice, Quot.sound]
'Entry005.truncation_scaled_coordinate_embedding_abs_det' depends on axioms: [propext, Classical.choice, Quot.sound]
'Entry005.truncation_scaled_ones_embedding_abs_det' depends on axioms: [propext, Classical.choice, Quot.sound]
'Entry005.truncation_parallel_horizontal_abs_det_zero' depends on axioms: [propext, Classical.choice, Quot.sound]
'Entry005.truncation_lifted_coordinate_embedding_abs_det' depends on axioms: [propext, Classical.choice, Quot.sound]
'Entry005.truncation_lifted_pair_embedding_abs_det' depends on axioms: [propext, Classical.choice, Quot.sound]
'Entry005.truncation_tuple_sum_eq_injection_sum' depends on axioms: [propext, Classical.choice, Quot.sound]
'Entry005.truncation_tuple_sum_smul' depends on axioms: [propext, Classical.choice, Quot.sound]
'Entry005.truncation_packed_horizontal_scalar' depends on axioms: [propext, Classical.choice, Quot.sound]
'Entry005.truncation_packed_lifted_scalar' depends on axioms: [propext, Classical.choice, Quot.sound]
'Entry005.truncation_packed_horizontal_tuple_sum' depends on axioms: [propext, Classical.choice, Quot.sound]
'Entry005.truncation_packed_lifted_tuple_sum' depends on axioms: [propext, Classical.choice, Quot.sound]
KERNEL_COMPILE Entry005.TruncationScalarCancellation
'Entry005.truncation_scalar_cancellation' depends on axioms: [propext, Classical.choice, Quot.sound]
KERNEL_COMPILE Entry005.TruncationActualDefect
KERNEL_COMPILE Entry005.TruncationCentroid
KERNEL_COMPILE Entry005.TruncationConvexDeterminant
'Entry005.augmentedVertices_update' depends on axioms: [propext, Classical.choice, Quot.sound]
'Entry005.augmentedVertices_update_affine_det' depends on axioms: [propext, Classical.choice, Quot.sound]
'Entry005.convex_augmentedVertices_abs_det_sublevel' depends on axioms: [propext, Classical.choice, Quot.sound]
'Entry005.augmentedVertices_abs_det_le_of_mem_convexHull' depends on axioms: [propext, Classical.choice, Quot.sound]
KERNEL_COMPILE Entry005.TruncationMaximum
KERNEL_COMPILE Entry005.TruncationPower
'Entry005.truncation_power_exponent_pos' depends on axioms: [propext, Classical.choice, Quot.sound]
'Entry005.truncation_rational_power_ratio_tendsto_zero' depends on axioms: [propext, Classical.choice, Quot.sound]
'Entry005.truncation_rational_power_obstruction' depends on axioms: [propext, Classical.choice, Quot.sound]
'Entry005.truncation_conditional_scalar_power_obstruction' depends on axioms: [propext, Classical.choice, Quot.sound]
'Entry005.truncation_conditional_scalar_quotient_tendsto' depends on axioms: [propext, Classical.choice, Quot.sound]
KERNEL_COMPILE Entry005.TruncationSharpnessAssembly
KERNEL_COMPILE Entry005.TruncationSharpness
'Entry005.truncationSharpness' depends on axioms: [propext, Classical.choice, Quot.sound]
'Entry005.truncation_entryDefect_pos' depends on axioms: [propext, Classical.choice, Quot.sound]
'Entry005.truncation_entryDefect_quotient_tendsto' depends on axioms: [propext, Classical.choice, Quot.sound]
KERNEL_COMPILE Entry005.TruncationProjection
KERNEL_COMPILE Entry005.TruncationSimplexActualVolume
KERNEL_COMPILE Entry005.TruncationFormalization
CLEAN_TRUNCATION_BUILD_PASS 125 modules
