{
  "status": "PASS",
  "python_optimization_active": false,
  "payload_files_verified": 28,
  "revision": {
    "exact_diff_and_zero_fuzz_replay": true,
    "old_origin_countercontrol": true,
    "guarded_endpoint_cases": 8,
    "blank_author_preserved": true
  },
  "correspondence": {
    "paper_steps": 20,
    "mapped_declarations": 57,
    "source_visible_declarations": 759,
    "source_modules": 65,
    "local_import_edges": 172,
    "scope": "Source map and inventories; not kernel proof dependency closure."
  },
  "formal_source_comparison": {
    "status": "PASS",
    "module_hashes_verified": 65,
    "inventory_declaration_lines_verified": 759,
    "mapped_declaration_lines_verified": 57,
    "geometric_reuse_modules": 45,
    "continuum_frozen_modules": 18,
    "new_lean_build": false,
    "new_kernel_replay": false
  },
  "isolated_pdf_rebuild": {
    "status": "NOT_RUN"
  },
  "package_mutations": 0,
  "scope": "Integrity, finite origin controls, revision, correspondence, and requested optional checks; not a proof of the infinite theorem."
}
