PASS n= 4: classes=    5 C=1/3          k= 3 s=0       
PASS n= 5: classes=    7 C=1/3          k= 4 s=2/9     
PASS n= 6: classes=   11 C=2/5          k= 4 s=1/10    
PASS n= 7: classes=   15 C=23/55        k= 5 s=2/11    
PASS n= 8: classes=   22 C=7/15         k= 5 s=1/9     
PASS n= 9: classes=   30 C=19/39        k= 6 s=2/13    
PASS n=10: classes=   42 C=11/21        k= 6 s=3/28    
PASS n=11: classes=   56 C=19/35        k= 7 s=2/15    
PASS n=12: classes=   77 C=4/7          k= 7 s=1/10    
PASS n=13: classes=  101 C=10/17        k= 8 s=2/17    
PASS n=14: classes=  135 C=11/18        k= 8 s=5/54    
PASS n=15: classes=  176 C=107/171      k= 9 s=2/19    
PASS n=16: classes=  231 C=29/45        k= 9 s=3/35    
PASS n=17: classes=  297 C=23/35        k=10 s=2/21    
PASS n=18: classes=  385 C=37/55        k=10 s=7/88    
PASS n=19: classes=  490 C=173/253      k=11 s=2/23    
PASS n=20: classes=  627 C=23/33        k=11 s=2/27    
PASS n=21: classes=  792 C=53/75        k=12 s=2/25    
PASS n=22: classes= 1002 C=28/39        k=12 s=9/130   
PASS n=23: classes= 1255 C=85/117       k=13 s=2/27    
PASS n=24: classes= 1575 C=67/91        k=13 s=5/77    
PASS n=25: classes= 1958 C=151/203      k=14 s=2/29    
PASS n=26: classes= 2436 C=79/105       k=14 s=11/180  
PASS n=27: classes= 3010 C=353/465      k=15 s=2/31    
PASS n=28: classes= 3718 C=23/30        k=15 s=3/52    
PASS n=29: classes= 4565 C=17/22        k=16 s=2/33    
PASS n=30: classes= 5604 C=53/68        k=16 s=13/238  
PASS n=31: classes= 6842 C=467/595      k=17 s=2/35    
PASS n=32: classes= 8349 C=121/153      k=17 s=7/135   
PASS n=33: classes=10143 C=265/333      k=18 s=2/37    
PASS n=34: classes=12310 C=137/171      k=18 s=15/304  
PASS n=35: classes=14883 C=199/247      k=19 s=2/39    
PASS n=36: classes=17977 C=77/95        k=19 s=4/85    
PASS n=37: classes=21637 C=167/205      k=20 s=2/41    
PASS n=38: classes=26015 C=86/105       k=20 s=17/378  
PASS n=39: classes=31185 C=743/903      k=21 s=2/43    
PASS n=40: classes=37338 C=191/231      k=21 s=9/209   
PASS: all 37 degrees, full conjugacy partitions, exact dual extremes, primal moments, and rational positivity
