sources/GaussianThreeEquality.lean:31:33: warning: This simp argument is unused:
  Fin.sum_univ_two

Hint: Omit it from the simp argument list.
  [apply] simp only [Fin.sum_univ_succ] at hh

Note: This linter can be disabled with `set_option linter.unusedSimpArgs false`
sources/GaussianThreeEquality.lean:68:46: warning: This simp argument is unused:
  hr01

Hint: Omit it from the simp argument list.
  [apply] simp_all [hr02, hr12]

Note: This linter can be disabled with `set_option linter.unusedSimpArgs false`
sources/GaussianThreeEquality.lean:68:52: warning: This simp argument is unused:
  hr02

Hint: Omit it from the simp argument list.
  [apply] simp_all [hr01, hr12]

Note: This linter can be disabled with `set_option linter.unusedSimpArgs false`
sources/GaussianThreeEquality.lean:68:58: warning: This simp argument is unused:
  hr12

Hint: Omit it from the simp argument list.
  [apply] simp_all [hr01, hr02]

Note: This linter can be disabled with `set_option linter.unusedSimpArgs false`
'GaussianMeasureBridge.covarianceValue_three_equality_regular' depends on axioms: [propext,
 Classical.choice,
 Quot.sound]
'GaussianMeasureBridge.three_cell_energy_equality_iff_regular_fan' depends on axioms: [propext,
 Classical.choice,
 Quot.sound]
'GaussianMeasureBridge.three_cell_energy_strict_small_dimension' depends on axioms: [propext,
 Classical.choice,
 Quot.sound]
