⚠ [3177/3478] Replayed GaussianPartition
warning: sources/GaussianPartition.lean:127:0: automatically included section variable(s) unused in theorem `GaussianMeasureBridge.FractionalPartition.integrable_weighted_score`:
  [NeZero k]
consider restructuring your `variable` declarations so that the variables are not in scope or explicitly omit them:
  omit [NeZero k] in theorem ...

Note: This linter can be disabled with `set_option linter.unusedSectionVars false`
warning: sources/GaussianPartition.lean:132:0: automatically included section variable(s) unused in theorem `GaussianMeasureBridge.FractionalPartition.integral_weighted_score`:
  [NeZero k]
consider restructuring your `variable` declarations so that the variables are not in scope or explicitly omit them:
  omit [NeZero k] in theorem ...

Note: This linter can be disabled with `set_option linter.unusedSectionVars false`
⚠ [3179/3478] Replayed GaussianNoTies
warning: sources/GaussianNoTies.lean:23:2: Try this: 
  haveI̵

The goal is a proposition, so `have` is preferred over `haveI`.
The difference between `have` and `haveI` is that `haveI` inlines the value.
But this is not relevant for proofs because of proof irrelevance.

Note: This linter can be disabled with `set_option linter.style.haveILetI false`
⚠ [3180/3478] Replayed GaussianBalancedPrices
warning: sources/GaussianBalancedPrices.lean:19:0: automatically included section variable(s) unused in theorem `GaussianMeasureBridge.coordinateShift_zero`:
  [NeZero k]
consider restructuring your `variable` declarations so that the variables are not in scope or explicitly omit them:
  omit [NeZero k] in theorem ...

Note: This linter can be disabled with `set_option linter.unusedSectionVars false`
warning: sources/GaussianBalancedPrices.lean:23:0: automatically included section variable(s) unused in theorem `GaussianMeasureBridge.coordinateShift_dist_le`:
  [NeZero k]
consider restructuring your `variable` declarations so that the variables are not in scope or explicitly omit them:
  omit [NeZero k] in theorem ...

Note: This linter can be disabled with `set_option linter.unusedSectionVars false`
warning: sources/GaussianBalancedPrices.lean:46:0: automatically included section variable(s) unused in theorem `GaussianMeasureBridge.winningCell_disjoint`:
  [NeZero k]
consider restructuring your `variable` declarations so that the variables are not in scope or explicitly omit them:
  omit [NeZero k] in theorem ...

Note: This linter can be disabled with `set_option linter.unusedSectionVars false`
warning: sources/GaussianBalancedPrices.lean:120:0: automatically included section variable(s) unused in theorem `GaussianMeasureBridge.weighted_price_coordinate`:
  [NeZero k]
consider restructuring your `variable` declarations so that the variables are not in scope or explicitly omit them:
  omit [NeZero k] in theorem ...

Note: This linter can be disabled with `set_option linter.unusedSectionVars false`
warning: sources/GaussianBalancedPrices.lean:134:10: This simp argument is unused:
  add_assoc

Hint: Omit it from the simp argument list.
  [apply] simp

Note: This linter can be disabled with `set_option linter.unusedSimpArgs false`
⚠ [3183/3478] Replayed GaussianUniquePrices
warning: sources/GaussianUniquePrices.lean:29:0: automatically included section variable(s) unused in theorem `GaussianMeasureBridge.weighted_priceMid`:
  [NeZero k]
consider restructuring your `variable` declarations so that the variables are not in scope or explicitly omit them:
  omit [NeZero k] in theorem ...

Note: This linter can be disabled with `set_option linter.unusedSectionVars false`
⚠ [3186/3478] Replayed GaussianValueScaling
warning: sources/GaussianValueScaling.lean:92:0: automatically included section variable(s) unused in theorem `GaussianMeasureBridge.FractionalPartition.momentEnergy_nonneg`:
  [NeZero k]
consider restructuring your `variable` declarations so that the variables are not in scope or explicitly omit them:
  omit [NeZero k] in theorem ...

Note: This linter can be disabled with `set_option linter.unusedSectionVars false`
⚠ [3187/3478] Replayed GaussianCovarianceValue
warning: sources/GaussianCovarianceValue.lean:94:0: automatically included section variable(s) unused in theorem `GaussianMeasureBridge.scoreGram_covarianceRows`:
  [NeZero k]
consider restructuring your `variable` declarations so that the variables are not in scope or explicitly omit them:
  omit [NeZero k] in theorem ...

Note: This linter can be disabled with `set_option linter.unusedSectionVars false`
warning: sources/GaussianCovarianceValue.lean:112:0: automatically included section variable(s) unused in theorem `GaussianMeasureBridge.scoreGram_smul`:
  [NeZero k]
consider restructuring your `variable` declarations so that the variables are not in scope or explicitly omit them:
  omit [NeZero k] in theorem ...

Note: This linter can be disabled with `set_option linter.unusedSectionVars false`
⚠ [3188/3478] Replayed GaussianScoreSymmetry
warning: sources/GaussianScoreSymmetry.lean:45:0: automatically included section variable(s) unused in theorem `GaussianMeasureBridge.standardRows_injective`:
  [NeZero k]
consider restructuring your `variable` declarations so that the variables are not in scope or explicitly omit them:
  omit [NeZero k] in theorem ...

Note: This linter can be disabled with `set_option linter.unusedSectionVars false`
warning: sources/GaussianScoreSymmetry.lean:48:0: automatically included section variable(s) unused in theorem `GaussianMeasureBridge.scoreGram_standardRows`:
  [NeZero k]
consider restructuring your `variable` declarations so that the variables are not in scope or explicitly omit them:
  omit [NeZero k] in theorem ...

Note: This linter can be disabled with `set_option linter.unusedSectionVars false`
⚠ [3190/3478] Replayed GaussianWinningContinuity
warning: sources/GaussianWinningContinuity.lean:8:0: automatically included section variable(s) unused in theorem `GaussianMeasureBridge.eventually_winning_parameters`:
  [NeZero k]
consider restructuring your `variable` declarations so that the variables are not in scope or explicitly omit them:
  omit [NeZero k] in theorem ...

Note: This linter can be disabled with `set_option linter.unusedSectionVars false`
⚠ [3191/3478] Replayed GaussianActualEnvelope
warning: sources/GaussianActualEnvelope.lean:12:0: automatically included section variable(s) unused in theorem `GaussianMeasureBridge.eventually_injective_scores`:
  [NeZero k]
consider restructuring your `variable` declarations so that the variables are not in scope or explicitly omit them:
  omit [NeZero k] in theorem ...

Note: This linter can be disabled with `set_option linter.unusedSectionVars false`
⚠ [3193/3478] Replayed GaussianScoreDerivative
warning: sources/GaussianScoreDerivative.lean:17:8: automatically included section variable(s) unused in theorem `GaussianMeasureBridge.affineScores_zero`:
  [NeZero k]
consider restructuring your `variable` declarations so that the variables are not in scope or explicitly omit them:
  omit [NeZero k] in theorem ...

Note: This linter can be disabled with `set_option linter.unusedSectionVars false`
warning: sources/GaussianScoreDerivative.lean:20:8: automatically included section variable(s) unused in theorem `GaussianMeasureBridge.affinePrices_zero`:
  [NeZero k]
consider restructuring your `variable` declarations so that the variables are not in scope or explicitly omit them:
  omit [NeZero k] in theorem ...

Note: This linter can be disabled with `set_option linter.unusedSectionVars false`
warning: sources/GaussianScoreDerivative.lean:23:0: automatically included section variable(s) unused in theorem `GaussianMeasureBridge.directional_score_abs_le`:
  [NeZero k]
consider restructuring your `variable` declarations so that the variables are not in scope or explicitly omit them:
  omit [NeZero k] in theorem ...

Note: This linter can be disabled with `set_option linter.unusedSectionVars false`
⚠ [3194/3478] Replayed GaussianRotationalMomentIdentity
warning: sources/GaussianRotationalMomentIdentity.lean:12:0: automatically included section variable(s) unused in theorem `GaussianMeasureBridge.scoreGram_skew_path_even`:
  [NeZero k]
consider restructuring your `variable` declarations so that the variables are not in scope or explicitly omit them:
  omit [NeZero k] in theorem ...

Note: This linter can be disabled with `set_option linter.unusedSectionVars false`
warning: sources/GaussianRotationalMomentIdentity.lean:59:49: This simp argument is unused:
  real_inner_smul_left

Hint: Omit it from the simp argument list.
  [apply] simp [h, e, inner_sub_left, inner_sub_right, real_inner_smul_right, PiLp.inner_apply]

Note: This linter can be disabled with `set_option linter.unusedSimpArgs false`
warning: sources/GaussianRotationalMomentIdentity.lean:60:6: This simp argument is unused:
  real_inner_smul_right

Hint: Omit it from the simp argument list.
  [apply] simp [h, e, inner_sub_left, inner_sub_right, real_inner_smul_left, PiLp.inner_apply]

Note: This linter can be disabled with `set_option linter.unusedSimpArgs false`
⚠ [3196/3478] Replayed GaussianSliceFlux
warning: sources/GaussianSliceFlux.lean:12:2: Try this: 
  haveI̵

The goal is a proposition, so `have` is preferred over `haveI`.
The difference between `have` and `haveI` is that `haveI` inlines the value.
But this is not relevant for proofs because of proof irrelevance.

Note: This linter can be disabled with `set_option linter.style.haveILetI false`
warning: sources/GaussianSliceFlux.lean:21:2: Try this: 
  haveI̵

The goal is a proposition, so `have` is preferred over `haveI`.
The difference between `have` and `haveI` is that `haveI` inlines the value.
But this is not relevant for proofs because of proof irrelevance.

Note: This linter can be disabled with `set_option linter.style.haveILetI false`
⚠ [3198/3478] Replayed GaussianGraphLift
warning: sources/GaussianGraphLift.lean:18:8: automatically included section variable(s) unused in theorem `GaussianMeasureBridge.graphScores_zero`:
  [NeZero k]
consider restructuring your `variable` declarations so that the variables are not in scope or explicitly omit them:
  omit [NeZero k] in theorem ...

Note: This linter can be disabled with `set_option linter.unusedSectionVars false`
warning: sources/GaussianGraphLift.lean:19:8: automatically included section variable(s) unused in theorem `GaussianMeasureBridge.graphScores_succ`:
  [NeZero k]
consider restructuring your `variable` declarations so that the variables are not in scope or explicitly omit them:
  omit [NeZero k] in theorem ...

Note: This linter can be disabled with `set_option linter.unusedSectionVars false`
warning: sources/GaussianGraphLift.lean:21:8: automatically included section variable(s) unused in theorem `GaussianMeasureBridge.graphPrices_zero`:
  [NeZero k]
consider restructuring your `variable` declarations so that the variables are not in scope or explicitly omit them:
  omit [NeZero k] in theorem ...

Note: This linter can be disabled with `set_option linter.unusedSectionVars false`
warning: sources/GaussianGraphLift.lean:22:8: automatically included section variable(s) unused in theorem `GaussianMeasureBridge.graphPrices_succ`:
  [NeZero k]
consider restructuring your `variable` declarations so that the variables are not in scope or explicitly omit them:
  omit [NeZero k] in theorem ...

Note: This linter can be disabled with `set_option linter.unusedSectionVars false`
warning: sources/GaussianGraphLift.lean:24:0: automatically included section variable(s) unused in theorem `GaussianMeasureBridge.graphScores_injective`:
  [NeZero k]
consider restructuring your `variable` declarations so that the variables are not in scope or explicitly omit them:
  omit [NeZero k] in theorem ...

Note: This linter can be disabled with `set_option linter.unusedSectionVars false`
warning: sources/GaussianGraphLift.lean:58:0: automatically included section variable(s) unused in theorem `GaussianMeasureBridge.graph_winning_succ`:
  [NeZero k]
consider restructuring your `variable` declarations so that the variables are not in scope or explicitly omit them:
  omit [NeZero k] in theorem ...

Note: This linter can be disabled with `set_option linter.unusedSectionVars false`
⚠ [3201/3478] Replayed GaussianCovarianceContinuity
warning: sources/GaussianCovarianceContinuity.lean:15:0: automatically included section variable(s) unused in theorem `GaussianMeasureBridge.continuousOn_covarianceRows`:
  [NeZero k]
consider restructuring your `variable` declarations so that the variables are not in scope or explicitly omit them:
  omit [NeZero k] in theorem ...

Note: This linter can be disabled with `set_option linter.unusedSectionVars false`
⚠ [3202/3478] Replayed GaussianMomentCovariance
warning: sources/GaussianMomentCovariance.lean:16:0: automatically included section variable(s) unused in theorem `GaussianMeasureBridge.FractionalPartition.scoreGram_moment_centered`:
  [NeZero k]
consider restructuring your `variable` declarations so that the variables are not in scope or explicitly omit them:
  omit [NeZero k] in theorem ...

Note: This linter can be disabled with `set_option linter.unusedSectionVars false`
warning: sources/GaussianMomentCovariance.lean:20:0: automatically included section variable(s) unused in theorem `GaussianMeasureBridge.FractionalPartition.trace_scoreGram_moment`:
  [NeZero k]
consider restructuring your `variable` declarations so that the variables are not in scope or explicitly omit them:
  omit [NeZero k] in theorem ...

Note: This linter can be disabled with `set_option linter.unusedSectionVars false`
⚠ [3203/3478] Replayed GaussianRegularValue
warning: sources/GaussianRegularValue.lean:61:0: automatically included section variable(s) unused in theorem `GaussianMeasureBridge.inner_standard_mean`:
  [NeZero k]
consider restructuring your `variable` declarations so that the variables are not in scope or explicitly omit them:
  omit [NeZero k] in theorem ...

Note: This linter can be disabled with `set_option linter.unusedSectionVars false`
warning: sources/GaussianRegularValue.lean:117:8: this tactic is never executed

Note: This linter can be disabled with `set_option linter.unreachableTactic false`
warning: sources/GaussianRegularValue.lean:117:8: Unused tactic linter: `ring` does nothing

Note: This linter can be disabled with `set_option linter.unusedTactic false`
⚠ [3204/3478] Replayed GaussianMomentSymmetry
warning: sources/GaussianMomentSymmetry.lean:11:0: automatically included section variable(s) unused in theorem `GaussianMeasureBridge.winningCell_reindex`:
  [NeZero k]
consider restructuring your `variable` declarations so that the variables are not in scope or explicitly omit them:
  omit [NeZero k] in theorem ...

Note: This linter can be disabled with `set_option linter.unusedSectionVars false`
warning: sources/GaussianMomentSymmetry.lean:31:26: `Set.mem_setOf_eq` has been deprecated: Use `Set.mem_ofPred_eq` instead
warning: sources/GaussianMomentSymmetry.lean:28:0: automatically included section variable(s) unused in theorem `GaussianMeasureBridge.winningCell_isometry`:
  [NeZero k]
consider restructuring your `variable` declarations so that the variables are not in scope or explicitly omit them:
  omit [NeZero k] in theorem ...

Note: This linter can be disabled with `set_option linter.unusedSectionVars false`
warning: sources/GaussianMomentSymmetry.lean:85:6: This simp argument is unused:
  EuclideanSpace.piLpCongrLeft_single

Hint: Omit it from the simp argument list.
  [apply] simp [T, standardRows, EuclideanSpace.basisFun_apply]

Note: This linter can be disabled with `set_option linter.unusedSimpArgs false`
⚠ [3205/3478] Replayed GaussianWinningGraphFlux
warning: sources/GaussianWinningGraphFlux.lean:33:0: automatically included section variable(s) unused in theorem `GaussianMeasureBridge.winning_graph_inequality`:
  [NeZero k]
consider restructuring your `variable` declarations so that the variables are not in scope or explicitly omit them:
  omit [NeZero k] in theorem ...

Note: This linter can be disabled with `set_option linter.unusedSectionVars false`
warning: sources/GaussianWinningGraphFlux.lean:61:0: automatically included section variable(s) unused in theorem `GaussianMeasureBridge.winning_graph_normal`:
  [NeZero k]
consider restructuring your `variable` declarations so that the variables are not in scope or explicitly omit them:
  omit [NeZero k] in theorem ...

Note: This linter can be disabled with `set_option linter.unusedSectionVars false`
warning: sources/GaussianWinningGraphFlux.lean:71:63: This simp argument is unused:
  mul_add

Hint: Omit it from the simp argument list.
  [apply] simp [winningGraphSlopes, tailCoordinates, sub_eq_add_neg]

Note: This linter can be disabled with `set_option linter.unusedSimpArgs false`
⚠ [3206/3478] Replayed GaussianNormalCoordinates
warning: sources/GaussianNormalCoordinates.lean:35:24: This simp argument is unused:
  Real.norm_eq_abs

Hint: Omit it from the simp argument list.
  [apply] simp [z, norm_smul, abs_of_nonneg (inv_nonneg.mpr (norm_nonneg u)), inv_mul_cancel₀ hn]

Note: This linter can be disabled with `set_option linter.unusedSimpArgs false`
warning: sources/GaussianNormalCoordinates.lean:35:42: This simp argument is unused:
  abs_of_nonneg (inv_nonneg.mpr (norm_nonneg u))

Hint: Omit it from the simp argument list.
  [apply] simp [z, norm_smul, Real.norm_eq_abs, inv_mul_cancel₀ hn]

Note: This linter can be disabled with `set_option linter.unusedSimpArgs false`
⚠ [3207/3478] Replayed GaussianFacetDensityPositive
warning: sources/GaussianFacetDensityPositive.lean:11:0: automatically included section variable(s) unused in theorem `GaussianMeasureBridge.isOpen_winningCell`:
  [NeZero k]
consider restructuring your `variable` declarations so that the variables are not in scope or explicitly omit them:
  omit [NeZero k] in theorem ...

Note: This linter can be disabled with `set_option linter.unusedSectionVars false`
warning: sources/GaussianFacetDensityPositive.lean:32:0: automatically included section variable(s) unused in theorem `GaussianMeasureBridge.winning_graph_gap`:
  [NeZero k]
consider restructuring your `variable` declarations so that the variables are not in scope or explicitly omit them:
  omit [NeZero k] in theorem ...

Note: This linter can be disabled with `set_option linter.unusedSectionVars false`
⚠ [3211/3478] Replayed GaussianSymmetricFlux
warning: sources/GaussianSymmetricFlux.lean:33:55: `if_neg` has been deprecated: Use `ite_eq_right` instead
warning: sources/GaussianSymmetricFlux.lean:80:59: This simp argument is unused:
  zero_add

Hint: Omit it from the simp argument list.
  [apply] simp only [sub_self, map_zero, Finsupp.zero_apply, mul_zero, hn]

Note: This linter can be disabled with `set_option linter.unusedSimpArgs false`
ℹ [3769/3877] Replayed GaussianSimplexAlgebra
info: sources/GaussianSimplexAlgebra.lean:39:0: 'GaussianSimplexAlgebra.weighted_cauchy' depends on axioms: [propext, Classical.choice, Quot.sound]
info: sources/GaussianSimplexAlgebra.lean:40:0: 'GaussianSimplexAlgebra.perimeter_to_trace' depends on axioms: [propext, Classical.choice, Quot.sound]
info: sources/GaussianSimplexAlgebra.lean:41:0: 'GaussianSimplexAlgebra.radial_quotient_identity' depends on axioms: [propext, Classical.choice, Quot.sound]
info: sources/GaussianSimplexAlgebra.lean:42:0: 'GaussianSimplexAlgebra.deficit_derivative_nonpositive' depends on axioms: [propext, Classical.choice, Quot.sound]
⚠ [3770/3877] Replayed GaussianFluxEnergy
warning: sources/GaussianFluxEnergy.lean:17:0: automatically included section variable(s) unused in theorem `GaussianMeasureBridge.symmetric_flux_energy`:
  [NeZero k]
consider restructuring your `variable` declarations so that the variables are not in scope or explicitly omit them:
  omit [NeZero k] in theorem ...

Note: This linter can be disabled with `set_option linter.unusedSectionVars false`
warning: sources/GaussianFluxEnergy.lean:53:0: automatically included section variable(s) unused in theorem `GaussianMeasureBridge.actual_flux_cauchy`:
  [NeZero k]
consider restructuring your `variable` declarations so that the variables are not in scope or explicitly omit them:
  omit [NeZero k] in theorem ...

Note: This linter can be disabled with `set_option linter.unusedSectionVars false`
⚠ [3771/3877] Replayed GaussianDiagonalCovarianceDerivative
warning: sources/GaussianDiagonalCovarianceDerivative.lean:24:8: automatically included section variable(s) unused in theorem `GaussianMeasureBridge.diagonalScorePath_zero`:
  [NeZero k]
consider restructuring your `variable` declarations so that the variables are not in scope or explicitly omit them:
  omit [NeZero k] in theorem ...

Note: This linter can be disabled with `set_option linter.unusedSectionVars false`
warning: sources/GaussianDiagonalCovarianceDerivative.lean:37:0: automatically included section variable(s) unused in theorem `GaussianMeasureBridge.diagonalScorePath_hasDerivAt`:
  [NeZero k]
consider restructuring your `variable` declarations so that the variables are not in scope or explicitly omit them:
  omit [NeZero k] in theorem ...

Note: This linter can be disabled with `set_option linter.unusedSectionVars false`
warning: sources/GaussianDiagonalCovarianceDerivative.lean:48:22: Used `tac1 <;> tac2` where `(tac1; tac2)` would suffice

Note: This linter can be disabled with `set_option linter.unnecessarySeqFocus false`
warning: sources/GaussianDiagonalCovarianceDerivative.lean:54:0: automatically included section variable(s) unused in theorem `GaussianMeasureBridge.scoreGram_diagonalScorePath`:
  [NeZero k]
consider restructuring your `variable` declarations so that the variables are not in scope or explicitly omit them:
  omit [NeZero k] in theorem ...

Note: This linter can be disabled with `set_option linter.unusedSectionVars false`
⚠ [3772/3877] Replayed GaussianCovarianceFluxDerivative
warning: sources/GaussianCovarianceFluxDerivative.lean:21:0: automatically included section variable(s) unused in theorem `GaussianMeasureBridge.scoreGram_path_hasDerivAt`:
  [NeZero k]
consider restructuring your `variable` declarations so that the variables are not in scope or explicitly omit them:
  omit [NeZero k] in theorem ...

Note: This linter can be disabled with `set_option linter.unusedSectionVars false`
warning: sources/GaussianCovarianceFluxDerivative.lean:30:0: automatically included section variable(s) unused in theorem `GaussianMeasureBridge.symmetric_flux_differential`:
  [NeZero k]
consider restructuring your `variable` declarations so that the variables are not in scope or explicitly omit them:
  omit [NeZero k] in theorem ...

Note: This linter can be disabled with `set_option linter.unusedSectionVars false`
⚠ [3773/3877] Replayed GaussianFacetLaplacian
warning: sources/GaussianFacetLaplacian.lean:15:0: automatically included section variable(s) unused in theorem `GaussianMeasureBridge.facetLaplacian_mulVec`:
  [NeZero k]
consider restructuring your `variable` declarations so that the variables are not in scope or explicitly omit them:
  omit [NeZero k] in theorem ...

Note: This linter can be disabled with `set_option linter.unusedSectionVars false`
warning: sources/GaussianFacetLaplacian.lean:24:0: automatically included section variable(s) unused in theorem `GaussianMeasureBridge.facetLaplacian_trace`:
  [NeZero k]
consider restructuring your `variable` declarations so that the variables are not in scope or explicitly omit them:
  omit [NeZero k] in theorem ...

Note: This linter can be disabled with `set_option linter.unusedSectionVars false`
warning: sources/GaussianFacetLaplacian.lean:26:23: This simp argument is unused:
  trace_sub

Hint: Omit it from the simp argument list.
  [apply] simp [facetLaplacian, Matrix.trace, hd, fluxTrace]

Note: This linter can be disabled with `set_option linter.unusedSimpArgs false`
warning: sources/GaussianFacetLaplacian.lean:33:0: automatically included section variable(s) unused in theorem `GaussianMeasureBridge.facetLaplacian_symmetric`:
  [NeZero k]
consider restructuring your `variable` declarations so that the variables are not in scope or explicitly omit them:
  omit [NeZero k] in theorem ...

Note: This linter can be disabled with `set_option linter.unusedSectionVars false`
warning: sources/GaussianFacetLaplacian.lean:37:67: This simp argument is unused:
  conj_trivial

Hint: Omit it from the simp argument list.
  [apply] simp only [facetLaplacian, Matrix.sub_apply, Matrix.diagonal_apply]

Note: This linter can be disabled with `set_option linter.unusedSimpArgs false`
warning: sources/GaussianFacetLaplacian.lean:42:0: automatically included section variable(s) unused in theorem `GaussianMeasureBridge.facetLaplacian_trace_mul`:
  [NeZero k]
consider restructuring your `variable` declarations so that the variables are not in scope or explicitly omit them:
  omit [NeZero k] in theorem ...

Note: This linter can be disabled with `set_option linter.unusedSectionVars false`
⚠ [3776/3877] Replayed GaussianMinimalCovarianceRows
warning: sources/GaussianMinimalCovarianceRows.lean:18:0: automatically included section variable(s) unused in theorem `GaussianMeasureBridge.minimalCovarianceRows_sum`:
  [NeZero n]
consider restructuring your `variable` declarations so that the variables are not in scope or explicitly omit them:
  omit [NeZero n] in theorem ...

Note: This linter can be disabled with `set_option linter.unusedSectionVars false`
warning: sources/GaussianMinimalCovarianceRows.lean:45:8: This simp argument is unused:
  neg_neg

Hint: Omit it from the simp argument list.
  [apply] simp only [scoreGram, minimalCovarianceRows, Fin.cons_zero, inner_neg_left, inner_neg_right, sum_inner,
    inner_sum, hnorm]

Note: This linter can be disabled with `set_option linter.unusedSimpArgs false`
⚠ [3778/3877] Replayed GaussianAffineMatrixFactorization
warning: sources/GaussianAffineMatrixFactorization.lean:13:0: automatically included section variable(s) unused in theorem `GaussianMeasureBridge.affine_matrix_diagonal_factorization`:
  [NeZero n]
consider restructuring your `variable` declarations so that the variables are not in scope or explicitly omit them:
  omit [NeZero n] in theorem ...

Note: This linter can be disabled with `set_option linter.unusedSectionVars false`
⚠ [3789/3877] Replayed GaussianVariationalPerimeter
warning: sources/GaussianVariationalPerimeter.lean:42:4: `ContinuousLinearMap.zero_apply` has been deprecated: Use `zero_apply` instead

Note: The updated constant is in a different namespace. Dot notation may need to be changed (e.g., from `x.zero_apply` to `zero_apply x`).
⚠ [3807/3877] Replayed GaussianHalfspaceFlux
warning: sources/GaussianHalfspaceFlux.lean:83:51: This simp argument is unused:
  real_inner_self_eq_norm_sq

Hint: Omit it from the simp argument list.
  [apply] simp [r, inner_sub_left, real_inner_smul_left, hu]

Note: This linter can be disabled with `set_option linter.unusedSimpArgs false`
⚠ [3811/3877] Replayed GaussianSmoothMomentLimit
warning: sources/GaussianSmoothMomentLimit.lean:12:0: automatically included section variable(s) unused in theorem `GaussianMeasureBridge.rawWinningMoment_inner`:
  [NeZero k]
consider restructuring your `variable` declarations so that the variables are not in scope or explicitly omit them:
  omit [NeZero k] in theorem ...

Note: This linter can be disabled with `set_option linter.unusedSectionVars false`
⚠ [3818/3877] Replayed GaussianTailCalculus
warning: sources/GaussianTailCalculus.lean:17:4: try 'simp' instead of 'simpa'

Note: This linter can be disabled with `set_option linter.unnecessarySimpa false`
⚠ [3819/3877] Replayed GaussianGraphMassDerivative
warning: sources/GaussianGraphMassDerivative.lean:35:4: try 'simp' instead of 'simpa'

Note: This linter can be disabled with `set_option linter.unnecessarySimpa false`
⚠ [3820/3877] Replayed GaussianWinningMassDerivative
warning: sources/GaussianWinningMassDerivative.lean:28:0: automatically included section variable(s) unused in theorem `GaussianMeasureBridge.winningGraphPrices_affine`:
  [NeZero k]
consider restructuring your `variable` declarations so that the variables are not in scope or explicitly omit them:
  omit [NeZero k] in theorem ...

Note: This linter can be disabled with `set_option linter.unusedSectionVars false`
⚠ [3828/3877] Replayed GaussianCenteredCovarianceBlock
warning: sources/GaussianCenteredCovarianceBlock.lean:12:0: automatically included section variable(s) unused in theorem `GaussianMeasureBridge.centered_covariance_ext`:
  [NeZero n]
consider restructuring your `variable` declarations so that the variables are not in scope or explicitly omit them:
  omit [NeZero n] in theorem ...

Note: This linter can be disabled with `set_option linter.unusedSectionVars false`
warning: sources/GaussianCenteredCovarianceBlock.lean:37:0: automatically included section variable(s) unused in theorem `GaussianMeasureBridge.centeredRowFamily_gram_centered`:
  [NeZero n]
consider restructuring your `variable` declarations so that the variables are not in scope or explicitly omit them:
  omit [NeZero n] in theorem ...

Note: This linter can be disabled with `set_option linter.unusedSectionVars false`
warning: sources/GaussianCenteredCovarianceBlock.lean:41:0: automatically included section variable(s) unused in theorem `GaussianMeasureBridge.centeredRowFamily_gram_principal`:
  [NeZero n]
consider restructuring your `variable` declarations so that the variables are not in scope or explicitly omit them:
  omit [NeZero n] in theorem ...

Note: This linter can be disabled with `set_option linter.unusedSectionVars false`
warning: sources/GaussianCenteredCovarianceBlock.lean:46:0: automatically included section variable(s) unused in theorem `GaussianMeasureBridge.centeredRowFamily_path_hasDerivAt`:
  [NeZero n]
consider restructuring your `variable` declarations so that the variables are not in scope or explicitly omit them:
  omit [NeZero n] in theorem ...

Note: This linter can be disabled with `set_option linter.unusedSectionVars false`
⚠ [3832/3877] Replayed GaussianRegularMoments
warning: sources/GaussianRegularMoments.lean:30:10: `if_neg` has been deprecated: Use `ite_eq_right` instead
warning: sources/GaussianRegularMoments.lean:34:50: `if_true` has been deprecated: Use `ite_true` instead
warning: sources/GaussianRegularMoments.lean:59:8: `if_pos` has been deprecated: Use `ite_eq_left` instead
warning: sources/GaussianRegularMoments.lean:62:8: `if_neg` has been deprecated: Use `ite_eq_right` instead
warning: sources/GaussianRegularMoments.lean:85:26: `Set.mem_setOf_eq` has been deprecated: Use `Set.mem_ofPred_eq` instead
warning: sources/GaussianRegularMoments.lean:78:0: automatically included section variable(s) unused in theorem `GaussianMeasureBridge.winningCell_regular_zero`:
  [NeZero k]
consider restructuring your `variable` declarations so that the variables are not in scope or explicitly omit them:
  omit [NeZero k] in theorem ...

Note: This linter can be disabled with `set_option linter.unusedSectionVars false`
⚠ [3833/3877] Replayed GaussianRegularStationarity
warning: sources/GaussianRegularStationarity.lean:37:0: automatically included section variable(s) unused in theorem `GaussianMeasureBridge.trace_scoreGram_hasDerivAt`:
  [NeZero k]
consider restructuring your `variable` declarations so that the variables are not in scope or explicitly omit them:
  omit [NeZero k] in theorem ...

Note: This linter can be disabled with `set_option linter.unusedSectionVars false`
⚠ [3835/3877] Replayed GaussianRegularPrincipal
warning: sources/GaussianRegularPrincipal.lean:38:6: This simp argument is unused:
  dotProduct_smul

Hint: Omit it from the simp argument list.
  [apply] simp only [Matrix.smul_mulVec, Matrix.sub_mulVec, Matrix.one_mulVec, Matrix.vecMulVec_mulVec, dotProduct_sub,
    star_trivial, Pi.one_apply, one_mul, smul_eq_mul, dotProduct, mul_one]

Note: This linter can be disabled with `set_option linter.unusedSimpArgs false`
warning: sources/GaussianRegularPrincipal.lean:38:22: This simp argument is unused:
  dotProduct_sub

Hint: Omit it from the simp argument list.
  [apply] simp only [Matrix.smul_mulVec, Matrix.sub_mulVec, Matrix.one_mulVec, Matrix.vecMulVec_mulVec, dotProduct_smul,
    star_trivial, Pi.one_apply, one_mul, smul_eq_mul, dotProduct, mul_one]

Note: This linter can be disabled with `set_option linter.unusedSimpArgs false`
warning: sources/GaussianRegularPrincipal.lean:38:50: This simp argument is unused:
  Pi.one_apply

Hint: Omit it from the simp argument list.
  [apply] simp only [Matrix.smul_mulVec, Matrix.sub_mulVec, Matrix.one_mulVec, Matrix.vecMulVec_mulVec, dotProduct_smul,
    dotProduct_sub, star_trivial, one_mul, smul_eq_mul, dotProduct, mul_one]

Note: This linter can be disabled with `set_option linter.unusedSimpArgs false`
warning: sources/GaussianRegularPrincipal.lean:38:71: This simp argument is unused:
  smul_eq_mul

Hint: Omit it from the simp argument list.
  [apply] simp only [Matrix.smul_mulVec, Matrix.sub_mulVec, Matrix.one_mulVec, Matrix.vecMulVec_mulVec, dotProduct_smul,
    dotProduct_sub, star_trivial, Pi.one_apply, one_mul, dotProduct, mul_one]

Note: This linter can be disabled with `set_option linter.unusedSimpArgs false`
warning: sources/GaussianRegularPrincipal.lean:39:17: This simp argument is unused:
  mul_one

Hint: Omit it from the simp argument list.
  [apply] simp only [Matrix.smul_mulVec, Matrix.sub_mulVec, Matrix.one_mulVec, Matrix.vecMulVec_mulVec, dotProduct_smul,
    dotProduct_sub, star_trivial, Pi.one_apply, one_mul, smul_eq_mul, dotProduct]

Note: This linter can be disabled with `set_option linter.unusedSimpArgs false`
⚠ [3837/3877] Replayed GaussianCovarianceSegment
warning: sources/GaussianCovarianceSegment.lean:16:0: automatically included section variable(s) unused in theorem `GaussianMeasureBridge.covarianceSegment_zero`:
  [NeZero n]
consider restructuring your `variable` declarations so that the variables are not in scope or explicitly omit them:
  omit [NeZero n] in theorem ...

Note: This linter can be disabled with `set_option linter.unusedSectionVars false`
warning: sources/GaussianCovarianceSegment.lean:19:0: automatically included section variable(s) unused in theorem `GaussianMeasureBridge.covarianceSegment_one`:
  [NeZero n]
consider restructuring your `variable` declarations so that the variables are not in scope or explicitly omit them:
  omit [NeZero n] in theorem ...

Note: This linter can be disabled with `set_option linter.unusedSectionVars false`
warning: sources/GaussianCovarianceSegment.lean:22:0: automatically included section variable(s) unused in theorem `GaussianMeasureBridge.covarianceSegment_posSemidef`:
  [NeZero n]
consider restructuring your `variable` declarations so that the variables are not in scope or explicitly omit them:
  omit [NeZero n] in theorem ...

Note: This linter can be disabled with `set_option linter.unusedSectionVars false`
warning: sources/GaussianCovarianceSegment.lean:46:82: This simp argument is unused:
  mul_one

Hint: Omit it from the simp argument list.
  [apply] simp only [covarianceSegment, Matrix.trace_add, Matrix.trace_smul, hr.2.2, hQ.2.2]

Note: This linter can be disabled with `set_option linter.unusedSimpArgs false`
⚠ [3838/3877] Replayed GaussianCovarianceRadialDifferential
warning: sources/GaussianCovarianceRadialDifferential.lean:35:26: `if_neg` has been deprecated: Use `ite_eq_right` instead
ℹ [3839/3877] Replayed GaussianSimplexRadialComparison
info: sources/GaussianSimplexRadialComparison.lean:85:0: 'GaussianRadialComparison.antitone_nonpos_of_right_limit' depends on axioms: [propext, Classical.choice, Quot.sound]
info: sources/GaussianSimplexRadialComparison.lean:86:0: 'GaussianRadialComparison.ratio_antitone' depends on axioms: [propext, Classical.choice, Quot.sound]
info: sources/GaussianSimplexRadialComparison.lean:87:0: 'GaussianRadialComparison.radial_comparison_of_ratio_limit' depends on axioms: [propext, Classical.choice, Quot.sound]
info: sources/GaussianSimplexRadialComparison.lean:88:0: 'GaussianRadialComparison.radial_comparison' depends on axioms: [propext, Classical.choice, Quot.sound]
⚠ [3844/3877] Replayed GaussianRegularFlux
warning: sources/GaussianRegularFlux.lean:71:10: This simp argument is unused:
  Fin.ext_iff

Hint: Omit it from the simp argument list.
  [apply] simp [Nat.mod_eq_of_lt (by omega : 1 < d + 2)]

Note: This linter can be disabled with `set_option linter.unusedSimpArgs false`
warning: sources/GaussianRegularFlux.lean:71:22: This simp argument is unused:
  Nat.mod_eq_of_lt (by omega : 1 < d + 2)

Hint: Omit it from the simp argument list.
  [apply] simp [Fin.ext_iff]

Note: This linter can be disabled with `set_option linter.unusedSimpArgs false`
⚠ [3845/3877] Replayed GaussianRegularPerimeter
warning: sources/GaussianRegularPerimeter.lean:17:22: `if_neg` has been deprecated: Use `ite_eq_right` instead
warning: sources/GaussianRegularPerimeter.lean:22:5: Variable name `hz` is not explicitly referenced.

Hint: The binding can be removed (if unused) or named `_` (if used implicitly). Alternatively, prefix the name with `_` to silence this warning:
  [apply] _hz

Note: This linter can be disabled with `set_option linter.unusedVariables false`
⚠ [3854/3877] Replayed GaussianBalancedEnvelopeDirection
warning: sources/GaussianBalancedEnvelopeDirection.lean:9:0: automatically included section variable(s) unused in theorem `GaussianMeasureBridge.affine_weighted_prices`:
  [NeZero k]
consider restructuring your `variable` declarations so that the variables are not in scope or explicitly omit them:
  omit [NeZero k] in theorem ...

Note: This linter can be disabled with `set_option linter.unusedSectionVars false`
⚠ [3858/3877] Replayed GaussianEquidistantRigidity
warning: sources/GaussianEquidistantRigidity.lean:11:0: automatically included section variable(s) unused in theorem `GaussianMeasureBridge.sum_squared_distances_centered`:
  [NeZero k]
consider restructuring your `variable` declarations so that the variables are not in scope or explicitly omit them:
  omit [NeZero k] in theorem ...

Note: This linter can be disabled with `set_option linter.unusedSectionVars false`
⚠ [3860/3877] Replayed GaussianFacetRigidity
warning: sources/GaussianFacetRigidity.lean:22:6: try 'simp' instead of 'simpa'

Note: This linter can be disabled with `set_option linter.unnecessarySimpa false`
⚠ [3865/3877] Replayed GaussianJunctionBalanceRigidity
warning: sources/GaussianJunctionBalanceRigidity.lean:42:23: Used `tac1 <;> tac2` where `(tac1; tac2)` would suffice

Note: This linter can be disabled with `set_option linter.unnecessarySeqFocus false`
⚠ [3871/3877] Replayed GaussianRegularDimension
warning: sources/GaussianRegularDimension.lean:27:21: This simp argument is unused:
  Ne.symm (Fin.succ_ne_zero i)

Hint: Omit it from the simp argument list.
  [apply] simp only [Matrix.gram_apply, inner_sub_left, inner_sub_right, hg, ite_true, Fin.succ_ne_zero,
    Ne.symm (Fin.succ_ne_zero j), ite_false, Fin.succ_inj, Matrix.smul_apply, smul_eq_mul, Matrix.add_apply,
    Matrix.one_apply, Matrix.vecMulVec_apply, mul_one, div_eq_mul_inv, Nat.cast_add, Nat.cast_one]

Note: This linter can be disabled with `set_option linter.unusedSimpArgs false`
⚠ [3872/3877] Replayed GaussianMomentEqualityReduction
warning: sources/GaussianMomentEqualityReduction.lean:25:4: `if_neg` has been deprecated: Use `ite_eq_right` instead
⚠ [3873/3877] Replayed GaussianRealPerimeterBridge
warning: sources/GaussianRealPerimeterBridge.lean:21:34: This simp argument is unused:
  Real.dist_eq

Hint: Omit it from the simp argument list.
  [apply] simp [abs_of_nonneg ht]

Note: This linter can be disabled with `set_option linter.unusedSimpArgs false`
⚠ [3875/3877] Replayed GaussianSimplicialApex
warning: sources/GaussianSimplicialApex.lean:39:25: `Set.mem_setOf_eq` has been deprecated: Use `Set.mem_ofPred_eq` instead
⚠ [3877/3884] Replayed GaussianRegularFanClassification
warning: sources/GaussianRegularFanClassification.lean:14:25: `Set.mem_setOf_eq` has been deprecated: Use `Set.mem_ofPred_eq` instead
warning: sources/GaussianRegularFanClassification.lean:11:0: automatically included section variable(s) unused in theorem `GaussianMeasureBridge.winningCell_positive_smul`:
  [NeZero k]
consider restructuring your `variable` declarations so that the variables are not in scope or explicitly omit them:
  omit [NeZero k] in theorem ...

Note: This linter can be disabled with `set_option linter.unusedSectionVars false`
warning: sources/GaussianRegularFanClassification.lean:17:0: automatically included section variable(s) unused in theorem `GaussianMeasureBridge.FractionalPartition.moment_eq_of_labels_ae`:
  [NeZero k]
consider restructuring your `variable` declarations so that the variables are not in scope or explicitly omit them:
  omit [NeZero k] in theorem ...

Note: This linter can be disabled with `set_option linter.unusedSectionVars false`
⚠ [3879/3884] Replayed GaussianWeightedGraphFlux
warning: sources/GaussianWeightedGraphFlux.lean:16:23: Variable name `hg` is not explicitly referenced.

Hint: The binding can be removed (if unused) or named `_` (if used implicitly). Alternatively, prefix the name with `_` to silence this warning:
  [apply] _hg

Note: This linter can be disabled with `set_option linter.unusedVariables false`
ℹ [3881/3884] Replayed GaussianThreeGaussianWidth
info: sources/GaussianThreeGaussianWidth.lean:126:0: 'GaussianMeasureBridge.gaussian_integral_abs_inner' depends on axioms: [propext, Classical.choice, Quot.sound]
info: sources/GaussianThreeGaussianWidth.lean:127:0: 'GaussianMeasureBridge.expectedScore_three_abs_pair_sum' depends on axioms: [propext, Classical.choice, Quot.sound]
info: sources/GaussianThreeGaussianWidth.lean:128:0: 'GaussianMeasureBridge.expectedScore_three_width' depends on axioms: [propext, Classical.choice, Quot.sound]
⚠ [3882/3884] Replayed GaussianThreeSharp
warning: sources/GaussianThreeSharp.lean:33:46: This simp argument is unused:
  real_inner_self_eq_norm_sq

Hint: Omit it from the simp argument list.
  [apply] simp [scoreGram, Matrix.trace, Matrix.diag, Fin.sum_univ_succ, Fin.sum_univ_two, add_assoc]

Note: This linter can be disabled with `set_option linter.unusedSimpArgs false`
warning: sources/GaussianThreeSharp.lean:34:23: This simp argument is unused:
  Fin.sum_univ_two

Hint: Omit it from the simp argument list.
  [apply] simp [scoreGram, Matrix.trace, Matrix.diag, real_inner_self_eq_norm_sq, Fin.sum_univ_succ, add_assoc]

Note: This linter can be disabled with `set_option linter.unusedSimpArgs false`
info: sources/GaussianThreeSharp.lean:129:0: 'GaussianMeasureBridge.simplexConstant_three_abs' depends on axioms: [propext, Classical.choice, Quot.sound]
info: sources/GaussianThreeSharp.lean:130:0: 'GaussianMeasureBridge.covarianceValue_three_le' depends on axioms: [propext, Classical.choice, Quot.sound]
info: sources/GaussianThreeSharp.lean:131:0: 'GaussianMeasureBridge.three_cell_momentEnergy_bound' depends on axioms: [propext, Classical.choice, Quot.sound]
⚠ [3883/3884] Built GaussianThreeEquality (4.3s)
warning: sources/GaussianThreeEquality.lean:31:33: This simp argument is unused:
  Fin.sum_univ_two

Hint: Omit it from the simp argument list.
  [apply] simp only [Fin.sum_univ_succ] at hh

Note: This linter can be disabled with `set_option linter.unusedSimpArgs false`
warning: sources/GaussianThreeEquality.lean:68:46: This simp argument is unused:
  hr01

Hint: Omit it from the simp argument list.
  [apply] simp_all [hr02, hr12]

Note: This linter can be disabled with `set_option linter.unusedSimpArgs false`
warning: sources/GaussianThreeEquality.lean:68:52: This simp argument is unused:
  hr02

Hint: Omit it from the simp argument list.
  [apply] simp_all [hr01, hr12]

Note: This linter can be disabled with `set_option linter.unusedSimpArgs false`
warning: sources/GaussianThreeEquality.lean:68:58: This simp argument is unused:
  hr12

Hint: Omit it from the simp argument list.
  [apply] simp_all [hr01, hr02]

Note: This linter can be disabled with `set_option linter.unusedSimpArgs false`
info: sources/GaussianThreeEquality.lean:164:0: 'GaussianMeasureBridge.covarianceValue_three_equality_regular' depends on axioms: [propext,
 Classical.choice,
 Quot.sound]
info: sources/GaussianThreeEquality.lean:165:0: 'GaussianMeasureBridge.three_cell_energy_equality_iff_regular_fan' depends on axioms: [propext,
 Classical.choice,
 Quot.sound]
info: sources/GaussianThreeEquality.lean:166:0: 'GaussianMeasureBridge.three_cell_energy_strict_small_dimension' depends on axioms: [propext,
 Classical.choice,
 Quot.sound]
Build completed successfully (3884 jobs).
