'ContinuumRemainder.sequence_span_bounds' depends on axioms: [propext, Classical.choice, Quot.sound]
'ContinuumRemainder.open_window_count_bounds' depends on axioms: [propext, Classical.choice, Quot.sound]
'ContinuumRemainder.SampledLogConfiguration.output_gap_bounds' depends on axioms: [propext,
 Classical.choice,
 Quot.sound]
'ContinuumRemainder.SampledLogConfiguration.output_linear_lower' depends on axioms: [propext,
 Classical.choice,
 Quot.sound]
'ContinuumRemainder.SampledLogConfiguration.output_strictMono' depends on axioms: [propext,
 Classical.choice,
 Quot.sound]
'ContinuumRemainder.SampledLogConfiguration.output_tendsto' depends on axioms: [propext, Classical.choice, Quot.sound]
'ContinuumRemainder.SampledLogConfiguration.active_label_lt_budget' depends on axioms: [propext,
 Classical.choice,
 Quot.sound]
'ContinuumRemainder.SampledLogConfiguration.mem_activeLabels_iff' depends on axioms: [propext,
 Classical.choice,
 Quot.sound]
'ContinuumRemainder.SampledLogConfiguration.activeLabels_count_bounds' depends on axioms: [propext,
 Classical.choice,
 Quot.sound]
'ContinuumRemainder.SampledLogConfiguration.a_eq_logInput' depends on axioms: [propext, Classical.choice, Quot.sound]
'ContinuumRemainder.SampledLogConfiguration.mem_activeLabels_iff_logActivation' depends on axioms: [propext,
 Classical.choice,
 Quot.sound]
'ContinuumRemainder.SampledLogConfiguration.output_gap_of_lt' depends on axioms: [propext, Classical.choice, Quot.sound]
'ContinuumRemainder.SampledLogConfiguration.active_z_bounds' depends on axioms: [propext, Classical.choice, Quot.sound]
'ContinuumRemainder.SampledLogConfiguration.mem_potentialPairs_iff' depends on axioms: [propext,
 Classical.choice,
 Quot.sound]
'ContinuumRemainder.SampledLogConfiguration.potentialPairs_card_le' depends on axioms: [propext,
 Classical.choice,
 Quot.sound]
'ContinuumRemainder.SampledLogConfiguration.mem_potentialPairs_exact' depends on axioms: [propext,
 Classical.choice,
 Quot.sound]
'ContinuumRemainder.SampledLogConfiguration.activePairs_card' depends on axioms: [propext, Classical.choice, Quot.sound]
'ContinuumRemainder.SampledLogConfiguration.mem_activePairs_iff' depends on axioms: [propext,
 Classical.choice,
 Quot.sound]
'ContinuumRemainder.SampledLogConfiguration.activePairs_eq_potential_filter' depends on axioms: [propext,
 Classical.choice,
 Quot.sound]
'ContinuumRemainder.SampledLogConfiguration.activePairs_count_bounds' depends on axioms: [propext,
 Classical.choice,
 Quot.sound]
'ContinuumRemainder.SampledLogConfiguration.potentialPairs_active_count' depends on axioms: [propext,
 Classical.choice,
 Quot.sound]
'ContinuumRemainder.positive_power_small' depends on axioms: [propext, Classical.choice, Quot.sound]
'ContinuumRemainder.powerRemainder_two_sided' depends on axioms: [propext, Classical.choice, Quot.sound]
'ContinuumRemainder.infinite_of_arbitrarily_close_ne' depends on axioms: [propext, Classical.choice, Quot.sound]
'ContinuumRemainder.infinite_tailValuesOutside_of_hits' depends on axioms: [propext, Classical.choice, Quot.sound]
'ContinuumRemainder.totalTailExtension_apply' depends on axioms: [propext, Classical.choice, Quot.sound]
'ContinuumRemainder.powerRemainderOn_totalTailExtension' depends on axioms: [propext, Classical.choice, Quot.sound]
'ContinuumRemainder.tailValuesOutside_totalTailExtension' depends on axioms: [propext, Classical.choice, Quot.sound]
'ContinuumRemainder.errorRadius_pos' depends on axioms: [propext, Classical.choice, Quot.sound]
'ContinuumRemainder.active_log_lower' depends on axioms: [propext, Classical.choice, Quot.sound]
'ContinuumRemainder.active_power_error_lt_radius' depends on axioms: [propext, Classical.choice, Quot.sound]
'ContinuumRemainder.active_power_error_le_radius' depends on axioms: [propext, Classical.choice, Quot.sound]
'ContinuumRemainder.active_error_in_outer_buffer' depends on axioms: [propext, Classical.choice, Quot.sound]
'ContinuumRemainder.scheduledSpan_real_upper' depends on axioms: [propext, Classical.choice, Quot.sound]
'ContinuumRemainder.scheduledSpan_isBigO_log' depends on axioms: [propext, Classical.choice, Quot.sound]
'ContinuumRemainder.scheduledSpan_div_tendsto_zero' depends on axioms: [propext, Classical.choice, Quot.sound]
'ContinuumRemainder.actual_buffer_cost_eq' depends on axioms: [propext, Classical.choice, Quot.sound]
'ContinuumRemainder.sublinear_buffer_cost_tendsto_zero' depends on axioms: [propext, Classical.choice, Quot.sound]
'ContinuumRemainder.scheduled_buffer_cost_tendsto_zero' depends on axioms: [propext, Classical.choice, Quot.sound]
'ContinuumRemainder.exists_late_robust_schedule' depends on axioms: [propext, Classical.choice, Quot.sound]
'ContinuumRemainder.exists_dyadic_tail' depends on axioms: [propext, Classical.choice, Quot.sound]
'ContinuumRemainder.robustCompactBlockerSpec_open_exhaustion' depends on axioms: [propext, Classical.choice, Quot.sound]
'ContinuumRemainder.robustCompactBlockerSpec_proved' depends on axioms: [propext, Classical.choice, Quot.sound]
'ContinuumRemainder.continuum_power_target' depends on axioms: [propext, Classical.choice, Quot.sound]
'ContinuumRemainder.compact_power_avoidance' depends on axioms: [propext, Classical.choice, Quot.sound]
'ContinuumRemainder.logInput_pos' depends on axioms: [propext, Classical.choice, Quot.sound]
'ContinuumRemainder.continuous_logPoint' depends on axioms: [propext, Classical.choice, Quot.sound]
'ContinuumRemainder.isOpen_logActivation' depends on axioms: [propext, Classical.choice, Quot.sound]
'ContinuumRemainder.log_offset' depends on axioms: [propext, Classical.choice, Quot.sound]
'ContinuumRemainder.log_point_range' depends on axioms: [propext, Classical.choice, Quot.sound]
'ContinuumRemainder.log_offset_lower' depends on axioms: [propext, Classical.choice, Quot.sound]
'ContinuumRemainder.log_point_short' depends on axioms: [propext, Classical.choice, Quot.sound]
'ContinuumRemainder.log_gridAddress_ne_center' depends on axioms: [propext, Classical.choice, Quot.sound]
'ContinuumRemainder.log_offset_ratio' depends on axioms: [propext, Classical.choice, Quot.sound]
'ContinuumRemainder.log_gridAddress_ne_of_output_gap' depends on axioms: [propext, Classical.choice, Quot.sound]
'ContinuumRemainder.log_preceding_gridAddress_eq' depends on axioms: [propext, Classical.choice, Quot.sound]
'ContinuumRemainder.log_stable_earlier_address_agreement' depends on axioms: [propext, Classical.choice, Quot.sound]
'ContinuumRemainder.log_stable_local_success_mem_routedSet' depends on axioms: [propext, Classical.choice, Quot.sound]
'ContinuumRemainder.logLocalAllMiss_iff_of_logGridVector_eq' depends on axioms: [propext, Classical.choice, Quot.sound]
'ContinuumRemainder.log_routing_local_representatives' depends on axioms: [propext, Classical.choice, Quot.sound]
'ContinuumRemainder.log_local_address_separation' depends on axioms: [propext, Classical.choice, Quot.sound]
'ContinuumRemainder.logActiveLocalIndex_injective' depends on axioms: [propext, Classical.choice, Quot.sound]
'ContinuumRemainder.logActiveLocalIndex_active' depends on axioms: [propext, Classical.choice, Quot.sound]
'ContinuumRemainder.logLocalAllMiss_iff_active_tests' depends on axioms: [propext, Classical.choice, Quot.sound]
'ContinuumRemainder.log_fixed_parameter_joint_miss' depends on axioms: [propext, Classical.choice, Quot.sound]
'ContinuumRemainder.log_continuum_joint_miss_bound' depends on axioms: [propext, Classical.choice, Quot.sound]
'ContinuumRemainder.log_activation_cut_signs' depends on axioms: [propext, Classical.choice, Quot.sound]
'ContinuumRemainder.log_grid_boundary_sign' depends on axioms: [propext, Classical.choice, Quot.sound]
'ContinuumRemainder.log_grid_key_eq_of_log_signs' depends on axioms: [propext, Classical.choice, Quot.sound]
'ContinuumRemainder.logParameterCuts_card_le' depends on axioms: [propext, Classical.choice, Quot.sound]
'ContinuumRemainder.log_local_grid_representatives' depends on axioms: [propext, Classical.choice, Quot.sound]
'ContinuumRemainder.logParameterCuts_card_le_window_budget' depends on axioms: [propext, Classical.choice, Quot.sound]
'ContinuumRemainder.log_local_grid_representatives_uniform' depends on axioms: [propext, Classical.choice, Quot.sound]
'ContinuumRemainder.logParameterCuts_card_le_span' depends on axioms: [propext, Classical.choice, Quot.sound]
'ContinuumRemainder.log_representatives_entropy_bound' depends on axioms: [propext, Classical.choice, Quot.sound]
'ContinuumRemainder.onePeriodic_sampledMissedCenters' depends on axioms: [propext, Classical.choice, Quot.sound]
'ContinuumRemainder.periodic_sampled_robust_outcome_repair' depends on axioms: [propext, Classical.choice, Quot.sound]
'ContinuumRemainder.sampledRoutingOuterBuffer_density_le' depends on axioms: [propext, Classical.choice, Quot.sound]
'ContinuumRemainder.actual_sampled_routing_blocker_of_stable_miss' depends on axioms: [propext,
 Classical.choice,
 Quot.sound]
'ContinuumRemainder.power_controlled_error_tendsto' depends on axioms: [propext, Classical.choice, Quot.sound]
'ContinuumRemainder.perturbed_power_tendsto' depends on axioms: [propext, Classical.choice, Quot.sound]
'ContinuumRemainder.perturbed_power_tail_hits_open' depends on axioms: [propext, Classical.choice, Quot.sound]
'ContinuumRemainder.isOpen_sampledActivation' depends on axioms: [propext, Classical.choice, Quot.sound]
'ContinuumRemainder.isOpen_sampledWindowActivations' depends on axioms: [propext, Classical.choice, Quot.sound]
'ContinuumRemainder.isClosed_sampledMissedCenters' depends on axioms: [propext, Classical.choice, Quot.sound]
'ContinuumRemainder.sampled_robust_repair_all_centers' depends on axioms: [propext, Classical.choice, Quot.sound]
'ContinuumRemainder.sampleVertexPairs_card_le' depends on axioms: [propext, Classical.choice, Quot.sound]
'ContinuumRemainder.sample_vertex_output_separation' depends on axioms: [propext, Classical.choice, Quot.sound]
'ContinuumRemainder.sample_vertex_active_count' depends on axioms: [propext, Classical.choice, Quot.sound]
'ContinuumRemainder.sample_vertex_continuum_joint_miss_bound' depends on axioms: [propext, Classical.choice, Quot.sound]
'ContinuumRemainder.sampleActivationRate_pos' depends on axioms: [propext, Classical.choice, Quot.sound]
'ContinuumRemainder.exists_sample_routing_schedule_late' depends on axioms: [propext, Classical.choice, Quot.sound]
'ContinuumRemainder.exists_sample_routing_schedule' depends on axioms: [propext, Classical.choice, Quot.sound]
'ContinuumRemainder.sampleSchedule_node_entropy_lt' depends on axioms: [propext, Classical.choice, Quot.sound]
'ContinuumRemainder.sampled_missed_center_forces_vertex_miss' depends on axioms: [propext, Classical.choice, Quot.sound]
'ContinuumRemainder.sampled_scheduled_vertex_continuum_joint_miss_bound' depends on axioms: [propext,
 Classical.choice,
 Quot.sound]
'ContinuumRemainder.sampled_stable_bad_density_le' depends on axioms: [propext, Classical.choice, Quot.sound]
'ContinuumRemainder.sampled_stable_missed_center_probability_le' depends on axioms: [propext,
 Classical.choice,
 Quot.sound]
'ContinuumRemainder.SampledLogConfiguration.a_eq_rpow' depends on axioms: [propext, Classical.choice, Quot.sound]
'ContinuumRemainder.SampledLogConfiguration.power_eq_rpow' depends on axioms: [propext, Classical.choice, Quot.sound]
'ContinuumRemainder.SampledLogConfiguration.a_tendsto' depends on axioms: [propext, Classical.choice, Quot.sound]
'ContinuumRemainder.SampledLogConfiguration.z_strictMono' depends on axioms: [propext, Classical.choice, Quot.sound]
'ContinuumRemainder.SampledLogConfiguration.a_strictAnti' depends on axioms: [propext, Classical.choice, Quot.sound]
'ContinuumRemainder.dyadic_eq_rpow_neg' depends on axioms: [propext, Classical.choice, Quot.sound]
'ContinuumRemainder.logarithm_bin_bounds' depends on axioms: [propext, Classical.choice, Quot.sound]
'ContinuumRemainder.LogSyndetic.exists_spaced_bins' depends on axioms: [propext, Classical.choice, Quot.sound]
'ContinuumRemainder.LogSyndetic.exists_sampledLogConfiguration' depends on axioms: [propext,
 Classical.choice,
 Quot.sound]
'ContinuumRemainder.onePeriodic_mem_add_int' depends on axioms: [propext, Classical.choice, Quot.sound]
'ContinuumRemainder.measure_periodic_interval_split' depends on axioms: [propext, Classical.choice, Quot.sound]
'ContinuumRemainder.volume_onePeriodic_inter_Icc' depends on axioms: [propext, Classical.choice, Quot.sound]
'ContinuumRemainder.interior_compl_eq_empty_of_affine_hits' depends on axioms: [propext, Classical.choice, Quot.sound]
'ContinuumRemainder.affine_powerRemainderOn' depends on axioms: [propext, Classical.choice, Quot.sound]
'ContinuumRemainder.continuumPowerTarget_of_robustCompactBlockerSpec' depends on axioms: [propext,
 Classical.choice,
 Quot.sound]
'ContinuumRemainder.compact_power_avoidance_of_robustCompactBlockerSpec' depends on axioms: [propext,
 Classical.choice,
 Quot.sound]
