✔ [3266/3329] Built ContinuumGeometric.Interfaces (4.4s)
✔ [3267/3329] Built ContinuumGeometric.GeometricParameters (5.0s)
✔ [3268/3329] Built ContinuumGeometric.ZeroErrorBuffer (6.1s)
✔ [3269/3329] Built ContinuumGeometric.Target (7.2s)
⚠ [3270/3329] Built ContinuumGeometric.LineSignBound (5.3s)
warning: ContinuumGeometric/LineSignBound.lean:36:6: Try `simp at this` instead of `simpa using this`

Note: This linter can be disabled with `set_option linter.unnecessarySimpa false`
warning: ContinuumGeometric/LineSignBound.lean:37:25: `if_pos` has been deprecated: Use `ite_eq_left` instead
warning: ContinuumGeometric/LineSignBound.lean:39:25: `if_neg` has been deprecated: Use `ite_eq_right` instead
warning: ContinuumGeometric/LineSignBound.lean:153:23: This simp argument is unused:
  lineRoots

Hint: Omit it from the simp argument list.
  [apply] simp [ha]

Note: This linter can be disabled with `set_option linter.unusedSimpArgs false`
warning: ContinuumGeometric/LineSignBound.lean:162:26: `dif_pos` has been deprecated: Use `dite_eq_left` instead
ℹ [3271/3329] Built ContinuumGeometric.SignFiberCount (6.1s)
info: ContinuumGeometric/SignFiberCount.lean:119:0: 'ContinuumGeometric.card_le_oldPatterns_add_two_zeroPatterns' depends on axioms: [propext, Classical.choice, Quot.sound]
info: ContinuumGeometric/SignFiberCount.lean:120:0: 'ContinuumGeometric.card_le_image_add_two_zero_image' depends on axioms: [propext, Classical.choice, Quot.sound]
info: ContinuumGeometric/SignFiberCount.lean:121:0: 'ContinuumGeometric.card_le_of_old_and_zero_bounds' depends on axioms: [propext, Classical.choice, Quot.sound]
✔ [3272/3329] Built ContinuumGeometric.Activation (7.7s)
✔ [3273/3329] Built ContinuumGeometric.ClosedProjection (9.6s)
ℹ [3274/3329] Built ContinuumGeometric.Planar (10s)
info: ContinuumGeometric/Planar.lean:332:0: ContinuumGeometric.arrangementRepresentativeBound : ArrangementRepresentativeBound
info: ContinuumGeometric/Planar.lean:333:0: 'ContinuumGeometric.realizedPlanePatterns_card_le' depends on axioms: [propext, Classical.choice, Quot.sound]
info: ContinuumGeometric/Planar.lean:334:0: 'ContinuumGeometric.arrangementRepresentativeBound' depends on axioms: [propext, Classical.choice, Quot.sound]
✔ [3275/3329] Built ContinuumGeometric.GeometryChain (9.0s)
✔ [3276/3329] Built ContinuumRemainder.ErrorDomination (16s)
✔ [3277/3329] Built ContinuumGeometric.ClosedRepair (8.6s)
✔ [3278/3329] Built ContinuumGeometric.ShiftedActivation (11s)
✔ [3279/3329] Built ContinuumRemainder.RobustRepair (5.5s)
✔ [3280/3329] Built ContinuumGeometric.GridCutBridge (9.2s)
✔ [3281/3329] Built ContinuumGeometric.CoefficientCover (8.6s)
✔ [3282/3329] Built ContinuumGeometric.EntropySchedule (8.7s)
✔ [3283/3329] Built ContinuumGeometric.BoundedGrid (5.2s)
✔ [3284/3329] Built ContinuumRemainder.ErrorSchedule (6.9s)
✔ [3285/3329] Built ContinuumGeometric.RoutingInterfaces (5.0s)
⚠ [3286/3329] Built ContinuumGeometric.RoutingTemplate (6.4s)
warning: ContinuumGeometric/RoutingTemplate.lean:12:34: Variable name `v` is not explicitly referenced.

Hint: The binding can be removed (if unused) or named `_` (if used implicitly). Alternatively, prefix the name with `_` to silence this warning:
  [apply] _v

Note: This linter can be disabled with `set_option linter.unusedVariables false`
warning: ContinuumGeometric/RoutingTemplate.lean:13:35: Variable name `v` is not explicitly referenced.

Hint: The binding can be removed (if unused) or named `_` (if used implicitly). Alternatively, prefix the name with `_` to silence this warning:
  [apply] _v

Note: This linter can be disabled with `set_option linter.unusedVariables false`
warning: ContinuumGeometric/RoutingTemplate.lean:170:51: `if_neg` has been deprecated: Use `ite_eq_right` instead
warning: ContinuumGeometric/RoutingTemplate.lean:170:62: `if_neg` has been deprecated: Use `ite_eq_right` instead
warning: ContinuumGeometric/RoutingTemplate.lean:170:73: `if_neg` has been deprecated: Use `ite_eq_right` instead
✔ [3287/3329] Built ContinuumGeometric.LocalSignatures (12s)
✔ [3288/3329] Built ContinuumRemainder.Specification (8.2s)
⚠ [3289/3329] Built ContinuumGeometric.RoutingMeasure (13s)
warning: ContinuumGeometric/RoutingMeasure.lean:137:54: Variable name `hc` is not explicitly referenced.

Hint: The binding can be removed (if unused) or named `_` (if used implicitly). Alternatively, prefix the name with `_` to silence this warning:
  [apply] _hc

Note: This linter can be disabled with `set_option linter.unusedVariables false`
warning: ContinuumGeometric/RoutingMeasure.lean:149:44: This simp argument is unused:
  Pi.one_apply

Hint: Omit it from the simp argument list.
  [apply] simp only [Set.indicator_of_mem hb]

Note: This linter can be disabled with `set_option linter.unusedSimpArgs false`
✔ [3290/3329] Built ContinuumGeometric.RoutingPreorder (16s)
✔ [3291/3329] Built ContinuumGeometric.RoutingGeometry (15s)
⚠ [3292/3329] Built ContinuumGeometric.RoutingChoices (11s)
warning: ContinuumGeometric/RoutingChoices.lean:25:75: Used `tac1 <;> tac2` where `(tac1; tac2)` would suffice

Note: This linter can be disabled with `set_option linter.unnecessarySeqFocus false`
✔ [3293/3329] Built ContinuumRemainder.Sampling (9.3s)
✔ [3294/3329] Built ContinuumGeometric.CandidateBounds (27s)
✔ [3295/3329] Built ContinuumGeometric.RoutingModel (12s)
⚠ [3296/3329] Built ContinuumGeometric.PeriodicRepair (39s)
warning: ContinuumGeometric/PeriodicRepair.lean:32:26: Used `tac1 <;> tac2` where `(tac1; tac2)` would suffice

Note: This linter can be disabled with `set_option linter.unnecessarySeqFocus false`
warning: ContinuumGeometric/PeriodicRepair.lean:32:38: Used `tac1 <;> tac2` where `(tac1; tac2)` would suffice

Note: This linter can be disabled with `set_option linter.unnecessarySeqFocus false`
warning: ContinuumGeometric/PeriodicRepair.lean:62:23: Used `tac1 <;> tac2` where `(tac1; tac2)` would suffice

Note: This linter can be disabled with `set_option linter.unnecessarySeqFocus false`
warning: ContinuumGeometric/PeriodicRepair.lean:62:37: Used `tac1 <;> tac2` where `(tac1; tac2)` would suffice

Note: This linter can be disabled with `set_option linter.unnecessarySeqFocus false`
warning: ContinuumGeometric/PeriodicRepair.lean:68:23: Used `tac1 <;> tac2` where `(tac1; tac2)` would suffice

Note: This linter can be disabled with `set_option linter.unnecessarySeqFocus false`
warning: ContinuumGeometric/PeriodicRepair.lean:68:37: Used `tac1 <;> tac2` where `(tac1; tac2)` would suffice

Note: This linter can be disabled with `set_option linter.unnecessarySeqFocus false`
warning: ContinuumGeometric/PeriodicRepair.lean:236:46: Variable name `hr` is not explicitly referenced.

Hint: The binding can be removed (if unused) or named `_` (if used implicitly). Alternatively, prefix the name with `_` to silence this warning:
  [apply] _hr

Note: This linter can be disabled with `set_option linter.unusedVariables false`
warning: ContinuumGeometric/PeriodicRepair.lean:236:59: Variable name `hab` is not explicitly referenced.

Hint: The binding can be removed (if unused) or named `_` (if used implicitly). Alternatively, prefix the name with `_` to silence this warning:
  [apply] _hab

Note: This linter can be disabled with `set_option linter.unusedVariables false`
warning: ContinuumGeometric/PeriodicRepair.lean:354:23: Used `tac1 <;> tac2` where `(tac1; tac2)` would suffice

Note: This linter can be disabled with `set_option linter.unnecessarySeqFocus false`
warning: ContinuumGeometric/PeriodicRepair.lean:354:50: Used `tac1 <;> tac2` where `(tac1; tac2)` would suffice

Note: This linter can be disabled with `set_option linter.unnecessarySeqFocus false`
warning: ContinuumGeometric/PeriodicRepair.lean:358:25: Used `tac1 <;> tac2` where `(tac1; tac2)` would suffice

Note: This linter can be disabled with `set_option linter.unnecessarySeqFocus false`
warning: ContinuumGeometric/PeriodicRepair.lean:358:52: Used `tac1 <;> tac2` where `(tac1; tac2)` would suffice

Note: This linter can be disabled with `set_option linter.unnecessarySeqFocus false`
✔ [3297/3329] Built ContinuumRemainder.DistinctMisses (21s)
✔ [3298/3329] Built ContinuumGeometric.RoutingActiveGeometry (10s)
⚠ [3299/3329] Built ContinuumGeometric.RoutingEntropy (14s)
warning: ContinuumGeometric/RoutingEntropy.lean:12:55: Variable name `hp` is not explicitly referenced.

Hint: The binding can be removed (if unused) or named `_` (if used implicitly). Alternatively, prefix the name with `_` to silence this warning:
  [apply] _hp

Note: This linter can be disabled with `set_option linter.unusedVariables false`
✔ [3300/3329] Built ContinuumGeometric.RoutingTreeBounds (16s)
⚠ [3301/3329] Built ContinuumGeometric.RoutingStableMeasure (13s)
warning: ContinuumGeometric/RoutingStableMeasure.lean:26:46: `Set.mem_setOf_eq` has been deprecated: Use `Set.mem_ofPred_eq` instead
✔ [3302/3329] Built ContinuumGeometric.CountableExhaustion (14s)
✔ [3303/3329] Built ContinuumGeometric.RoutingSchedule (14s)
⚠ [3304/3329] Built ContinuumGeometric.FiniteRoutingProbability (26s)
warning: ContinuumGeometric/FiniteRoutingProbability.lean:114:49: This simp argument is unused:
  ← Finset.sum_mul

Hint: Omit it from the simp argument list.
  [apply] simp [Fintype.sum_prod_type, ← Finset.mul_sum, bitTableWeight_sum]

Note: Simp arguments with `←` have the additional effect of removing the other direction from the simp set, even if the simp argument itself is unused. If the hint above does not work, try replacing `←` with `-` to only get that effect and silence this warning.

Note: This linter can be disabled with `set_option linter.unusedSimpArgs false`
warning: ContinuumGeometric/FiniteRoutingProbability.lean:170:49: This simp argument is unused:
  h

Hint: Omit it from the simp argument list.
  [apply] simp [bernoulliWeight]

Note: This linter can be disabled with `set_option linter.unusedSimpArgs false`
warning: ContinuumGeometric/FiniteRoutingProbability.lean:205:45: This simp argument is unused:
  h

Hint: Omit it from the simp argument list.
  [apply] simp [exposureMass, exposureLaw]

Note: This linter can be disabled with `set_option linter.unusedSimpArgs false`
⚠ [3305/3329] Built ContinuumGeometric.RoutingGlobalGrid (9.6s)
warning: ContinuumGeometric/RoutingGlobalGrid.lean:72:30: `Set.mem_setOf_eq` has been deprecated: Use `Set.mem_ofPred_eq` instead
✔ [3306/3329] Built ContinuumGeometric.RoutingSeparation (9.2s)
✔ [3307/3329] Built ContinuumGeometric.RoutingFactorization (8.9s)
✔ [3308/3329] Built ContinuumRemainder.Exhaustion (8.3s)
⚠ [3309/3329] Built ContinuumGeometric.RoutingProbability (8.0s)
warning: ContinuumGeometric/RoutingProbability.lean:100:56: try 'simp' instead of 'simpa'

Note: This linter can be disabled with `set_option linter.unnecessarySimpa false`
✔ [3310/3329] Built ContinuumRemainder.TopologyConclusion (6.1s)
✔ [3311/3329] Built ContinuumGeometric.RoutingLocalProbability (8.2s)
✔ [3312/3329] Built ContinuumGeometric.RoutingLocalHit (6.2s)
✔ [3313/3329] Built ContinuumGeometric.NoDefaultProbability (6.9s)
✔ [3314/3329] Built ContinuumGeometric.RoutingCenterAtoms (3.7s)
✔ [3315/3329] Built ContinuumGeometric.RoutingStableGeometry (4.5s)
✔ [3316/3329] Built ContinuumGeometric.RoutingAssembly (2.8s)
✔ [3317/3329] Built ContinuumRemainder.LogGeometry (4.4s)
⚠ [3318/3329] Built ContinuumGeometric.RoutingStableProbability (6.0s)
warning: ContinuumGeometric/RoutingStableProbability.lean:16:35: Variable name `hK` is not explicitly referenced.

Hint: The binding can be removed (if unused) or named `_` (if used implicitly). Alternatively, prefix the name with `_` to silence this warning:
  [apply] _hK

Note: This linter can be disabled with `set_option linter.unusedVariables false`
✔ [3319/3329] Built ContinuumRemainder.LogSignatures (5.8s)
✔ [3320/3329] Built ContinuumRemainder.RobustAssembly (7.6s)
✔ [3321/3329] Built ContinuumRemainder.LogRouting (7.5s)
✔ [3322/3329] Built ContinuumRemainder.Counting (15s)
✔ [3323/3329] Built ContinuumRemainder.LogRoutingProbability (4.7s)
✔ [3324/3329] Built ContinuumRemainder.SampleSchedule (4.7s)
✔ [3325/3329] Built ContinuumRemainder.SampleLocalProbability (3.1s)
✔ [3326/3329] Built ContinuumRemainder.SampleStableProbability (2.6s)
✔ [3327/3329] Built ContinuumRemainder.FinalProof (2.3s)
✔ [3328/3329] Built ContinuumRemainder (2.1s)
Build completed successfully (3329 jobs).
