{
  "status": "PASS",
  "scope": "Exact finite and symbolic ancillary checks; not Lean, independent CI, or proof by finite enumeration",
  "symbolic_identities": 7,
  "vertex_enumeration": {
    "dimension_pairs": 70,
    "all_vertices": 101956,
    "unique_tall_region_cases": 10
  },
  "thresholds_and_parities": {
    "parameter_pairs": 1184,
    "odd_parity_checks": 222,
    "exact_examples": [
      {
        "m": 3,
        "proved_cutoff": 22,
        "n": 22,
        "t": 22,
        "purity": "3/176",
        "gap_over_other_outer_branch": "3/93104"
      },
      {
        "m": 4,
        "proved_cutoff": 58,
        "n": 58,
        "t": 87,
        "purity": "2/435",
        "gap_over_other_outer_branch": "2/1514235"
      },
      {
        "m": 5,
        "proved_cutoff": 118,
        "n": 118,
        "t": 236,
        "purity": "5/2832",
        "gap_over_other_outer_branch": "5/40103952"
      },
      {
        "m": 10,
        "proved_cutoff": 988,
        "n": 988,
        "t": 4446,
        "purity": "5/48906",
        "gap_over_other_outer_branch": "5/47835985626"
      }
    ]
  },
  "physical_boundary_orbits": 6,
  "deliberate_failures": [
    "necessary-only membership does not imply APPT",
    "floor rather than ceiling",
    "continuous value in the half-integer case",
    "method cutoff moved down by one"
  ],
  "source_hashes": {
    "EXACT_RECTANGULAR.md": "9bb6fbd67ad5620b4ffec441c40814f40531ae30d0571abfdf9847e7f9aec943",
    "check_rectangular.py": "c69e9982fdcbafe94d0b5b45cbbb6e20fa7eea822e699698379f4dd6f3aee66a",
    "check.py": "96981cece97037bf0bc70cfe7ff65a261cdb7b9058a0aaa1efdf2516f4df8df9"
  }
}
