APPT.Core: exit=0, seconds=2.669
APPT.SparsePolynomial: exit=0, seconds=3.174
APPT.CoefficientMerge: exit=0, seconds=3.175
APPT.CoefficientMergeFast: exit=0, seconds=2.671
APPT.SparsePolynomialCubic: exit=0, seconds=2.569
APPT.Finite24Sparse.Data: exit=0, seconds=4.828
APPT.Finite24Sparse.Det04Pair1: exit=0, seconds=3.373
APPT.Finite24Sparse.Base05: exit=0, seconds=3.877
APPT.Finite24Sparse.det04Term1Rows00: exit=0, seconds=4.08
APPT.Finite24Sparse.det04Term1Rows01: exit=0, seconds=5.402
APPT.Finite24Sparse.det04Term1Rows02: exit=0, seconds=4.647
APPT.Finite24Sparse.det04Term1Rows03: exit=0, seconds=3.626
APPT.Finite24Sparse.det04Term1Rows04: exit=0, seconds=3.478
APPT.Finite24Sparse.Leaf002: exit=0, seconds=22.044
APPT.Finite24Sparse.det04Term1Rows05: exit=0, seconds=3.072
APPT.Finite24Sparse.det04Term1Product: exit=0, seconds=20.168
{
  "status": "PASS",
  "completed": 16,
  "total": 16,
  "failed": [],
  "blocked": [],
  "timeout_seconds_per_module": 300,
  "jobs": 2,
  "lean_version": "Lean (version 4.34.1, x86_64-unknown-linux-gnu, commit 5045d0056413266e57c625dcd7c365b10e377c52, Release)"
}
